[0.426s] Invoking command in '/root/dddmr_navigation/build/dddmr_rviz_default_plugins': CMAKE_PREFIX_PATH=${CMAKE_PREFIX_PATH}:/opt/ros/humble /usr/bin/cmake /root/dddmr_navigation/src/dddmr_rviz_tools/dddmr_rviz_default_plugins -DCMAKE_INSTALL_PREFIX=/root/dddmr_navigation/install/dddmr_rviz_default_plugins
[0.638s] -- Found ament_cmake: 1.3.14 (/opt/ros/humble/share/ament_cmake/cmake)
[1.545s] -- Override CMake install command with custom implementation using symlinks instead of copying resources
[1.610s] -- Found rviz_common: 11.2.26 (/opt/ros/humble/share/rviz_common/cmake)
[1.736s] -- Setting assimp_DIR to: '/opt/ros/humble/share/rviz_assimp_vendor/cmake/../../../opt/rviz_assimp_vendor/lib/cmake/assimp-4.1'
[1.792s] -- Setting OGRE_DIR to: '/opt/ros/humble/share/rviz_ogre_vendor/cmake/../../../opt/rviz_ogre_vendor/lib/OGRE/cmake'
[1.802s] -- Found OGRE
[1.803s] --   static     : OFF
[1.804s] --   components : HLMS;MeshLodGenerator;Overlay;Paging;Property;RTShaderSystem;Terrain;Volume
[1.805s] --   plugins    : Plugin_BSPSceneManager;Plugin_OctreeSceneManager;Plugin_PCZSceneManager;Plugin_ParticleFX;RenderSystem_GL;RenderSystem_GL3Plus;Codec_STBI
[1.805s] --   media      : /opt/ros/humble/opt/rviz_ogre_vendor/share/OGRE/Media
[1.806s] -- OGRE_LIBRARIES: OgreHLMS;OgreMeshLodGenerator;OgreOverlay;OgrePaging;OgreProperty;OgreRTShaderSystem;OgreTerrain;OgreVolume;OgreMain
[1.806s] -- OGRE_LIBRARY_DIRS: /opt/ros/humble/opt/rviz_ogre_vendor/lib
[1.807s] -- OGRE_PLUGINS: Plugin_BSPSceneManager;Plugin_OctreeSceneManager;Plugin_PCZSceneManager;Plugin_ParticleFX;RenderSystem_GL;RenderSystem_GL3Plus;Codec_STBI
[1.807s] -- OGRE_PLUGIN_DIR: /opt/ros/humble/opt/rviz_ogre_vendor/lib/OGRE
[1.808s] -- rviz_ogre_vendor::OgreOverlay for IMPORTED_LOCATION_RELEASE: /opt/ros/humble/opt/rviz_ogre_vendor/lib/libOgreOverlay.so
[1.808s] -- rviz_ogre_vendor::OgreOverlay for IMPORTED_LOCATION_DEBUG: /opt/ros/humble/opt/rviz_ogre_vendor/lib/libOgreOverlay.so
[1.809s] -- rviz_ogre_vendor::OgreMain for IMPORTED_LOCATION_RELEASE: /opt/ros/humble/opt/rviz_ogre_vendor/lib/libOgreMain.so
[1.809s] -- rviz_ogre_vendor::OgreMain for IMPORTED_LOCATION_DEBUG: /opt/ros/humble/opt/rviz_ogre_vendor/lib/libOgreMain.so
[2.431s] -- library: /usr/lib/x86_64-linux-gnu/libcurl.so
[2.579s] -- Found rosidl_generator_c: 3.1.8 (/opt/ros/humble/share/rosidl_generator_c/cmake)
[2.595s] -- Found rosidl_adapter: 3.1.8 (/opt/ros/humble/share/rosidl_adapter/cmake)
[2.636s] -- Found rosidl_generator_cpp: 3.1.8 (/opt/ros/humble/share/rosidl_generator_cpp/cmake)
[2.701s] -- Using all available rosidl_typesupport_c: rosidl_typesupport_fastrtps_c;rosidl_typesupport_introspection_c
[2.787s] -- Using all available rosidl_typesupport_cpp: rosidl_typesupport_fastrtps_cpp;rosidl_typesupport_introspection_cpp
[3.451s] -- Found rmw_implementation_cmake: 6.1.2 (/opt/ros/humble/share/rmw_implementation_cmake/cmake)
[3.467s] -- Found rmw_fastrtps_cpp: 6.2.10 (/opt/ros/humble/share/rmw_fastrtps_cpp/cmake)
[3.626s] -- Found TinyXML2 via Config file: TinyXML2_DIR-NOTFOUND
[3.693s] -- Found TinyXML2 via Config file: TinyXML2_DIR-NOTFOUND
[3.781s] -- Found TinyXML2 via Config file: TinyXML2_DIR-NOTFOUND
[3.840s] -- Found TinyXML2 via Config file: TinyXML2_DIR-NOTFOUND
[3.922s] -- Using RMW implementation 'rmw_fastrtps_cpp' as default
[4.472s] -- Ensuring Eigen3 include directory is part of orocos-kdl CMake target
[5.230s] -- Looking for ignition-math6 -- found version 6.15.1
[5.269s] -- Searching for dependencies of ignition-math6
[5.275s] -- Found image_transport: 3.1.12 (/opt/ros/humble/share/image_transport/cmake)
[5.297s] -- Found interactive_markers: 2.3.2 (/opt/ros/humble/share/interactive_markers/cmake)
[5.482s] -- Found laser_geometry: 2.4.1 (/opt/ros/humble/share/laser_geometry/cmake)
[5.518s] -- Found map_msgs: 2.1.0 (/opt/ros/humble/share/map_msgs/cmake)
[5.863s] -- Found pcl_conversions: 2.4.5 (/opt/ros/humble/share/pcl_conversions/cmake)
[6.128s] -- Eigen found (include: /usr/include/eigen3, version: 3.4.0)
[6.381s] -- FLANN found (include: /usr/include, lib: /usr/lib/x86_64-linux-gnu/libflann_cpp.so)
[8.590s] -- OpenNI found (version: 1.5.4.0, include: /usr/include/ni, lib: /usr/lib/libOpenNI.so;libusb::libusb)
[8.638s] -- OpenNI2 found (version: 2.2.0.33, include: /usr/include/openni2, lib: /usr/lib/x86_64-linux-gnu/libOpenNI2.so;libusb::libusb)
[9.856s] -- Eigen found (include: /usr/include/eigen3, version: 3.4.0)
[9.906s] -- OpenNI found (version: 1.5.4.0, include: /usr/include/ni, lib: /usr/lib/libOpenNI.so;libusb::libusb)
[9.948s] -- OpenNI2 found (version: 2.2.0.33, include: /usr/include/openni2, lib: /usr/lib/x86_64-linux-gnu/libOpenNI2.so;libusb::libusb)
[10.947s] -- Found Qhull version 8.0.2
[12.129s] -- OpenNI found (version: 1.5.4.0, include: /usr/include/ni, lib: /usr/lib/libOpenNI.so;libusb::libusb)
[13.289s] [33mCMake Warning (dev) at CMakeLists.txt:51 (find_package):
[13.290s]   Policy CMP0074 is not set: find_package uses <PackageName>_ROOT variables.
[13.291s]   Run "cmake --help-policy CMP0074" for policy details.  Use the cmake_policy
[13.291s]   command to set the policy and suppress this warning.
[13.292s] 
[13.293s]   CMake variable PCL_ROOT is set to:
[13.293s] 
[13.294s]     /usr
[13.295s] 
[13.295s]   For compatibility, CMake is ignoring the variable.
[13.296s] This warning is for project developers.  Use -Wno-dev to suppress it.
[13.296s] [0m
[14.076s] -- Configuring done
[14.391s] -- Generating done
[14.456s] -- Build files have been written to: /root/dddmr_navigation/build/dddmr_rviz_default_plugins
[14.534s] Invoked command in '/root/dddmr_navigation/build/dddmr_rviz_default_plugins' returned '0': CMAKE_PREFIX_PATH=${CMAKE_PREFIX_PATH}:/opt/ros/humble /usr/bin/cmake /root/dddmr_navigation/src/dddmr_rviz_tools/dddmr_rviz_default_plugins -DCMAKE_INSTALL_PREFIX=/root/dddmr_navigation/install/dddmr_rviz_default_plugins
[14.547s] Invoking command in '/root/dddmr_navigation/build/dddmr_rviz_default_plugins': CMAKE_PREFIX_PATH=${CMAKE_PREFIX_PATH}:/opt/ros/humble /usr/bin/cmake --build /root/dddmr_navigation/build/dddmr_rviz_default_plugins -- -j28 -l28
[14.945s] [35m[1mConsolidate compiler generated dependencies of target dddmr_rviz_default_plugins[0m
[15.348s] [100%] Built target dddmr_rviz_default_plugins
[15.418s] Invoked command in '/root/dddmr_navigation/build/dddmr_rviz_default_plugins' returned '0': CMAKE_PREFIX_PATH=${CMAKE_PREFIX_PATH}:/opt/ros/humble /usr/bin/cmake --build /root/dddmr_navigation/build/dddmr_rviz_default_plugins -- -j28 -l28
[15.431s] Invoking command in '/root/dddmr_navigation/build/dddmr_rviz_default_plugins': CMAKE_PREFIX_PATH=${CMAKE_PREFIX_PATH}:/opt/ros/humble /usr/bin/cmake --install /root/dddmr_navigation/build/dddmr_rviz_default_plugins
[15.493s] -- Install configuration: "Release"
[15.497s] -- Execute custom install script
[15.499s] -- Up-to-date symlink: /root/dddmr_navigation/install/dddmr_rviz_default_plugins/share/dddmr_rviz_default_plugins//plugins_description.xml
[15.501s] -- Up-to-date symlink: /root/dddmr_navigation/install/dddmr_rviz_default_plugins/share/dddmr_rviz_default_plugins/environment/library_path.sh
[15.502s] -- Up-to-date symlink: /root/dddmr_navigation/install/dddmr_rviz_default_plugins/share/dddmr_rviz_default_plugins/environment/library_path.dsv
[15.506s] -- Up-to-date symlink: /root/dddmr_navigation/install/dddmr_rviz_default_plugins/include/dddmr_rviz_default_plugins/dddmr_rviz_default_plugins/tools/goal_pose/goal_tool.hpp
[15.507s] -- Up-to-date symlink: /root/dddmr_navigation/install/dddmr_rviz_default_plugins/include/dddmr_rviz_default_plugins/dddmr_rviz_default_plugins/tools/move/move_tool.hpp
[15.508s] -- Up-to-date symlink: /root/dddmr_navigation/install/dddmr_rviz_default_plugins/include/dddmr_rviz_default_plugins/dddmr_rviz_default_plugins/tools/point_cloud_selection/point_cloud_selection_tool.hpp
[15.508s] -- Up-to-date symlink: /root/dddmr_navigation/install/dddmr_rviz_default_plugins/include/dddmr_rviz_default_plugins/dddmr_rviz_default_plugins/tools/pose/pose_tool.hpp
[15.509s] -- Up-to-date symlink: /root/dddmr_navigation/install/dddmr_rviz_default_plugins/include/dddmr_rviz_default_plugins/dddmr_rviz_default_plugins/tools/pose_estimate/initial_pose_tool.hpp
[15.512s] -- Up-to-date symlink: /root/dddmr_navigation/install/dddmr_rviz_default_plugins/include/dddmr_rviz_default_plugins/dddmr_rviz_default_plugins/tools/select/edge_selection_tool.hpp
[15.512s] -- Up-to-date symlink: /root/dddmr_navigation/install/dddmr_rviz_default_plugins/include/dddmr_rviz_default_plugins/dddmr_rviz_default_plugins/tools/select/node_selection_tool.hpp
[15.513s] -- Up-to-date symlink: /root/dddmr_navigation/install/dddmr_rviz_default_plugins/include/dddmr_rviz_default_plugins/dddmr_rviz_default_plugins/visibility_control.hpp
[15.515s] -- Up-to-date symlink: /root/dddmr_navigation/install/dddmr_rviz_default_plugins/share/dddmr_rviz_default_plugins/icons/classes/3DGoalPose.png
[15.516s] -- Up-to-date symlink: /root/dddmr_navigation/install/dddmr_rviz_default_plugins/share/dddmr_rviz_default_plugins/icons/classes/3DInitialPose.png
[15.517s] -- Up-to-date symlink: /root/dddmr_navigation/install/dddmr_rviz_default_plugins/share/dddmr_rviz_default_plugins/icons/classes/Select.png
[15.518s] -- Up-to-date symlink: /root/dddmr_navigation/install/dddmr_rviz_default_plugins/share/ament_index/resource_index/package_run_dependencies/dddmr_rviz_default_plugins
[15.519s] -- Up-to-date symlink: /root/dddmr_navigation/install/dddmr_rviz_default_plugins/share/ament_index/resource_index/parent_prefix_path/dddmr_rviz_default_plugins
[15.520s] -- Up-to-date symlink: /root/dddmr_navigation/install/dddmr_rviz_default_plugins/share/dddmr_rviz_default_plugins/environment/ament_prefix_path.sh
[15.521s] -- Up-to-date symlink: /root/dddmr_navigation/install/dddmr_rviz_default_plugins/share/dddmr_rviz_default_plugins/environment/ament_prefix_path.dsv
[15.523s] -- Up-to-date symlink: /root/dddmr_navigation/install/dddmr_rviz_default_plugins/share/dddmr_rviz_default_plugins/environment/path.sh
[15.523s] -- Up-to-date symlink: /root/dddmr_navigation/install/dddmr_rviz_default_plugins/share/dddmr_rviz_default_plugins/environment/path.dsv
[15.524s] -- Up-to-date symlink: /root/dddmr_navigation/install/dddmr_rviz_default_plugins/share/dddmr_rviz_default_plugins/local_setup.bash
[15.526s] -- Up-to-date symlink: /root/dddmr_navigation/install/dddmr_rviz_default_plugins/share/dddmr_rviz_default_plugins/local_setup.sh
[15.528s] -- Up-to-date symlink: /root/dddmr_navigation/install/dddmr_rviz_default_plugins/share/dddmr_rviz_default_plugins/local_setup.zsh
[15.529s] -- Up-to-date symlink: /root/dddmr_navigation/install/dddmr_rviz_default_plugins/share/dddmr_rviz_default_plugins/local_setup.dsv
[15.530s] -- Symlinking: /root/dddmr_navigation/install/dddmr_rviz_default_plugins/share/dddmr_rviz_default_plugins/package.dsv
[15.588s] -- Up-to-date symlink: /root/dddmr_navigation/install/dddmr_rviz_default_plugins/share/ament_index/resource_index/packages/dddmr_rviz_default_plugins
[15.589s] -- Up-to-date symlink: /root/dddmr_navigation/install/dddmr_rviz_default_plugins/share/ament_index/resource_index/rviz_common__pluginlib__plugin/dddmr_rviz_default_plugins
[15.591s] -- Up-to-date symlink: /root/dddmr_navigation/install/dddmr_rviz_default_plugins/share/dddmr_rviz_default_plugins/cmake/dddmr_rviz_default_plugins-extras.cmake
[15.594s] -- Up-to-date symlink: /root/dddmr_navigation/install/dddmr_rviz_default_plugins/share/dddmr_rviz_default_plugins/cmake/ament_cmake_export_include_directories-extras.cmake
[15.595s] -- Up-to-date symlink: /root/dddmr_navigation/install/dddmr_rviz_default_plugins/share/dddmr_rviz_default_plugins/cmake/ament_cmake_export_targets-extras.cmake
[15.596s] -- Up-to-date symlink: /root/dddmr_navigation/install/dddmr_rviz_default_plugins/share/dddmr_rviz_default_plugins/cmake/ament_cmake_export_dependencies-extras.cmake
[15.597s] -- Up-to-date symlink: /root/dddmr_navigation/install/dddmr_rviz_default_plugins/share/dddmr_rviz_default_plugins/cmake/dddmr_rviz_default_pluginsConfig.cmake
[15.598s] -- Up-to-date symlink: /root/dddmr_navigation/install/dddmr_rviz_default_plugins/share/dddmr_rviz_default_plugins/cmake/dddmr_rviz_default_pluginsConfig-version.cmake
[15.599s] -- Up-to-date symlink: /root/dddmr_navigation/install/dddmr_rviz_default_plugins/share/dddmr_rviz_default_plugins/package.xml
[15.600s] -- Up-to-date: /root/dddmr_navigation/install/dddmr_rviz_default_plugins/lib/libdddmr_rviz_default_plugins.so
[15.601s] -- Up-to-date: /root/dddmr_navigation/install/dddmr_rviz_default_plugins/share/dddmr_rviz_default_plugins/cmake/dddmr_rviz_default_pluginsExport.cmake
[15.602s] -- Up-to-date: /root/dddmr_navigation/install/dddmr_rviz_default_plugins/share/dddmr_rviz_default_plugins/cmake/dddmr_rviz_default_pluginsExport-release.cmake
[15.618s] Invoked command in '/root/dddmr_navigation/build/dddmr_rviz_default_plugins' returned '0': CMAKE_PREFIX_PATH=${CMAKE_PREFIX_PATH}:/opt/ros/humble /usr/bin/cmake --install /root/dddmr_navigation/build/dddmr_rviz_default_plugins
