[0.087s] Invoking command in '/root/dddmr_navigation/build/mcl_3dl': CMAKE_PREFIX_PATH=/root/dddmr_navigation/install/cloud_msgs:/root/dddmr_navigation/install/p2p_move_base:/root/dddmr_navigation/install/recovery_behaviors:/root/dddmr_navigation/install/local_planner:/root/dddmr_navigation/install/trajectory_generators:/root/dddmr_navigation/install/pose_graph_merge_editor_panel:/root/dddmr_navigation/install/pose_graph_editor_panel:/root/dddmr_navigation/install/perception_3d:/root/dddmr_navigation/install/mpc_critics:/root/dddmr_navigation/install/mcl_3dl:/root/dddmr_navigation/install/mapping_panel:/root/dddmr_navigation/install/map_editor_panel:/root/dddmr_navigation/install/lego_loam_bor:/root/dddmr_navigation/install/global_planner:/root/dddmr_navigation/install/fast_lio:/root/dddmr_navigation/install/dddmr_trt:/root/dddmr_navigation/install/dddmr_sys_core:/root/dddmr_navigation/install/dddmr_semantic_segmentation:/root/dddmr_navigation/install/dddmr_rviz_default_plugins:/root/dddmr_navigation/install/dddmr_odom_3d:/root/dddmr_navigation/install/dddmr_fastlio_adapter:/root/dddmr_navigation/install/dddmr_beginner_guide:/root/dddmr_navigation/install/base_trajectory:/root/livox_ws/install/livox_ros_driver2:/opt/ros/humble LD_LIBRARY_PATH=/root/dddmr_navigation/install/cloud_msgs/lib:/root/dddmr_navigation/install/p2p_move_base/lib:/root/dddmr_navigation/install/recovery_behaviors/lib:/root/dddmr_navigation/install/local_planner/lib:/root/dddmr_navigation/install/trajectory_generators/lib:/root/dddmr_navigation/install/pose_graph_merge_editor_panel/lib:/root/dddmr_navigation/install/pose_graph_editor_panel/lib:/root/dddmr_navigation/install/perception_3d/lib:/root/dddmr_navigation/install/mpc_critics/lib:/root/dddmr_navigation/install/mcl_3dl/lib:/root/dddmr_navigation/install/mapping_panel/lib:/root/dddmr_navigation/install/map_editor_panel/lib:/root/dddmr_navigation/install/lego_loam_bor/lib:/root/dddmr_navigation/install/global_planner/lib:/root/dddmr_navigation/install/fast_lio/lib:/root/dddmr_navigation/install/dddmr_sys_core/lib:/root/dddmr_navigation/install/dddmr_rviz_default_plugins/lib:/root/dddmr_navigation/install/base_trajectory/lib:/root/livox_ws/install/livox_ros_driver2/lib:/opt/ros/humble/opt/rviz_ogre_vendor/lib:/opt/ros/humble/lib/x86_64-linux-gnu:/opt/ros/humble/lib /usr/bin/cmake /root/dddmr_navigation/src/dddmr_mcl_3dl -DCMAKE_INSTALL_PREFIX=/root/dddmr_navigation/install/mcl_3dl
[0.177s] -- Found ament_cmake: 1.3.14 (/opt/ros/humble/share/ament_cmake/cmake)
[0.993s] -- Override CMake install command with custom implementation using symlinks instead of copying resources
[1.046s] -- Found rclcpp: 16.0.19 (/opt/ros/humble/share/rclcpp/cmake)
[1.259s] -- Found rosidl_generator_c: 3.1.8 (/opt/ros/humble/share/rosidl_generator_c/cmake)
[1.282s] -- Found rosidl_adapter: 3.1.8 (/opt/ros/humble/share/rosidl_adapter/cmake)
[1.318s] -- Found rosidl_generator_cpp: 3.1.8 (/opt/ros/humble/share/rosidl_generator_cpp/cmake)
[1.393s] -- Using all available rosidl_typesupport_c: rosidl_typesupport_fastrtps_c;rosidl_typesupport_introspection_c
[1.496s] -- Using all available rosidl_typesupport_cpp: rosidl_typesupport_fastrtps_cpp;rosidl_typesupport_introspection_cpp
[1.769s] -- Found rmw_implementation_cmake: 6.1.2 (/opt/ros/humble/share/rmw_implementation_cmake/cmake)
[1.787s] -- Found rmw_fastrtps_cpp: 6.2.10 (/opt/ros/humble/share/rmw_fastrtps_cpp/cmake)
[2.691s] -- Using RMW implementation 'rmw_fastrtps_cpp' as default
[3.017s] -- Found rclcpp_action: 16.0.19 (/opt/ros/humble/share/rclcpp_action/cmake)
[3.207s] -- Found rclcpp_lifecycle: 16.0.19 (/opt/ros/humble/share/rclcpp_lifecycle/cmake)
[3.340s] -- Found rclcpp_components: 16.0.19 (/opt/ros/humble/share/rclcpp_components/cmake)
[3.504s] -- Found std_srvs: 4.9.1 (/opt/ros/humble/share/std_srvs/cmake)
[3.572s] -- Found sensor_msgs: 4.9.1 (/opt/ros/humble/share/sensor_msgs/cmake)
[3.813s] -- Found nav_msgs: 4.9.1 (/opt/ros/humble/share/nav_msgs/cmake)
[3.945s] -- Found visualization_msgs: 4.9.1 (/opt/ros/humble/share/visualization_msgs/cmake)
[4.071s] -- Found message_filters: 4.3.16 (/opt/ros/humble/share/message_filters/cmake)
[4.089s] -- Found tf2_ros: 0.25.20 (/opt/ros/humble/share/tf2_ros/cmake)
[4.287s] -- Found tf2_geometry_msgs: 0.25.20 (/opt/ros/humble/share/tf2_geometry_msgs/cmake)
[4.308s] -- Found eigen3_cmake_module: 0.1.1 (/opt/ros/humble/share/eigen3_cmake_module/cmake)
[4.318s] -- Ensuring Eigen3 include directory is part of orocos-kdl CMake target
[4.327s] -- Found tf2_sensor_msgs: 0.25.20 (/opt/ros/humble/share/tf2_sensor_msgs/cmake)
[4.358s] -- Found tf2_eigen: 0.25.20 (/opt/ros/humble/share/tf2_eigen/cmake)
[4.372s] -- Found pluginlib: 5.1.4 (/opt/ros/humble/share/pluginlib/cmake)
[4.509s] -- Found pcl_conversions: 2.4.5 (/opt/ros/humble/share/pcl_conversions/cmake)
[4.742s] -- Eigen found (include: /usr/include/eigen3, version: 3.4.0)
[4.973s] -- FLANN found (include: /usr/include, lib: /usr/lib/x86_64-linux-gnu/libflann_cpp.so)
[7.017s] -- OpenNI found (version: 1.5.4.0, include: /usr/include/ni, lib: /usr/lib/libOpenNI.so;libusb::libusb)
[7.058s] -- OpenNI2 found (version: 2.2.0.33, include: /usr/include/openni2, lib: /usr/lib/x86_64-linux-gnu/libOpenNI2.so;libusb::libusb)
[8.155s] -- Eigen found (include: /usr/include/eigen3, version: 3.4.0)
[8.204s] -- OpenNI found (version: 1.5.4.0, include: /usr/include/ni, lib: /usr/lib/libOpenNI.so;libusb::libusb)
[8.250s] -- OpenNI2 found (version: 2.2.0.33, include: /usr/include/openni2, lib: /usr/lib/x86_64-linux-gnu/libOpenNI2.so;libusb::libusb)
[9.266s] -- Found Qhull version 8.0.2
[10.310s] -- OpenNI found (version: 1.5.4.0, include: /usr/include/ni, lib: /usr/lib/libOpenNI.so;libusb::libusb)
[11.389s] [33mCMake Warning (dev) at CMakeLists.txt:29 (find_package):
[11.390s]   Policy CMP0074 is not set: find_package uses <PackageName>_ROOT variables.
[11.390s]   Run "cmake --help-policy CMP0074" for policy details.  Use the cmake_policy
[11.391s]   command to set the policy and suppress this warning.
[11.391s] 
[11.392s]   CMake variable PCL_ROOT is set to:
[11.392s] 
[11.393s]     /usr
[11.394s] 
[11.395s]   For compatibility, CMake is ignoring the variable.
[11.395s] This warning is for project developers.  Use -Wno-dev to suppress it.
[11.396s] [0m
[12.834s] -- Configuring done
[13.901s] -- Generating done
[14.133s] -- Build files have been written to: /root/dddmr_navigation/build/mcl_3dl
[14.211s] Invoked command in '/root/dddmr_navigation/build/mcl_3dl' returned '0': CMAKE_PREFIX_PATH=/root/dddmr_navigation/install/cloud_msgs:/root/dddmr_navigation/install/p2p_move_base:/root/dddmr_navigation/install/recovery_behaviors:/root/dddmr_navigation/install/local_planner:/root/dddmr_navigation/install/trajectory_generators:/root/dddmr_navigation/install/pose_graph_merge_editor_panel:/root/dddmr_navigation/install/pose_graph_editor_panel:/root/dddmr_navigation/install/perception_3d:/root/dddmr_navigation/install/mpc_critics:/root/dddmr_navigation/install/mcl_3dl:/root/dddmr_navigation/install/mapping_panel:/root/dddmr_navigation/install/map_editor_panel:/root/dddmr_navigation/install/lego_loam_bor:/root/dddmr_navigation/install/global_planner:/root/dddmr_navigation/install/fast_lio:/root/dddmr_navigation/install/dddmr_trt:/root/dddmr_navigation/install/dddmr_sys_core:/root/dddmr_navigation/install/dddmr_semantic_segmentation:/root/dddmr_navigation/install/dddmr_rviz_default_plugins:/root/dddmr_navigation/install/dddmr_odom_3d:/root/dddmr_navigation/install/dddmr_fastlio_adapter:/root/dddmr_navigation/install/dddmr_beginner_guide:/root/dddmr_navigation/install/base_trajectory:/root/livox_ws/install/livox_ros_driver2:/opt/ros/humble LD_LIBRARY_PATH=/root/dddmr_navigation/install/cloud_msgs/lib:/root/dddmr_navigation/install/p2p_move_base/lib:/root/dddmr_navigation/install/recovery_behaviors/lib:/root/dddmr_navigation/install/local_planner/lib:/root/dddmr_navigation/install/trajectory_generators/lib:/root/dddmr_navigation/install/pose_graph_merge_editor_panel/lib:/root/dddmr_navigation/install/pose_graph_editor_panel/lib:/root/dddmr_navigation/install/perception_3d/lib:/root/dddmr_navigation/install/mpc_critics/lib:/root/dddmr_navigation/install/mcl_3dl/lib:/root/dddmr_navigation/install/mapping_panel/lib:/root/dddmr_navigation/install/map_editor_panel/lib:/root/dddmr_navigation/install/lego_loam_bor/lib:/root/dddmr_navigation/install/global_planner/lib:/root/dddmr_navigation/install/fast_lio/lib:/root/dddmr_navigation/install/dddmr_sys_core/lib:/root/dddmr_navigation/install/dddmr_rviz_default_plugins/lib:/root/dddmr_navigation/install/base_trajectory/lib:/root/livox_ws/install/livox_ros_driver2/lib:/opt/ros/humble/opt/rviz_ogre_vendor/lib:/opt/ros/humble/lib/x86_64-linux-gnu:/opt/ros/humble/lib /usr/bin/cmake /root/dddmr_navigation/src/dddmr_mcl_3dl -DCMAKE_INSTALL_PREFIX=/root/dddmr_navigation/install/mcl_3dl
[14.226s] Invoking command in '/root/dddmr_navigation/build/mcl_3dl': CMAKE_PREFIX_PATH=/root/dddmr_navigation/install/cloud_msgs:/root/dddmr_navigation/install/p2p_move_base:/root/dddmr_navigation/install/recovery_behaviors:/root/dddmr_navigation/install/local_planner:/root/dddmr_navigation/install/trajectory_generators:/root/dddmr_navigation/install/pose_graph_merge_editor_panel:/root/dddmr_navigation/install/pose_graph_editor_panel:/root/dddmr_navigation/install/perception_3d:/root/dddmr_navigation/install/mpc_critics:/root/dddmr_navigation/install/mcl_3dl:/root/dddmr_navigation/install/mapping_panel:/root/dddmr_navigation/install/map_editor_panel:/root/dddmr_navigation/install/lego_loam_bor:/root/dddmr_navigation/install/global_planner:/root/dddmr_navigation/install/fast_lio:/root/dddmr_navigation/install/dddmr_trt:/root/dddmr_navigation/install/dddmr_sys_core:/root/dddmr_navigation/install/dddmr_semantic_segmentation:/root/dddmr_navigation/install/dddmr_rviz_default_plugins:/root/dddmr_navigation/install/dddmr_odom_3d:/root/dddmr_navigation/install/dddmr_fastlio_adapter:/root/dddmr_navigation/install/dddmr_beginner_guide:/root/dddmr_navigation/install/base_trajectory:/root/livox_ws/install/livox_ros_driver2:/opt/ros/humble LD_LIBRARY_PATH=/root/dddmr_navigation/install/cloud_msgs/lib:/root/dddmr_navigation/install/p2p_move_base/lib:/root/dddmr_navigation/install/recovery_behaviors/lib:/root/dddmr_navigation/install/local_planner/lib:/root/dddmr_navigation/install/trajectory_generators/lib:/root/dddmr_navigation/install/pose_graph_merge_editor_panel/lib:/root/dddmr_navigation/install/pose_graph_editor_panel/lib:/root/dddmr_navigation/install/perception_3d/lib:/root/dddmr_navigation/install/mpc_critics/lib:/root/dddmr_navigation/install/mcl_3dl/lib:/root/dddmr_navigation/install/mapping_panel/lib:/root/dddmr_navigation/install/map_editor_panel/lib:/root/dddmr_navigation/install/lego_loam_bor/lib:/root/dddmr_navigation/install/global_planner/lib:/root/dddmr_navigation/install/fast_lio/lib:/root/dddmr_navigation/install/dddmr_sys_core/lib:/root/dddmr_navigation/install/dddmr_rviz_default_plugins/lib:/root/dddmr_navigation/install/base_trajectory/lib:/root/livox_ws/install/livox_ros_driver2/lib:/opt/ros/humble/opt/rviz_ogre_vendor/lib:/opt/ros/humble/lib/x86_64-linux-gnu:/opt/ros/humble/lib /usr/bin/cmake --build /root/dddmr_navigation/build/mcl_3dl -- -j28 -l28
[14.567s] [35m[1mConsolidate compiler generated dependencies of target sub_maps[0m
[14.611s] [35m[1mConsolidate compiler generated dependencies of target parameters[0m
[14.615s] [35m[1mConsolidate compiler generated dependencies of target pcl_publisher[0m
[14.766s] [ 18%] Built target sub_maps
[14.788s] [ 36%] Built target parameters
[14.811s] [ 54%] Built target pcl_publisher
[14.881s] [35m[1mConsolidate compiler generated dependencies of target lidar_measurement_model_likelihood[0m
[15.074s] [ 72%] Built target lidar_measurement_model_likelihood
[15.168s] [35m[1mConsolidate compiler generated dependencies of target mcl_3dl[0m
[15.395s] [100%] Built target mcl_3dl
[15.616s] Invoked command in '/root/dddmr_navigation/build/mcl_3dl' returned '0': CMAKE_PREFIX_PATH=/root/dddmr_navigation/install/cloud_msgs:/root/dddmr_navigation/install/p2p_move_base:/root/dddmr_navigation/install/recovery_behaviors:/root/dddmr_navigation/install/local_planner:/root/dddmr_navigation/install/trajectory_generators:/root/dddmr_navigation/install/pose_graph_merge_editor_panel:/root/dddmr_navigation/install/pose_graph_editor_panel:/root/dddmr_navigation/install/perception_3d:/root/dddmr_navigation/install/mpc_critics:/root/dddmr_navigation/install/mcl_3dl:/root/dddmr_navigation/install/mapping_panel:/root/dddmr_navigation/install/map_editor_panel:/root/dddmr_navigation/install/lego_loam_bor:/root/dddmr_navigation/install/global_planner:/root/dddmr_navigation/install/fast_lio:/root/dddmr_navigation/install/dddmr_trt:/root/dddmr_navigation/install/dddmr_sys_core:/root/dddmr_navigation/install/dddmr_semantic_segmentation:/root/dddmr_navigation/install/dddmr_rviz_default_plugins:/root/dddmr_navigation/install/dddmr_odom_3d:/root/dddmr_navigation/install/dddmr_fastlio_adapter:/root/dddmr_navigation/install/dddmr_beginner_guide:/root/dddmr_navigation/install/base_trajectory:/root/livox_ws/install/livox_ros_driver2:/opt/ros/humble LD_LIBRARY_PATH=/root/dddmr_navigation/install/cloud_msgs/lib:/root/dddmr_navigation/install/p2p_move_base/lib:/root/dddmr_navigation/install/recovery_behaviors/lib:/root/dddmr_navigation/install/local_planner/lib:/root/dddmr_navigation/install/trajectory_generators/lib:/root/dddmr_navigation/install/pose_graph_merge_editor_panel/lib:/root/dddmr_navigation/install/pose_graph_editor_panel/lib:/root/dddmr_navigation/install/perception_3d/lib:/root/dddmr_navigation/install/mpc_critics/lib:/root/dddmr_navigation/install/mcl_3dl/lib:/root/dddmr_navigation/install/mapping_panel/lib:/root/dddmr_navigation/install/map_editor_panel/lib:/root/dddmr_navigation/install/lego_loam_bor/lib:/root/dddmr_navigation/install/global_planner/lib:/root/dddmr_navigation/install/fast_lio/lib:/root/dddmr_navigation/install/dddmr_sys_core/lib:/root/dddmr_navigation/install/dddmr_rviz_default_plugins/lib:/root/dddmr_navigation/install/base_trajectory/lib:/root/livox_ws/install/livox_ros_driver2/lib:/opt/ros/humble/opt/rviz_ogre_vendor/lib:/opt/ros/humble/lib/x86_64-linux-gnu:/opt/ros/humble/lib /usr/bin/cmake --build /root/dddmr_navigation/build/mcl_3dl -- -j28 -l28
[15.628s] Invoking command in '/root/dddmr_navigation/build/mcl_3dl': CMAKE_PREFIX_PATH=/root/dddmr_navigation/install/cloud_msgs:/root/dddmr_navigation/install/p2p_move_base:/root/dddmr_navigation/install/recovery_behaviors:/root/dddmr_navigation/install/local_planner:/root/dddmr_navigation/install/trajectory_generators:/root/dddmr_navigation/install/pose_graph_merge_editor_panel:/root/dddmr_navigation/install/pose_graph_editor_panel:/root/dddmr_navigation/install/perception_3d:/root/dddmr_navigation/install/mpc_critics:/root/dddmr_navigation/install/mcl_3dl:/root/dddmr_navigation/install/mapping_panel:/root/dddmr_navigation/install/map_editor_panel:/root/dddmr_navigation/install/lego_loam_bor:/root/dddmr_navigation/install/global_planner:/root/dddmr_navigation/install/fast_lio:/root/dddmr_navigation/install/dddmr_trt:/root/dddmr_navigation/install/dddmr_sys_core:/root/dddmr_navigation/install/dddmr_semantic_segmentation:/root/dddmr_navigation/install/dddmr_rviz_default_plugins:/root/dddmr_navigation/install/dddmr_odom_3d:/root/dddmr_navigation/install/dddmr_fastlio_adapter:/root/dddmr_navigation/install/dddmr_beginner_guide:/root/dddmr_navigation/install/base_trajectory:/root/livox_ws/install/livox_ros_driver2:/opt/ros/humble LD_LIBRARY_PATH=/root/dddmr_navigation/install/cloud_msgs/lib:/root/dddmr_navigation/install/p2p_move_base/lib:/root/dddmr_navigation/install/recovery_behaviors/lib:/root/dddmr_navigation/install/local_planner/lib:/root/dddmr_navigation/install/trajectory_generators/lib:/root/dddmr_navigation/install/pose_graph_merge_editor_panel/lib:/root/dddmr_navigation/install/pose_graph_editor_panel/lib:/root/dddmr_navigation/install/perception_3d/lib:/root/dddmr_navigation/install/mpc_critics/lib:/root/dddmr_navigation/install/mcl_3dl/lib:/root/dddmr_navigation/install/mapping_panel/lib:/root/dddmr_navigation/install/map_editor_panel/lib:/root/dddmr_navigation/install/lego_loam_bor/lib:/root/dddmr_navigation/install/global_planner/lib:/root/dddmr_navigation/install/fast_lio/lib:/root/dddmr_navigation/install/dddmr_sys_core/lib:/root/dddmr_navigation/install/dddmr_rviz_default_plugins/lib:/root/dddmr_navigation/install/base_trajectory/lib:/root/livox_ws/install/livox_ros_driver2/lib:/opt/ros/humble/opt/rviz_ogre_vendor/lib:/opt/ros/humble/lib/x86_64-linux-gnu:/opt/ros/humble/lib /usr/bin/cmake --install /root/dddmr_navigation/build/mcl_3dl
[15.677s] -- Install configuration: ""
[15.682s] -- Execute custom install script
[15.684s] -- Up-to-date symlink: /root/dddmr_navigation/install/mcl_3dl/lib/libparameters.so
[15.685s] -- Up-to-date symlink: /root/dddmr_navigation/install/mcl_3dl/lib/liblidar_measurement_model_likelihood.so
[15.690s] -- Up-to-date symlink: /root/dddmr_navigation/install/mcl_3dl/lib/libsub_maps.so
[15.691s] -- Up-to-date symlink: /root/dddmr_navigation/install/mcl_3dl/lib/mcl_3dl/mcl_3dl
[15.694s] -- Up-to-date symlink: /root/dddmr_navigation/install/mcl_3dl/lib/mcl_3dl/pcl_publisher
[15.697s] -- Up-to-date symlink: /root/dddmr_navigation/install/mcl_3dl/include//mcl_3dl.h
[15.698s] -- Up-to-date symlink: /root/dddmr_navigation/install/mcl_3dl/include//mcl_3dl/filter.h
[15.698s] -- Up-to-date symlink: /root/dddmr_navigation/install/mcl_3dl/include//mcl_3dl/filter_vec3.h
[15.699s] -- Up-to-date symlink: /root/dddmr_navigation/install/mcl_3dl/include//mcl_3dl/lidar_measurement_models/lidar_measurement_model_likelihood.h
[15.699s] -- Up-to-date symlink: /root/dddmr_navigation/install/mcl_3dl/include//mcl_3dl/motion_prediction_model_base.h
[15.700s] -- Up-to-date symlink: /root/dddmr_navigation/install/mcl_3dl/include//mcl_3dl/motion_prediction_models/motion_prediction_model_differential_drive.h
[15.701s] -- Up-to-date symlink: /root/dddmr_navigation/install/mcl_3dl/include//mcl_3dl/nd.h
[15.702s] -- Up-to-date symlink: /root/dddmr_navigation/install/mcl_3dl/include//mcl_3dl/noise_generator_base.h
[15.715s] -- Up-to-date symlink: /root/dddmr_navigation/install/mcl_3dl/include//mcl_3dl/noise_generators/diagonal_noise_generator.h
[15.715s] -- Up-to-date symlink: /root/dddmr_navigation/install/mcl_3dl/include//mcl_3dl/noise_generators/multivariate_noise_generator.h
[15.716s] -- Up-to-date symlink: /root/dddmr_navigation/install/mcl_3dl/include//mcl_3dl/parameters.h
[15.717s] -- Up-to-date symlink: /root/dddmr_navigation/install/mcl_3dl/include//mcl_3dl/pf.h
[15.717s] -- Up-to-date symlink: /root/dddmr_navigation/install/mcl_3dl/include//mcl_3dl/quat.h
[15.718s] -- Up-to-date symlink: /root/dddmr_navigation/install/mcl_3dl/include//mcl_3dl/state_6dof.h
[15.719s] -- Up-to-date symlink: /root/dddmr_navigation/install/mcl_3dl/include//mcl_3dl/sub_maps.h
[15.719s] -- Up-to-date symlink: /root/dddmr_navigation/install/mcl_3dl/include//mcl_3dl/vec3.h
[15.719s] -- Up-to-date symlink: /root/dddmr_navigation/install/mcl_3dl/include//utilities.h
[15.720s] -- Up-to-date symlink: /root/dddmr_navigation/install/mcl_3dl/share/mcl_3dl//launch/mcl_3dl.launch
[15.722s] -- Up-to-date symlink: /root/dddmr_navigation/install/mcl_3dl/share/mcl_3dl//launch/mcl_3dlXfeatureXbag.launch
[15.725s] -- Up-to-date symlink: /root/dddmr_navigation/install/mcl_3dl/share/mcl_3dl//launch/pcl_publisher.launch
[15.731s] -- Up-to-date symlink: /root/dddmr_navigation/install/mcl_3dl/share/mcl_3dl//config/mcl_3dl.yaml
[15.732s] -- Up-to-date symlink: /root/dddmr_navigation/install/mcl_3dl/share/mcl_3dl//config/pcl_publisher.yaml
[15.733s] -- Up-to-date symlink: /root/dddmr_navigation/install/mcl_3dl/share/mcl_3dl//rviz/mcl_3dl_demo.rviz
[15.734s] -- Up-to-date symlink: /root/dddmr_navigation/install/mcl_3dl/share/mcl_3dl//map/edges.pcd
[15.734s] -- Up-to-date symlink: /root/dddmr_navigation/install/mcl_3dl/share/mcl_3dl//map/ground.pcd
[15.734s] -- Up-to-date symlink: /root/dddmr_navigation/install/mcl_3dl/share/mcl_3dl//map/map.pcd
[15.735s] -- Up-to-date symlink: /root/dddmr_navigation/install/mcl_3dl/share/mcl_3dl//map/pcd/0_feature.pcd
[15.735s] -- Up-to-date symlink: /root/dddmr_navigation/install/mcl_3dl/share/mcl_3dl//map/pcd/0_ground.pcd
[15.735s] -- Up-to-date symlink: /root/dddmr_navigation/install/mcl_3dl/share/mcl_3dl//map/poses.pcd
[15.736s] -- Up-to-date symlink: /root/dddmr_navigation/install/mcl_3dl/share/ament_index/resource_index/package_run_dependencies/mcl_3dl
[15.737s] -- Up-to-date symlink: /root/dddmr_navigation/install/mcl_3dl/share/ament_index/resource_index/parent_prefix_path/mcl_3dl
[15.738s] -- Up-to-date symlink: /root/dddmr_navigation/install/mcl_3dl/share/mcl_3dl/environment/ament_prefix_path.sh
[15.738s] -- Up-to-date symlink: /root/dddmr_navigation/install/mcl_3dl/share/mcl_3dl/environment/ament_prefix_path.dsv
[15.738s] -- Up-to-date symlink: /root/dddmr_navigation/install/mcl_3dl/share/mcl_3dl/environment/path.sh
[15.739s] -- Up-to-date symlink: /root/dddmr_navigation/install/mcl_3dl/share/mcl_3dl/environment/path.dsv
[15.742s] -- Up-to-date symlink: /root/dddmr_navigation/install/mcl_3dl/share/mcl_3dl/local_setup.bash
[15.743s] -- Up-to-date symlink: /root/dddmr_navigation/install/mcl_3dl/share/mcl_3dl/local_setup.sh
[15.744s] -- Up-to-date symlink: /root/dddmr_navigation/install/mcl_3dl/share/mcl_3dl/local_setup.zsh
[15.744s] -- Up-to-date symlink: /root/dddmr_navigation/install/mcl_3dl/share/mcl_3dl/local_setup.dsv
[15.745s] -- Symlinking: /root/dddmr_navigation/install/mcl_3dl/share/mcl_3dl/package.dsv
[15.780s] -- Up-to-date symlink: /root/dddmr_navigation/install/mcl_3dl/share/ament_index/resource_index/packages/mcl_3dl
[15.782s] -- Up-to-date symlink: /root/dddmr_navigation/install/mcl_3dl/share/mcl_3dl/cmake/ament_cmake_export_include_directories-extras.cmake
[15.783s] -- Up-to-date symlink: /root/dddmr_navigation/install/mcl_3dl/share/mcl_3dl/cmake/ament_cmake_export_dependencies-extras.cmake
[15.784s] -- Up-to-date symlink: /root/dddmr_navigation/install/mcl_3dl/share/mcl_3dl/cmake/mcl_3dlConfig.cmake
[15.785s] -- Up-to-date symlink: /root/dddmr_navigation/install/mcl_3dl/share/mcl_3dl/cmake/mcl_3dlConfig-version.cmake
[15.785s] -- Up-to-date symlink: /root/dddmr_navigation/install/mcl_3dl/share/mcl_3dl/package.xml
[15.800s] Invoked command in '/root/dddmr_navigation/build/mcl_3dl' returned '0': CMAKE_PREFIX_PATH=/root/dddmr_navigation/install/cloud_msgs:/root/dddmr_navigation/install/p2p_move_base:/root/dddmr_navigation/install/recovery_behaviors:/root/dddmr_navigation/install/local_planner:/root/dddmr_navigation/install/trajectory_generators:/root/dddmr_navigation/install/pose_graph_merge_editor_panel:/root/dddmr_navigation/install/pose_graph_editor_panel:/root/dddmr_navigation/install/perception_3d:/root/dddmr_navigation/install/mpc_critics:/root/dddmr_navigation/install/mcl_3dl:/root/dddmr_navigation/install/mapping_panel:/root/dddmr_navigation/install/map_editor_panel:/root/dddmr_navigation/install/lego_loam_bor:/root/dddmr_navigation/install/global_planner:/root/dddmr_navigation/install/fast_lio:/root/dddmr_navigation/install/dddmr_trt:/root/dddmr_navigation/install/dddmr_sys_core:/root/dddmr_navigation/install/dddmr_semantic_segmentation:/root/dddmr_navigation/install/dddmr_rviz_default_plugins:/root/dddmr_navigation/install/dddmr_odom_3d:/root/dddmr_navigation/install/dddmr_fastlio_adapter:/root/dddmr_navigation/install/dddmr_beginner_guide:/root/dddmr_navigation/install/base_trajectory:/root/livox_ws/install/livox_ros_driver2:/opt/ros/humble LD_LIBRARY_PATH=/root/dddmr_navigation/install/cloud_msgs/lib:/root/dddmr_navigation/install/p2p_move_base/lib:/root/dddmr_navigation/install/recovery_behaviors/lib:/root/dddmr_navigation/install/local_planner/lib:/root/dddmr_navigation/install/trajectory_generators/lib:/root/dddmr_navigation/install/pose_graph_merge_editor_panel/lib:/root/dddmr_navigation/install/pose_graph_editor_panel/lib:/root/dddmr_navigation/install/perception_3d/lib:/root/dddmr_navigation/install/mpc_critics/lib:/root/dddmr_navigation/install/mcl_3dl/lib:/root/dddmr_navigation/install/mapping_panel/lib:/root/dddmr_navigation/install/map_editor_panel/lib:/root/dddmr_navigation/install/lego_loam_bor/lib:/root/dddmr_navigation/install/global_planner/lib:/root/dddmr_navigation/install/fast_lio/lib:/root/dddmr_navigation/install/dddmr_sys_core/lib:/root/dddmr_navigation/install/dddmr_rviz_default_plugins/lib:/root/dddmr_navigation/install/base_trajectory/lib:/root/livox_ws/install/livox_ros_driver2/lib:/opt/ros/humble/opt/rviz_ogre_vendor/lib:/opt/ros/humble/lib/x86_64-linux-gnu:/opt/ros/humble/lib /usr/bin/cmake --install /root/dddmr_navigation/build/mcl_3dl
