-- Found std_msgs: 4.9.1 (/opt/ros/humble/share/std_msgs/cmake)
-- Override CMake install command with custom implementation using symlinks instead of copying resources
-- Found rosidl_generator_c: 3.1.8 (/opt/ros/humble/share/rosidl_generator_c/cmake)
-- Found rosidl_adapter: 3.1.8 (/opt/ros/humble/share/rosidl_adapter/cmake)
-- Found rosidl_generator_cpp: 3.1.8 (/opt/ros/humble/share/rosidl_generator_cpp/cmake)
-- Using all available rosidl_typesupport_c: rosidl_typesupport_fastrtps_c;rosidl_typesupport_introspection_c
-- Using all available rosidl_typesupport_cpp: rosidl_typesupport_fastrtps_cpp;rosidl_typesupport_introspection_cpp
-- Found rclcpp: 16.0.19 (/opt/ros/humble/share/rclcpp/cmake)
-- Found rmw_implementation_cmake: 6.1.2 (/opt/ros/humble/share/rmw_implementation_cmake/cmake)
-- Found rmw_fastrtps_cpp: 6.2.10 (/opt/ros/humble/share/rmw_fastrtps_cpp/cmake)
-- Using RMW implementation 'rmw_fastrtps_cpp' as default
-- Found nav_msgs: 4.9.1 (/opt/ros/humble/share/nav_msgs/cmake)
-- Found rosidl_default_generators: 1.2.1 (/opt/ros/humble/share/rosidl_default_generators/cmake)
-- Found ament_cmake_ros: 0.10.0 (/opt/ros/humble/share/ament_cmake_ros/cmake)
-- Using all available rosidl_typesupport_c: rosidl_typesupport_fastrtps_c;rosidl_typesupport_introspection_c
-- Using all available rosidl_typesupport_cpp: rosidl_typesupport_fastrtps_cpp;rosidl_typesupport_introspection_cpp
-- Found python_cmake_module: 0.10.0 (/opt/ros/humble/share/python_cmake_module/cmake)
-- Using PYTHON_EXECUTABLE: /usr/bin/python3
-- Using PYTHON_INCLUDE_DIRS: /usr/include/python3.10
-- Using PYTHON_LIBRARIES: /usr/lib/x86_64-linux-gnu/libpython3.10.so
-- Configuring done
-- Generating done
-- Build files have been written to: /root/dddmr_navigation/build/cloud_msgs
[35m[1mConsolidate compiler generated dependencies of target cloud_msgs__rosidl_generator_c[0m
[  6%] Built target cloud_msgs__cpp
[  6%] Built target cloud_msgs__rs
[ 15%] Built target cloud_msgs__rosidl_generator_c
[35m[1mConsolidate compiler generated dependencies of target cloud_msgs__rosidl_typesupport_introspection_cpp[0m
[ 15%] Built target ament_cmake_python_symlink_cloud_msgs
[35m[1mConsolidate compiler generated dependencies of target cloud_msgs__rosidl_typesupport_fastrtps_c[0m
[35m[1mConsolidate compiler generated dependencies of target cloud_msgs__rosidl_typesupport_cpp[0m
[35m[1mConsolidate compiler generated dependencies of target cloud_msgs__rosidl_typesupport_introspection_c[0m
[35m[1mConsolidate compiler generated dependencies of target cloud_msgs__rosidl_typesupport_fastrtps_cpp[0m
[35m[1mConsolidate compiler generated dependencies of target cloud_msgs__rosidl_typesupport_c[0m
[ 25%] Built target cloud_msgs__rosidl_typesupport_introspection_cpp
[ 34%] Built target cloud_msgs__rosidl_typesupport_introspection_c
[ 43%] Built target cloud_msgs__rosidl_typesupport_fastrtps_c
[ 53%] Built target cloud_msgs__rosidl_typesupport_cpp
[ 62%] Built target cloud_msgs__rosidl_typesupport_fastrtps_cpp
[ 71%] Built target cloud_msgs__rosidl_typesupport_c
[ 71%] Built target cloud_msgs
[ 75%] Built target cloud_msgs__py
[35m[1mConsolidate compiler generated dependencies of target cloud_msgs__rosidl_generator_py[0m
[ 81%] Built target cloud_msgs__rosidl_generator_py
[35m[1mConsolidate compiler generated dependencies of target cloud_msgs__rosidl_typesupport_fastrtps_c__pyext[0m
[35m[1mConsolidate compiler generated dependencies of target cloud_msgs__rosidl_typesupport_introspection_c__pyext[0m
[35m[1mConsolidate compiler generated dependencies of target cloud_msgs__rosidl_typesupport_c__pyext[0m
[ 87%] Built target cloud_msgs__rosidl_typesupport_fastrtps_c__pyext
[ 93%] Built target cloud_msgs__rosidl_typesupport_c__pyext
[100%] Built target cloud_msgs__rosidl_typesupport_introspection_c__pyext
running egg_info
writing cloud_msgs.egg-info/PKG-INFO
writing dependency_links to cloud_msgs.egg-info/dependency_links.txt
writing top-level names to cloud_msgs.egg-info/top_level.txt
reading manifest file 'cloud_msgs.egg-info/SOURCES.txt'
writing manifest file 'cloud_msgs.egg-info/SOURCES.txt'
[100%] Built target ament_cmake_python_build_cloud_msgs_egg
-- Install configuration: "Release"
-- Execute custom install script
-- Symlinking: /root/dddmr_navigation/install/cloud_msgs/share/ament_index/resource_index/rosidl_interfaces/cloud_msgs
-- Symlinking: /root/dddmr_navigation/install/cloud_msgs/include/cloud_msgs/cloud_msgs/msg/cloud_info.h
-- Symlinking: /root/dddmr_navigation/install/cloud_msgs/include/cloud_msgs/cloud_msgs/msg/detail/cloud_info__functions.h
-- Symlinking: /root/dddmr_navigation/install/cloud_msgs/include/cloud_msgs/cloud_msgs/msg/detail/cloud_info__struct.h
-- Symlinking: /root/dddmr_navigation/install/cloud_msgs/include/cloud_msgs/cloud_msgs/msg/detail/cloud_info__type_support.h
-- Symlinking: /root/dddmr_navigation/install/cloud_msgs/include/cloud_msgs/cloud_msgs/msg/rosidl_generator_c__visibility_control.h
-- Symlinking: /root/dddmr_navigation/install/cloud_msgs/share/cloud_msgs/environment/library_path.sh
-- Symlinking: /root/dddmr_navigation/install/cloud_msgs/share/cloud_msgs/environment/library_path.dsv
-- Symlinking: /root/dddmr_navigation/install/cloud_msgs/include/cloud_msgs/cloud_msgs/msg/detail/cloud_info__rosidl_typesupport_fastrtps_c.h
-- Symlinking: /root/dddmr_navigation/install/cloud_msgs/include/cloud_msgs/cloud_msgs/msg/rosidl_typesupport_fastrtps_c__visibility_control.h
-- Symlinking: /root/dddmr_navigation/install/cloud_msgs/include/cloud_msgs/cloud_msgs/msg/cloud_info.hpp
-- Symlinking: /root/dddmr_navigation/install/cloud_msgs/include/cloud_msgs/cloud_msgs/msg/detail/cloud_info__builder.hpp
-- Symlinking: /root/dddmr_navigation/install/cloud_msgs/include/cloud_msgs/cloud_msgs/msg/detail/cloud_info__struct.hpp
-- Symlinking: /root/dddmr_navigation/install/cloud_msgs/include/cloud_msgs/cloud_msgs/msg/detail/cloud_info__traits.hpp
-- Symlinking: /root/dddmr_navigation/install/cloud_msgs/include/cloud_msgs/cloud_msgs/msg/detail/cloud_info__type_support.hpp
-- Symlinking: /root/dddmr_navigation/install/cloud_msgs/include/cloud_msgs/cloud_msgs/msg/rosidl_generator_cpp__visibility_control.hpp
-- Symlinking: /root/dddmr_navigation/install/cloud_msgs/include/cloud_msgs/cloud_msgs/msg/detail/cloud_info__rosidl_typesupport_fastrtps_cpp.hpp
-- Symlinking: /root/dddmr_navigation/install/cloud_msgs/include/cloud_msgs/cloud_msgs/msg/rosidl_typesupport_fastrtps_cpp__visibility_control.h
-- Symlinking: /root/dddmr_navigation/install/cloud_msgs/include/cloud_msgs/cloud_msgs/msg/detail/cloud_info__rosidl_typesupport_introspection_c.h
-- Symlinking: /root/dddmr_navigation/install/cloud_msgs/include/cloud_msgs/cloud_msgs/msg/rosidl_typesupport_introspection_c__visibility_control.h
-- Symlinking: /root/dddmr_navigation/install/cloud_msgs/include/cloud_msgs/cloud_msgs/msg/detail/cloud_info__rosidl_typesupport_introspection_cpp.hpp
-- Symlinking: /root/dddmr_navigation/install/cloud_msgs/share/cloud_msgs/environment/pythonpath.sh
-- Symlinking: /root/dddmr_navigation/install/cloud_msgs/share/cloud_msgs/environment/pythonpath.dsv
-- Symlinking: /root/dddmr_navigation/install/cloud_msgs/local/lib/python3.10/dist-packages/cloud_msgs-0.0.0-py3.10.egg-info/PKG-INFO
-- Symlinking: /root/dddmr_navigation/install/cloud_msgs/local/lib/python3.10/dist-packages/cloud_msgs-0.0.0-py3.10.egg-info/SOURCES.txt
-- Symlinking: /root/dddmr_navigation/install/cloud_msgs/local/lib/python3.10/dist-packages/cloud_msgs-0.0.0-py3.10.egg-info/dependency_links.txt
-- Symlinking: /root/dddmr_navigation/install/cloud_msgs/local/lib/python3.10/dist-packages/cloud_msgs-0.0.0-py3.10.egg-info/top_level.txt
-- Symlinking: /root/dddmr_navigation/install/cloud_msgs/local/lib/python3.10/dist-packages/cloud_msgs/__init__.py
-- Symlinking: /root/dddmr_navigation/install/cloud_msgs/local/lib/python3.10/dist-packages/cloud_msgs/_cloud_msgs_s.ep.rosidl_typesupport_c.c
-- Symlinking: /root/dddmr_navigation/install/cloud_msgs/local/lib/python3.10/dist-packages/cloud_msgs/_cloud_msgs_s.ep.rosidl_typesupport_fastrtps_c.c
-- Symlinking: /root/dddmr_navigation/install/cloud_msgs/local/lib/python3.10/dist-packages/cloud_msgs/_cloud_msgs_s.ep.rosidl_typesupport_introspection_c.c
-- Symlinking: /root/dddmr_navigation/install/cloud_msgs/local/lib/python3.10/dist-packages/cloud_msgs/cloud_msgs_s__rosidl_typesupport_c.cpython-310-x86_64-linux-gnu.so
-- Symlinking: /root/dddmr_navigation/install/cloud_msgs/local/lib/python3.10/dist-packages/cloud_msgs/cloud_msgs_s__rosidl_typesupport_fastrtps_c.cpython-310-x86_64-linux-gnu.so
-- Symlinking: /root/dddmr_navigation/install/cloud_msgs/local/lib/python3.10/dist-packages/cloud_msgs/cloud_msgs_s__rosidl_typesupport_introspection_c.cpython-310-x86_64-linux-gnu.so
-- Symlinking: /root/dddmr_navigation/install/cloud_msgs/local/lib/python3.10/dist-packages/cloud_msgs/libcloud_msgs__rosidl_generator_py.so
-- Symlinking: /root/dddmr_navigation/install/cloud_msgs/local/lib/python3.10/dist-packages/cloud_msgs/msg/__init__.py
-- Symlinking: /root/dddmr_navigation/install/cloud_msgs/local/lib/python3.10/dist-packages/cloud_msgs/msg/_cloud_info.py
-- Symlinking: /root/dddmr_navigation/install/cloud_msgs/local/lib/python3.10/dist-packages/cloud_msgs/msg/_cloud_info_s.c
-- Up-to-date symlink: /root/dddmr_navigation/install/cloud_msgs/local/lib/python3.10/dist-packages/cloud_msgs/cloud_msgs_s__rosidl_typesupport_fastrtps_c.cpython-310-x86_64-linux-gnu.so
-- Up-to-date symlink: /root/dddmr_navigation/install/cloud_msgs/local/lib/python3.10/dist-packages/cloud_msgs/cloud_msgs_s__rosidl_typesupport_introspection_c.cpython-310-x86_64-linux-gnu.so
-- Up-to-date symlink: /root/dddmr_navigation/install/cloud_msgs/local/lib/python3.10/dist-packages/cloud_msgs/cloud_msgs_s__rosidl_typesupport_c.cpython-310-x86_64-linux-gnu.so
-- Symlinking: /root/dddmr_navigation/install/cloud_msgs/share/ament_index/resource_index/rust_packages/cloud_msgs
-- Symlinking: /root/dddmr_navigation/install/cloud_msgs/share/cloud_msgs/rust/Cargo.toml
-- Symlinking: /root/dddmr_navigation/install/cloud_msgs/share/cloud_msgs/rust/build.rs
-- Symlinking: /root/dddmr_navigation/install/cloud_msgs/share/cloud_msgs/rust/src/lib.rs
-- Symlinking: /root/dddmr_navigation/install/cloud_msgs/share/cloud_msgs/rust/src/msg.rs
-- Symlinking: /root/dddmr_navigation/install/cloud_msgs/share/cloud_msgs/rust/src/msg/rmw.rs
-- Symlinking: /root/dddmr_navigation/install/cloud_msgs/share/cloud_msgs/msg/CloudInfo.idl
-- Symlinking: /root/dddmr_navigation/install/cloud_msgs/share/cloud_msgs/msg/CloudInfo.msg
-- Symlinking: /root/dddmr_navigation/install/cloud_msgs/share/ament_index/resource_index/package_run_dependencies/cloud_msgs
-- Symlinking: /root/dddmr_navigation/install/cloud_msgs/share/ament_index/resource_index/parent_prefix_path/cloud_msgs
-- Symlinking: /root/dddmr_navigation/install/cloud_msgs/share/cloud_msgs/environment/ament_prefix_path.sh
-- Symlinking: /root/dddmr_navigation/install/cloud_msgs/share/cloud_msgs/environment/ament_prefix_path.dsv
-- Symlinking: /root/dddmr_navigation/install/cloud_msgs/share/cloud_msgs/environment/path.sh
-- Symlinking: /root/dddmr_navigation/install/cloud_msgs/share/cloud_msgs/environment/path.dsv
-- Symlinking: /root/dddmr_navigation/install/cloud_msgs/share/cloud_msgs/local_setup.bash
-- Symlinking: /root/dddmr_navigation/install/cloud_msgs/share/cloud_msgs/local_setup.sh
-- Symlinking: /root/dddmr_navigation/install/cloud_msgs/share/cloud_msgs/local_setup.zsh
-- Symlinking: /root/dddmr_navigation/install/cloud_msgs/share/cloud_msgs/local_setup.dsv
-- Symlinking: /root/dddmr_navigation/install/cloud_msgs/share/cloud_msgs/package.dsv
-- Symlinking: /root/dddmr_navigation/install/cloud_msgs/share/ament_index/resource_index/packages/cloud_msgs
-- Symlinking: /root/dddmr_navigation/install/cloud_msgs/share/cloud_msgs/cmake/rosidl_cmake-extras.cmake
-- Symlinking: /root/dddmr_navigation/install/cloud_msgs/share/cloud_msgs/cmake/ament_cmake_export_dependencies-extras.cmake
-- Symlinking: /root/dddmr_navigation/install/cloud_msgs/share/cloud_msgs/cmake/ament_cmake_export_include_directories-extras.cmake
-- Symlinking: /root/dddmr_navigation/install/cloud_msgs/share/cloud_msgs/cmake/ament_cmake_export_libraries-extras.cmake
-- Symlinking: /root/dddmr_navigation/install/cloud_msgs/share/cloud_msgs/cmake/ament_cmake_export_targets-extras.cmake
-- Symlinking: /root/dddmr_navigation/install/cloud_msgs/share/cloud_msgs/cmake/rosidl_cmake_export_typesupport_targets-extras.cmake
-- Symlinking: /root/dddmr_navigation/install/cloud_msgs/share/cloud_msgs/cmake/rosidl_cmake_export_typesupport_libraries-extras.cmake
-- Symlinking: /root/dddmr_navigation/install/cloud_msgs/share/cloud_msgs/cmake/cloud_msgsConfig.cmake
-- Symlinking: /root/dddmr_navigation/install/cloud_msgs/share/cloud_msgs/cmake/cloud_msgsConfig-version.cmake
-- Symlinking: /root/dddmr_navigation/install/cloud_msgs/share/cloud_msgs/package.xml
-- Installing: /root/dddmr_navigation/install/cloud_msgs/lib/libcloud_msgs__rosidl_generator_c.so
-- Set runtime path of "/root/dddmr_navigation/install/cloud_msgs/lib/libcloud_msgs__rosidl_generator_c.so" to ""
-- Installing: /root/dddmr_navigation/install/cloud_msgs/lib/libcloud_msgs__rosidl_typesupport_fastrtps_c.so
-- Set runtime path of "/root/dddmr_navigation/install/cloud_msgs/lib/libcloud_msgs__rosidl_typesupport_fastrtps_c.so" to ""
-- Installing: /root/dddmr_navigation/install/cloud_msgs/lib/libcloud_msgs__rosidl_typesupport_fastrtps_cpp.so
-- Set runtime path of "/root/dddmr_navigation/install/cloud_msgs/lib/libcloud_msgs__rosidl_typesupport_fastrtps_cpp.so" to ""
-- Installing: /root/dddmr_navigation/install/cloud_msgs/lib/libcloud_msgs__rosidl_typesupport_introspection_c.so
-- Set runtime path of "/root/dddmr_navigation/install/cloud_msgs/lib/libcloud_msgs__rosidl_typesupport_introspection_c.so" to ""
-- Installing: /root/dddmr_navigation/install/cloud_msgs/lib/libcloud_msgs__rosidl_typesupport_c.so
-- Set runtime path of "/root/dddmr_navigation/install/cloud_msgs/lib/libcloud_msgs__rosidl_typesupport_c.so" to ""
-- Installing: /root/dddmr_navigation/install/cloud_msgs/lib/libcloud_msgs__rosidl_typesupport_introspection_cpp.so
-- Set runtime path of "/root/dddmr_navigation/install/cloud_msgs/lib/libcloud_msgs__rosidl_typesupport_introspection_cpp.so" to ""
-- Installing: /root/dddmr_navigation/install/cloud_msgs/lib/libcloud_msgs__rosidl_typesupport_cpp.so
-- Set runtime path of "/root/dddmr_navigation/install/cloud_msgs/lib/libcloud_msgs__rosidl_typesupport_cpp.so" to ""
Listing '/root/dddmr_navigation/install/cloud_msgs/local/lib/python3.10/dist-packages/cloud_msgs'...
Compiling '/root/dddmr_navigation/install/cloud_msgs/local/lib/python3.10/dist-packages/cloud_msgs/__init__.py'...
Listing '/root/dddmr_navigation/install/cloud_msgs/local/lib/python3.10/dist-packages/cloud_msgs/msg'...
Compiling '/root/dddmr_navigation/install/cloud_msgs/local/lib/python3.10/dist-packages/cloud_msgs/msg/__init__.py'...
Compiling '/root/dddmr_navigation/install/cloud_msgs/local/lib/python3.10/dist-packages/cloud_msgs/msg/_cloud_info.py'...
-- Installing: /root/dddmr_navigation/install/cloud_msgs/lib/libcloud_msgs__rosidl_generator_py.so
-- Set runtime path of "/root/dddmr_navigation/install/cloud_msgs/lib/libcloud_msgs__rosidl_generator_py.so" to ""
-- Installing: /root/dddmr_navigation/install/cloud_msgs/share/cloud_msgs/cmake/export_cloud_msgs__rosidl_generator_cExport.cmake
-- Installing: /root/dddmr_navigation/install/cloud_msgs/share/cloud_msgs/cmake/export_cloud_msgs__rosidl_generator_cExport-release.cmake
-- Installing: /root/dddmr_navigation/install/cloud_msgs/share/cloud_msgs/cmake/export_cloud_msgs__rosidl_typesupport_fastrtps_cExport.cmake
-- Installing: /root/dddmr_navigation/install/cloud_msgs/share/cloud_msgs/cmake/export_cloud_msgs__rosidl_typesupport_fastrtps_cExport-release.cmake
-- Installing: /root/dddmr_navigation/install/cloud_msgs/share/cloud_msgs/cmake/export_cloud_msgs__rosidl_generator_cppExport.cmake
-- Installing: /root/dddmr_navigation/install/cloud_msgs/share/cloud_msgs/cmake/export_cloud_msgs__rosidl_typesupport_fastrtps_cppExport.cmake
-- Installing: /root/dddmr_navigation/install/cloud_msgs/share/cloud_msgs/cmake/export_cloud_msgs__rosidl_typesupport_fastrtps_cppExport-release.cmake
-- Installing: /root/dddmr_navigation/install/cloud_msgs/share/cloud_msgs/cmake/cloud_msgs__rosidl_typesupport_introspection_cExport.cmake
-- Installing: /root/dddmr_navigation/install/cloud_msgs/share/cloud_msgs/cmake/cloud_msgs__rosidl_typesupport_introspection_cExport-release.cmake
-- Installing: /root/dddmr_navigation/install/cloud_msgs/share/cloud_msgs/cmake/cloud_msgs__rosidl_typesupport_cExport.cmake
-- Installing: /root/dddmr_navigation/install/cloud_msgs/share/cloud_msgs/cmake/cloud_msgs__rosidl_typesupport_cExport-release.cmake
-- Installing: /root/dddmr_navigation/install/cloud_msgs/share/cloud_msgs/cmake/cloud_msgs__rosidl_typesupport_introspection_cppExport.cmake
-- Installing: /root/dddmr_navigation/install/cloud_msgs/share/cloud_msgs/cmake/cloud_msgs__rosidl_typesupport_introspection_cppExport-release.cmake
-- Installing: /root/dddmr_navigation/install/cloud_msgs/share/cloud_msgs/cmake/cloud_msgs__rosidl_typesupport_cppExport.cmake
-- Installing: /root/dddmr_navigation/install/cloud_msgs/share/cloud_msgs/cmake/cloud_msgs__rosidl_typesupport_cppExport-release.cmake
-- Installing: /root/dddmr_navigation/install/cloud_msgs/share/cloud_msgs/cmake/export_cloud_msgs__rosidl_generator_pyExport.cmake
-- Installing: /root/dddmr_navigation/install/cloud_msgs/share/cloud_msgs/cmake/export_cloud_msgs__rosidl_generator_pyExport-release.cmake
