-- The C compiler identification is GNU 13.4.0
-- The CXX compiler identification is GNU 13.4.0
-- Detecting C compiler ABI info
-- Detecting C compiler ABI info - done
-- Check for working C compiler: /usr/bin/cc - skipped
-- Detecting C compile features
-- Detecting C compile features - done
-- Detecting CXX compiler ABI info
-- Detecting CXX compiler ABI info - done
-- Check for working CXX compiler: /usr/bin/c++ - skipped
-- Detecting CXX compile features
-- Detecting CXX compile features - done
-- Found ament_cmake: 1.3.14 (/opt/ros/humble/share/ament_cmake/cmake)
-- Found Python3: /usr/bin/python3 (found version "3.10.12") found components: Interpreter 
-- Override CMake install command with custom implementation using symlinks instead of copying resources
-- Configuring done
-- Generating done
-- Build files have been written to: /ws_gz/build/go2_config
Built target ament_cmake_python_symlink_go2_config
running egg_info
creating go2_config.egg-info
writing go2_config.egg-info/PKG-INFO
writing dependency_links to go2_config.egg-info/dependency_links.txt
writing top-level names to go2_config.egg-info/top_level.txt
writing manifest file 'go2_config.egg-info/SOURCES.txt'
reading manifest file 'go2_config.egg-info/SOURCES.txt'
writing manifest file 'go2_config.egg-info/SOURCES.txt'
Built target ament_cmake_python_build_go2_config_egg
-- Install configuration: "Release"
-- Execute custom install script
-- Symlinking: /ws_gz/install/go2_config/share/go2_config/launch/gazebo.launch.py
-- Symlinking: /ws_gz/install/go2_config/share/go2_config/launch/gazebo_velodyne.launch.py
-- Symlinking: /ws_gz/install/go2_config/share/go2_config/launch/gz_lidar_odom.launch.py
-- Symlinking: /ws_gz/install/go2_config/share/go2_config/config/autonomy/navigation.yaml
-- Symlinking: /ws_gz/install/go2_config/share/go2_config/config/autonomy/slam.yaml
-- Symlinking: /ws_gz/install/go2_config/share/go2_config/config/gait/gait.yaml
-- Symlinking: /ws_gz/install/go2_config/share/go2_config/config/joints/joints.yaml
-- Symlinking: /ws_gz/install/go2_config/share/go2_config/config/links/links.yaml
-- Symlinking: /ws_gz/install/go2_config/share/go2_config/config/ros_control/ros_control.yaml
-- Symlinking: /ws_gz/install/go2_config/share/go2_config/maps/map.pgm
-- Symlinking: /ws_gz/install/go2_config/share/go2_config/maps/map.yaml
-- Symlinking: /ws_gz/install/go2_config/share/go2_config/maps/playground.pgm
-- Symlinking: /ws_gz/install/go2_config/share/go2_config/maps/playground.yaml
-- Symlinking: /ws_gz/install/go2_config/share/go2_config/worlds/default.world
-- Symlinking: /ws_gz/install/go2_config/share/go2_config/worlds/outdoor.world
-- Symlinking: /ws_gz/install/go2_config/share/go2_config/worlds/playground.world
-- Symlinking: /ws_gz/install/go2_config/share/go2_config/worlds/slope_with_pillar_2.world
-- Symlinking: /ws_gz/install/go2_config/share/go2_config/environment/pythonpath.sh
-- Symlinking: /ws_gz/install/go2_config/share/go2_config/environment/pythonpath.dsv
-- Symlinking: /ws_gz/install/go2_config/local/lib/python3.10/dist-packages/go2_config-0.1.0-py3.10.egg-info/PKG-INFO
-- Symlinking: /ws_gz/install/go2_config/local/lib/python3.10/dist-packages/go2_config-0.1.0-py3.10.egg-info/SOURCES.txt
-- Symlinking: /ws_gz/install/go2_config/local/lib/python3.10/dist-packages/go2_config-0.1.0-py3.10.egg-info/dependency_links.txt
-- Symlinking: /ws_gz/install/go2_config/local/lib/python3.10/dist-packages/go2_config-0.1.0-py3.10.egg-info/top_level.txt
-- Symlinking: /ws_gz/install/go2_config/local/lib/python3.10/dist-packages/go2_config/__init__.py
-- Symlinking: /ws_gz/install/go2_config/lib/go2_config/gz_pose_to_ros2.py
-- Symlinking: /ws_gz/install/go2_config/share/ament_index/resource_index/package_run_dependencies/go2_config
-- Symlinking: /ws_gz/install/go2_config/share/ament_index/resource_index/parent_prefix_path/go2_config
-- Symlinking: /ws_gz/install/go2_config/share/go2_config/environment/ament_prefix_path.sh
-- Symlinking: /ws_gz/install/go2_config/share/go2_config/environment/ament_prefix_path.dsv
-- Symlinking: /ws_gz/install/go2_config/share/go2_config/environment/path.sh
-- Symlinking: /ws_gz/install/go2_config/share/go2_config/environment/path.dsv
-- Symlinking: /ws_gz/install/go2_config/share/go2_config/local_setup.bash
-- Symlinking: /ws_gz/install/go2_config/share/go2_config/local_setup.sh
-- Symlinking: /ws_gz/install/go2_config/share/go2_config/local_setup.zsh
-- Symlinking: /ws_gz/install/go2_config/share/go2_config/local_setup.dsv
-- Symlinking: /ws_gz/install/go2_config/share/go2_config/package.dsv
-- Symlinking: /ws_gz/install/go2_config/share/ament_index/resource_index/packages/go2_config
-- Symlinking: /ws_gz/install/go2_config/share/go2_config/cmake/go2_configConfig.cmake
-- Symlinking: /ws_gz/install/go2_config/share/go2_config/cmake/go2_configConfig-version.cmake
-- Symlinking: /ws_gz/install/go2_config/share/go2_config/package.xml
Listing '/ws_gz/install/go2_config/local/lib/python3.10/dist-packages/go2_config'...
Compiling '/ws_gz/install/go2_config/local/lib/python3.10/dist-packages/go2_config/__init__.py'...
