[0.012s] Invoking command in '/ws_gz/build/realsense_ros_gazebo': /usr/bin/cmake /ws_gz/src/realsense_ros_gazebo -DCMAKE_BUILD_TYPE=Release -DCATKIN_INSTALL_INTO_PREFIX_ROOT=0 -DCATKIN_SYMLINK_INSTALL=ON -DCMAKE_INSTALL_PREFIX=/ws_gz/install/realsense_ros_gazebo
[0.017s] [0mCMake Deprecation Warning at CMakeLists.txt:1 (cmake_minimum_required):
[0.017s]   Compatibility with CMake < 2.8.12 will be removed from a future version of
[0.017s]   CMake.
[0.017s] 
[0.017s]   Update the VERSION argument <min> value or use a ...<max> suffix to tell
[0.017s]   CMake that the project does not need compatibility with older versions.
[0.017s] 
[0.017s] [0m
[0.068s] -- The C compiler identification is GNU 13.4.0
[0.100s] -- The CXX compiler identification is GNU 13.4.0
[0.106s] -- Detecting C compiler ABI info
[0.153s] -- Detecting C compiler ABI info - done
[0.158s] -- Check for working C compiler: /usr/bin/cc - skipped
[0.158s] -- Detecting C compile features
[0.158s] -- Detecting C compile features - done
[0.160s] -- Detecting CXX compiler ABI info
[0.208s] -- Detecting CXX compiler ABI info - done
[0.211s] -- Check for working CXX compiler: /usr/bin/c++ - skipped
[0.212s] -- Detecting CXX compile features
[0.212s] -- Detecting CXX compile features - done
[0.227s] [31mCMake Error at CMakeLists.txt:4 (find_package):
[0.227s]   By not providing "Findcatkin.cmake" in CMAKE_MODULE_PATH this project has
[0.227s]   asked CMake to find a package configuration file provided by "catkin", but
[0.227s]   CMake did not find one.
[0.227s] 
[0.227s]   Could not find a package configuration file provided by "catkin" with any
[0.227s]   of the following names:
[0.227s] 
[0.227s]     catkinConfig.cmake
[0.227s]     catkin-config.cmake
[0.227s] 
[0.227s]   Add the installation prefix of "catkin" to CMAKE_PREFIX_PATH or set
[0.227s]   "catkin_DIR" to a directory containing one of the above files.  If "catkin"
[0.227s]   provides a separate development package or SDK, be sure it has been
[0.227s]   installed.
[0.227s] 
[0.227s] [0m
[0.227s] -- Configuring incomplete, errors occurred!
[0.227s] See also "/ws_gz/build/realsense_ros_gazebo/CMakeFiles/CMakeOutput.log".
[0.229s] Invoked command in '/ws_gz/build/realsense_ros_gazebo' returned '1': /usr/bin/cmake /ws_gz/src/realsense_ros_gazebo -DCMAKE_BUILD_TYPE=Release -DCATKIN_INSTALL_INTO_PREFIX_ROOT=0 -DCATKIN_SYMLINK_INSTALL=ON -DCMAKE_INSTALL_PREFIX=/ws_gz/install/realsense_ros_gazebo
