[0.401s] Invoking command in '/root/dddmr_navigation/build/pose_graph_merge_editor_panel': CMAKE_PREFIX_PATH=${CMAKE_PREFIX_PATH}:/opt/ros/humble /usr/bin/cmake /root/dddmr_navigation/src/dddmr_rviz_tools/pose_graph_merge_editor_panel -DCMAKE_INSTALL_PREFIX=/root/dddmr_navigation/install/pose_graph_merge_editor_panel
[0.494s] -- Found ament_cmake: 1.3.14 (/opt/ros/humble/share/ament_cmake/cmake)
[1.528s] -- Override CMake install command with custom implementation using symlinks instead of copying resources
[1.594s] -- Found rviz_ogre_vendor: 11.2.26 (/opt/ros/humble/share/rviz_ogre_vendor/cmake)
[1.596s] -- Setting OGRE_DIR to: '/opt/ros/humble/share/rviz_ogre_vendor/cmake/../../../opt/rviz_ogre_vendor/lib/OGRE/cmake'
[1.608s] -- Found OGRE
[1.608s] --   static     : OFF
[1.610s] --   components : HLMS;MeshLodGenerator;Overlay;Paging;Property;RTShaderSystem;Terrain;Volume
[1.611s] --   plugins    : Plugin_BSPSceneManager;Plugin_OctreeSceneManager;Plugin_PCZSceneManager;Plugin_ParticleFX;RenderSystem_GL;RenderSystem_GL3Plus;Codec_STBI
[1.611s] --   media      : /opt/ros/humble/opt/rviz_ogre_vendor/share/OGRE/Media
[1.612s] -- OGRE_LIBRARIES: OgreHLMS;OgreMeshLodGenerator;OgreOverlay;OgrePaging;OgreProperty;OgreRTShaderSystem;OgreTerrain;OgreVolume;OgreMain
[1.613s] -- OGRE_LIBRARY_DIRS: /opt/ros/humble/opt/rviz_ogre_vendor/lib
[1.614s] -- OGRE_PLUGINS: Plugin_BSPSceneManager;Plugin_OctreeSceneManager;Plugin_PCZSceneManager;Plugin_ParticleFX;RenderSystem_GL;RenderSystem_GL3Plus;Codec_STBI
[1.614s] -- OGRE_PLUGIN_DIR: /opt/ros/humble/opt/rviz_ogre_vendor/lib/OGRE
[1.615s] -- rviz_ogre_vendor::OgreOverlay for IMPORTED_LOCATION_RELEASE: /opt/ros/humble/opt/rviz_ogre_vendor/lib/libOgreOverlay.so
[1.616s] -- rviz_ogre_vendor::OgreOverlay for IMPORTED_LOCATION_DEBUG: /opt/ros/humble/opt/rviz_ogre_vendor/lib/libOgreOverlay.so
[1.618s] -- rviz_ogre_vendor::OgreMain for IMPORTED_LOCATION_RELEASE: /opt/ros/humble/opt/rviz_ogre_vendor/lib/libOgreMain.so
[1.619s] -- rviz_ogre_vendor::OgreMain for IMPORTED_LOCATION_DEBUG: /opt/ros/humble/opt/rviz_ogre_vendor/lib/libOgreMain.so
[2.076s] -- Found pluginlib: 5.1.4 (/opt/ros/humble/share/pluginlib/cmake)
[2.296s] -- Found rclcpp: 16.0.19 (/opt/ros/humble/share/rclcpp/cmake)
[2.447s] -- Found rosidl_generator_c: 3.1.8 (/opt/ros/humble/share/rosidl_generator_c/cmake)
[2.468s] -- Found rosidl_adapter: 3.1.8 (/opt/ros/humble/share/rosidl_adapter/cmake)
[2.518s] -- Found rosidl_generator_cpp: 3.1.8 (/opt/ros/humble/share/rosidl_generator_cpp/cmake)
[2.603s] -- Using all available rosidl_typesupport_c: rosidl_typesupport_fastrtps_c;rosidl_typesupport_introspection_c
[2.695s] -- Using all available rosidl_typesupport_cpp: rosidl_typesupport_fastrtps_cpp;rosidl_typesupport_introspection_cpp
[2.952s] -- Found rmw_implementation_cmake: 6.1.2 (/opt/ros/humble/share/rmw_implementation_cmake/cmake)
[2.965s] -- Found rmw_fastrtps_cpp: 6.2.10 (/opt/ros/humble/share/rmw_fastrtps_cpp/cmake)
[3.094s] -- Found TinyXML2 via Config file: TinyXML2_DIR-NOTFOUND
[3.155s] -- Found TinyXML2 via Config file: TinyXML2_DIR-NOTFOUND
[3.237s] -- Found TinyXML2 via Config file: TinyXML2_DIR-NOTFOUND
[3.301s] -- Found TinyXML2 via Config file: TinyXML2_DIR-NOTFOUND
[3.383s] -- Using RMW implementation 'rmw_fastrtps_cpp' as default
[3.735s] -- Found rviz_assimp_vendor: 11.2.26 (/opt/ros/humble/share/rviz_assimp_vendor/cmake)
[3.736s] -- Setting assimp_DIR to: '/opt/ros/humble/share/rviz_assimp_vendor/cmake/../../../opt/rviz_assimp_vendor/lib/cmake/assimp-4.1'
[3.780s] -- Found rviz_rendering: 11.2.26 (/opt/ros/humble/share/rviz_rendering/cmake)
[4.054s] -- library: /usr/lib/x86_64-linux-gnu/libcurl.so
[4.074s] -- Found rviz_common: 11.2.26 (/opt/ros/humble/share/rviz_common/cmake)
[4.436s] -- Ensuring Eigen3 include directory is part of orocos-kdl CMake target
[5.790s] -- Configuring done
[6.022s] -- Generating done
[6.057s] -- Build files have been written to: /root/dddmr_navigation/build/pose_graph_merge_editor_panel
[6.103s] Invoked command in '/root/dddmr_navigation/build/pose_graph_merge_editor_panel' returned '0': CMAKE_PREFIX_PATH=${CMAKE_PREFIX_PATH}:/opt/ros/humble /usr/bin/cmake /root/dddmr_navigation/src/dddmr_rviz_tools/pose_graph_merge_editor_panel -DCMAKE_INSTALL_PREFIX=/root/dddmr_navigation/install/pose_graph_merge_editor_panel
[6.110s] Invoking command in '/root/dddmr_navigation/build/pose_graph_merge_editor_panel': CMAKE_PREFIX_PATH=${CMAKE_PREFIX_PATH}:/opt/ros/humble /usr/bin/cmake --build /root/dddmr_navigation/build/pose_graph_merge_editor_panel -- -j28 -l28
[6.498s] [ 20%] [34m[1mAutomatic UIC for target pose_graph_merge_editor_panel[0m
[6.647s] [ 20%] Built target pose_graph_merge_editor_panel_autogen
[6.739s] [35m[1mConsolidate compiler generated dependencies of target pose_graph_merge_editor_panel[0m
[6.909s] [100%] Built target pose_graph_merge_editor_panel
[7.010s] Invoked command in '/root/dddmr_navigation/build/pose_graph_merge_editor_panel' returned '0': CMAKE_PREFIX_PATH=${CMAKE_PREFIX_PATH}:/opt/ros/humble /usr/bin/cmake --build /root/dddmr_navigation/build/pose_graph_merge_editor_panel -- -j28 -l28
[7.021s] Invoking command in '/root/dddmr_navigation/build/pose_graph_merge_editor_panel': CMAKE_PREFIX_PATH=${CMAKE_PREFIX_PATH}:/opt/ros/humble /usr/bin/cmake --install /root/dddmr_navigation/build/pose_graph_merge_editor_panel
[7.069s] -- Install configuration: "Release"
[7.073s] -- Execute custom install script
[7.075s] -- Up-to-date symlink: /root/dddmr_navigation/install/pose_graph_merge_editor_panel/share/pose_graph_merge_editor_panel//plugin_description.xml
[7.076s] -- Up-to-date symlink: /root/dddmr_navigation/install/pose_graph_merge_editor_panel/share/pose_graph_merge_editor_panel/environment/library_path.sh
[7.077s] -- Up-to-date symlink: /root/dddmr_navigation/install/pose_graph_merge_editor_panel/share/pose_graph_merge_editor_panel/environment/library_path.dsv
[7.078s] -- Up-to-date symlink: /root/dddmr_navigation/install/pose_graph_merge_editor_panel/include/pose_graph_merge_editor_panel/pose_graph_merge_editor_panel.h
[7.080s] -- Up-to-date symlink: /root/dddmr_navigation/install/pose_graph_merge_editor_panel/share/ament_index/resource_index/package_run_dependencies/pose_graph_merge_editor_panel
[7.081s] -- Up-to-date symlink: /root/dddmr_navigation/install/pose_graph_merge_editor_panel/share/ament_index/resource_index/parent_prefix_path/pose_graph_merge_editor_panel
[7.082s] -- Up-to-date symlink: /root/dddmr_navigation/install/pose_graph_merge_editor_panel/share/pose_graph_merge_editor_panel/environment/ament_prefix_path.sh
[7.083s] -- Up-to-date symlink: /root/dddmr_navigation/install/pose_graph_merge_editor_panel/share/pose_graph_merge_editor_panel/environment/ament_prefix_path.dsv
[7.085s] -- Up-to-date symlink: /root/dddmr_navigation/install/pose_graph_merge_editor_panel/share/pose_graph_merge_editor_panel/environment/path.sh
[7.085s] -- Up-to-date symlink: /root/dddmr_navigation/install/pose_graph_merge_editor_panel/share/pose_graph_merge_editor_panel/environment/path.dsv
[7.086s] -- Up-to-date symlink: /root/dddmr_navigation/install/pose_graph_merge_editor_panel/share/pose_graph_merge_editor_panel/local_setup.bash
[7.090s] -- Up-to-date symlink: /root/dddmr_navigation/install/pose_graph_merge_editor_panel/share/pose_graph_merge_editor_panel/local_setup.sh
[7.091s] -- Up-to-date symlink: /root/dddmr_navigation/install/pose_graph_merge_editor_panel/share/pose_graph_merge_editor_panel/local_setup.zsh
[7.092s] -- Up-to-date symlink: /root/dddmr_navigation/install/pose_graph_merge_editor_panel/share/pose_graph_merge_editor_panel/local_setup.dsv
[7.092s] -- Symlinking: /root/dddmr_navigation/install/pose_graph_merge_editor_panel/share/pose_graph_merge_editor_panel/package.dsv
[7.163s] -- Up-to-date symlink: /root/dddmr_navigation/install/pose_graph_merge_editor_panel/share/ament_index/resource_index/packages/pose_graph_merge_editor_panel
[7.164s] -- Up-to-date symlink: /root/dddmr_navigation/install/pose_graph_merge_editor_panel/share/ament_index/resource_index/rviz_common__pluginlib__plugin/pose_graph_merge_editor_panel
[7.166s] -- Up-to-date symlink: /root/dddmr_navigation/install/pose_graph_merge_editor_panel/share/pose_graph_merge_editor_panel/cmake/ament_cmake_export_targets-extras.cmake
[7.167s] -- Up-to-date symlink: /root/dddmr_navigation/install/pose_graph_merge_editor_panel/share/pose_graph_merge_editor_panel/cmake/ament_cmake_export_dependencies-extras.cmake
[7.169s] -- Up-to-date symlink: /root/dddmr_navigation/install/pose_graph_merge_editor_panel/share/pose_graph_merge_editor_panel/cmake/ament_cmake_export_include_directories-extras.cmake
[7.170s] -- Up-to-date symlink: /root/dddmr_navigation/install/pose_graph_merge_editor_panel/share/pose_graph_merge_editor_panel/cmake/ament_cmake_export_libraries-extras.cmake
[7.171s] -- Up-to-date symlink: /root/dddmr_navigation/install/pose_graph_merge_editor_panel/share/pose_graph_merge_editor_panel/cmake/pose_graph_merge_editor_panelConfig.cmake
[7.173s] -- Up-to-date symlink: /root/dddmr_navigation/install/pose_graph_merge_editor_panel/share/pose_graph_merge_editor_panel/cmake/pose_graph_merge_editor_panelConfig-version.cmake
[7.174s] -- Up-to-date symlink: /root/dddmr_navigation/install/pose_graph_merge_editor_panel/share/pose_graph_merge_editor_panel/package.xml
[7.251s] -- Up-to-date: /root/dddmr_navigation/install/pose_graph_merge_editor_panel/lib/libpose_graph_merge_editor_panel.so
[7.253s] -- Up-to-date: /root/dddmr_navigation/install/pose_graph_merge_editor_panel/share/pose_graph_merge_editor_panel/cmake/pose_graph_merge_editor_panelExport.cmake
[7.255s] -- Up-to-date: /root/dddmr_navigation/install/pose_graph_merge_editor_panel/share/pose_graph_merge_editor_panel/cmake/pose_graph_merge_editor_panelExport-release.cmake
[7.270s] Invoked command in '/root/dddmr_navigation/build/pose_graph_merge_editor_panel' returned '0': CMAKE_PREFIX_PATH=${CMAKE_PREFIX_PATH}:/opt/ros/humble /usr/bin/cmake --install /root/dddmr_navigation/build/pose_graph_merge_editor_panel
