[0.052s] Invoking command in '/root/dddmr_navigation/build/dddmr_rviz_default_plugins': CMAKE_PREFIX_PATH=/opt/ros/humble /usr/bin/cmake --build /root/dddmr_navigation/build/dddmr_rviz_default_plugins -- -j28 -l28
[0.084s] [  5%] [34m[1mGenerating include/dddmr_rviz_default_plugins/tools/select/moc_node_selection_tool.cpp[0m
[0.085s] [ 11%] [34m[1mGenerating include/dddmr_rviz_default_plugins/tools/point_cloud_selection/moc_point_cloud_selection_tool.cpp[0m
[0.086s] [ 16%] [34m[1mGenerating include/dddmr_rviz_default_plugins/tools/goal_pose/moc_goal_tool.cpp[0m
[0.088s] [ 22%] [34m[1mGenerating include/dddmr_rviz_default_plugins/tools/pose_estimate/moc_initial_pose_tool.cpp[0m
[0.098s] [ 27%] [34m[1mGenerating include/dddmr_rviz_default_plugins/tools/select/moc_edge_selection_tool.cpp[0m
[0.180s] [ 33%] [32mBuilding CXX object CMakeFiles/dddmr_rviz_default_plugins.dir/include/dddmr_rviz_default_plugins/tools/pose_estimate/moc_initial_pose_tool.cpp.o[0m
[0.190s] [ 38%] [32mBuilding CXX object CMakeFiles/dddmr_rviz_default_plugins.dir/include/dddmr_rviz_default_plugins/tools/goal_pose/moc_goal_tool.cpp.o[0m
[0.190s] [ 44%] [32mBuilding CXX object CMakeFiles/dddmr_rviz_default_plugins.dir/include/dddmr_rviz_default_plugins/tools/point_cloud_selection/moc_point_cloud_selection_tool.cpp.o[0m
[0.190s] [ 50%] [32mBuilding CXX object CMakeFiles/dddmr_rviz_default_plugins.dir/include/dddmr_rviz_default_plugins/tools/select/moc_node_selection_tool.cpp.o[0m
[0.194s] [ 55%] [32mBuilding CXX object CMakeFiles/dddmr_rviz_default_plugins.dir/include/dddmr_rviz_default_plugins/tools/select/moc_edge_selection_tool.cpp.o[0m
[0.195s] [ 61%] [32mBuilding CXX object CMakeFiles/dddmr_rviz_default_plugins.dir/src/dddmr_rviz_default_plugins/tools/goal_pose/goal_tool.cpp.o[0m
[0.203s] [ 66%] [32mBuilding CXX object CMakeFiles/dddmr_rviz_default_plugins.dir/src/dddmr_rviz_default_plugins/tools/select/edge_selection_tool.cpp.o[0m
[0.206s] [ 72%] [32mBuilding CXX object CMakeFiles/dddmr_rviz_default_plugins.dir/src/dddmr_rviz_default_plugins/tools/pose_estimate/initial_pose_tool.cpp.o[0m
[0.208s] [ 77%] [32mBuilding CXX object CMakeFiles/dddmr_rviz_default_plugins.dir/src/dddmr_rviz_default_plugins/tools/pose/pose_tool.cpp.o[0m
[0.210s] [ 83%] [32mBuilding CXX object CMakeFiles/dddmr_rviz_default_plugins.dir/src/dddmr_rviz_default_plugins/tools/move/move_tool.cpp.o[0m
[0.211s] [ 88%] [32mBuilding CXX object CMakeFiles/dddmr_rviz_default_plugins.dir/src/dddmr_rviz_default_plugins/tools/select/node_selection_tool.cpp.o[0m
[0.220s] [ 94%] [32mBuilding CXX object CMakeFiles/dddmr_rviz_default_plugins.dir/src/dddmr_rviz_default_plugins/tools/point_cloud_selection/point_cloud_selection_tool.cpp.o[0m
[17.062s] [01m[K/root/dddmr_navigation/src/dddmr_rviz_tools/dddmr_rviz_default_plugins/src/dddmr_rviz_default_plugins/tools/point_cloud_selection/point_cloud_selection_tool.cpp:[m[K In member function ‘[01m[Kvoid dddmr_rviz_default_plugins::tools::PointCloudSelectionTool::[01;32m[KpublishSelected[m[K(rviz_common::ViewportMouseEvent&)[m[K’:
[17.062s] [01m[K/root/dddmr_navigation/src/dddmr_rviz_tools/dddmr_rviz_default_plugins/src/dddmr_rviz_default_plugins/tools/point_cloud_selection/point_cloud_selection_tool.cpp:203:81:[m[K [01;35m[Kwarning: [m[Kunused parameter ‘[01m[Kevent[m[K’ [[01;35m[K-Wunused-parameter[m[K]
[17.063s]   203 | void PointCloudSelectionTool::publishSelected([01;35m[Krviz_common::ViewportMouseEvent & event[m[K){
[17.063s]       |                                               [01;35m[K~~~~~~~~~~~~~~~~~~~~~~~~~~~~~~~~~~^~~~~[m[K
[25.803s] gmake[2]: *** [CMakeFiles/dddmr_rviz_default_plugins.dir/build.make:250: CMakeFiles/dddmr_rviz_default_plugins.dir/src/dddmr_rviz_default_plugins/tools/point_cloud_selection/point_cloud_selection_tool.cpp.o] Interrupt
[25.803s] gmake[1]: *** [CMakeFiles/Makefile2:137: CMakeFiles/dddmr_rviz_default_plugins.dir/all] Interrupt
[25.803s] gmake: *** [Makefile:146: all] Interrupt
