[0.037s] Invoking command in '/root/dddmr_navigation/build/dddmr_semantic_segmentation': CMAKE_PREFIX_PATH=${CMAKE_PREFIX_PATH}:/opt/ros/humble /usr/bin/cmake /root/dddmr_navigation/src/dddmr_semantic_segmentation -DAMENT_CMAKE_SYMLINK_INSTALL=1 -DCMAKE_INSTALL_PREFIX=/root/dddmr_navigation/install/dddmr_semantic_segmentation
[0.056s] -- Found ament_cmake: 1.3.14 (/opt/ros/humble/share/ament_cmake/cmake)
[0.159s] -- Override CMake install command with custom implementation using symlinks instead of copying resources
[0.167s] -- Found rclcpp: 16.0.19 (/opt/ros/humble/share/rclcpp/cmake)
[0.203s] -- Found rosidl_generator_c: 3.1.8 (/opt/ros/humble/share/rosidl_generator_c/cmake)
[0.204s] -- Found rosidl_adapter: 3.1.8 (/opt/ros/humble/share/rosidl_adapter/cmake)
[0.212s] -- Found rosidl_generator_cpp: 3.1.8 (/opt/ros/humble/share/rosidl_generator_cpp/cmake)
[0.223s] -- Using all available rosidl_typesupport_c: rosidl_typesupport_fastrtps_c;rosidl_typesupport_introspection_c
[0.239s] -- Using all available rosidl_typesupport_cpp: rosidl_typesupport_fastrtps_cpp;rosidl_typesupport_introspection_cpp
[0.281s] -- Found rmw_implementation_cmake: 6.1.2 (/opt/ros/humble/share/rmw_implementation_cmake/cmake)
[0.282s] -- Found rmw_fastrtps_cpp: 6.2.10 (/opt/ros/humble/share/rmw_fastrtps_cpp/cmake)
[0.411s] -- Using RMW implementation 'rmw_fastrtps_cpp' as default
[0.481s] -- Found rclcpp_components: 16.0.19 (/opt/ros/humble/share/rclcpp_components/cmake)
[0.508s] -- Found message_filters: 4.3.16 (/opt/ros/humble/share/message_filters/cmake)
[0.512s] -- Found sensor_msgs: 4.9.1 (/opt/ros/humble/share/sensor_msgs/cmake)
[0.559s] -- Found nav_msgs: 4.9.1 (/opt/ros/humble/share/nav_msgs/cmake)
[0.582s] -- Found visualization_msgs: 4.9.1 (/opt/ros/humble/share/visualization_msgs/cmake)
[0.603s] -- Found tf2_ros: 0.25.20 (/opt/ros/humble/share/tf2_ros/cmake)
[0.672s] -- Found tf2_geometry_msgs: 0.25.20 (/opt/ros/humble/share/tf2_geometry_msgs/cmake)
[0.676s] -- Found eigen3_cmake_module: 0.1.1 (/opt/ros/humble/share/eigen3_cmake_module/cmake)
[0.678s] -- Ensuring Eigen3 include directory is part of orocos-kdl CMake target
[0.679s] -- Found tf2_eigen: 0.25.20 (/opt/ros/humble/share/tf2_eigen/cmake)
[0.682s] -- Found pluginlib: 5.1.4 (/opt/ros/humble/share/pluginlib/cmake)
[0.704s] -- Found pcl_conversions: 2.4.5 (/opt/ros/humble/share/pcl_conversions/cmake)
[0.778s] -- FLANN found (include: /usr/include, lib: /usr/lib/x86_64-linux-gnu/libflann_cpp.so)
[1.066s] -- Found OpenMP_CXX: -fopenmp (found version "4.5") 
[1.066s] -- Found OpenMP: TRUE (found version "4.5") found components: CXX 
[1.084s] -- OpenNI found (version: 1.5.4.0, include: /usr/include/ni, lib: /usr/lib/libOpenNI.so;libusb::libusb)
[1.092s] -- OpenNI2 found (version: 2.2.0.33, include: /usr/include/openni2, lib: /usr/lib/x86_64-linux-gnu/libOpenNI2.so;libusb::libusb)
[1.094s] -- Found Pcap: /usr/lib/x86_64-linux-gnu/libpcap.so  
[1.101s] -- Found ZLIB: /usr/lib/x86_64-linux-gnu/libz.so (found version "1.2.11") 
[1.111s] -- Found PNG: /usr/lib/x86_64-linux-gnu/libpng.so (found version "1.6.37") 
[1.459s] -- OpenNI found (version: 1.5.4.0, include: /usr/include/ni, lib: /usr/lib/libOpenNI.so;libusb::libusb)
[1.467s] -- OpenNI2 found (version: 2.2.0.33, include: /usr/include/openni2, lib: /usr/lib/x86_64-linux-gnu/libOpenNI2.so;libusb::libusb)
[1.738s] -- Found Qhull version 8.0.2
[2.045s] -- Found cv_bridge: 3.2.1 (/opt/ros/humble/share/cv_bridge/cmake)
[2.058s] -- Found image_geometry: 3.2.1 (/opt/ros/humble/share/image_geometry/cmake)
[2.060s] [33mCMake Warning (dev) at CMakeLists.txt:26 (find_package):
[2.060s]   Policy CMP0074 is not set: find_package uses <PackageName>_ROOT variables.
[2.060s]   Run "cmake --help-policy CMP0074" for policy details.  Use the cmake_policy
[2.061s]   command to set the policy and suppress this warning.
[2.061s] 
[2.061s]   CMake variable PCL_ROOT is set to:
[2.061s] 
[2.061s]     /usr
[2.061s] 
[2.061s]   For compatibility, CMake is ignoring the variable.
[2.061s] This warning is for project developers.  Use -Wno-dev to suppress it.
[2.061s] [0m
[2.178s] -- Configuring done
[2.222s] -- Generating done
[2.229s] -- Build files have been written to: /root/dddmr_navigation/build/dddmr_semantic_segmentation
[2.244s] Invoked command in '/root/dddmr_navigation/build/dddmr_semantic_segmentation' returned '0': CMAKE_PREFIX_PATH=${CMAKE_PREFIX_PATH}:/opt/ros/humble /usr/bin/cmake /root/dddmr_navigation/src/dddmr_semantic_segmentation -DAMENT_CMAKE_SYMLINK_INSTALL=1 -DCMAKE_INSTALL_PREFIX=/root/dddmr_navigation/install/dddmr_semantic_segmentation
[2.245s] Invoking command in '/root/dddmr_navigation/build/dddmr_semantic_segmentation': CMAKE_PREFIX_PATH=${CMAKE_PREFIX_PATH}:/opt/ros/humble /usr/bin/cmake --build /root/dddmr_navigation/build/dddmr_semantic_segmentation -- -j28 -l28
[2.299s] [ 50%] [32mBuilding CXX object CMakeFiles/semantic_segmentation2point_cloud.dir/src/semantic_segmentation2point_cloud.cpp.o[0m
[32.953s] [100%] [32m[1mLinking CXX executable semantic_segmentation2point_cloud[0m
[34.003s] [100%] Built target semantic_segmentation2point_cloud
[34.039s] Invoked command in '/root/dddmr_navigation/build/dddmr_semantic_segmentation' returned '0': CMAKE_PREFIX_PATH=${CMAKE_PREFIX_PATH}:/opt/ros/humble /usr/bin/cmake --build /root/dddmr_navigation/build/dddmr_semantic_segmentation -- -j28 -l28
[34.041s] Invoking command in '/root/dddmr_navigation/build/dddmr_semantic_segmentation': CMAKE_PREFIX_PATH=${CMAKE_PREFIX_PATH}:/opt/ros/humble /usr/bin/cmake --install /root/dddmr_navigation/build/dddmr_semantic_segmentation
[34.049s] -- Install configuration: "Release"
[34.050s] -- Execute custom install script
[34.050s] -- Symlinking: /root/dddmr_navigation/install/dddmr_semantic_segmentation/lib/dddmr_semantic_segmentation/semantic_segmentation2point_cloud
[34.065s] -- Symlinking: /root/dddmr_navigation/install/dddmr_semantic_segmentation/share/dddmr_semantic_segmentation//launch/bag_exclude_ss_trt_launch.py
[34.074s] -- Symlinking: /root/dddmr_navigation/install/dddmr_semantic_segmentation/share/dddmr_semantic_segmentation//launch/bag_semantic_segmentaton_trt_launch.py
[34.087s] -- Symlinking: /root/dddmr_navigation/install/dddmr_semantic_segmentation/share/dddmr_semantic_segmentation//launch/rs_semantic_segmentaton_trt_launch.py
[34.097s] -- Symlinking: /root/dddmr_navigation/install/dddmr_semantic_segmentation/share/dddmr_semantic_segmentation//model/ddrnet_23_slim_dualresnet_citys_best_model_424x848.onnx
[34.108s] -- Symlinking: /root/dddmr_navigation/install/dddmr_semantic_segmentation/share/dddmr_semantic_segmentation//data/colors_mapillary.csv
[34.119s] -- Symlinking: /root/dddmr_navigation/install/dddmr_semantic_segmentation/share/dddmr_semantic_segmentation//data/colors_mapillary_person_and_sidewalk.csv
[34.128s] -- Symlinking: /root/dddmr_navigation/install/dddmr_semantic_segmentation/share/dddmr_semantic_segmentation//data/people.png
[34.138s] -- Symlinking: /root/dddmr_navigation/install/dddmr_semantic_segmentation/share/dddmr_semantic_segmentation//scripts/ddrnet_image_test.py
[34.151s] -- Symlinking: /root/dddmr_navigation/install/dddmr_semantic_segmentation/share/dddmr_semantic_segmentation//scripts/ddrnet_ros_img_sub.py
[34.162s] -- Symlinking: /root/dddmr_navigation/install/dddmr_semantic_segmentation/share/dddmr_semantic_segmentation//scripts/perspective_transform.py
[34.174s] -- Symlinking: /root/dddmr_navigation/install/dddmr_semantic_segmentation/share/dddmr_semantic_segmentation//scripts/trt_interface.py
[34.184s] -- Symlinking: /root/dddmr_navigation/install/dddmr_semantic_segmentation/share/dddmr_semantic_segmentation//rviz/bag_semantic_segmentation_launch.rviz
[34.197s] -- Symlinking: /root/dddmr_navigation/install/dddmr_semantic_segmentation/share/dddmr_semantic_segmentation//rviz/rs_semantic_segmentation_launch.rviz
[34.210s] -- Symlinking: /root/dddmr_navigation/install/dddmr_semantic_segmentation/lib/dddmr_semantic_segmentation/ddrnet_ros_img_sub.py
[34.218s] -- Symlinking: /root/dddmr_navigation/install/dddmr_semantic_segmentation/share/ament_index/resource_index/package_run_dependencies/dddmr_semantic_segmentation
[34.227s] -- Symlinking: /root/dddmr_navigation/install/dddmr_semantic_segmentation/share/ament_index/resource_index/parent_prefix_path/dddmr_semantic_segmentation
[34.241s] -- Symlinking: /root/dddmr_navigation/install/dddmr_semantic_segmentation/share/dddmr_semantic_segmentation/environment/ament_prefix_path.sh
[34.254s] -- Symlinking: /root/dddmr_navigation/install/dddmr_semantic_segmentation/share/dddmr_semantic_segmentation/environment/ament_prefix_path.dsv
[34.267s] -- Symlinking: /root/dddmr_navigation/install/dddmr_semantic_segmentation/share/dddmr_semantic_segmentation/environment/path.sh
[34.279s] -- Symlinking: /root/dddmr_navigation/install/dddmr_semantic_segmentation/share/dddmr_semantic_segmentation/environment/path.dsv
[34.290s] -- Symlinking: /root/dddmr_navigation/install/dddmr_semantic_segmentation/share/dddmr_semantic_segmentation/local_setup.bash
[34.303s] -- Symlinking: /root/dddmr_navigation/install/dddmr_semantic_segmentation/share/dddmr_semantic_segmentation/local_setup.sh
[34.315s] -- Symlinking: /root/dddmr_navigation/install/dddmr_semantic_segmentation/share/dddmr_semantic_segmentation/local_setup.zsh
[34.325s] -- Symlinking: /root/dddmr_navigation/install/dddmr_semantic_segmentation/share/dddmr_semantic_segmentation/local_setup.dsv
[34.335s] -- Symlinking: /root/dddmr_navigation/install/dddmr_semantic_segmentation/share/dddmr_semantic_segmentation/package.dsv
[34.345s] -- Symlinking: /root/dddmr_navigation/install/dddmr_semantic_segmentation/share/ament_index/resource_index/packages/dddmr_semantic_segmentation
[34.356s] -- Symlinking: /root/dddmr_navigation/install/dddmr_semantic_segmentation/share/dddmr_semantic_segmentation/cmake/ament_cmake_export_include_directories-extras.cmake
[34.368s] -- Symlinking: /root/dddmr_navigation/install/dddmr_semantic_segmentation/share/dddmr_semantic_segmentation/cmake/ament_cmake_export_dependencies-extras.cmake
[34.377s] -- Symlinking: /root/dddmr_navigation/install/dddmr_semantic_segmentation/share/dddmr_semantic_segmentation/cmake/dddmr_semantic_segmentationConfig.cmake
[34.388s] -- Symlinking: /root/dddmr_navigation/install/dddmr_semantic_segmentation/share/dddmr_semantic_segmentation/cmake/dddmr_semantic_segmentationConfig-version.cmake
[34.397s] -- Symlinking: /root/dddmr_navigation/install/dddmr_semantic_segmentation/share/dddmr_semantic_segmentation/package.xml
[34.409s] Invoked command in '/root/dddmr_navigation/build/dddmr_semantic_segmentation' returned '0': CMAKE_PREFIX_PATH=${CMAKE_PREFIX_PATH}:/opt/ros/humble /usr/bin/cmake --install /root/dddmr_navigation/build/dddmr_semantic_segmentation
