[0.038s] Invoking command in '/root/dddmr_navigation/build/mapping_panel': CMAKE_PREFIX_PATH=${CMAKE_PREFIX_PATH}:/opt/ros/humble /usr/bin/cmake /root/dddmr_navigation/src/dddmr_rviz_tools/mapping_panel -DAMENT_CMAKE_SYMLINK_INSTALL=1 -DCMAKE_INSTALL_PREFIX=/root/dddmr_navigation/install/mapping_panel
[0.047s] -- Found ament_cmake: 1.3.14 (/opt/ros/humble/share/ament_cmake/cmake)
[0.120s] -- Override CMake install command with custom implementation using symlinks instead of copying resources
[0.127s] -- Found rviz_ogre_vendor: 11.2.26 (/opt/ros/humble/share/rviz_ogre_vendor/cmake)
[0.127s] -- Setting OGRE_DIR to: '/opt/ros/humble/share/rviz_ogre_vendor/cmake/../../../opt/rviz_ogre_vendor/lib/OGRE/cmake'
[0.130s] -- Found OGRE
[0.130s] --   static     : OFF
[0.130s] --   components : HLMS;MeshLodGenerator;Overlay;Paging;Property;RTShaderSystem;Terrain;Volume
[0.130s] --   plugins    : Plugin_BSPSceneManager;Plugin_OctreeSceneManager;Plugin_PCZSceneManager;Plugin_ParticleFX;RenderSystem_GL;RenderSystem_GL3Plus;Codec_STBI
[0.130s] --   media      : /opt/ros/humble/opt/rviz_ogre_vendor/share/OGRE/Media
[0.130s] -- OGRE_LIBRARIES: OgreHLMS;OgreMeshLodGenerator;OgreOverlay;OgrePaging;OgreProperty;OgreRTShaderSystem;OgreTerrain;OgreVolume;OgreMain
[0.130s] -- OGRE_LIBRARY_DIRS: /opt/ros/humble/opt/rviz_ogre_vendor/lib
[0.130s] -- OGRE_PLUGINS: Plugin_BSPSceneManager;Plugin_OctreeSceneManager;Plugin_PCZSceneManager;Plugin_ParticleFX;RenderSystem_GL;RenderSystem_GL3Plus;Codec_STBI
[0.130s] -- OGRE_PLUGIN_DIR: /opt/ros/humble/opt/rviz_ogre_vendor/lib/OGRE
[0.130s] -- rviz_ogre_vendor::OgreOverlay for IMPORTED_LOCATION_RELEASE: /opt/ros/humble/opt/rviz_ogre_vendor/lib/libOgreOverlay.so
[0.130s] -- rviz_ogre_vendor::OgreOverlay for IMPORTED_LOCATION_DEBUG: /opt/ros/humble/opt/rviz_ogre_vendor/lib/libOgreOverlay.so
[0.130s] -- rviz_ogre_vendor::OgreMain for IMPORTED_LOCATION_RELEASE: /opt/ros/humble/opt/rviz_ogre_vendor/lib/libOgreMain.so
[0.130s] -- rviz_ogre_vendor::OgreMain for IMPORTED_LOCATION_DEBUG: /opt/ros/humble/opt/rviz_ogre_vendor/lib/libOgreMain.so
[0.183s] -- Found pluginlib: 5.1.4 (/opt/ros/humble/share/pluginlib/cmake)
[0.208s] -- Found rclcpp: 16.0.19 (/opt/ros/humble/share/rclcpp/cmake)
[0.224s] -- Found rosidl_generator_c: 3.1.8 (/opt/ros/humble/share/rosidl_generator_c/cmake)
[0.227s] -- Found rosidl_adapter: 3.1.8 (/opt/ros/humble/share/rosidl_adapter/cmake)
[0.232s] -- Found rosidl_generator_cpp: 3.1.8 (/opt/ros/humble/share/rosidl_generator_cpp/cmake)
[0.241s] -- Using all available rosidl_typesupport_c: rosidl_typesupport_fastrtps_c;rosidl_typesupport_introspection_c
[0.251s] -- Using all available rosidl_typesupport_cpp: rosidl_typesupport_fastrtps_cpp;rosidl_typesupport_introspection_cpp
[0.281s] -- Found rmw_implementation_cmake: 6.1.2 (/opt/ros/humble/share/rmw_implementation_cmake/cmake)
[0.283s] -- Found rmw_fastrtps_cpp: 6.2.10 (/opt/ros/humble/share/rmw_fastrtps_cpp/cmake)
[0.300s] -- Found TinyXML2 via Config file: TinyXML2_DIR-NOTFOUND
[0.306s] -- Found TinyXML2 via Config file: TinyXML2_DIR-NOTFOUND
[0.318s] -- Found TinyXML2 via Config file: TinyXML2_DIR-NOTFOUND
[0.324s] -- Found TinyXML2 via Config file: TinyXML2_DIR-NOTFOUND
[0.334s] -- Using RMW implementation 'rmw_fastrtps_cpp' as default
[0.366s] -- Found rviz_assimp_vendor: 11.2.26 (/opt/ros/humble/share/rviz_assimp_vendor/cmake)
[0.366s] -- Setting assimp_DIR to: '/opt/ros/humble/share/rviz_assimp_vendor/cmake/../../../opt/rviz_assimp_vendor/lib/cmake/assimp-4.1'
[0.369s] -- Found rviz_rendering: 11.2.26 (/opt/ros/humble/share/rviz_rendering/cmake)
[0.391s] -- library: /usr/lib/x86_64-linux-gnu/libcurl.so
[0.393s] -- Found rviz_common: 11.2.26 (/opt/ros/humble/share/rviz_common/cmake)
[0.421s] -- Ensuring Eigen3 include directory is part of orocos-kdl CMake target
[0.471s] -- Found pcl_conversions: 2.4.5 (/opt/ros/humble/share/pcl_conversions/cmake)
[0.491s] -- Eigen found (include: /usr/include/eigen3, version: 3.4.0)
[0.513s] -- FLANN found (include: /usr/include, lib: /usr/lib/x86_64-linux-gnu/libflann_cpp.so)
[0.647s] -- OpenNI found (version: 1.5.4.0, include: /usr/include/ni, lib: /usr/lib/libOpenNI.so;libusb::libusb)
[0.652s] -- OpenNI2 found (version: 2.2.0.33, include: /usr/include/openni2, lib: /usr/lib/x86_64-linux-gnu/libOpenNI2.so;libusb::libusb)
[0.753s] -- Eigen found (include: /usr/include/eigen3, version: 3.4.0)
[0.758s] -- OpenNI found (version: 1.5.4.0, include: /usr/include/ni, lib: /usr/lib/libOpenNI.so;libusb::libusb)
[0.763s] -- OpenNI2 found (version: 2.2.0.33, include: /usr/include/openni2, lib: /usr/lib/x86_64-linux-gnu/libOpenNI2.so;libusb::libusb)
[0.869s] -- Found Qhull version 8.0.2
[0.964s] -- OpenNI found (version: 1.5.4.0, include: /usr/include/ni, lib: /usr/lib/libOpenNI.so;libusb::libusb)
[1.098s] [33mCMake Warning (dev) at CMakeLists.txt:31 (find_package):
[1.098s]   Policy CMP0074 is not set: find_package uses <PackageName>_ROOT variables.
[1.098s]   Run "cmake --help-policy CMP0074" for policy details.  Use the cmake_policy
[1.098s]   command to set the policy and suppress this warning.
[1.098s] 
[1.098s]   CMake variable PCL_ROOT is set to:
[1.098s] 
[1.098s]     /usr
[1.098s] 
[1.098s]   For compatibility, CMake is ignoring the variable.
[1.098s] This warning is for project developers.  Use -Wno-dev to suppress it.
[1.098s] [0m
[1.151s] -- Configuring done
[1.191s] -- Generating done
[1.196s] -- Build files have been written to: /root/dddmr_navigation/build/mapping_panel
[1.207s] Invoked command in '/root/dddmr_navigation/build/mapping_panel' returned '0': CMAKE_PREFIX_PATH=${CMAKE_PREFIX_PATH}:/opt/ros/humble /usr/bin/cmake /root/dddmr_navigation/src/dddmr_rviz_tools/mapping_panel -DAMENT_CMAKE_SYMLINK_INSTALL=1 -DCMAKE_INSTALL_PREFIX=/root/dddmr_navigation/install/mapping_panel
[1.208s] Invoking command in '/root/dddmr_navigation/build/mapping_panel': CMAKE_PREFIX_PATH=${CMAKE_PREFIX_PATH}:/opt/ros/humble /usr/bin/cmake --build /root/dddmr_navigation/build/mapping_panel -- -j28 -l28
[1.253s] [ 20%] [34m[1mAutomatic UIC for target mapping_panel[0m
[1.274s] [ 20%] Built target mapping_panel_autogen
[1.285s] [35m[1mConsolidate compiler generated dependencies of target mapping_panel[0m
[1.316s] [100%] Built target mapping_panel
[1.327s] Invoked command in '/root/dddmr_navigation/build/mapping_panel' returned '0': CMAKE_PREFIX_PATH=${CMAKE_PREFIX_PATH}:/opt/ros/humble /usr/bin/cmake --build /root/dddmr_navigation/build/mapping_panel -- -j28 -l28
[1.330s] Invoking command in '/root/dddmr_navigation/build/mapping_panel': CMAKE_PREFIX_PATH=${CMAKE_PREFIX_PATH}:/opt/ros/humble /usr/bin/cmake --install /root/dddmr_navigation/build/mapping_panel
[1.335s] -- Install configuration: "Release"
[1.335s] -- Execute custom install script
[1.335s] -- Up-to-date symlink: /root/dddmr_navigation/install/mapping_panel/share/mapping_panel//plugin_description.xml
[1.335s] -- Up-to-date symlink: /root/dddmr_navigation/install/mapping_panel/share/mapping_panel/environment/library_path.sh
[1.335s] -- Up-to-date symlink: /root/dddmr_navigation/install/mapping_panel/share/mapping_panel/environment/library_path.dsv
[1.335s] -- Up-to-date symlink: /root/dddmr_navigation/install/mapping_panel/include/mapping_panel/mapping_panel.h
[1.335s] -- Up-to-date symlink: /root/dddmr_navigation/install/mapping_panel/share/ament_index/resource_index/package_run_dependencies/mapping_panel
[1.336s] -- Up-to-date symlink: /root/dddmr_navigation/install/mapping_panel/share/ament_index/resource_index/parent_prefix_path/mapping_panel
[1.336s] -- Up-to-date symlink: /root/dddmr_navigation/install/mapping_panel/share/mapping_panel/environment/ament_prefix_path.sh
[1.336s] -- Up-to-date symlink: /root/dddmr_navigation/install/mapping_panel/share/mapping_panel/environment/ament_prefix_path.dsv
[1.336s] -- Up-to-date symlink: /root/dddmr_navigation/install/mapping_panel/share/mapping_panel/environment/path.sh
[1.336s] -- Up-to-date symlink: /root/dddmr_navigation/install/mapping_panel/share/mapping_panel/environment/path.dsv
[1.336s] -- Up-to-date symlink: /root/dddmr_navigation/install/mapping_panel/share/mapping_panel/local_setup.bash
[1.336s] -- Up-to-date symlink: /root/dddmr_navigation/install/mapping_panel/share/mapping_panel/local_setup.sh
[1.336s] -- Up-to-date symlink: /root/dddmr_navigation/install/mapping_panel/share/mapping_panel/local_setup.zsh
[1.336s] -- Up-to-date symlink: /root/dddmr_navigation/install/mapping_panel/share/mapping_panel/local_setup.dsv
[1.336s] -- Symlinking: /root/dddmr_navigation/install/mapping_panel/share/mapping_panel/package.dsv
[1.342s] -- Up-to-date symlink: /root/dddmr_navigation/install/mapping_panel/share/ament_index/resource_index/packages/mapping_panel
[1.343s] -- Up-to-date symlink: /root/dddmr_navigation/install/mapping_panel/share/ament_index/resource_index/rviz_common__pluginlib__plugin/mapping_panel
[1.343s] -- Up-to-date symlink: /root/dddmr_navigation/install/mapping_panel/share/mapping_panel/cmake/ament_cmake_export_targets-extras.cmake
[1.343s] -- Up-to-date symlink: /root/dddmr_navigation/install/mapping_panel/share/mapping_panel/cmake/ament_cmake_export_dependencies-extras.cmake
[1.344s] -- Up-to-date symlink: /root/dddmr_navigation/install/mapping_panel/share/mapping_panel/cmake/ament_cmake_export_include_directories-extras.cmake
[1.344s] -- Up-to-date symlink: /root/dddmr_navigation/install/mapping_panel/share/mapping_panel/cmake/ament_cmake_export_libraries-extras.cmake
[1.344s] -- Up-to-date symlink: /root/dddmr_navigation/install/mapping_panel/share/mapping_panel/cmake/mapping_panelConfig.cmake
[1.345s] -- Up-to-date symlink: /root/dddmr_navigation/install/mapping_panel/share/mapping_panel/cmake/mapping_panelConfig-version.cmake
[1.345s] -- Up-to-date symlink: /root/dddmr_navigation/install/mapping_panel/share/mapping_panel/package.xml
[1.345s] -- Up-to-date: /root/dddmr_navigation/install/mapping_panel/lib/libmapping_panel.so
[1.346s] -- Up-to-date: /root/dddmr_navigation/install/mapping_panel/share/mapping_panel/cmake/mapping_panelExport.cmake
[1.346s] -- Up-to-date: /root/dddmr_navigation/install/mapping_panel/share/mapping_panel/cmake/mapping_panelExport-release.cmake
[1.372s] Invoked command in '/root/dddmr_navigation/build/mapping_panel' returned '0': CMAKE_PREFIX_PATH=${CMAKE_PREFIX_PATH}:/opt/ros/humble /usr/bin/cmake --install /root/dddmr_navigation/build/mapping_panel
