[0.101s] Invoking command in '/root/dddmr_navigation/build/mpc_critics': CMAKE_PREFIX_PATH=/root/dddmr_navigation/install/base_trajectory:/root/livox_ws/install/livox_ros_driver2:/root/dddmr_navigation/install/dddmr_sc_pgo:/root/dddmr_navigation/install/p2p_move_base:/root/dddmr_navigation/install/recovery_behaviors:/root/dddmr_navigation/install/local_planner:/root/dddmr_navigation/install/trajectory_generators:/root/dddmr_navigation/install/pose_graph_merge_editor_panel:/root/dddmr_navigation/install/pose_graph_editor_panel:/root/dddmr_navigation/install/perception_3d:/root/dddmr_navigation/install/mpc_critics:/root/dddmr_navigation/install/mcl_3dl:/root/dddmr_navigation/install/mapping_panel:/root/dddmr_navigation/install/map_editor_panel:/root/dddmr_navigation/install/lego_loam_bor:/root/dddmr_navigation/install/global_planner:/root/dddmr_navigation/install/fast_lio:/root/dddmr_navigation/install/dddmr_trt:/root/dddmr_navigation/install/dddmr_sys_core:/root/dddmr_navigation/install/dddmr_semantic_segmentation:/root/dddmr_navigation/install/dddmr_rviz_default_plugins:/root/dddmr_navigation/install/dddmr_odom_3d:/root/dddmr_navigation/install/dddmr_fastlio_adapter:/root/dddmr_navigation/install/dddmr_beginner_guide:/root/dddmr_navigation/install/cloud_msgs:/opt/ros/humble LD_LIBRARY_PATH=/root/dddmr_navigation/install/base_trajectory/lib:/root/livox_ws/install/livox_ros_driver2/lib:/root/dddmr_navigation/install/dddmr_sc_pgo/lib:/opt/ros/humble/opt/rviz_ogre_vendor/lib:/opt/ros/humble/lib/x86_64-linux-gnu:/opt/ros/humble/lib:/root/dddmr_navigation/install/p2p_move_base/lib:/root/dddmr_navigation/install/recovery_behaviors/lib:/root/dddmr_navigation/install/local_planner/lib:/root/dddmr_navigation/install/trajectory_generators/lib:/root/dddmr_navigation/install/pose_graph_merge_editor_panel/lib:/root/dddmr_navigation/install/pose_graph_editor_panel/lib:/root/dddmr_navigation/install/perception_3d/lib:/root/dddmr_navigation/install/mpc_critics/lib:/root/dddmr_navigation/install/mcl_3dl/lib:/root/dddmr_navigation/install/mapping_panel/lib:/root/dddmr_navigation/install/map_editor_panel/lib:/root/dddmr_navigation/install/lego_loam_bor/lib:/root/dddmr_navigation/install/global_planner/lib:/root/dddmr_navigation/install/fast_lio/lib:/root/dddmr_navigation/install/dddmr_sys_core/lib:/root/dddmr_navigation/install/dddmr_rviz_default_plugins/lib:/root/dddmr_navigation/install/cloud_msgs/lib /usr/bin/cmake --build /root/dddmr_navigation/build/mpc_critics -- -j28 -l28
[0.169s] [ 12%] Built target scoring_model
[0.203s] [ 25%] Built target stacked_scoring_model
[0.233s] [ 37%] Built target mpc_critics_ros
[0.261s] [ 50%] Built target mpc_critics_node
[0.279s] [100%] Built target critics
[0.291s] Invoked command in '/root/dddmr_navigation/build/mpc_critics' returned '0': CMAKE_PREFIX_PATH=/root/dddmr_navigation/install/base_trajectory:/root/livox_ws/install/livox_ros_driver2:/root/dddmr_navigation/install/dddmr_sc_pgo:/root/dddmr_navigation/install/p2p_move_base:/root/dddmr_navigation/install/recovery_behaviors:/root/dddmr_navigation/install/local_planner:/root/dddmr_navigation/install/trajectory_generators:/root/dddmr_navigation/install/pose_graph_merge_editor_panel:/root/dddmr_navigation/install/pose_graph_editor_panel:/root/dddmr_navigation/install/perception_3d:/root/dddmr_navigation/install/mpc_critics:/root/dddmr_navigation/install/mcl_3dl:/root/dddmr_navigation/install/mapping_panel:/root/dddmr_navigation/install/map_editor_panel:/root/dddmr_navigation/install/lego_loam_bor:/root/dddmr_navigation/install/global_planner:/root/dddmr_navigation/install/fast_lio:/root/dddmr_navigation/install/dddmr_trt:/root/dddmr_navigation/install/dddmr_sys_core:/root/dddmr_navigation/install/dddmr_semantic_segmentation:/root/dddmr_navigation/install/dddmr_rviz_default_plugins:/root/dddmr_navigation/install/dddmr_odom_3d:/root/dddmr_navigation/install/dddmr_fastlio_adapter:/root/dddmr_navigation/install/dddmr_beginner_guide:/root/dddmr_navigation/install/cloud_msgs:/opt/ros/humble LD_LIBRARY_PATH=/root/dddmr_navigation/install/base_trajectory/lib:/root/livox_ws/install/livox_ros_driver2/lib:/root/dddmr_navigation/install/dddmr_sc_pgo/lib:/opt/ros/humble/opt/rviz_ogre_vendor/lib:/opt/ros/humble/lib/x86_64-linux-gnu:/opt/ros/humble/lib:/root/dddmr_navigation/install/p2p_move_base/lib:/root/dddmr_navigation/install/recovery_behaviors/lib:/root/dddmr_navigation/install/local_planner/lib:/root/dddmr_navigation/install/trajectory_generators/lib:/root/dddmr_navigation/install/pose_graph_merge_editor_panel/lib:/root/dddmr_navigation/install/pose_graph_editor_panel/lib:/root/dddmr_navigation/install/perception_3d/lib:/root/dddmr_navigation/install/mpc_critics/lib:/root/dddmr_navigation/install/mcl_3dl/lib:/root/dddmr_navigation/install/mapping_panel/lib:/root/dddmr_navigation/install/map_editor_panel/lib:/root/dddmr_navigation/install/lego_loam_bor/lib:/root/dddmr_navigation/install/global_planner/lib:/root/dddmr_navigation/install/fast_lio/lib:/root/dddmr_navigation/install/dddmr_sys_core/lib:/root/dddmr_navigation/install/dddmr_rviz_default_plugins/lib:/root/dddmr_navigation/install/cloud_msgs/lib /usr/bin/cmake --build /root/dddmr_navigation/build/mpc_critics -- -j28 -l28
[0.292s] Invoking command in '/root/dddmr_navigation/build/mpc_critics': CMAKE_PREFIX_PATH=/root/dddmr_navigation/install/base_trajectory:/root/livox_ws/install/livox_ros_driver2:/root/dddmr_navigation/install/dddmr_sc_pgo:/root/dddmr_navigation/install/p2p_move_base:/root/dddmr_navigation/install/recovery_behaviors:/root/dddmr_navigation/install/local_planner:/root/dddmr_navigation/install/trajectory_generators:/root/dddmr_navigation/install/pose_graph_merge_editor_panel:/root/dddmr_navigation/install/pose_graph_editor_panel:/root/dddmr_navigation/install/perception_3d:/root/dddmr_navigation/install/mpc_critics:/root/dddmr_navigation/install/mcl_3dl:/root/dddmr_navigation/install/mapping_panel:/root/dddmr_navigation/install/map_editor_panel:/root/dddmr_navigation/install/lego_loam_bor:/root/dddmr_navigation/install/global_planner:/root/dddmr_navigation/install/fast_lio:/root/dddmr_navigation/install/dddmr_trt:/root/dddmr_navigation/install/dddmr_sys_core:/root/dddmr_navigation/install/dddmr_semantic_segmentation:/root/dddmr_navigation/install/dddmr_rviz_default_plugins:/root/dddmr_navigation/install/dddmr_odom_3d:/root/dddmr_navigation/install/dddmr_fastlio_adapter:/root/dddmr_navigation/install/dddmr_beginner_guide:/root/dddmr_navigation/install/cloud_msgs:/opt/ros/humble LD_LIBRARY_PATH=/root/dddmr_navigation/install/base_trajectory/lib:/root/livox_ws/install/livox_ros_driver2/lib:/root/dddmr_navigation/install/dddmr_sc_pgo/lib:/opt/ros/humble/opt/rviz_ogre_vendor/lib:/opt/ros/humble/lib/x86_64-linux-gnu:/opt/ros/humble/lib:/root/dddmr_navigation/install/p2p_move_base/lib:/root/dddmr_navigation/install/recovery_behaviors/lib:/root/dddmr_navigation/install/local_planner/lib:/root/dddmr_navigation/install/trajectory_generators/lib:/root/dddmr_navigation/install/pose_graph_merge_editor_panel/lib:/root/dddmr_navigation/install/pose_graph_editor_panel/lib:/root/dddmr_navigation/install/perception_3d/lib:/root/dddmr_navigation/install/mpc_critics/lib:/root/dddmr_navigation/install/mcl_3dl/lib:/root/dddmr_navigation/install/mapping_panel/lib:/root/dddmr_navigation/install/map_editor_panel/lib:/root/dddmr_navigation/install/lego_loam_bor/lib:/root/dddmr_navigation/install/global_planner/lib:/root/dddmr_navigation/install/fast_lio/lib:/root/dddmr_navigation/install/dddmr_sys_core/lib:/root/dddmr_navigation/install/dddmr_rviz_default_plugins/lib:/root/dddmr_navigation/install/cloud_msgs/lib /usr/bin/cmake --install /root/dddmr_navigation/build/mpc_critics
[0.297s] -- Install configuration: ""
[0.297s] -- Execute custom install script
[0.298s] -- Up-to-date symlink: /root/dddmr_navigation/install/mpc_critics/lib/libscoring_model.so
[0.298s] -- Up-to-date symlink: /root/dddmr_navigation/install/mpc_critics/lib/libstacked_scoring_model.so
[0.298s] -- Up-to-date symlink: /root/dddmr_navigation/install/mpc_critics/lib/libmpc_critics_ros.so
[0.298s] -- Up-to-date symlink: /root/dddmr_navigation/install/mpc_critics/lib/libcritics.so
[0.298s] -- Up-to-date symlink: /root/dddmr_navigation/install/mpc_critics/lib/mpc_critics/mpc_critics_node
[0.299s] -- Up-to-date symlink: /root/dddmr_navigation/install/mpc_critics/include//mpc_critics/collision_min_max_model.h
[0.299s] -- Up-to-date symlink: /root/dddmr_navigation/install/mpc_critics/include//mpc_critics/collision_model.h
[0.299s] -- Up-to-date symlink: /root/dddmr_navigation/install/mpc_critics/include//mpc_critics/model_shared_data.h
[0.299s] -- Up-to-date symlink: /root/dddmr_navigation/install/mpc_critics/include//mpc_critics/mpc_critics_ros.h
[0.299s] -- Up-to-date symlink: /root/dddmr_navigation/install/mpc_critics/include//mpc_critics/pure_pursuit_model.h
[0.300s] -- Up-to-date symlink: /root/dddmr_navigation/install/mpc_critics/include//mpc_critics/scoring_model.h
[0.300s] -- Up-to-date symlink: /root/dddmr_navigation/install/mpc_critics/include//mpc_critics/shortest_angle_model.h
[0.300s] -- Up-to-date symlink: /root/dddmr_navigation/install/mpc_critics/include//mpc_critics/stacked_scoring_model.h
[0.300s] -- Up-to-date symlink: /root/dddmr_navigation/install/mpc_critics/include//mpc_critics/stick_path_model.h
[0.300s] -- Up-to-date symlink: /root/dddmr_navigation/install/mpc_critics/include//mpc_critics/toward_global_plan_model.h
[0.301s] -- Up-to-date symlink: /root/dddmr_navigation/install/mpc_critics/include//mpc_critics/twirling_model.h
[0.301s] -- Up-to-date symlink: /root/dddmr_navigation/install/mpc_critics/share/mpc_critics//launch/mpc_critics.launch
[0.302s] -- Up-to-date symlink: /root/dddmr_navigation/install/mpc_critics/share/mpc_critics//config/mpc_critics.yaml
[0.302s] -- Up-to-date symlink: /root/dddmr_navigation/install/mpc_critics/share/mpc_critics/mpc_critics.xml
[0.302s] -- Up-to-date symlink: /root/dddmr_navigation/install/mpc_critics/share/mpc_critics/environment/library_path.sh
[0.302s] -- Up-to-date symlink: /root/dddmr_navigation/install/mpc_critics/share/mpc_critics/environment/library_path.dsv
[0.303s] -- Up-to-date symlink: /root/dddmr_navigation/install/mpc_critics/share/mpc_critics//mpc_critics.xml
[0.303s] -- Up-to-date symlink: /root/dddmr_navigation/install/mpc_critics/share/ament_index/resource_index/package_run_dependencies/mpc_critics
[0.303s] -- Up-to-date symlink: /root/dddmr_navigation/install/mpc_critics/share/ament_index/resource_index/parent_prefix_path/mpc_critics
[0.303s] -- Up-to-date symlink: /root/dddmr_navigation/install/mpc_critics/share/mpc_critics/environment/ament_prefix_path.sh
[0.304s] -- Up-to-date symlink: /root/dddmr_navigation/install/mpc_critics/share/mpc_critics/environment/ament_prefix_path.dsv
[0.304s] -- Up-to-date symlink: /root/dddmr_navigation/install/mpc_critics/share/mpc_critics/environment/path.sh
[0.304s] -- Up-to-date symlink: /root/dddmr_navigation/install/mpc_critics/share/mpc_critics/environment/path.dsv
[0.304s] -- Up-to-date symlink: /root/dddmr_navigation/install/mpc_critics/share/mpc_critics/local_setup.bash
[0.305s] -- Up-to-date symlink: /root/dddmr_navigation/install/mpc_critics/share/mpc_critics/local_setup.sh
[0.305s] -- Up-to-date symlink: /root/dddmr_navigation/install/mpc_critics/share/mpc_critics/local_setup.zsh
[0.305s] -- Up-to-date symlink: /root/dddmr_navigation/install/mpc_critics/share/mpc_critics/local_setup.dsv
[0.305s] -- Symlinking: /root/dddmr_navigation/install/mpc_critics/share/mpc_critics/package.dsv
[0.312s] -- Up-to-date symlink: /root/dddmr_navigation/install/mpc_critics/share/ament_index/resource_index/packages/mpc_critics
[0.312s] -- Up-to-date symlink: /root/dddmr_navigation/install/mpc_critics/share/ament_index/resource_index/mpc_critics__pluginlib__plugin/mpc_critics
[0.312s] -- Up-to-date symlink: /root/dddmr_navigation/install/mpc_critics/share/mpc_critics/cmake/ament_cmake_export_include_directories-extras.cmake
[0.312s] -- Up-to-date symlink: /root/dddmr_navigation/install/mpc_critics/share/mpc_critics/cmake/ament_cmake_export_libraries-extras.cmake
[0.312s] -- Up-to-date symlink: /root/dddmr_navigation/install/mpc_critics/share/mpc_critics/cmake/ament_cmake_export_dependencies-extras.cmake
[0.312s] -- Up-to-date symlink: /root/dddmr_navigation/install/mpc_critics/share/mpc_critics/cmake/mpc_criticsConfig.cmake
[0.312s] -- Up-to-date symlink: /root/dddmr_navigation/install/mpc_critics/share/mpc_critics/cmake/mpc_criticsConfig-version.cmake
[0.313s] -- Up-to-date symlink: /root/dddmr_navigation/install/mpc_critics/share/mpc_critics/package.xml
[0.315s] Invoked command in '/root/dddmr_navigation/build/mpc_critics' returned '0': CMAKE_PREFIX_PATH=/root/dddmr_navigation/install/base_trajectory:/root/livox_ws/install/livox_ros_driver2:/root/dddmr_navigation/install/dddmr_sc_pgo:/root/dddmr_navigation/install/p2p_move_base:/root/dddmr_navigation/install/recovery_behaviors:/root/dddmr_navigation/install/local_planner:/root/dddmr_navigation/install/trajectory_generators:/root/dddmr_navigation/install/pose_graph_merge_editor_panel:/root/dddmr_navigation/install/pose_graph_editor_panel:/root/dddmr_navigation/install/perception_3d:/root/dddmr_navigation/install/mpc_critics:/root/dddmr_navigation/install/mcl_3dl:/root/dddmr_navigation/install/mapping_panel:/root/dddmr_navigation/install/map_editor_panel:/root/dddmr_navigation/install/lego_loam_bor:/root/dddmr_navigation/install/global_planner:/root/dddmr_navigation/install/fast_lio:/root/dddmr_navigation/install/dddmr_trt:/root/dddmr_navigation/install/dddmr_sys_core:/root/dddmr_navigation/install/dddmr_semantic_segmentation:/root/dddmr_navigation/install/dddmr_rviz_default_plugins:/root/dddmr_navigation/install/dddmr_odom_3d:/root/dddmr_navigation/install/dddmr_fastlio_adapter:/root/dddmr_navigation/install/dddmr_beginner_guide:/root/dddmr_navigation/install/cloud_msgs:/opt/ros/humble LD_LIBRARY_PATH=/root/dddmr_navigation/install/base_trajectory/lib:/root/livox_ws/install/livox_ros_driver2/lib:/root/dddmr_navigation/install/dddmr_sc_pgo/lib:/opt/ros/humble/opt/rviz_ogre_vendor/lib:/opt/ros/humble/lib/x86_64-linux-gnu:/opt/ros/humble/lib:/root/dddmr_navigation/install/p2p_move_base/lib:/root/dddmr_navigation/install/recovery_behaviors/lib:/root/dddmr_navigation/install/local_planner/lib:/root/dddmr_navigation/install/trajectory_generators/lib:/root/dddmr_navigation/install/pose_graph_merge_editor_panel/lib:/root/dddmr_navigation/install/pose_graph_editor_panel/lib:/root/dddmr_navigation/install/perception_3d/lib:/root/dddmr_navigation/install/mpc_critics/lib:/root/dddmr_navigation/install/mcl_3dl/lib:/root/dddmr_navigation/install/mapping_panel/lib:/root/dddmr_navigation/install/map_editor_panel/lib:/root/dddmr_navigation/install/lego_loam_bor/lib:/root/dddmr_navigation/install/global_planner/lib:/root/dddmr_navigation/install/fast_lio/lib:/root/dddmr_navigation/install/dddmr_sys_core/lib:/root/dddmr_navigation/install/dddmr_rviz_default_plugins/lib:/root/dddmr_navigation/install/cloud_msgs/lib /usr/bin/cmake --install /root/dddmr_navigation/build/mpc_critics
