[0.014s] Invoking command in '/ws_gz/build/champ_navigation': CMAKE_PREFIX_PATH=${CMAKE_PREFIX_PATH}:/opt/ros/humble /usr/bin/cmake --build /ws_gz/build/champ_navigation -- -j32 -l32
[0.038s] Invoked command in '/ws_gz/build/champ_navigation' returned '0': CMAKE_PREFIX_PATH=${CMAKE_PREFIX_PATH}:/opt/ros/humble /usr/bin/cmake --build /ws_gz/build/champ_navigation -- -j32 -l32
[0.045s] Invoking command in '/ws_gz/build/champ_navigation': CMAKE_PREFIX_PATH=${CMAKE_PREFIX_PATH}:/opt/ros/humble /usr/bin/cmake --install /ws_gz/build/champ_navigation
[0.050s] -- Install configuration: "Release"
[0.051s] -- Execute custom install script
[0.051s] -- Up-to-date symlink: /ws_gz/install/champ_navigation/share/champ_navigation/launch/navigate.launch.py
[0.052s] -- Up-to-date symlink: /ws_gz/install/champ_navigation/share/champ_navigation/launch/slam.launch.py
[0.052s] -- Up-to-date symlink: /ws_gz/install/champ_navigation/share/champ_navigation/rviz/navigation.rviz
[0.052s] -- Up-to-date symlink: /ws_gz/install/champ_navigation/share/champ_navigation/rviz/navigation_minimal.rviz
[0.052s] -- Up-to-date symlink: /ws_gz/install/champ_navigation/share/champ_navigation/rviz/slam.rviz
[0.053s] -- Up-to-date symlink: /ws_gz/install/champ_navigation/share/ament_index/resource_index/package_run_dependencies/champ_navigation
[0.053s] -- Up-to-date symlink: /ws_gz/install/champ_navigation/share/ament_index/resource_index/parent_prefix_path/champ_navigation
[0.053s] -- Up-to-date symlink: /ws_gz/install/champ_navigation/share/champ_navigation/environment/ament_prefix_path.sh
[0.053s] -- Up-to-date symlink: /ws_gz/install/champ_navigation/share/champ_navigation/environment/ament_prefix_path.dsv
[0.053s] -- Up-to-date symlink: /ws_gz/install/champ_navigation/share/champ_navigation/environment/path.sh
[0.053s] -- Up-to-date symlink: /ws_gz/install/champ_navigation/share/champ_navigation/environment/path.dsv
[0.054s] -- Up-to-date symlink: /ws_gz/install/champ_navigation/share/champ_navigation/local_setup.bash
[0.054s] -- Up-to-date symlink: /ws_gz/install/champ_navigation/share/champ_navigation/local_setup.sh
[0.054s] -- Up-to-date symlink: /ws_gz/install/champ_navigation/share/champ_navigation/local_setup.zsh
[0.054s] -- Up-to-date symlink: /ws_gz/install/champ_navigation/share/champ_navigation/local_setup.dsv
[0.055s] -- Symlinking: /ws_gz/install/champ_navigation/share/champ_navigation/package.dsv
[0.060s] -- Up-to-date symlink: /ws_gz/install/champ_navigation/share/ament_index/resource_index/packages/champ_navigation
[0.060s] -- Up-to-date symlink: /ws_gz/install/champ_navigation/share/champ_navigation/cmake/champ_navigationConfig.cmake
[0.060s] -- Up-to-date symlink: /ws_gz/install/champ_navigation/share/champ_navigation/cmake/champ_navigationConfig-version.cmake
[0.061s] -- Up-to-date symlink: /ws_gz/install/champ_navigation/share/champ_navigation/package.xml
[0.062s] Invoked command in '/ws_gz/build/champ_navigation' returned '0': CMAKE_PREFIX_PATH=${CMAKE_PREFIX_PATH}:/opt/ros/humble /usr/bin/cmake --install /ws_gz/build/champ_navigation
