[0.007s] Invoking command in '/ws_gz/build/champ_bringup': AMENT_PREFIX_PATH=/ws_gz/install/champ_base:/ws_gz/install/champ_msgs:/ws_gz/install/champ_description:/ws_gz/install/champ:${AMENT_PREFIX_PATH} CMAKE_PREFIX_PATH=/ws_gz/install/champ_base:/ws_gz/install/champ_msgs:/ws_gz/install/champ_description:/ws_gz/install/champ:/opt/ros/humble LD_LIBRARY_PATH=/ws_gz/install/champ_base/lib:/ws_gz/install/champ_msgs/lib:${LD_LIBRARY_PATH} PATH=/ws_gz/install/champ_base/bin:${PATH} PYTHONPATH=/ws_gz/install/champ_msgs/local/lib/python3.10/dist-packages:${PYTHONPATH} /usr/bin/cmake --build /ws_gz/build/champ_bringup -- -j32 -l32
[0.043s] Built target ament_cmake_python_symlink_champ_bringup
[0.143s] running egg_info
[0.143s] writing champ_bringup.egg-info/PKG-INFO
[0.143s] writing dependency_links to champ_bringup.egg-info/dependency_links.txt
[0.143s] writing top-level names to champ_bringup.egg-info/top_level.txt
[0.144s] reading manifest file 'champ_bringup.egg-info/SOURCES.txt'
[0.145s] writing manifest file 'champ_bringup.egg-info/SOURCES.txt'
[0.157s] Built target ament_cmake_python_build_champ_bringup_egg
[0.164s] Invoked command in '/ws_gz/build/champ_bringup' returned '0': AMENT_PREFIX_PATH=/ws_gz/install/champ_base:/ws_gz/install/champ_msgs:/ws_gz/install/champ_description:/ws_gz/install/champ:${AMENT_PREFIX_PATH} CMAKE_PREFIX_PATH=/ws_gz/install/champ_base:/ws_gz/install/champ_msgs:/ws_gz/install/champ_description:/ws_gz/install/champ:/opt/ros/humble LD_LIBRARY_PATH=/ws_gz/install/champ_base/lib:/ws_gz/install/champ_msgs/lib:${LD_LIBRARY_PATH} PATH=/ws_gz/install/champ_base/bin:${PATH} PYTHONPATH=/ws_gz/install/champ_msgs/local/lib/python3.10/dist-packages:${PYTHONPATH} /usr/bin/cmake --build /ws_gz/build/champ_bringup -- -j32 -l32
[0.165s] Invoking command in '/ws_gz/build/champ_bringup': AMENT_PREFIX_PATH=/ws_gz/install/champ_base:/ws_gz/install/champ_msgs:/ws_gz/install/champ_description:/ws_gz/install/champ:${AMENT_PREFIX_PATH} CMAKE_PREFIX_PATH=/ws_gz/install/champ_base:/ws_gz/install/champ_msgs:/ws_gz/install/champ_description:/ws_gz/install/champ:/opt/ros/humble LD_LIBRARY_PATH=/ws_gz/install/champ_base/lib:/ws_gz/install/champ_msgs/lib:${LD_LIBRARY_PATH} PATH=/ws_gz/install/champ_base/bin:${PATH} PYTHONPATH=/ws_gz/install/champ_msgs/local/lib/python3.10/dist-packages:${PYTHONPATH} /usr/bin/cmake --install /ws_gz/build/champ_bringup
[0.170s] -- Install configuration: "Release"
[0.170s] -- Execute custom install script
[0.171s] -- Up-to-date symlink: /ws_gz/install/champ_bringup/share/champ_bringup/launch/bringup.launch
[0.171s] -- Up-to-date symlink: /ws_gz/install/champ_bringup/share/champ_bringup/launch/bringup.launch.py
[0.171s] -- Up-to-date symlink: /ws_gz/install/champ_bringup/share/champ_bringup/launch/include/laser/d435.launch
[0.171s] -- Up-to-date symlink: /ws_gz/install/champ_bringup/share/champ_bringup/launch/include/laser/hokuyo.launch
[0.171s] -- Up-to-date symlink: /ws_gz/install/champ_bringup/share/champ_bringup/launch/include/laser/kinect.launch
[0.171s] -- Up-to-date symlink: /ws_gz/install/champ_bringup/share/champ_bringup/launch/include/laser/lms1xx.launch
[0.171s] -- Up-to-date symlink: /ws_gz/install/champ_bringup/share/champ_bringup/launch/include/laser/realsense.launch
[0.171s] -- Up-to-date symlink: /ws_gz/install/champ_bringup/share/champ_bringup/launch/include/laser/rplidar.launch
[0.171s] -- Up-to-date symlink: /ws_gz/install/champ_bringup/share/champ_bringup/launch/include/laser/sim.launch
[0.171s] -- Up-to-date symlink: /ws_gz/install/champ_bringup/share/champ_bringup/launch/include/laser/sweep.launch
[0.171s] -- Up-to-date symlink: /ws_gz/install/champ_bringup/share/champ_bringup/launch/include/laser/xv11.launch
[0.171s] -- Up-to-date symlink: /ws_gz/install/champ_bringup/share/champ_bringup/launch/include/laser/ydlidar.launch
[0.172s] -- Up-to-date symlink: /ws_gz/install/champ_bringup/share/champ_bringup/launch/include/velocity_smoother.launch
[0.172s] -- Up-to-date symlink: /ws_gz/install/champ_bringup/share/champ_bringup/launch/joints_gui.launch
[0.172s] -- Up-to-date symlink: /ws_gz/install/champ_bringup/share/champ_bringup/launch/joints_gui.launch.py
[0.172s] -- Up-to-date symlink: /ws_gz/install/champ_bringup/share/champ_bringup/environment/pythonpath.sh
[0.172s] -- Up-to-date symlink: /ws_gz/install/champ_bringup/share/champ_bringup/environment/pythonpath.dsv
[0.172s] -- Up-to-date symlink: /ws_gz/install/champ_bringup/local/lib/python3.10/dist-packages/champ_bringup-0.1.0-py3.10.egg-info/PKG-INFO
[0.172s] -- Up-to-date symlink: /ws_gz/install/champ_bringup/local/lib/python3.10/dist-packages/champ_bringup-0.1.0-py3.10.egg-info/SOURCES.txt
[0.172s] -- Up-to-date symlink: /ws_gz/install/champ_bringup/local/lib/python3.10/dist-packages/champ_bringup-0.1.0-py3.10.egg-info/dependency_links.txt
[0.172s] -- Up-to-date symlink: /ws_gz/install/champ_bringup/local/lib/python3.10/dist-packages/champ_bringup-0.1.0-py3.10.egg-info/top_level.txt
[0.172s] -- Up-to-date symlink: /ws_gz/install/champ_bringup/local/lib/python3.10/dist-packages/champ_bringup/__init__.py
[0.173s] -- Up-to-date symlink: /ws_gz/install/champ_bringup/local/lib/python3.10/dist-packages/champ_bringup/joint_calibrator_relay.py
[0.173s] -- Up-to-date symlink: /ws_gz/install/champ_bringup/lib/champ_bringup/joint_calibrator_relay.py
[0.173s] -- Up-to-date symlink: /ws_gz/install/champ_bringup/share/ament_index/resource_index/package_run_dependencies/champ_bringup
[0.173s] -- Up-to-date symlink: /ws_gz/install/champ_bringup/share/ament_index/resource_index/parent_prefix_path/champ_bringup
[0.173s] -- Up-to-date symlink: /ws_gz/install/champ_bringup/share/champ_bringup/environment/ament_prefix_path.sh
[0.173s] -- Up-to-date symlink: /ws_gz/install/champ_bringup/share/champ_bringup/environment/ament_prefix_path.dsv
[0.173s] -- Up-to-date symlink: /ws_gz/install/champ_bringup/share/champ_bringup/environment/path.sh
[0.173s] -- Up-to-date symlink: /ws_gz/install/champ_bringup/share/champ_bringup/environment/path.dsv
[0.173s] -- Up-to-date symlink: /ws_gz/install/champ_bringup/share/champ_bringup/local_setup.bash
[0.173s] -- Up-to-date symlink: /ws_gz/install/champ_bringup/share/champ_bringup/local_setup.sh
[0.174s] -- Up-to-date symlink: /ws_gz/install/champ_bringup/share/champ_bringup/local_setup.zsh
[0.174s] -- Up-to-date symlink: /ws_gz/install/champ_bringup/share/champ_bringup/local_setup.dsv
[0.174s] -- Symlinking: /ws_gz/install/champ_bringup/share/champ_bringup/package.dsv
[0.178s] -- Up-to-date symlink: /ws_gz/install/champ_bringup/share/ament_index/resource_index/packages/champ_bringup
[0.178s] -- Up-to-date symlink: /ws_gz/install/champ_bringup/share/champ_bringup/cmake/champ_bringupConfig.cmake
[0.178s] -- Up-to-date symlink: /ws_gz/install/champ_bringup/share/champ_bringup/cmake/champ_bringupConfig-version.cmake
[0.178s] -- Up-to-date symlink: /ws_gz/install/champ_bringup/share/champ_bringup/package.xml
[0.196s] Listing '/ws_gz/install/champ_bringup/local/lib/python3.10/dist-packages/champ_bringup'...
[0.200s] Invoked command in '/ws_gz/build/champ_bringup' returned '0': AMENT_PREFIX_PATH=/ws_gz/install/champ_base:/ws_gz/install/champ_msgs:/ws_gz/install/champ_description:/ws_gz/install/champ:${AMENT_PREFIX_PATH} CMAKE_PREFIX_PATH=/ws_gz/install/champ_base:/ws_gz/install/champ_msgs:/ws_gz/install/champ_description:/ws_gz/install/champ:/opt/ros/humble LD_LIBRARY_PATH=/ws_gz/install/champ_base/lib:/ws_gz/install/champ_msgs/lib:${LD_LIBRARY_PATH} PATH=/ws_gz/install/champ_base/bin:${PATH} PYTHONPATH=/ws_gz/install/champ_msgs/local/lib/python3.10/dist-packages:${PYTHONPATH} /usr/bin/cmake --install /ws_gz/build/champ_bringup
