[0.039s] Invoking command in '/root/dddmr_navigation/build/dddmr_trt': CMAKE_PREFIX_PATH=/opt/ros/humble /usr/bin/cmake /root/dddmr_navigation/src/dddmr_trt -DCMAKE_BUILD_TYPE=Release -DAMENT_CMAKE_SYMLINK_INSTALL=1 -DCMAKE_INSTALL_PREFIX=/root/dddmr_navigation/install/dddmr_trt
[0.091s] -- The C compiler identification is GNU 13.4.0
[0.133s] -- The CXX compiler identification is GNU 13.4.0
[0.140s] -- Detecting C compiler ABI info
[0.201s] -- Detecting C compiler ABI info - done
[0.208s] -- Check for working C compiler: /usr/bin/cc - skipped
[0.208s] -- Detecting C compile features
[0.209s] -- Detecting C compile features - done
[0.211s] -- Detecting CXX compiler ABI info
[0.303s] -- Detecting CXX compiler ABI info - done
[0.311s] -- Check for working CXX compiler: /usr/bin/c++ - skipped
[0.312s] -- Detecting CXX compile features
[0.312s] -- Detecting CXX compile features - done
[0.314s] -- Found ament_cmake: 1.3.14 (/opt/ros/humble/share/ament_cmake/cmake)
[0.480s] -- Found Python3: /usr/bin/python3 (found version "3.10.12") found components: Interpreter 
[0.558s] -- Override CMake install command with custom implementation using symlinks instead of copying resources
[0.592s] -- Found rclcpp: 16.0.19 (/opt/ros/humble/share/rclcpp/cmake)
[0.648s] -- Found rosidl_generator_c: 3.1.8 (/opt/ros/humble/share/rosidl_generator_c/cmake)
[0.655s] -- Found rosidl_adapter: 3.1.8 (/opt/ros/humble/share/rosidl_adapter/cmake)
[0.662s] -- Found rosidl_generator_cpp: 3.1.8 (/opt/ros/humble/share/rosidl_generator_cpp/cmake)
[0.674s] -- Using all available rosidl_typesupport_c: rosidl_typesupport_fastrtps_c;rosidl_typesupport_introspection_c
[0.692s] -- Using all available rosidl_typesupport_cpp: rosidl_typesupport_fastrtps_cpp;rosidl_typesupport_introspection_cpp
[0.747s] -- Found rmw_implementation_cmake: 6.1.2 (/opt/ros/humble/share/rmw_implementation_cmake/cmake)
[0.752s] -- Found rmw_fastrtps_cpp: 6.2.10 (/opt/ros/humble/share/rmw_fastrtps_cpp/cmake)
[0.849s] -- Found OpenSSL: /usr/lib/x86_64-linux-gnu/libcrypto.so (found version "3.0.2")  
[0.888s] -- Found FastRTPS: /opt/ros/humble/include  
[0.943s] -- Using RMW implementation 'rmw_fastrtps_cpp' as default
[0.955s] -- Looking for pthread.h
[1.032s] -- Looking for pthread.h - found
[1.033s] -- Performing Test CMAKE_HAVE_LIBC_PTHREAD
[1.116s] -- Performing Test CMAKE_HAVE_LIBC_PTHREAD - Success
[1.118s] -- Found Threads: TRUE  
[1.195s] -- Found rclcpp_action: 16.0.19 (/opt/ros/humble/share/rclcpp_action/cmake)
[1.239s] -- Found rclcpp_components: 16.0.19 (/opt/ros/humble/share/rclcpp_components/cmake)
[1.272s] -- Found sensor_msgs: 4.9.1 (/opt/ros/humble/share/sensor_msgs/cmake)
[1.319s] -- Found nav_msgs: 4.9.1 (/opt/ros/humble/share/nav_msgs/cmake)
[1.348s] -- Found rosidl_default_generators: 1.2.1 (/opt/ros/humble/share/rosidl_default_generators/cmake)
[1.366s] -- Found tf2_ros: 0.25.20 (/opt/ros/humble/share/tf2_ros/cmake)
[1.430s] -- Found OpenCV: /usr (found version "4.5.4") 
[1.435s] -- Found cv_bridge: 3.2.1 (/opt/ros/humble/share/cv_bridge/cmake)
[1.435s] -- TensorRT is disabled.
[1.526s] -- Configuring done
[1.534s] -- Generating done
[1.537s] -- Build files have been written to: /root/dddmr_navigation/build/dddmr_trt
[1.553s] Invoked command in '/root/dddmr_navigation/build/dddmr_trt' returned '0': CMAKE_PREFIX_PATH=/opt/ros/humble /usr/bin/cmake /root/dddmr_navigation/src/dddmr_trt -DCMAKE_BUILD_TYPE=Release -DAMENT_CMAKE_SYMLINK_INSTALL=1 -DCMAKE_INSTALL_PREFIX=/root/dddmr_navigation/install/dddmr_trt
[1.557s] Invoking command in '/root/dddmr_navigation/build/dddmr_trt': CMAKE_PREFIX_PATH=/opt/ros/humble /usr/bin/cmake --build /root/dddmr_navigation/build/dddmr_trt -- -j28 -l28
[1.601s] Invoked command in '/root/dddmr_navigation/build/dddmr_trt' returned '0': CMAKE_PREFIX_PATH=/opt/ros/humble /usr/bin/cmake --build /root/dddmr_navigation/build/dddmr_trt -- -j28 -l28
[1.611s] Invoking command in '/root/dddmr_navigation/build/dddmr_trt': CMAKE_PREFIX_PATH=/opt/ros/humble /usr/bin/cmake --install /root/dddmr_navigation/build/dddmr_trt
[1.620s] -- Install configuration: "Release"
[1.621s] -- Execute custom install script
[1.621s] -- Symlinking: /root/dddmr_navigation/install/dddmr_trt/share/ament_index/resource_index/package_run_dependencies/dddmr_trt
[1.629s] -- Symlinking: /root/dddmr_navigation/install/dddmr_trt/share/ament_index/resource_index/parent_prefix_path/dddmr_trt
[1.639s] -- Symlinking: /root/dddmr_navigation/install/dddmr_trt/share/dddmr_trt/environment/ament_prefix_path.sh
[1.650s] -- Symlinking: /root/dddmr_navigation/install/dddmr_trt/share/dddmr_trt/environment/ament_prefix_path.dsv
[1.660s] -- Symlinking: /root/dddmr_navigation/install/dddmr_trt/share/dddmr_trt/environment/path.sh
[1.666s] -- Symlinking: /root/dddmr_navigation/install/dddmr_trt/share/dddmr_trt/environment/path.dsv
[1.674s] -- Symlinking: /root/dddmr_navigation/install/dddmr_trt/share/dddmr_trt/local_setup.bash
[1.682s] -- Symlinking: /root/dddmr_navigation/install/dddmr_trt/share/dddmr_trt/local_setup.sh
[1.689s] -- Symlinking: /root/dddmr_navigation/install/dddmr_trt/share/dddmr_trt/local_setup.zsh
[1.697s] -- Symlinking: /root/dddmr_navigation/install/dddmr_trt/share/dddmr_trt/local_setup.dsv
[1.704s] -- Symlinking: /root/dddmr_navigation/install/dddmr_trt/share/dddmr_trt/package.dsv
[1.713s] -- Symlinking: /root/dddmr_navigation/install/dddmr_trt/share/ament_index/resource_index/packages/dddmr_trt
[1.721s] -- Symlinking: /root/dddmr_navigation/install/dddmr_trt/share/dddmr_trt/cmake/dddmr_trtConfig.cmake
[1.731s] -- Symlinking: /root/dddmr_navigation/install/dddmr_trt/share/dddmr_trt/cmake/dddmr_trtConfig-version.cmake
[1.738s] -- Symlinking: /root/dddmr_navigation/install/dddmr_trt/share/dddmr_trt/package.xml
