[0.039s] Invoking command in '/root/dddmr_navigation/build/pose_graph_merge_editor_panel': CMAKE_PREFIX_PATH=${CMAKE_PREFIX_PATH}:/opt/ros/humble /usr/bin/cmake /root/dddmr_navigation/src/dddmr_rviz_tools/pose_graph_merge_editor_panel -DAMENT_CMAKE_SYMLINK_INSTALL=1 -DCMAKE_INSTALL_PREFIX=/root/dddmr_navigation/install/pose_graph_merge_editor_panel
[0.047s] -- Found ament_cmake: 1.3.14 (/opt/ros/humble/share/ament_cmake/cmake)
[0.145s] -- Override CMake install command with custom implementation using symlinks instead of copying resources
[0.150s] -- Found rviz_ogre_vendor: 11.2.26 (/opt/ros/humble/share/rviz_ogre_vendor/cmake)
[0.151s] -- Setting OGRE_DIR to: '/opt/ros/humble/share/rviz_ogre_vendor/cmake/../../../opt/rviz_ogre_vendor/lib/OGRE/cmake'
[0.152s] -- Found OGRE
[0.152s] --   static     : OFF
[0.152s] --   components : HLMS;MeshLodGenerator;Overlay;Paging;Property;RTShaderSystem;Terrain;Volume
[0.152s] --   plugins    : Plugin_BSPSceneManager;Plugin_OctreeSceneManager;Plugin_PCZSceneManager;Plugin_ParticleFX;RenderSystem_GL;RenderSystem_GL3Plus;Codec_STBI
[0.152s] --   media      : /opt/ros/humble/opt/rviz_ogre_vendor/share/OGRE/Media
[0.152s] -- OGRE_LIBRARIES: OgreHLMS;OgreMeshLodGenerator;OgreOverlay;OgrePaging;OgreProperty;OgreRTShaderSystem;OgreTerrain;OgreVolume;OgreMain
[0.152s] -- OGRE_LIBRARY_DIRS: /opt/ros/humble/opt/rviz_ogre_vendor/lib
[0.152s] -- OGRE_PLUGINS: Plugin_BSPSceneManager;Plugin_OctreeSceneManager;Plugin_PCZSceneManager;Plugin_ParticleFX;RenderSystem_GL;RenderSystem_GL3Plus;Codec_STBI
[0.153s] -- OGRE_PLUGIN_DIR: /opt/ros/humble/opt/rviz_ogre_vendor/lib/OGRE
[0.153s] -- rviz_ogre_vendor::OgreOverlay for IMPORTED_LOCATION_RELEASE: /opt/ros/humble/opt/rviz_ogre_vendor/lib/libOgreOverlay.so
[0.153s] -- rviz_ogre_vendor::OgreOverlay for IMPORTED_LOCATION_DEBUG: /opt/ros/humble/opt/rviz_ogre_vendor/lib/libOgreOverlay.so
[0.154s] -- rviz_ogre_vendor::OgreMain for IMPORTED_LOCATION_RELEASE: /opt/ros/humble/opt/rviz_ogre_vendor/lib/libOgreMain.so
[0.154s] -- rviz_ogre_vendor::OgreMain for IMPORTED_LOCATION_DEBUG: /opt/ros/humble/opt/rviz_ogre_vendor/lib/libOgreMain.so
[0.205s] -- Found pluginlib: 5.1.4 (/opt/ros/humble/share/pluginlib/cmake)
[0.231s] -- Found rclcpp: 16.0.19 (/opt/ros/humble/share/rclcpp/cmake)
[0.253s] -- Found rosidl_generator_c: 3.1.8 (/opt/ros/humble/share/rosidl_generator_c/cmake)
[0.256s] -- Found rosidl_adapter: 3.1.8 (/opt/ros/humble/share/rosidl_adapter/cmake)
[0.264s] -- Found rosidl_generator_cpp: 3.1.8 (/opt/ros/humble/share/rosidl_generator_cpp/cmake)
[0.277s] -- Using all available rosidl_typesupport_c: rosidl_typesupport_fastrtps_c;rosidl_typesupport_introspection_c
[0.289s] -- Using all available rosidl_typesupport_cpp: rosidl_typesupport_fastrtps_cpp;rosidl_typesupport_introspection_cpp
[0.322s] -- Found rmw_implementation_cmake: 6.1.2 (/opt/ros/humble/share/rmw_implementation_cmake/cmake)
[0.323s] -- Found rmw_fastrtps_cpp: 6.2.10 (/opt/ros/humble/share/rmw_fastrtps_cpp/cmake)
[0.344s] -- Found TinyXML2 via Config file: TinyXML2_DIR-NOTFOUND
[0.353s] -- Found TinyXML2 via Config file: TinyXML2_DIR-NOTFOUND
[0.365s] -- Found TinyXML2 via Config file: TinyXML2_DIR-NOTFOUND
[0.375s] -- Found TinyXML2 via Config file: TinyXML2_DIR-NOTFOUND
[0.384s] -- Using RMW implementation 'rmw_fastrtps_cpp' as default
[0.452s] -- Found rviz_assimp_vendor: 11.2.26 (/opt/ros/humble/share/rviz_assimp_vendor/cmake)
[0.452s] -- Setting assimp_DIR to: '/opt/ros/humble/share/rviz_assimp_vendor/cmake/../../../opt/rviz_assimp_vendor/lib/cmake/assimp-4.1'
[0.456s] -- Found rviz_rendering: 11.2.26 (/opt/ros/humble/share/rviz_rendering/cmake)
[0.499s] -- library: /usr/lib/x86_64-linux-gnu/libcurl.so
[0.502s] -- Found rviz_common: 11.2.26 (/opt/ros/humble/share/rviz_common/cmake)
[0.547s] -- Ensuring Eigen3 include directory is part of orocos-kdl CMake target
[0.751s] -- Configuring done
[0.803s] -- Generating done
[0.809s] -- Build files have been written to: /root/dddmr_navigation/build/pose_graph_merge_editor_panel
[0.818s] Invoked command in '/root/dddmr_navigation/build/pose_graph_merge_editor_panel' returned '0': CMAKE_PREFIX_PATH=${CMAKE_PREFIX_PATH}:/opt/ros/humble /usr/bin/cmake /root/dddmr_navigation/src/dddmr_rviz_tools/pose_graph_merge_editor_panel -DAMENT_CMAKE_SYMLINK_INSTALL=1 -DCMAKE_INSTALL_PREFIX=/root/dddmr_navigation/install/pose_graph_merge_editor_panel
[0.820s] Invoking command in '/root/dddmr_navigation/build/pose_graph_merge_editor_panel': CMAKE_PREFIX_PATH=${CMAKE_PREFIX_PATH}:/opt/ros/humble /usr/bin/cmake --build /root/dddmr_navigation/build/pose_graph_merge_editor_panel -- -j28 -l28
[0.874s] [ 20%] [34m[1mAutomatic UIC for target pose_graph_merge_editor_panel[0m
[0.892s] [ 20%] Built target pose_graph_merge_editor_panel_autogen
[0.906s] [35m[1mConsolidate compiler generated dependencies of target pose_graph_merge_editor_panel[0m
[0.933s] [100%] Built target pose_graph_merge_editor_panel
[0.945s] Invoked command in '/root/dddmr_navigation/build/pose_graph_merge_editor_panel' returned '0': CMAKE_PREFIX_PATH=${CMAKE_PREFIX_PATH}:/opt/ros/humble /usr/bin/cmake --build /root/dddmr_navigation/build/pose_graph_merge_editor_panel -- -j28 -l28
[0.948s] Invoking command in '/root/dddmr_navigation/build/pose_graph_merge_editor_panel': CMAKE_PREFIX_PATH=${CMAKE_PREFIX_PATH}:/opt/ros/humble /usr/bin/cmake --install /root/dddmr_navigation/build/pose_graph_merge_editor_panel
[0.958s] -- Install configuration: "Release"
[0.959s] -- Execute custom install script
[0.959s] -- Symlinking: /root/dddmr_navigation/install/pose_graph_merge_editor_panel/share/pose_graph_merge_editor_panel//plugin_description.xml
[0.967s] -- Symlinking: /root/dddmr_navigation/install/pose_graph_merge_editor_panel/share/pose_graph_merge_editor_panel/environment/library_path.sh
[0.978s] -- Symlinking: /root/dddmr_navigation/install/pose_graph_merge_editor_panel/share/pose_graph_merge_editor_panel/environment/library_path.dsv
[0.988s] -- Symlinking: /root/dddmr_navigation/install/pose_graph_merge_editor_panel/include/pose_graph_merge_editor_panel/pose_graph_merge_editor_panel.h
[0.996s] -- Symlinking: /root/dddmr_navigation/install/pose_graph_merge_editor_panel/share/ament_index/resource_index/package_run_dependencies/pose_graph_merge_editor_panel
[1.005s] -- Symlinking: /root/dddmr_navigation/install/pose_graph_merge_editor_panel/share/ament_index/resource_index/parent_prefix_path/pose_graph_merge_editor_panel
[1.016s] -- Symlinking: /root/dddmr_navigation/install/pose_graph_merge_editor_panel/share/pose_graph_merge_editor_panel/environment/ament_prefix_path.sh
[1.023s] -- Symlinking: /root/dddmr_navigation/install/pose_graph_merge_editor_panel/share/pose_graph_merge_editor_panel/environment/ament_prefix_path.dsv
[1.032s] -- Symlinking: /root/dddmr_navigation/install/pose_graph_merge_editor_panel/share/pose_graph_merge_editor_panel/environment/path.sh
[1.040s] -- Symlinking: /root/dddmr_navigation/install/pose_graph_merge_editor_panel/share/pose_graph_merge_editor_panel/environment/path.dsv
[1.047s] -- Symlinking: /root/dddmr_navigation/install/pose_graph_merge_editor_panel/share/pose_graph_merge_editor_panel/local_setup.bash
[1.054s] -- Symlinking: /root/dddmr_navigation/install/pose_graph_merge_editor_panel/share/pose_graph_merge_editor_panel/local_setup.sh
[1.062s] -- Symlinking: /root/dddmr_navigation/install/pose_graph_merge_editor_panel/share/pose_graph_merge_editor_panel/local_setup.zsh
[1.070s] -- Symlinking: /root/dddmr_navigation/install/pose_graph_merge_editor_panel/share/pose_graph_merge_editor_panel/local_setup.dsv
[1.078s] -- Symlinking: /root/dddmr_navigation/install/pose_graph_merge_editor_panel/share/pose_graph_merge_editor_panel/package.dsv
[1.087s] -- Symlinking: /root/dddmr_navigation/install/pose_graph_merge_editor_panel/share/ament_index/resource_index/packages/pose_graph_merge_editor_panel
[1.099s] -- Symlinking: /root/dddmr_navigation/install/pose_graph_merge_editor_panel/share/ament_index/resource_index/rviz_common__pluginlib__plugin/pose_graph_merge_editor_panel
[1.109s] -- Symlinking: /root/dddmr_navigation/install/pose_graph_merge_editor_panel/share/pose_graph_merge_editor_panel/cmake/ament_cmake_export_targets-extras.cmake
[1.117s] -- Symlinking: /root/dddmr_navigation/install/pose_graph_merge_editor_panel/share/pose_graph_merge_editor_panel/cmake/ament_cmake_export_dependencies-extras.cmake
[1.124s] -- Symlinking: /root/dddmr_navigation/install/pose_graph_merge_editor_panel/share/pose_graph_merge_editor_panel/cmake/ament_cmake_export_include_directories-extras.cmake
[1.132s] -- Symlinking: /root/dddmr_navigation/install/pose_graph_merge_editor_panel/share/pose_graph_merge_editor_panel/cmake/ament_cmake_export_libraries-extras.cmake
[1.142s] -- Symlinking: /root/dddmr_navigation/install/pose_graph_merge_editor_panel/share/pose_graph_merge_editor_panel/cmake/pose_graph_merge_editor_panelConfig.cmake
[1.149s] -- Symlinking: /root/dddmr_navigation/install/pose_graph_merge_editor_panel/share/pose_graph_merge_editor_panel/cmake/pose_graph_merge_editor_panelConfig-version.cmake
[1.160s] -- Symlinking: /root/dddmr_navigation/install/pose_graph_merge_editor_panel/share/pose_graph_merge_editor_panel/package.xml
[1.168s] -- Installing: /root/dddmr_navigation/install/pose_graph_merge_editor_panel/lib/libpose_graph_merge_editor_panel.so
[1.169s] -- Set runtime path of "/root/dddmr_navigation/install/pose_graph_merge_editor_panel/lib/libpose_graph_merge_editor_panel.so" to ""
[1.169s] -- Installing: /root/dddmr_navigation/install/pose_graph_merge_editor_panel/share/pose_graph_merge_editor_panel/cmake/pose_graph_merge_editor_panelExport.cmake
[1.169s] -- Installing: /root/dddmr_navigation/install/pose_graph_merge_editor_panel/share/pose_graph_merge_editor_panel/cmake/pose_graph_merge_editor_panelExport-release.cmake
[1.172s] Invoked command in '/root/dddmr_navigation/build/pose_graph_merge_editor_panel' returned '0': CMAKE_PREFIX_PATH=${CMAKE_PREFIX_PATH}:/opt/ros/humble /usr/bin/cmake --install /root/dddmr_navigation/build/pose_graph_merge_editor_panel
