-- The C compiler identification is GNU 13.4.0
-- The CXX compiler identification is GNU 13.4.0
-- Detecting C compiler ABI info
-- Detecting C compiler ABI info - done
-- Check for working C compiler: /usr/bin/cc - skipped
-- Detecting C compile features
-- Detecting C compile features - done
-- Detecting CXX compiler ABI info
-- Detecting CXX compiler ABI info - done
-- Check for working CXX compiler: /usr/bin/c++ - skipped
-- Detecting CXX compile features
-- Detecting CXX compile features - done
-- Found ament_cmake: 1.3.14 (/opt/ros/humble/share/ament_cmake/cmake)
-- Found Python3: /usr/bin/python3 (found version "3.10.12") found components: Interpreter 
-- Override CMake install command with custom implementation using symlinks instead of copying resources
-- Configuring done
-- Generating done
-- Build files have been written to: /ws_gz/build/champ_bringup
Built target ament_cmake_python_symlink_champ_bringup
running egg_info
creating champ_bringup.egg-info
writing champ_bringup.egg-info/PKG-INFO
writing dependency_links to champ_bringup.egg-info/dependency_links.txt
writing top-level names to champ_bringup.egg-info/top_level.txt
writing manifest file 'champ_bringup.egg-info/SOURCES.txt'
reading manifest file 'champ_bringup.egg-info/SOURCES.txt'
writing manifest file 'champ_bringup.egg-info/SOURCES.txt'
Built target ament_cmake_python_build_champ_bringup_egg
-- Install configuration: "Release"
-- Execute custom install script
-- Symlinking: /ws_gz/install/champ_bringup/share/champ_bringup/launch/bringup.launch
-- Symlinking: /ws_gz/install/champ_bringup/share/champ_bringup/launch/bringup.launch.py
-- Symlinking: /ws_gz/install/champ_bringup/share/champ_bringup/launch/include/laser/d435.launch
-- Symlinking: /ws_gz/install/champ_bringup/share/champ_bringup/launch/include/laser/hokuyo.launch
-- Symlinking: /ws_gz/install/champ_bringup/share/champ_bringup/launch/include/laser/kinect.launch
-- Symlinking: /ws_gz/install/champ_bringup/share/champ_bringup/launch/include/laser/lms1xx.launch
-- Symlinking: /ws_gz/install/champ_bringup/share/champ_bringup/launch/include/laser/realsense.launch
-- Symlinking: /ws_gz/install/champ_bringup/share/champ_bringup/launch/include/laser/rplidar.launch
-- Symlinking: /ws_gz/install/champ_bringup/share/champ_bringup/launch/include/laser/sim.launch
-- Symlinking: /ws_gz/install/champ_bringup/share/champ_bringup/launch/include/laser/sweep.launch
-- Symlinking: /ws_gz/install/champ_bringup/share/champ_bringup/launch/include/laser/xv11.launch
-- Symlinking: /ws_gz/install/champ_bringup/share/champ_bringup/launch/include/laser/ydlidar.launch
-- Symlinking: /ws_gz/install/champ_bringup/share/champ_bringup/launch/include/velocity_smoother.launch
-- Symlinking: /ws_gz/install/champ_bringup/share/champ_bringup/launch/joints_gui.launch
-- Symlinking: /ws_gz/install/champ_bringup/share/champ_bringup/launch/joints_gui.launch.py
-- Symlinking: /ws_gz/install/champ_bringup/share/champ_bringup/environment/pythonpath.sh
-- Symlinking: /ws_gz/install/champ_bringup/share/champ_bringup/environment/pythonpath.dsv
-- Symlinking: /ws_gz/install/champ_bringup/local/lib/python3.10/dist-packages/champ_bringup-0.1.0-py3.10.egg-info/PKG-INFO
-- Symlinking: /ws_gz/install/champ_bringup/local/lib/python3.10/dist-packages/champ_bringup-0.1.0-py3.10.egg-info/SOURCES.txt
-- Symlinking: /ws_gz/install/champ_bringup/local/lib/python3.10/dist-packages/champ_bringup-0.1.0-py3.10.egg-info/dependency_links.txt
-- Symlinking: /ws_gz/install/champ_bringup/local/lib/python3.10/dist-packages/champ_bringup-0.1.0-py3.10.egg-info/top_level.txt
-- Symlinking: /ws_gz/install/champ_bringup/local/lib/python3.10/dist-packages/champ_bringup/__init__.py
-- Symlinking: /ws_gz/install/champ_bringup/local/lib/python3.10/dist-packages/champ_bringup/joint_calibrator_relay.py
-- Symlinking: /ws_gz/install/champ_bringup/lib/champ_bringup/joint_calibrator_relay.py
-- Symlinking: /ws_gz/install/champ_bringup/share/ament_index/resource_index/package_run_dependencies/champ_bringup
-- Symlinking: /ws_gz/install/champ_bringup/share/ament_index/resource_index/parent_prefix_path/champ_bringup
-- Symlinking: /ws_gz/install/champ_bringup/share/champ_bringup/environment/ament_prefix_path.sh
-- Symlinking: /ws_gz/install/champ_bringup/share/champ_bringup/environment/ament_prefix_path.dsv
-- Symlinking: /ws_gz/install/champ_bringup/share/champ_bringup/environment/path.sh
-- Symlinking: /ws_gz/install/champ_bringup/share/champ_bringup/environment/path.dsv
-- Symlinking: /ws_gz/install/champ_bringup/share/champ_bringup/local_setup.bash
-- Symlinking: /ws_gz/install/champ_bringup/share/champ_bringup/local_setup.sh
-- Symlinking: /ws_gz/install/champ_bringup/share/champ_bringup/local_setup.zsh
-- Symlinking: /ws_gz/install/champ_bringup/share/champ_bringup/local_setup.dsv
-- Symlinking: /ws_gz/install/champ_bringup/share/champ_bringup/package.dsv
-- Symlinking: /ws_gz/install/champ_bringup/share/ament_index/resource_index/packages/champ_bringup
-- Symlinking: /ws_gz/install/champ_bringup/share/champ_bringup/cmake/champ_bringupConfig.cmake
-- Symlinking: /ws_gz/install/champ_bringup/share/champ_bringup/cmake/champ_bringupConfig-version.cmake
-- Symlinking: /ws_gz/install/champ_bringup/share/champ_bringup/package.xml
Listing '/ws_gz/install/champ_bringup/local/lib/python3.10/dist-packages/champ_bringup'...
Compiling '/ws_gz/install/champ_bringup/local/lib/python3.10/dist-packages/champ_bringup/__init__.py'...
Compiling '/ws_gz/install/champ_bringup/local/lib/python3.10/dist-packages/champ_bringup/joint_calibrator_relay.py'...
