[0.123s] Invoking command in '/root/dddmr_navigation/build/lego_loam_bor': CMAKE_PREFIX_PATH=/root/dddmr_navigation/install/dddmr_trt:/root/dddmr_navigation/install/dddmr_sys_core:/root/dddmr_navigation/install/cloud_msgs:/root/dddmr_navigation/install/p2p_move_base:/root/dddmr_navigation/install/recovery_behaviors:/root/dddmr_navigation/install/local_planner:/root/dddmr_navigation/install/trajectory_generators:/root/dddmr_navigation/install/pose_graph_merge_editor_panel:/root/dddmr_navigation/install/pose_graph_editor_panel:/root/dddmr_navigation/install/perception_3d:/root/dddmr_navigation/install/mpc_critics:/root/dddmr_navigation/install/mcl_3dl:/root/dddmr_navigation/install/mapping_panel:/root/dddmr_navigation/install/map_editor_panel:/root/dddmr_navigation/install/lego_loam_bor:/root/dddmr_navigation/install/global_planner:/root/dddmr_navigation/install/fast_lio:/root/dddmr_navigation/install/dddmr_semantic_segmentation:/root/dddmr_navigation/install/dddmr_rviz_default_plugins:/root/dddmr_navigation/install/dddmr_odom_3d:/root/dddmr_navigation/install/dddmr_fastlio_adapter:/root/dddmr_navigation/install/dddmr_beginner_guide:/root/dddmr_navigation/install/base_trajectory:/root/livox_ws/install/livox_ros_driver2:/opt/ros/humble LD_LIBRARY_PATH=/root/dddmr_navigation/install/dddmr_sys_core/lib:/root/dddmr_navigation/install/cloud_msgs/lib:/root/dddmr_navigation/install/p2p_move_base/lib:/root/dddmr_navigation/install/recovery_behaviors/lib:/root/dddmr_navigation/install/local_planner/lib:/root/dddmr_navigation/install/trajectory_generators/lib:/root/dddmr_navigation/install/pose_graph_merge_editor_panel/lib:/root/dddmr_navigation/install/pose_graph_editor_panel/lib:/root/dddmr_navigation/install/perception_3d/lib:/root/dddmr_navigation/install/mpc_critics/lib:/root/dddmr_navigation/install/mcl_3dl/lib:/root/dddmr_navigation/install/mapping_panel/lib:/root/dddmr_navigation/install/map_editor_panel/lib:/root/dddmr_navigation/install/lego_loam_bor/lib:/root/dddmr_navigation/install/global_planner/lib:/root/dddmr_navigation/install/fast_lio/lib:/root/dddmr_navigation/install/dddmr_rviz_default_plugins/lib:/root/dddmr_navigation/install/base_trajectory/lib:/root/livox_ws/install/livox_ros_driver2/lib:/opt/ros/humble/opt/rviz_ogre_vendor/lib:/opt/ros/humble/lib/x86_64-linux-gnu:/opt/ros/humble/lib /usr/bin/cmake /root/dddmr_navigation/src/dddmr_lego_loam/lego_loam_bor -DCMAKE_INSTALL_PREFIX=/root/dddmr_navigation/install/lego_loam_bor
[0.206s] -- Found ament_cmake: 1.3.14 (/opt/ros/humble/share/ament_cmake/cmake)
[1.127s] -- Override CMake install command with custom implementation using symlinks instead of copying resources
[1.177s] -- Found rclcpp: 16.0.19 (/opt/ros/humble/share/rclcpp/cmake)
[1.374s] -- Found rosidl_generator_c: 3.1.8 (/opt/ros/humble/share/rosidl_generator_c/cmake)
[1.399s] -- Found rosidl_adapter: 3.1.8 (/opt/ros/humble/share/rosidl_adapter/cmake)
[1.452s] -- Found rosidl_generator_cpp: 3.1.8 (/opt/ros/humble/share/rosidl_generator_cpp/cmake)
[1.531s] -- Using all available rosidl_typesupport_c: rosidl_typesupport_fastrtps_c;rosidl_typesupport_introspection_c
[1.634s] -- Using all available rosidl_typesupport_cpp: rosidl_typesupport_fastrtps_cpp;rosidl_typesupport_introspection_cpp
[1.852s] -- Found rmw_implementation_cmake: 6.1.2 (/opt/ros/humble/share/rmw_implementation_cmake/cmake)
[1.867s] -- Found rmw_fastrtps_cpp: 6.2.10 (/opt/ros/humble/share/rmw_fastrtps_cpp/cmake)
[2.763s] -- Using RMW implementation 'rmw_fastrtps_cpp' as default
[3.079s] -- Found rclcpp_action: 16.0.19 (/opt/ros/humble/share/rclcpp_action/cmake)
[3.311s] -- Found rclcpp_lifecycle: 16.0.19 (/opt/ros/humble/share/rclcpp_lifecycle/cmake)
[3.437s] -- Found rclcpp_components: 16.0.19 (/opt/ros/humble/share/rclcpp_components/cmake)
[3.570s] -- Found std_srvs: 4.9.1 (/opt/ros/humble/share/std_srvs/cmake)
[3.633s] -- Found sensor_msgs: 4.9.1 (/opt/ros/humble/share/sensor_msgs/cmake)
[3.816s] -- Found nav_msgs: 4.9.1 (/opt/ros/humble/share/nav_msgs/cmake)
[3.923s] -- Found visualization_msgs: 4.9.1 (/opt/ros/humble/share/visualization_msgs/cmake)
[4.046s] -- Found tf2_ros: 0.25.20 (/opt/ros/humble/share/tf2_ros/cmake)
[4.256s] -- Found tf2_geometry_msgs: 0.25.20 (/opt/ros/humble/share/tf2_geometry_msgs/cmake)
[4.276s] -- Found eigen3_cmake_module: 0.1.1 (/opt/ros/humble/share/eigen3_cmake_module/cmake)
[4.285s] -- Ensuring Eigen3 include directory is part of orocos-kdl CMake target
[4.294s] -- Found tf2_sensor_msgs: 0.25.20 (/opt/ros/humble/share/tf2_sensor_msgs/cmake)
[4.321s] -- Found tf2_eigen: 0.25.20 (/opt/ros/humble/share/tf2_eigen/cmake)
[4.336s] -- Found cloud_msgs: 0.0.0 (/root/dddmr_navigation/install/cloud_msgs/share/cloud_msgs/cmake)
[4.496s] -- Found pluginlib: 5.1.4 (/opt/ros/humble/share/pluginlib/cmake)
[4.627s] -- Found rosbag2_cpp: 0.15.16 (/opt/ros/humble/share/rosbag2_cpp/cmake)
[4.674s] -- Found pcl_conversions: 2.4.5 (/opt/ros/humble/share/pcl_conversions/cmake)
[5.054s] -- FLANN found (include: /usr/include, lib: /usr/lib/x86_64-linux-gnu/libflann_cpp.so)
[6.852s] -- Found OpenMP_CXX: -fopenmp (found version "4.5") 
[6.854s] -- Found OpenMP: TRUE (found version "4.5") found components: CXX 
[6.955s] -- OpenNI found (version: 1.5.4.0, include: /usr/include/ni, lib: /usr/lib/libOpenNI.so;libusb::libusb)
[7.000s] -- OpenNI2 found (version: 2.2.0.33, include: /usr/include/openni2, lib: /usr/lib/x86_64-linux-gnu/libOpenNI2.so;libusb::libusb)
[7.017s] -- Found Pcap: /usr/lib/x86_64-linux-gnu/libpcap.so  
[7.066s] -- Found ZLIB: /usr/lib/x86_64-linux-gnu/libz.so (found version "1.2.11") 
[7.152s] -- Found PNG: /usr/lib/x86_64-linux-gnu/libpng.so (found version "1.6.37") 
[9.345s] -- OpenNI found (version: 1.5.4.0, include: /usr/include/ni, lib: /usr/lib/libOpenNI.so;libusb::libusb)
[9.389s] -- OpenNI2 found (version: 2.2.0.33, include: /usr/include/openni2, lib: /usr/lib/x86_64-linux-gnu/libOpenNI2.so;libusb::libusb)
[11.166s] -- Found Qhull version 8.0.2
[13.255s] -- Found Boost: /usr/lib/x86_64-linux-gnu/cmake/Boost-1.74.0/BoostConfig.cmake (found version "1.74.0") found components: filesystem serialization system thread date_time regex timer chrono 
[13.324s] -- Found Boost: /usr/lib/x86_64-linux-gnu/cmake/Boost-1.74.0/BoostConfig.cmake (found suitable version "1.74.0", minimum required is "1.65") found components: serialization system filesystem thread program_options date_time timer chrono regex 
[13.346s] [33mCMake Warning (dev) at CMakeLists.txt:33 (find_package):
[13.347s]   Policy CMP0074 is not set: find_package uses <PackageName>_ROOT variables.
[13.348s]   Run "cmake --help-policy CMP0074" for policy details.  Use the cmake_policy
[13.349s]   command to set the policy and suppress this warning.
[13.350s] 
[13.350s]   CMake variable PCL_ROOT is set to:
[13.351s] 
[13.351s]     /usr
[13.351s] 
[13.352s]   For compatibility, CMake is ignoring the variable.
[13.352s] This warning is for project developers.  Use -Wno-dev to suppress it.
[13.353s] [0m
[13.355s] -- GTSAM include directory:  /usr/local/lib/cmake/GTSAM/../../../include
[13.440s] -- Found cv_bridge: 3.2.1 (/opt/ros/humble/share/cv_bridge/cmake)
[13.456s] -- Found image_geometry: 3.2.1 (/opt/ros/humble/share/image_geometry/cmake)
[13.482s] -- Found dddmr_trt: 0.0.0 (/root/dddmr_navigation/install/dddmr_trt/share/dddmr_trt/cmake)
[13.491s] -- Found dddmr_sys_core: 1.0.0 (/root/dddmr_navigation/install/dddmr_sys_core/share/dddmr_sys_core/cmake)
[13.702s] -- TensorRT is disabled.
[16.762s] -- TensorRT is disabled.
[17.259s] -- Configuring done
[20.202s] -- Generating done
[20.833s] -- Build files have been written to: /root/dddmr_navigation/build/lego_loam_bor
[20.932s] Invoked command in '/root/dddmr_navigation/build/lego_loam_bor' returned '0': CMAKE_PREFIX_PATH=/root/dddmr_navigation/install/dddmr_trt:/root/dddmr_navigation/install/dddmr_sys_core:/root/dddmr_navigation/install/cloud_msgs:/root/dddmr_navigation/install/p2p_move_base:/root/dddmr_navigation/install/recovery_behaviors:/root/dddmr_navigation/install/local_planner:/root/dddmr_navigation/install/trajectory_generators:/root/dddmr_navigation/install/pose_graph_merge_editor_panel:/root/dddmr_navigation/install/pose_graph_editor_panel:/root/dddmr_navigation/install/perception_3d:/root/dddmr_navigation/install/mpc_critics:/root/dddmr_navigation/install/mcl_3dl:/root/dddmr_navigation/install/mapping_panel:/root/dddmr_navigation/install/map_editor_panel:/root/dddmr_navigation/install/lego_loam_bor:/root/dddmr_navigation/install/global_planner:/root/dddmr_navigation/install/fast_lio:/root/dddmr_navigation/install/dddmr_semantic_segmentation:/root/dddmr_navigation/install/dddmr_rviz_default_plugins:/root/dddmr_navigation/install/dddmr_odom_3d:/root/dddmr_navigation/install/dddmr_fastlio_adapter:/root/dddmr_navigation/install/dddmr_beginner_guide:/root/dddmr_navigation/install/base_trajectory:/root/livox_ws/install/livox_ros_driver2:/opt/ros/humble LD_LIBRARY_PATH=/root/dddmr_navigation/install/dddmr_sys_core/lib:/root/dddmr_navigation/install/cloud_msgs/lib:/root/dddmr_navigation/install/p2p_move_base/lib:/root/dddmr_navigation/install/recovery_behaviors/lib:/root/dddmr_navigation/install/local_planner/lib:/root/dddmr_navigation/install/trajectory_generators/lib:/root/dddmr_navigation/install/pose_graph_merge_editor_panel/lib:/root/dddmr_navigation/install/pose_graph_editor_panel/lib:/root/dddmr_navigation/install/perception_3d/lib:/root/dddmr_navigation/install/mpc_critics/lib:/root/dddmr_navigation/install/mcl_3dl/lib:/root/dddmr_navigation/install/mapping_panel/lib:/root/dddmr_navigation/install/map_editor_panel/lib:/root/dddmr_navigation/install/lego_loam_bor/lib:/root/dddmr_navigation/install/global_planner/lib:/root/dddmr_navigation/install/fast_lio/lib:/root/dddmr_navigation/install/dddmr_rviz_default_plugins/lib:/root/dddmr_navigation/install/base_trajectory/lib:/root/livox_ws/install/livox_ros_driver2/lib:/opt/ros/humble/opt/rviz_ogre_vendor/lib:/opt/ros/humble/lib/x86_64-linux-gnu:/opt/ros/humble/lib /usr/bin/cmake /root/dddmr_navigation/src/dddmr_lego_loam/lego_loam_bor -DCMAKE_INSTALL_PREFIX=/root/dddmr_navigation/install/lego_loam_bor
[20.943s] Invoking command in '/root/dddmr_navigation/build/lego_loam_bor': CMAKE_PREFIX_PATH=/root/dddmr_navigation/install/dddmr_trt:/root/dddmr_navigation/install/dddmr_sys_core:/root/dddmr_navigation/install/cloud_msgs:/root/dddmr_navigation/install/p2p_move_base:/root/dddmr_navigation/install/recovery_behaviors:/root/dddmr_navigation/install/local_planner:/root/dddmr_navigation/install/trajectory_generators:/root/dddmr_navigation/install/pose_graph_merge_editor_panel:/root/dddmr_navigation/install/pose_graph_editor_panel:/root/dddmr_navigation/install/perception_3d:/root/dddmr_navigation/install/mpc_critics:/root/dddmr_navigation/install/mcl_3dl:/root/dddmr_navigation/install/mapping_panel:/root/dddmr_navigation/install/map_editor_panel:/root/dddmr_navigation/install/lego_loam_bor:/root/dddmr_navigation/install/global_planner:/root/dddmr_navigation/install/fast_lio:/root/dddmr_navigation/install/dddmr_semantic_segmentation:/root/dddmr_navigation/install/dddmr_rviz_default_plugins:/root/dddmr_navigation/install/dddmr_odom_3d:/root/dddmr_navigation/install/dddmr_fastlio_adapter:/root/dddmr_navigation/install/dddmr_beginner_guide:/root/dddmr_navigation/install/base_trajectory:/root/livox_ws/install/livox_ros_driver2:/opt/ros/humble LD_LIBRARY_PATH=/root/dddmr_navigation/install/dddmr_sys_core/lib:/root/dddmr_navigation/install/cloud_msgs/lib:/root/dddmr_navigation/install/p2p_move_base/lib:/root/dddmr_navigation/install/recovery_behaviors/lib:/root/dddmr_navigation/install/local_planner/lib:/root/dddmr_navigation/install/trajectory_generators/lib:/root/dddmr_navigation/install/pose_graph_merge_editor_panel/lib:/root/dddmr_navigation/install/pose_graph_editor_panel/lib:/root/dddmr_navigation/install/perception_3d/lib:/root/dddmr_navigation/install/mpc_critics/lib:/root/dddmr_navigation/install/mcl_3dl/lib:/root/dddmr_navigation/install/mapping_panel/lib:/root/dddmr_navigation/install/map_editor_panel/lib:/root/dddmr_navigation/install/lego_loam_bor/lib:/root/dddmr_navigation/install/global_planner/lib:/root/dddmr_navigation/install/fast_lio/lib:/root/dddmr_navigation/install/dddmr_rviz_default_plugins/lib:/root/dddmr_navigation/install/base_trajectory/lib:/root/livox_ws/install/livox_ros_driver2/lib:/opt/ros/humble/opt/rviz_ogre_vendor/lib:/opt/ros/humble/lib/x86_64-linux-gnu:/opt/ros/humble/lib /usr/bin/cmake --build /root/dddmr_navigation/build/lego_loam_bor -- -j28 -l28
[21.262s] [35m[1mConsolidate compiler generated dependencies of target feature_association[0m
[21.263s] [35m[1mConsolidate compiler generated dependencies of target lego_loam_map_visualization[0m
[21.273s] [35m[1mConsolidate compiler generated dependencies of target image_projection[0m
[21.277s] [35m[1mConsolidate compiler generated dependencies of target pointcloud2occupancy[0m
[21.301s] [35m[1mConsolidate compiler generated dependencies of target opt_icp_gn[0m
[21.465s] [  3%] [32mBuilding CXX object CMakeFiles/opt_icp_gn.dir/src/opt_icp_gn/optimized_ICP_GN.cpp.o[0m
[21.499s] [  6%] [32mBuilding CXX object CMakeFiles/image_projection.dir/src/imageProjection.cpp.o[0m
[21.502s] [ 10%] [32mBuilding CXX object CMakeFiles/pointcloud2occupancy.dir/src/utils/pointcloud2occupancy.cpp.o[0m
[21.503s] [ 13%] [32mBuilding CXX object CMakeFiles/feature_association.dir/src/featureAssociation.cpp.o[0m
[21.504s] [ 16%] [32mBuilding CXX object CMakeFiles/lego_loam_map_visualization.dir/src/utils/lego_loam_map_visualization.cpp.o[0m
[61.654s] [01m[K/root/dddmr_navigation/src/dddmr_lego_loam/lego_loam_bor/src/featureAssociation.cpp:[m[K In destructor ‘[01m[Kvirtual FeatureAssociation::[01;32m[K~FeatureAssociation[m[K()[m[K’:
[61.655s] [01m[K/root/dddmr_navigation/src/dddmr_lego_loam/lego_loam_bor/src/featureAssociation.cpp:117:22:[m[K [01;35m[Kwarning: [m[Kconverting to ‘[01m[Kgeometry_msgs::msg::TransformStamped[m[K’ {aka ‘[01m[Kgeometry_msgs::msg::TransformStamped_<std::allocator<void> >[m[K’} from initializer list would use explicit constructor ‘[01m[Kgeometry_msgs::msg::TransformStamped_<ContainerAllocator>::[01;32m[KTransformStamped_[m[K(rosidl_runtime_cpp::MessageInitialization) [35m[K[with ContainerAllocator = std::allocator<void>][m[K[m[K’
[61.656s]   117 |   [01;35m[K_input_channel.send({})[m[K;
[61.656s]       |   [01;35m[K~~~~~~~~~~~~~~~~~~~^~~~[m[K
[61.657s] [01m[K/root/dddmr_navigation/src/dddmr_lego_loam/lego_loam_bor/src/featureAssociation.cpp:117:22:[m[K [01;36m[Knote: [m[Kin C++11 and above a default constructor can be explicit
[61.658s] [01m[K/root/dddmr_navigation/src/dddmr_lego_loam/lego_loam_bor/src/featureAssociation.cpp:117:22:[m[K [01;35m[Kwarning: [m[Kconverting to ‘[01m[Kgeometry_msgs::msg::TransformStamped[m[K’ {aka ‘[01m[Kgeometry_msgs::msg::TransformStamped_<std::allocator<void> >[m[K’} from initializer list would use explicit constructor ‘[01m[Kgeometry_msgs::msg::TransformStamped_<ContainerAllocator>::[01;32m[KTransformStamped_[m[K(rosidl_runtime_cpp::MessageInitialization) [35m[K[with ContainerAllocator = std::allocator<void>][m[K[m[K’
[61.658s] [01m[K/root/dddmr_navigation/src/dddmr_lego_loam/lego_loam_bor/src/featureAssociation.cpp:117:22:[m[K [01;36m[Knote: [m[Kin C++11 and above a default constructor can be explicit
[61.659s] [01m[K/root/dddmr_navigation/src/dddmr_lego_loam/lego_loam_bor/src/featureAssociation.cpp:117:22:[m[K [01;35m[Kwarning: [m[Kconverting to ‘[01m[Kgeometry_msgs::msg::TransformStamped[m[K’ {aka ‘[01m[Kgeometry_msgs::msg::TransformStamped_<std::allocator<void> >[m[K’} from initializer list would use explicit constructor ‘[01m[Kgeometry_msgs::msg::TransformStamped_<ContainerAllocator>::[01;32m[KTransformStamped_[m[K(rosidl_runtime_cpp::MessageInitialization) [35m[K[with ContainerAllocator = std::allocator<void>][m[K[m[K’
[61.659s] [01m[K/root/dddmr_navigation/src/dddmr_lego_loam/lego_loam_bor/src/featureAssociation.cpp:117:22:[m[K [01;36m[Knote: [m[Kin C++11 and above a default constructor can be explicit
[61.660s] [01m[K/root/dddmr_navigation/src/dddmr_lego_loam/lego_loam_bor/src/featureAssociation.cpp:117:22:[m[K [01;35m[Kwarning: [m[Kconverting to ‘[01m[Kcloud_msgs::msg::CloudInfo[m[K’ {aka ‘[01m[Kcloud_msgs::msg::CloudInfo_<std::allocator<void> >[m[K’} from initializer list would use explicit constructor ‘[01m[Kcloud_msgs::msg::CloudInfo_<ContainerAllocator>::[01;32m[KCloudInfo_[m[K(rosidl_runtime_cpp::MessageInitialization) [35m[K[with ContainerAllocator = std::allocator<void>][m[K[m[K’
[61.660s] [01m[K/root/dddmr_navigation/src/dddmr_lego_loam/lego_loam_bor/src/featureAssociation.cpp:117:22:[m[K [01;36m[Knote: [m[Kin C++11 and above a default constructor can be explicit
[64.856s] [ 20%] [32m[1mLinking CXX shared library libopt_icp_gn.so[0m
[70.555s] [ 23%] [32m[1mLinking CXX executable pointcloud2occupancy[0m
[73.680s] /usr/bin/ld: warning: libpcl_io_ply.so.1.12, needed by /usr/lib/x86_64-linux-gnu/libpcl_io.so, may conflict with libpcl_io_ply.so.1.15
[74.650s] [ 23%] Built target pointcloud2occupancy
[127.976s] [ 23%] Built target opt_icp_gn
[128.070s] [35m[1mConsolidate compiler generated dependencies of target optimized_icp_gn_playground[0m
[128.083s] [35m[1mConsolidate compiler generated dependencies of target map_optimization[0m
[128.090s] [35m[1mConsolidate compiler generated dependencies of target pose_graph_editor[0m
[128.252s] [ 26%] [32mBuilding CXX object CMakeFiles/optimized_icp_gn_playground.dir/src/opt_icp_gn/optimized_ICP_GN_playground.cpp.o[0m
[128.382s] [ 30%] [32mBuilding CXX object CMakeFiles/pose_graph_editor.dir/src/pose_graph_editor/pose_graph_editor.cpp.o[0m
[128.385s] [ 33%] [32mBuilding CXX object CMakeFiles/map_optimization.dir/src/mapOptimization.cpp.o[0m
[136.714s] [ 36%] [32m[1mLinking CXX shared library libimage_projection.so[0m
[145.997s] [ 40%] [32m[1mLinking CXX shared library liblego_loam_map_visualization.so[0m
[146.651s] [ 40%] Built target image_projection
[156.594s] [ 40%] Built target lego_loam_map_visualization
[185.644s] [ 43%] [32m[1mLinking CXX executable optimized_icp_gn_playground[0m
[189.062s] [01m[K/root/dddmr_navigation/src/dddmr_lego_loam/lego_loam_bor/src/mapOptimization.cpp:[m[K In destructor ‘[01m[Kvirtual MapOptimization::[01;32m[K~MapOptimization[m[K()[m[K’:
[189.064s] [01m[K/root/dddmr_navigation/src/dddmr_lego_loam/lego_loam_bor/src/mapOptimization.cpp:353:22:[m[K [01;35m[Kwarning: [m[Kconverting to ‘[01m[Kgeometry_msgs::msg::TransformStamped[m[K’ {aka ‘[01m[Kgeometry_msgs::msg::TransformStamped_<std::allocator<void> >[m[K’} from initializer list would use explicit constructor ‘[01m[Kgeometry_msgs::msg::TransformStamped_<ContainerAllocator>::[01;32m[KTransformStamped_[m[K(rosidl_runtime_cpp::MessageInitialization) [35m[K[with ContainerAllocator = std::allocator<void>][m[K[m[K’
[189.065s]   353 |   [01;35m[K_input_channel.send({})[m[K;
[189.066s]       |   [01;35m[K~~~~~~~~~~~~~~~~~~~^~~~[m[K
[189.066s] [01m[K/root/dddmr_navigation/src/dddmr_lego_loam/lego_loam_bor/src/mapOptimization.cpp:353:22:[m[K [01;36m[Knote: [m[Kin C++11 and above a default constructor can be explicit
[189.067s] [01m[K/root/dddmr_navigation/src/dddmr_lego_loam/lego_loam_bor/src/mapOptimization.cpp:353:22:[m[K [01;35m[Kwarning: [m[Kconverting to ‘[01m[Kgeometry_msgs::msg::TransformStamped[m[K’ {aka ‘[01m[Kgeometry_msgs::msg::TransformStamped_<std::allocator<void> >[m[K’} from initializer list would use explicit constructor ‘[01m[Kgeometry_msgs::msg::TransformStamped_<ContainerAllocator>::[01;32m[KTransformStamped_[m[K(rosidl_runtime_cpp::MessageInitialization) [35m[K[with ContainerAllocator = std::allocator<void>][m[K[m[K’
[189.067s] [01m[K/root/dddmr_navigation/src/dddmr_lego_loam/lego_loam_bor/src/mapOptimization.cpp:353:22:[m[K [01;36m[Knote: [m[Kin C++11 and above a default constructor can be explicit
[189.068s] [01m[K/root/dddmr_navigation/src/dddmr_lego_loam/lego_loam_bor/src/mapOptimization.cpp:353:22:[m[K [01;35m[Kwarning: [m[Kconverting to ‘[01m[Kgeometry_msgs::msg::TransformStamped[m[K’ {aka ‘[01m[Kgeometry_msgs::msg::TransformStamped_<std::allocator<void> >[m[K’} from initializer list would use explicit constructor ‘[01m[Kgeometry_msgs::msg::TransformStamped_<ContainerAllocator>::[01;32m[KTransformStamped_[m[K(rosidl_runtime_cpp::MessageInitialization) [35m[K[with ContainerAllocator = std::allocator<void>][m[K[m[K’
[189.068s] [01m[K/root/dddmr_navigation/src/dddmr_lego_loam/lego_loam_bor/src/mapOptimization.cpp:353:22:[m[K [01;36m[Knote: [m[Kin C++11 and above a default constructor can be explicit
[189.069s] [01m[K/root/dddmr_navigation/src/dddmr_lego_loam/lego_loam_bor/src/mapOptimization.cpp:353:22:[m[K [01;35m[Kwarning: [m[Kconverting to ‘[01m[Knav_msgs::msg::Odometry[m[K’ {aka ‘[01m[Knav_msgs::msg::Odometry_<std::allocator<void> >[m[K’} from initializer list would use explicit constructor ‘[01m[Knav_msgs::msg::Odometry_<ContainerAllocator>::[01;32m[KOdometry_[m[K(rosidl_runtime_cpp::MessageInitialization) [35m[K[with ContainerAllocator = std::allocator<void>][m[K[m[K’
[189.070s] [01m[K/root/dddmr_navigation/src/dddmr_lego_loam/lego_loam_bor/src/mapOptimization.cpp:353:22:[m[K [01;36m[Knote: [m[Kin C++11 and above a default constructor can be explicit
[189.070s] [01m[K/root/dddmr_navigation/src/dddmr_lego_loam/lego_loam_bor/src/mapOptimization.cpp:353:22:[m[K [01;35m[Kwarning: [m[Kconverting to ‘[01m[Knav_msgs::msg::Odometry[m[K’ {aka ‘[01m[Knav_msgs::msg::Odometry_<std::allocator<void> >[m[K’} from initializer list would use explicit constructor ‘[01m[Knav_msgs::msg::Odometry_<ContainerAllocator>::[01;32m[KOdometry_[m[K(rosidl_runtime_cpp::MessageInitialization) [35m[K[with ContainerAllocator = std::allocator<void>][m[K[m[K’
[189.071s] [01m[K/root/dddmr_navigation/src/dddmr_lego_loam/lego_loam_bor/src/mapOptimization.cpp:353:22:[m[K [01;36m[Knote: [m[Kin C++11 and above a default constructor can be explicit
[189.836s] /usr/bin/ld: warning: libpcl_io_ply.so.1.12, needed by /usr/lib/x86_64-linux-gnu/libpcl_io.so, may conflict with libpcl_io_ply.so.1.15
[191.008s] [ 43%] Built target optimized_icp_gn_playground
[217.456s] [ 46%] [32m[1mLinking CXX shared library libfeature_association.so[0m
[231.213s] [ 46%] Built target feature_association
[231.322s] [35m[1mConsolidate compiler generated dependencies of target mcl_feature[0m
[231.563s] [ 50%] [32mBuilding CXX object CMakeFiles/mcl_feature.dir/src/mcl_feature_node.cpp.o[0m
[276.423s] [ 53%] [32m[1mLinking CXX shared library libpose_graph_editor.so[0m
[285.094s] [ 53%] Built target pose_graph_editor
[285.188s] [35m[1mConsolidate compiler generated dependencies of target pose_graph_merge_editor[0m
[285.444s] [ 56%] [32mBuilding CXX object CMakeFiles/pose_graph_merge_editor.dir/src/pose_graph_editor/pose_graph_merge_editor.cpp.o[0m
[297.411s] [ 60%] [32m[1mLinking CXX executable mcl_feature[0m
[307.962s] [ 60%] Built target mcl_feature
[350.592s] [ 63%] [32m[1mLinking CXX shared library libmap_optimization.so[0m
[364.973s] [ 63%] Built target map_optimization
[365.067s] [35m[1mConsolidate compiler generated dependencies of target interactive_pose_graph_editor[0m
[365.308s] [ 66%] [32mBuilding CXX object CMakeFiles/interactive_pose_graph_editor.dir/src/interactive_pose_graph_editor.cpp.o[0m
[412.497s] [ 70%] [32m[1mLinking CXX shared library libpose_graph_merge_editor.so[0m
[420.204s] [ 70%] Built target pose_graph_merge_editor
[420.296s] [35m[1mConsolidate compiler generated dependencies of target pose_graph_editor_node[0m
[420.541s] [ 73%] [32mBuilding CXX object CMakeFiles/pose_graph_editor_node.dir/src/pose_graph_editor/pose_graph_editor_node.cpp.o[0m
[500.414s] [ 76%] [32m[1mLinking CXX shared library libinteractive_pose_graph_editor.so[0m
[512.178s] [ 76%] Built target interactive_pose_graph_editor
[512.278s] [35m[1mConsolidate compiler generated dependencies of target lego_loam_bag[0m
[512.281s] [35m[1mConsolidate compiler generated dependencies of target lego_loam[0m
[512.287s] [35m[1mConsolidate compiler generated dependencies of target lego_loam_bag_lidar2depthimg_node[0m
[512.559s] [ 80%] [32mBuilding CXX object CMakeFiles/lego_loam.dir/src/lego_loam_node.cpp.o[0m
[512.573s] [ 83%] [32mBuilding CXX object CMakeFiles/lego_loam_bag_lidar2depthimg_node.dir/src/utils/lego_loam_bag_lidar2depthimg_node.cpp.o[0m
[512.601s] [ 86%] [32mBuilding CXX object CMakeFiles/lego_loam_bag.dir/src/lego_loam_bag_node.cpp.o[0m
[536.808s] [ 90%] [32m[1mLinking CXX executable pose_graph_editor_node[0m
[546.720s] [ 90%] Built target pose_graph_editor_node
[605.610s] [ 93%] [32m[1mLinking CXX executable lego_loam[0m
[625.739s] [ 93%] Built target lego_loam
[669.594s] [ 96%] [32m[1mLinking CXX executable lego_loam_bag_lidar2depthimg_node[0m
[675.442s] [100%] [32m[1mLinking CXX executable lego_loam_bag[0m
[692.963s] [100%] Built target lego_loam_bag_lidar2depthimg_node
[700.338s] [100%] Built target lego_loam_bag
[700.411s] Invoked command in '/root/dddmr_navigation/build/lego_loam_bor' returned '0': CMAKE_PREFIX_PATH=/root/dddmr_navigation/install/dddmr_trt:/root/dddmr_navigation/install/dddmr_sys_core:/root/dddmr_navigation/install/cloud_msgs:/root/dddmr_navigation/install/p2p_move_base:/root/dddmr_navigation/install/recovery_behaviors:/root/dddmr_navigation/install/local_planner:/root/dddmr_navigation/install/trajectory_generators:/root/dddmr_navigation/install/pose_graph_merge_editor_panel:/root/dddmr_navigation/install/pose_graph_editor_panel:/root/dddmr_navigation/install/perception_3d:/root/dddmr_navigation/install/mpc_critics:/root/dddmr_navigation/install/mcl_3dl:/root/dddmr_navigation/install/mapping_panel:/root/dddmr_navigation/install/map_editor_panel:/root/dddmr_navigation/install/lego_loam_bor:/root/dddmr_navigation/install/global_planner:/root/dddmr_navigation/install/fast_lio:/root/dddmr_navigation/install/dddmr_semantic_segmentation:/root/dddmr_navigation/install/dddmr_rviz_default_plugins:/root/dddmr_navigation/install/dddmr_odom_3d:/root/dddmr_navigation/install/dddmr_fastlio_adapter:/root/dddmr_navigation/install/dddmr_beginner_guide:/root/dddmr_navigation/install/base_trajectory:/root/livox_ws/install/livox_ros_driver2:/opt/ros/humble LD_LIBRARY_PATH=/root/dddmr_navigation/install/dddmr_sys_core/lib:/root/dddmr_navigation/install/cloud_msgs/lib:/root/dddmr_navigation/install/p2p_move_base/lib:/root/dddmr_navigation/install/recovery_behaviors/lib:/root/dddmr_navigation/install/local_planner/lib:/root/dddmr_navigation/install/trajectory_generators/lib:/root/dddmr_navigation/install/pose_graph_merge_editor_panel/lib:/root/dddmr_navigation/install/pose_graph_editor_panel/lib:/root/dddmr_navigation/install/perception_3d/lib:/root/dddmr_navigation/install/mpc_critics/lib:/root/dddmr_navigation/install/mcl_3dl/lib:/root/dddmr_navigation/install/mapping_panel/lib:/root/dddmr_navigation/install/map_editor_panel/lib:/root/dddmr_navigation/install/lego_loam_bor/lib:/root/dddmr_navigation/install/global_planner/lib:/root/dddmr_navigation/install/fast_lio/lib:/root/dddmr_navigation/install/dddmr_rviz_default_plugins/lib:/root/dddmr_navigation/install/base_trajectory/lib:/root/livox_ws/install/livox_ros_driver2/lib:/opt/ros/humble/opt/rviz_ogre_vendor/lib:/opt/ros/humble/lib/x86_64-linux-gnu:/opt/ros/humble/lib /usr/bin/cmake --build /root/dddmr_navigation/build/lego_loam_bor -- -j28 -l28
[700.426s] Invoking command in '/root/dddmr_navigation/build/lego_loam_bor': CMAKE_PREFIX_PATH=/root/dddmr_navigation/install/dddmr_trt:/root/dddmr_navigation/install/dddmr_sys_core:/root/dddmr_navigation/install/cloud_msgs:/root/dddmr_navigation/install/p2p_move_base:/root/dddmr_navigation/install/recovery_behaviors:/root/dddmr_navigation/install/local_planner:/root/dddmr_navigation/install/trajectory_generators:/root/dddmr_navigation/install/pose_graph_merge_editor_panel:/root/dddmr_navigation/install/pose_graph_editor_panel:/root/dddmr_navigation/install/perception_3d:/root/dddmr_navigation/install/mpc_critics:/root/dddmr_navigation/install/mcl_3dl:/root/dddmr_navigation/install/mapping_panel:/root/dddmr_navigation/install/map_editor_panel:/root/dddmr_navigation/install/lego_loam_bor:/root/dddmr_navigation/install/global_planner:/root/dddmr_navigation/install/fast_lio:/root/dddmr_navigation/install/dddmr_semantic_segmentation:/root/dddmr_navigation/install/dddmr_rviz_default_plugins:/root/dddmr_navigation/install/dddmr_odom_3d:/root/dddmr_navigation/install/dddmr_fastlio_adapter:/root/dddmr_navigation/install/dddmr_beginner_guide:/root/dddmr_navigation/install/base_trajectory:/root/livox_ws/install/livox_ros_driver2:/opt/ros/humble LD_LIBRARY_PATH=/root/dddmr_navigation/install/dddmr_sys_core/lib:/root/dddmr_navigation/install/cloud_msgs/lib:/root/dddmr_navigation/install/p2p_move_base/lib:/root/dddmr_navigation/install/recovery_behaviors/lib:/root/dddmr_navigation/install/local_planner/lib:/root/dddmr_navigation/install/trajectory_generators/lib:/root/dddmr_navigation/install/pose_graph_merge_editor_panel/lib:/root/dddmr_navigation/install/pose_graph_editor_panel/lib:/root/dddmr_navigation/install/perception_3d/lib:/root/dddmr_navigation/install/mpc_critics/lib:/root/dddmr_navigation/install/mcl_3dl/lib:/root/dddmr_navigation/install/mapping_panel/lib:/root/dddmr_navigation/install/map_editor_panel/lib:/root/dddmr_navigation/install/lego_loam_bor/lib:/root/dddmr_navigation/install/global_planner/lib:/root/dddmr_navigation/install/fast_lio/lib:/root/dddmr_navigation/install/dddmr_rviz_default_plugins/lib:/root/dddmr_navigation/install/base_trajectory/lib:/root/livox_ws/install/livox_ros_driver2/lib:/opt/ros/humble/opt/rviz_ogre_vendor/lib:/opt/ros/humble/lib/x86_64-linux-gnu:/opt/ros/humble/lib /usr/bin/cmake --install /root/dddmr_navigation/build/lego_loam_bor
[700.471s] -- Install configuration: ""
[700.474s] -- Execute custom install script
[700.476s] -- Up-to-date symlink: /root/dddmr_navigation/install/lego_loam_bor/lib/libopt_icp_gn.so
[700.477s] -- Up-to-date symlink: /root/dddmr_navigation/install/lego_loam_bor/lib/libimage_projection.so
[700.478s] -- Up-to-date symlink: /root/dddmr_navigation/install/lego_loam_bor/lib/libfeature_association.so
[700.478s] -- Up-to-date symlink: /root/dddmr_navigation/install/lego_loam_bor/lib/libmap_optimization.so
[700.479s] -- Up-to-date symlink: /root/dddmr_navigation/install/lego_loam_bor/lib/liblego_loam_map_visualization.so
[700.479s] -- Up-to-date symlink: /root/dddmr_navigation/install/lego_loam_bor/lib/libpose_graph_editor.so
[700.479s] -- Up-to-date symlink: /root/dddmr_navigation/install/lego_loam_bor/lib/libinteractive_pose_graph_editor.so
[700.482s] -- Up-to-date symlink: /root/dddmr_navigation/install/lego_loam_bor/lib/lego_loam_bor/mcl_feature
[700.482s] -- Up-to-date symlink: /root/dddmr_navigation/install/lego_loam_bor/lib/lego_loam_bor/lego_loam
[700.483s] -- Up-to-date symlink: /root/dddmr_navigation/install/lego_loam_bor/lib/lego_loam_bor/lego_loam_bag
[700.483s] -- Up-to-date symlink: /root/dddmr_navigation/install/lego_loam_bor/lib/lego_loam_bor/pose_graph_editor_node
[700.484s] -- Up-to-date symlink: /root/dddmr_navigation/install/lego_loam_bor/lib/lego_loam_bor/pointcloud2occupancy
[700.484s] -- Up-to-date symlink: /root/dddmr_navigation/install/lego_loam_bor/lib/lego_loam_bor/optimized_icp_gn_playground
[700.488s] -- Up-to-date symlink: /root/dddmr_navigation/install/lego_loam_bor/lib/lego_loam_bor/lego_loam_bag_lidar2depthimg_node
[700.490s] -- Up-to-date symlink: /root/dddmr_navigation/install/lego_loam_bor/include//channel.h
[700.492s] -- Up-to-date symlink: /root/dddmr_navigation/install/lego_loam_bor/include//featureAssociation.h
[700.493s] -- Up-to-date symlink: /root/dddmr_navigation/install/lego_loam_bor/include//imageProjection.h
[700.494s] -- Up-to-date symlink: /root/dddmr_navigation/install/lego_loam_bor/include//interactive_pose_graph_editor.h
[700.495s] -- Up-to-date symlink: /root/dddmr_navigation/install/lego_loam_bor/include//lego_loam_map_visualization.hpp
[700.497s] -- Up-to-date symlink: /root/dddmr_navigation/install/lego_loam_bor/include//mapOptimization.h
[700.498s] -- Up-to-date symlink: /root/dddmr_navigation/install/lego_loam_bor/include//opt_icp_gn/common.h
[700.499s] -- Up-to-date symlink: /root/dddmr_navigation/install/lego_loam_bor/include//opt_icp_gn/optimized_ICP_GN.h
[700.500s] -- Up-to-date symlink: /root/dddmr_navigation/install/lego_loam_bor/include//transforms.hpp
[700.500s] -- Up-to-date symlink: /root/dddmr_navigation/install/lego_loam_bor/include//utility.h
[700.500s] -- Up-to-date symlink: /root/dddmr_navigation/install/lego_loam_bor/include//yolo_ros2_image_sub.h
[700.501s] -- Up-to-date symlink: /root/dddmr_navigation/install/lego_loam_bor/share/lego_loam_bor//launch/lego_loam.launch
[700.501s] -- Up-to-date symlink: /root/dddmr_navigation/install/lego_loam_bor/share/lego_loam_bor//launch/lego_loam_bag.launch
[700.501s] -- Up-to-date symlink: /root/dddmr_navigation/install/lego_loam_bor/share/lego_loam_bor//launch/lego_loam_bag_airy.launch
[700.502s] -- Up-to-date symlink: /root/dddmr_navigation/install/lego_loam_bor/share/lego_loam_bor//launch/lego_loam_bag_go2.launch
[700.502s] -- Up-to-date symlink: /root/dddmr_navigation/install/lego_loam_bor/share/lego_loam_bor//launch/lego_loam_bag_lidar2depthimg.launch
[700.502s] -- Up-to-date symlink: /root/dddmr_navigation/install/lego_loam_bor/share/lego_loam_bor//launch/lego_loam_bag_mid360.launch
[700.502s] -- Up-to-date symlink: /root/dddmr_navigation/install/lego_loam_bor/share/lego_loam_bor//launch/lego_loam_bag_yolo.launch
[700.504s] -- Up-to-date symlink: /root/dddmr_navigation/install/lego_loam_bor/share/lego_loam_bor//launch/mcl_feature.launch
[700.505s] -- Up-to-date symlink: /root/dddmr_navigation/install/lego_loam_bor/share/lego_loam_bor//launch/optimized-icp_gn_playground.launch
[700.506s] -- Up-to-date symlink: /root/dddmr_navigation/install/lego_loam_bor/share/lego_loam_bor//launch/pose_graph_editor.launch
[700.508s] -- Up-to-date symlink: /root/dddmr_navigation/install/lego_loam_bor/share/lego_loam_bor//launch/yolo_image_sub_test.launch
[700.509s] -- Up-to-date symlink: /root/dddmr_navigation/install/lego_loam_bor/share/lego_loam_bor//config/loam_bag_airy_config.yaml
[700.510s] -- Up-to-date symlink: /root/dddmr_navigation/install/lego_loam_bor/share/lego_loam_bor//config/loam_bag_c16_config.yaml
[700.510s] -- Up-to-date symlink: /root/dddmr_navigation/install/lego_loam_bor/share/lego_loam_bor//config/loam_bag_go2_config.yaml
[700.511s] -- Up-to-date symlink: /root/dddmr_navigation/install/lego_loam_bor/share/lego_loam_bor//config/loam_bag_lidar2depthimg_config.yaml
[700.512s] -- Up-to-date symlink: /root/dddmr_navigation/install/lego_loam_bor/share/lego_loam_bor//config/loam_bag_mid360_config.yaml
[700.513s] -- Up-to-date symlink: /root/dddmr_navigation/install/lego_loam_bor/share/lego_loam_bor//config/loam_bag_yolo_config.yaml
[700.513s] -- Up-to-date symlink: /root/dddmr_navigation/install/lego_loam_bor/share/lego_loam_bor//config/loam_c16_config.yaml
[700.514s] -- Up-to-date symlink: /root/dddmr_navigation/install/lego_loam_bor/share/lego_loam_bor//config/mcl_c16_config.yaml
[700.514s] -- Up-to-date symlink: /root/dddmr_navigation/install/lego_loam_bor/share/lego_loam_bor//rviz/lego_loam.rviz
[700.514s] -- Up-to-date symlink: /root/dddmr_navigation/install/lego_loam_bor/share/lego_loam_bor//rviz/lego_loam_airy.rviz
[700.515s] -- Up-to-date symlink: /root/dddmr_navigation/install/lego_loam_bor/share/lego_loam_bor//rviz/lego_loam_yolo.rviz
[700.515s] -- Up-to-date symlink: /root/dddmr_navigation/install/lego_loam_bor/share/lego_loam_bor//rviz/optimized_icp_gn_playground.rviz
[700.515s] -- Up-to-date symlink: /root/dddmr_navigation/install/lego_loam_bor/share/lego_loam_bor//rviz/pose_graph_editor.rviz
[700.516s] -- Up-to-date symlink: /root/dddmr_navigation/install/lego_loam_bor/share/lego_loam_bor//rviz/yolo_image_sub_test.rviz
[700.516s] -- Up-to-date symlink: /root/dddmr_navigation/install/lego_loam_bor/share/lego_loam_bor//pcd/feature.pcd
[700.516s] -- Up-to-date symlink: /root/dddmr_navigation/install/lego_loam_bor/share/lego_loam_bor//engine/onnx2trt.bash
[700.516s] -- Up-to-date symlink: /root/dddmr_navigation/install/lego_loam_bor/share/lego_loam_bor//engine/yolo11n_dddmr.onnx
[700.518s] -- Up-to-date symlink: /root/dddmr_navigation/install/lego_loam_bor/share/lego_loam_bor/environment/library_path.sh
[700.519s] -- Up-to-date symlink: /root/dddmr_navigation/install/lego_loam_bor/share/lego_loam_bor/environment/library_path.dsv
[700.520s] -- Up-to-date symlink: /root/dddmr_navigation/install/lego_loam_bor/share/ament_index/resource_index/package_run_dependencies/lego_loam_bor
[700.520s] -- Up-to-date symlink: /root/dddmr_navigation/install/lego_loam_bor/share/ament_index/resource_index/parent_prefix_path/lego_loam_bor
[700.520s] -- Up-to-date symlink: /root/dddmr_navigation/install/lego_loam_bor/share/lego_loam_bor/environment/ament_prefix_path.sh
[700.520s] -- Up-to-date symlink: /root/dddmr_navigation/install/lego_loam_bor/share/lego_loam_bor/environment/ament_prefix_path.dsv
[700.521s] -- Up-to-date symlink: /root/dddmr_navigation/install/lego_loam_bor/share/lego_loam_bor/environment/path.sh
[700.521s] -- Up-to-date symlink: /root/dddmr_navigation/install/lego_loam_bor/share/lego_loam_bor/environment/path.dsv
[700.521s] -- Up-to-date symlink: /root/dddmr_navigation/install/lego_loam_bor/share/lego_loam_bor/local_setup.bash
[700.522s] -- Up-to-date symlink: /root/dddmr_navigation/install/lego_loam_bor/share/lego_loam_bor/local_setup.sh
[700.522s] -- Up-to-date symlink: /root/dddmr_navigation/install/lego_loam_bor/share/lego_loam_bor/local_setup.zsh
[700.522s] -- Up-to-date symlink: /root/dddmr_navigation/install/lego_loam_bor/share/lego_loam_bor/local_setup.dsv
[700.522s] -- Symlinking: /root/dddmr_navigation/install/lego_loam_bor/share/lego_loam_bor/package.dsv
[700.574s] -- Up-to-date symlink: /root/dddmr_navigation/install/lego_loam_bor/share/ament_index/resource_index/packages/lego_loam_bor
[700.575s] -- Up-to-date symlink: /root/dddmr_navigation/install/lego_loam_bor/share/lego_loam_bor/cmake/ament_cmake_export_include_directories-extras.cmake
[700.576s] -- Up-to-date symlink: /root/dddmr_navigation/install/lego_loam_bor/share/lego_loam_bor/cmake/ament_cmake_export_libraries-extras.cmake
[700.577s] -- Up-to-date symlink: /root/dddmr_navigation/install/lego_loam_bor/share/lego_loam_bor/cmake/ament_cmake_export_dependencies-extras.cmake
[700.578s] -- Up-to-date symlink: /root/dddmr_navigation/install/lego_loam_bor/share/lego_loam_bor/cmake/lego_loam_borConfig.cmake
[700.578s] -- Up-to-date symlink: /root/dddmr_navigation/install/lego_loam_bor/share/lego_loam_bor/cmake/lego_loam_borConfig-version.cmake
[700.579s] -- Up-to-date symlink: /root/dddmr_navigation/install/lego_loam_bor/share/lego_loam_bor/package.xml
[700.591s] Invoked command in '/root/dddmr_navigation/build/lego_loam_bor' returned '0': CMAKE_PREFIX_PATH=/root/dddmr_navigation/install/dddmr_trt:/root/dddmr_navigation/install/dddmr_sys_core:/root/dddmr_navigation/install/cloud_msgs:/root/dddmr_navigation/install/p2p_move_base:/root/dddmr_navigation/install/recovery_behaviors:/root/dddmr_navigation/install/local_planner:/root/dddmr_navigation/install/trajectory_generators:/root/dddmr_navigation/install/pose_graph_merge_editor_panel:/root/dddmr_navigation/install/pose_graph_editor_panel:/root/dddmr_navigation/install/perception_3d:/root/dddmr_navigation/install/mpc_critics:/root/dddmr_navigation/install/mcl_3dl:/root/dddmr_navigation/install/mapping_panel:/root/dddmr_navigation/install/map_editor_panel:/root/dddmr_navigation/install/lego_loam_bor:/root/dddmr_navigation/install/global_planner:/root/dddmr_navigation/install/fast_lio:/root/dddmr_navigation/install/dddmr_semantic_segmentation:/root/dddmr_navigation/install/dddmr_rviz_default_plugins:/root/dddmr_navigation/install/dddmr_odom_3d:/root/dddmr_navigation/install/dddmr_fastlio_adapter:/root/dddmr_navigation/install/dddmr_beginner_guide:/root/dddmr_navigation/install/base_trajectory:/root/livox_ws/install/livox_ros_driver2:/opt/ros/humble LD_LIBRARY_PATH=/root/dddmr_navigation/install/dddmr_sys_core/lib:/root/dddmr_navigation/install/cloud_msgs/lib:/root/dddmr_navigation/install/p2p_move_base/lib:/root/dddmr_navigation/install/recovery_behaviors/lib:/root/dddmr_navigation/install/local_planner/lib:/root/dddmr_navigation/install/trajectory_generators/lib:/root/dddmr_navigation/install/pose_graph_merge_editor_panel/lib:/root/dddmr_navigation/install/pose_graph_editor_panel/lib:/root/dddmr_navigation/install/perception_3d/lib:/root/dddmr_navigation/install/mpc_critics/lib:/root/dddmr_navigation/install/mcl_3dl/lib:/root/dddmr_navigation/install/mapping_panel/lib:/root/dddmr_navigation/install/map_editor_panel/lib:/root/dddmr_navigation/install/lego_loam_bor/lib:/root/dddmr_navigation/install/global_planner/lib:/root/dddmr_navigation/install/fast_lio/lib:/root/dddmr_navigation/install/dddmr_rviz_default_plugins/lib:/root/dddmr_navigation/install/base_trajectory/lib:/root/livox_ws/install/livox_ros_driver2/lib:/opt/ros/humble/opt/rviz_ogre_vendor/lib:/opt/ros/humble/lib/x86_64-linux-gnu:/opt/ros/humble/lib /usr/bin/cmake --install /root/dddmr_navigation/build/lego_loam_bor
