-- Found ament_cmake: 1.3.14 (/opt/ros/humble/share/ament_cmake/cmake)
-- Override CMake install command with custom implementation using symlinks instead of copying resources
-- Found rclcpp: 16.0.19 (/opt/ros/humble/share/rclcpp/cmake)
-- Found rosidl_generator_c: 3.1.8 (/opt/ros/humble/share/rosidl_generator_c/cmake)
-- Found rosidl_adapter: 3.1.8 (/opt/ros/humble/share/rosidl_adapter/cmake)
-- Found rosidl_generator_cpp: 3.1.8 (/opt/ros/humble/share/rosidl_generator_cpp/cmake)
-- Using all available rosidl_typesupport_c: rosidl_typesupport_fastrtps_c;rosidl_typesupport_introspection_c
-- Using all available rosidl_typesupport_cpp: rosidl_typesupport_fastrtps_cpp;rosidl_typesupport_introspection_cpp
-- Found rmw_implementation_cmake: 6.1.2 (/opt/ros/humble/share/rmw_implementation_cmake/cmake)
-- Found rmw_fastrtps_cpp: 6.2.10 (/opt/ros/humble/share/rmw_fastrtps_cpp/cmake)
-- Using RMW implementation 'rmw_fastrtps_cpp' as default
-- Found rclcpp_action: 16.0.19 (/opt/ros/humble/share/rclcpp_action/cmake)
-- Found rclcpp_components: 16.0.19 (/opt/ros/humble/share/rclcpp_components/cmake)
-- Found sensor_msgs: 4.9.1 (/opt/ros/humble/share/sensor_msgs/cmake)
-- Found nav_msgs: 4.9.1 (/opt/ros/humble/share/nav_msgs/cmake)
-- Found rosidl_default_generators: 1.2.1 (/opt/ros/humble/share/rosidl_default_generators/cmake)
-- Found tf2_ros: 0.25.20 (/opt/ros/humble/share/tf2_ros/cmake)
-- Found cv_bridge: 3.2.1 (/opt/ros/humble/share/cv_bridge/cmake)
-- TensorRT is disabled.
-- Configuring done
-- Generating done
-- Build files have been written to: /root/dddmr_navigation/build/dddmr_trt
-- Install configuration: "Release"
-- Execute custom install script
-- Up-to-date symlink: /root/dddmr_navigation/install/dddmr_trt/share/ament_index/resource_index/package_run_dependencies/dddmr_trt
-- Up-to-date symlink: /root/dddmr_navigation/install/dddmr_trt/share/ament_index/resource_index/parent_prefix_path/dddmr_trt
-- Up-to-date symlink: /root/dddmr_navigation/install/dddmr_trt/share/dddmr_trt/environment/ament_prefix_path.sh
-- Up-to-date symlink: /root/dddmr_navigation/install/dddmr_trt/share/dddmr_trt/environment/ament_prefix_path.dsv
-- Up-to-date symlink: /root/dddmr_navigation/install/dddmr_trt/share/dddmr_trt/environment/path.sh
-- Up-to-date symlink: /root/dddmr_navigation/install/dddmr_trt/share/dddmr_trt/environment/path.dsv
-- Up-to-date symlink: /root/dddmr_navigation/install/dddmr_trt/share/dddmr_trt/local_setup.bash
-- Up-to-date symlink: /root/dddmr_navigation/install/dddmr_trt/share/dddmr_trt/local_setup.sh
-- Up-to-date symlink: /root/dddmr_navigation/install/dddmr_trt/share/dddmr_trt/local_setup.zsh
-- Up-to-date symlink: /root/dddmr_navigation/install/dddmr_trt/share/dddmr_trt/local_setup.dsv
-- Symlinking: /root/dddmr_navigation/install/dddmr_trt/share/dddmr_trt/package.dsv
-- Up-to-date symlink: /root/dddmr_navigation/install/dddmr_trt/share/ament_index/resource_index/packages/dddmr_trt
-- Up-to-date symlink: /root/dddmr_navigation/install/dddmr_trt/share/dddmr_trt/cmake/dddmr_trtConfig.cmake
-- Up-to-date symlink: /root/dddmr_navigation/install/dddmr_trt/share/dddmr_trt/cmake/dddmr_trtConfig-version.cmake
-- Up-to-date symlink: /root/dddmr_navigation/install/dddmr_trt/share/dddmr_trt/package.xml
