[0.028s] Invoking command in '/root/dddmr_navigation/build/dddmr_trt': CMAKE_PREFIX_PATH=/opt/ros/humble /usr/bin/cmake --build /root/dddmr_navigation/build/dddmr_trt -- -j28 -l28
[0.113s] Invoked command in '/root/dddmr_navigation/build/dddmr_trt' returned '0': CMAKE_PREFIX_PATH=/opt/ros/humble /usr/bin/cmake --build /root/dddmr_navigation/build/dddmr_trt -- -j28 -l28
[0.126s] Invoking command in '/root/dddmr_navigation/build/dddmr_trt': CMAKE_PREFIX_PATH=/opt/ros/humble /usr/bin/cmake --install /root/dddmr_navigation/build/dddmr_trt
[0.134s] -- Install configuration: "Release"
[0.139s] -- Execute custom install script
[0.139s] -- Up-to-date symlink: /root/dddmr_navigation/install/dddmr_trt/share/ament_index/resource_index/package_run_dependencies/dddmr_trt
[0.139s] -- Up-to-date symlink: /root/dddmr_navigation/install/dddmr_trt/share/ament_index/resource_index/parent_prefix_path/dddmr_trt
[0.139s] -- Up-to-date symlink: /root/dddmr_navigation/install/dddmr_trt/share/dddmr_trt/environment/ament_prefix_path.sh
[0.139s] -- Up-to-date symlink: /root/dddmr_navigation/install/dddmr_trt/share/dddmr_trt/environment/ament_prefix_path.dsv
[0.140s] -- Up-to-date symlink: /root/dddmr_navigation/install/dddmr_trt/share/dddmr_trt/environment/path.sh
[0.140s] -- Up-to-date symlink: /root/dddmr_navigation/install/dddmr_trt/share/dddmr_trt/environment/path.dsv
[0.140s] -- Up-to-date symlink: /root/dddmr_navigation/install/dddmr_trt/share/dddmr_trt/local_setup.bash
[0.140s] -- Up-to-date symlink: /root/dddmr_navigation/install/dddmr_trt/share/dddmr_trt/local_setup.sh
[0.140s] -- Up-to-date symlink: /root/dddmr_navigation/install/dddmr_trt/share/dddmr_trt/local_setup.zsh
[0.140s] -- Up-to-date symlink: /root/dddmr_navigation/install/dddmr_trt/share/dddmr_trt/local_setup.dsv
[0.140s] -- Symlinking: /root/dddmr_navigation/install/dddmr_trt/share/dddmr_trt/package.dsv
[0.147s] -- Up-to-date symlink: /root/dddmr_navigation/install/dddmr_trt/share/ament_index/resource_index/packages/dddmr_trt
[0.147s] -- Up-to-date symlink: /root/dddmr_navigation/install/dddmr_trt/share/dddmr_trt/cmake/dddmr_trtConfig.cmake
[0.147s] -- Up-to-date symlink: /root/dddmr_navigation/install/dddmr_trt/share/dddmr_trt/cmake/dddmr_trtConfig-version.cmake
[0.148s] -- Up-to-date symlink: /root/dddmr_navigation/install/dddmr_trt/share/dddmr_trt/package.xml
[0.150s] Invoked command in '/root/dddmr_navigation/build/dddmr_trt' returned '0': CMAKE_PREFIX_PATH=/opt/ros/humble /usr/bin/cmake --install /root/dddmr_navigation/build/dddmr_trt
