[0.016s] Invoking command in '/ws_gz/build/champ_msgs': CMAKE_PREFIX_PATH=${CMAKE_PREFIX_PATH}:/opt/ros/humble /usr/bin/cmake --build /ws_gz/build/champ_msgs -- -j32 -l32
[0.049s] [  1%] Built target champ_msgs__cpp
[0.052s] [  2%] Built target champ_msgs__rs
[0.053s] [ 13%] Built target champ_msgs__rosidl_generator_c
[0.060s] [ 13%] Built target ament_cmake_python_symlink_champ_msgs
[0.066s] [ 25%] Built target champ_msgs__rosidl_typesupport_c
[0.068s] [ 36%] Built target champ_msgs__rosidl_typesupport_fastrtps_cpp
[0.069s] [ 51%] Built target champ_msgs__rosidl_typesupport_introspection_c
[0.069s] [ 67%] Built target champ_msgs__rosidl_typesupport_cpp
[0.069s] [ 70%] Built target champ_msgs__rosidl_typesupport_fastrtps_c
[0.069s] [ 82%] Built target champ_msgs__rosidl_typesupport_introspection_cpp
[0.081s] [ 82%] Built target champ_msgs
[0.097s] [ 83%] Built target champ_msgs__py
[0.113s] [ 93%] Built target champ_msgs__rosidl_generator_py
[0.127s] [ 95%] Built target champ_msgs__rosidl_typesupport_fastrtps_c__pyext
[0.128s] [100%] Built target champ_msgs__rosidl_typesupport_c__pyext
[0.128s] [100%] Built target champ_msgs__rosidl_typesupport_introspection_c__pyext
[0.154s] running egg_info
[0.154s] writing champ_msgs.egg-info/PKG-INFO
[0.155s] writing dependency_links to champ_msgs.egg-info/dependency_links.txt
[0.155s] writing top-level names to champ_msgs.egg-info/top_level.txt
[0.155s] reading manifest file 'champ_msgs.egg-info/SOURCES.txt'
[0.156s] writing manifest file 'champ_msgs.egg-info/SOURCES.txt'
[0.168s] [100%] Built target ament_cmake_python_build_champ_msgs_egg
[0.176s] Invoked command in '/ws_gz/build/champ_msgs' returned '0': CMAKE_PREFIX_PATH=${CMAKE_PREFIX_PATH}:/opt/ros/humble /usr/bin/cmake --build /ws_gz/build/champ_msgs -- -j32 -l32
[0.177s] Invoking command in '/ws_gz/build/champ_msgs': CMAKE_PREFIX_PATH=${CMAKE_PREFIX_PATH}:/opt/ros/humble /usr/bin/cmake --install /ws_gz/build/champ_msgs
[0.181s] -- Install configuration: "Release"
[0.181s] -- Execute custom install script
[0.181s] -- Up-to-date symlink: /ws_gz/install/champ_msgs/share/ament_index/resource_index/rosidl_interfaces/champ_msgs
[0.182s] -- Up-to-date symlink: /ws_gz/install/champ_msgs/include/champ_msgs/champ_msgs/msg/contacts.h
[0.182s] -- Up-to-date symlink: /ws_gz/install/champ_msgs/include/champ_msgs/champ_msgs/msg/contacts_stamped.h
[0.182s] -- Up-to-date symlink: /ws_gz/install/champ_msgs/include/champ_msgs/champ_msgs/msg/detail/contacts__functions.h
[0.182s] -- Up-to-date symlink: /ws_gz/install/champ_msgs/include/champ_msgs/champ_msgs/msg/detail/contacts__struct.h
[0.182s] -- Up-to-date symlink: /ws_gz/install/champ_msgs/include/champ_msgs/champ_msgs/msg/detail/contacts__type_support.h
[0.182s] -- Up-to-date symlink: /ws_gz/install/champ_msgs/include/champ_msgs/champ_msgs/msg/detail/contacts_stamped__functions.h
[0.182s] -- Up-to-date symlink: /ws_gz/install/champ_msgs/include/champ_msgs/champ_msgs/msg/detail/contacts_stamped__struct.h
[0.182s] -- Up-to-date symlink: /ws_gz/install/champ_msgs/include/champ_msgs/champ_msgs/msg/detail/contacts_stamped__type_support.h
[0.182s] -- Up-to-date symlink: /ws_gz/install/champ_msgs/include/champ_msgs/champ_msgs/msg/detail/imu__functions.h
[0.182s] -- Up-to-date symlink: /ws_gz/install/champ_msgs/include/champ_msgs/champ_msgs/msg/detail/imu__struct.h
[0.182s] -- Up-to-date symlink: /ws_gz/install/champ_msgs/include/champ_msgs/champ_msgs/msg/detail/imu__type_support.h
[0.182s] -- Up-to-date symlink: /ws_gz/install/champ_msgs/include/champ_msgs/champ_msgs/msg/detail/joints__functions.h
[0.182s] -- Up-to-date symlink: /ws_gz/install/champ_msgs/include/champ_msgs/champ_msgs/msg/detail/joints__struct.h
[0.182s] -- Up-to-date symlink: /ws_gz/install/champ_msgs/include/champ_msgs/champ_msgs/msg/detail/joints__type_support.h
[0.182s] -- Up-to-date symlink: /ws_gz/install/champ_msgs/include/champ_msgs/champ_msgs/msg/detail/pid__functions.h
[0.182s] -- Up-to-date symlink: /ws_gz/install/champ_msgs/include/champ_msgs/champ_msgs/msg/detail/pid__struct.h
[0.182s] -- Up-to-date symlink: /ws_gz/install/champ_msgs/include/champ_msgs/champ_msgs/msg/detail/pid__type_support.h
[0.182s] -- Up-to-date symlink: /ws_gz/install/champ_msgs/include/champ_msgs/champ_msgs/msg/detail/point__functions.h
[0.182s] -- Up-to-date symlink: /ws_gz/install/champ_msgs/include/champ_msgs/champ_msgs/msg/detail/point__struct.h
[0.183s] -- Up-to-date symlink: /ws_gz/install/champ_msgs/include/champ_msgs/champ_msgs/msg/detail/point__type_support.h
[0.183s] -- Up-to-date symlink: /ws_gz/install/champ_msgs/include/champ_msgs/champ_msgs/msg/detail/point_array__functions.h
[0.183s] -- Up-to-date symlink: /ws_gz/install/champ_msgs/include/champ_msgs/champ_msgs/msg/detail/point_array__struct.h
[0.183s] -- Up-to-date symlink: /ws_gz/install/champ_msgs/include/champ_msgs/champ_msgs/msg/detail/point_array__type_support.h
[0.183s] -- Up-to-date symlink: /ws_gz/install/champ_msgs/include/champ_msgs/champ_msgs/msg/detail/pose__functions.h
[0.183s] -- Up-to-date symlink: /ws_gz/install/champ_msgs/include/champ_msgs/champ_msgs/msg/detail/pose__struct.h
[0.183s] -- Up-to-date symlink: /ws_gz/install/champ_msgs/include/champ_msgs/champ_msgs/msg/detail/pose__type_support.h
[0.183s] -- Up-to-date symlink: /ws_gz/install/champ_msgs/include/champ_msgs/champ_msgs/msg/detail/velocities__functions.h
[0.183s] -- Up-to-date symlink: /ws_gz/install/champ_msgs/include/champ_msgs/champ_msgs/msg/detail/velocities__struct.h
[0.183s] -- Up-to-date symlink: /ws_gz/install/champ_msgs/include/champ_msgs/champ_msgs/msg/detail/velocities__type_support.h
[0.183s] -- Up-to-date symlink: /ws_gz/install/champ_msgs/include/champ_msgs/champ_msgs/msg/imu.h
[0.183s] -- Up-to-date symlink: /ws_gz/install/champ_msgs/include/champ_msgs/champ_msgs/msg/joints.h
[0.183s] -- Up-to-date symlink: /ws_gz/install/champ_msgs/include/champ_msgs/champ_msgs/msg/pid.h
[0.183s] -- Up-to-date symlink: /ws_gz/install/champ_msgs/include/champ_msgs/champ_msgs/msg/point.h
[0.183s] -- Up-to-date symlink: /ws_gz/install/champ_msgs/include/champ_msgs/champ_msgs/msg/point_array.h
[0.183s] -- Up-to-date symlink: /ws_gz/install/champ_msgs/include/champ_msgs/champ_msgs/msg/pose.h
[0.183s] -- Up-to-date symlink: /ws_gz/install/champ_msgs/include/champ_msgs/champ_msgs/msg/rosidl_generator_c__visibility_control.h
[0.183s] -- Up-to-date symlink: /ws_gz/install/champ_msgs/include/champ_msgs/champ_msgs/msg/velocities.h
[0.183s] -- Up-to-date symlink: /ws_gz/install/champ_msgs/share/champ_msgs/environment/library_path.sh
[0.183s] -- Up-to-date symlink: /ws_gz/install/champ_msgs/share/champ_msgs/environment/library_path.dsv
[0.183s] -- Up-to-date symlink: /ws_gz/install/champ_msgs/include/champ_msgs/champ_msgs/msg/detail/contacts__rosidl_typesupport_fastrtps_c.h
[0.183s] -- Up-to-date symlink: /ws_gz/install/champ_msgs/include/champ_msgs/champ_msgs/msg/detail/contacts_stamped__rosidl_typesupport_fastrtps_c.h
[0.183s] -- Up-to-date symlink: /ws_gz/install/champ_msgs/include/champ_msgs/champ_msgs/msg/detail/imu__rosidl_typesupport_fastrtps_c.h
[0.183s] -- Up-to-date symlink: /ws_gz/install/champ_msgs/include/champ_msgs/champ_msgs/msg/detail/joints__rosidl_typesupport_fastrtps_c.h
[0.183s] -- Up-to-date symlink: /ws_gz/install/champ_msgs/include/champ_msgs/champ_msgs/msg/detail/pid__rosidl_typesupport_fastrtps_c.h
[0.183s] -- Up-to-date symlink: /ws_gz/install/champ_msgs/include/champ_msgs/champ_msgs/msg/detail/point__rosidl_typesupport_fastrtps_c.h
[0.183s] -- Up-to-date symlink: /ws_gz/install/champ_msgs/include/champ_msgs/champ_msgs/msg/detail/point_array__rosidl_typesupport_fastrtps_c.h
[0.183s] -- Up-to-date symlink: /ws_gz/install/champ_msgs/include/champ_msgs/champ_msgs/msg/detail/pose__rosidl_typesupport_fastrtps_c.h
[0.184s] -- Up-to-date symlink: /ws_gz/install/champ_msgs/include/champ_msgs/champ_msgs/msg/detail/velocities__rosidl_typesupport_fastrtps_c.h
[0.184s] -- Up-to-date symlink: /ws_gz/install/champ_msgs/include/champ_msgs/champ_msgs/msg/rosidl_typesupport_fastrtps_c__visibility_control.h
[0.184s] -- Up-to-date symlink: /ws_gz/install/champ_msgs/include/champ_msgs/champ_msgs/msg/detail/contacts__rosidl_typesupport_introspection_c.h
[0.184s] -- Up-to-date symlink: /ws_gz/install/champ_msgs/include/champ_msgs/champ_msgs/msg/detail/contacts_stamped__rosidl_typesupport_introspection_c.h
[0.184s] -- Up-to-date symlink: /ws_gz/install/champ_msgs/include/champ_msgs/champ_msgs/msg/detail/imu__rosidl_typesupport_introspection_c.h
[0.184s] -- Up-to-date symlink: /ws_gz/install/champ_msgs/include/champ_msgs/champ_msgs/msg/detail/joints__rosidl_typesupport_introspection_c.h
[0.184s] -- Up-to-date symlink: /ws_gz/install/champ_msgs/include/champ_msgs/champ_msgs/msg/detail/pid__rosidl_typesupport_introspection_c.h
[0.184s] -- Up-to-date symlink: /ws_gz/install/champ_msgs/include/champ_msgs/champ_msgs/msg/detail/point__rosidl_typesupport_introspection_c.h
[0.184s] -- Up-to-date symlink: /ws_gz/install/champ_msgs/include/champ_msgs/champ_msgs/msg/detail/point_array__rosidl_typesupport_introspection_c.h
[0.184s] -- Up-to-date symlink: /ws_gz/install/champ_msgs/include/champ_msgs/champ_msgs/msg/detail/pose__rosidl_typesupport_introspection_c.h
[0.184s] -- Up-to-date symlink: /ws_gz/install/champ_msgs/include/champ_msgs/champ_msgs/msg/detail/velocities__rosidl_typesupport_introspection_c.h
[0.184s] -- Up-to-date symlink: /ws_gz/install/champ_msgs/include/champ_msgs/champ_msgs/msg/rosidl_typesupport_introspection_c__visibility_control.h
[0.184s] -- Up-to-date symlink: /ws_gz/install/champ_msgs/include/champ_msgs/champ_msgs/msg/contacts.hpp
[0.184s] -- Up-to-date symlink: /ws_gz/install/champ_msgs/include/champ_msgs/champ_msgs/msg/contacts_stamped.hpp
[0.184s] -- Up-to-date symlink: /ws_gz/install/champ_msgs/include/champ_msgs/champ_msgs/msg/detail/contacts__builder.hpp
[0.184s] -- Up-to-date symlink: /ws_gz/install/champ_msgs/include/champ_msgs/champ_msgs/msg/detail/contacts__struct.hpp
[0.184s] -- Up-to-date symlink: /ws_gz/install/champ_msgs/include/champ_msgs/champ_msgs/msg/detail/contacts__traits.hpp
[0.184s] -- Up-to-date symlink: /ws_gz/install/champ_msgs/include/champ_msgs/champ_msgs/msg/detail/contacts__type_support.hpp
[0.184s] -- Up-to-date symlink: /ws_gz/install/champ_msgs/include/champ_msgs/champ_msgs/msg/detail/contacts_stamped__builder.hpp
[0.184s] -- Up-to-date symlink: /ws_gz/install/champ_msgs/include/champ_msgs/champ_msgs/msg/detail/contacts_stamped__struct.hpp
[0.184s] -- Up-to-date symlink: /ws_gz/install/champ_msgs/include/champ_msgs/champ_msgs/msg/detail/contacts_stamped__traits.hpp
[0.185s] -- Up-to-date symlink: /ws_gz/install/champ_msgs/include/champ_msgs/champ_msgs/msg/detail/contacts_stamped__type_support.hpp
[0.185s] -- Up-to-date symlink: /ws_gz/install/champ_msgs/include/champ_msgs/champ_msgs/msg/detail/imu__builder.hpp
[0.185s] -- Up-to-date symlink: /ws_gz/install/champ_msgs/include/champ_msgs/champ_msgs/msg/detail/imu__struct.hpp
[0.185s] -- Up-to-date symlink: /ws_gz/install/champ_msgs/include/champ_msgs/champ_msgs/msg/detail/imu__traits.hpp
[0.185s] -- Up-to-date symlink: /ws_gz/install/champ_msgs/include/champ_msgs/champ_msgs/msg/detail/imu__type_support.hpp
[0.185s] -- Up-to-date symlink: /ws_gz/install/champ_msgs/include/champ_msgs/champ_msgs/msg/detail/joints__builder.hpp
[0.185s] -- Up-to-date symlink: /ws_gz/install/champ_msgs/include/champ_msgs/champ_msgs/msg/detail/joints__struct.hpp
[0.185s] -- Up-to-date symlink: /ws_gz/install/champ_msgs/include/champ_msgs/champ_msgs/msg/detail/joints__traits.hpp
[0.185s] -- Up-to-date symlink: /ws_gz/install/champ_msgs/include/champ_msgs/champ_msgs/msg/detail/joints__type_support.hpp
[0.185s] -- Up-to-date symlink: /ws_gz/install/champ_msgs/include/champ_msgs/champ_msgs/msg/detail/pid__builder.hpp
[0.185s] -- Up-to-date symlink: /ws_gz/install/champ_msgs/include/champ_msgs/champ_msgs/msg/detail/pid__struct.hpp
[0.185s] -- Up-to-date symlink: /ws_gz/install/champ_msgs/include/champ_msgs/champ_msgs/msg/detail/pid__traits.hpp
[0.185s] -- Up-to-date symlink: /ws_gz/install/champ_msgs/include/champ_msgs/champ_msgs/msg/detail/pid__type_support.hpp
[0.185s] -- Up-to-date symlink: /ws_gz/install/champ_msgs/include/champ_msgs/champ_msgs/msg/detail/point__builder.hpp
[0.185s] -- Up-to-date symlink: /ws_gz/install/champ_msgs/include/champ_msgs/champ_msgs/msg/detail/point__struct.hpp
[0.185s] -- Up-to-date symlink: /ws_gz/install/champ_msgs/include/champ_msgs/champ_msgs/msg/detail/point__traits.hpp
[0.185s] -- Up-to-date symlink: /ws_gz/install/champ_msgs/include/champ_msgs/champ_msgs/msg/detail/point__type_support.hpp
[0.185s] -- Up-to-date symlink: /ws_gz/install/champ_msgs/include/champ_msgs/champ_msgs/msg/detail/point_array__builder.hpp
[0.185s] -- Up-to-date symlink: /ws_gz/install/champ_msgs/include/champ_msgs/champ_msgs/msg/detail/point_array__struct.hpp
[0.185s] -- Up-to-date symlink: /ws_gz/install/champ_msgs/include/champ_msgs/champ_msgs/msg/detail/point_array__traits.hpp
[0.185s] -- Up-to-date symlink: /ws_gz/install/champ_msgs/include/champ_msgs/champ_msgs/msg/detail/point_array__type_support.hpp
[0.185s] -- Up-to-date symlink: /ws_gz/install/champ_msgs/include/champ_msgs/champ_msgs/msg/detail/pose__builder.hpp
[0.185s] -- Up-to-date symlink: /ws_gz/install/champ_msgs/include/champ_msgs/champ_msgs/msg/detail/pose__struct.hpp
[0.185s] -- Up-to-date symlink: /ws_gz/install/champ_msgs/include/champ_msgs/champ_msgs/msg/detail/pose__traits.hpp
[0.185s] -- Up-to-date symlink: /ws_gz/install/champ_msgs/include/champ_msgs/champ_msgs/msg/detail/pose__type_support.hpp
[0.185s] -- Up-to-date symlink: /ws_gz/install/champ_msgs/include/champ_msgs/champ_msgs/msg/detail/velocities__builder.hpp
[0.185s] -- Up-to-date symlink: /ws_gz/install/champ_msgs/include/champ_msgs/champ_msgs/msg/detail/velocities__struct.hpp
[0.185s] -- Up-to-date symlink: /ws_gz/install/champ_msgs/include/champ_msgs/champ_msgs/msg/detail/velocities__traits.hpp
[0.185s] -- Up-to-date symlink: /ws_gz/install/champ_msgs/include/champ_msgs/champ_msgs/msg/detail/velocities__type_support.hpp
[0.185s] -- Up-to-date symlink: /ws_gz/install/champ_msgs/include/champ_msgs/champ_msgs/msg/imu.hpp
[0.185s] -- Up-to-date symlink: /ws_gz/install/champ_msgs/include/champ_msgs/champ_msgs/msg/joints.hpp
[0.185s] -- Up-to-date symlink: /ws_gz/install/champ_msgs/include/champ_msgs/champ_msgs/msg/pid.hpp
[0.185s] -- Up-to-date symlink: /ws_gz/install/champ_msgs/include/champ_msgs/champ_msgs/msg/point.hpp
[0.185s] -- Up-to-date symlink: /ws_gz/install/champ_msgs/include/champ_msgs/champ_msgs/msg/point_array.hpp
[0.186s] -- Up-to-date symlink: /ws_gz/install/champ_msgs/include/champ_msgs/champ_msgs/msg/pose.hpp
[0.186s] -- Up-to-date symlink: /ws_gz/install/champ_msgs/include/champ_msgs/champ_msgs/msg/rosidl_generator_cpp__visibility_control.hpp
[0.186s] -- Up-to-date symlink: /ws_gz/install/champ_msgs/include/champ_msgs/champ_msgs/msg/velocities.hpp
[0.186s] -- Up-to-date symlink: /ws_gz/install/champ_msgs/include/champ_msgs/champ_msgs/msg/detail/contacts__rosidl_typesupport_fastrtps_cpp.hpp
[0.186s] -- Up-to-date symlink: /ws_gz/install/champ_msgs/include/champ_msgs/champ_msgs/msg/detail/contacts_stamped__rosidl_typesupport_fastrtps_cpp.hpp
[0.186s] -- Up-to-date symlink: /ws_gz/install/champ_msgs/include/champ_msgs/champ_msgs/msg/detail/imu__rosidl_typesupport_fastrtps_cpp.hpp
[0.186s] -- Up-to-date symlink: /ws_gz/install/champ_msgs/include/champ_msgs/champ_msgs/msg/detail/joints__rosidl_typesupport_fastrtps_cpp.hpp
[0.186s] -- Up-to-date symlink: /ws_gz/install/champ_msgs/include/champ_msgs/champ_msgs/msg/detail/pid__rosidl_typesupport_fastrtps_cpp.hpp
[0.186s] -- Up-to-date symlink: /ws_gz/install/champ_msgs/include/champ_msgs/champ_msgs/msg/detail/point__rosidl_typesupport_fastrtps_cpp.hpp
[0.186s] -- Up-to-date symlink: /ws_gz/install/champ_msgs/include/champ_msgs/champ_msgs/msg/detail/point_array__rosidl_typesupport_fastrtps_cpp.hpp
[0.186s] -- Up-to-date symlink: /ws_gz/install/champ_msgs/include/champ_msgs/champ_msgs/msg/detail/pose__rosidl_typesupport_fastrtps_cpp.hpp
[0.186s] -- Up-to-date symlink: /ws_gz/install/champ_msgs/include/champ_msgs/champ_msgs/msg/detail/velocities__rosidl_typesupport_fastrtps_cpp.hpp
[0.186s] -- Up-to-date symlink: /ws_gz/install/champ_msgs/include/champ_msgs/champ_msgs/msg/rosidl_typesupport_fastrtps_cpp__visibility_control.h
[0.186s] -- Up-to-date symlink: /ws_gz/install/champ_msgs/include/champ_msgs/champ_msgs/msg/detail/contacts__rosidl_typesupport_introspection_cpp.hpp
[0.186s] -- Up-to-date symlink: /ws_gz/install/champ_msgs/include/champ_msgs/champ_msgs/msg/detail/contacts_stamped__rosidl_typesupport_introspection_cpp.hpp
[0.186s] -- Up-to-date symlink: /ws_gz/install/champ_msgs/include/champ_msgs/champ_msgs/msg/detail/imu__rosidl_typesupport_introspection_cpp.hpp
[0.186s] -- Up-to-date symlink: /ws_gz/install/champ_msgs/include/champ_msgs/champ_msgs/msg/detail/joints__rosidl_typesupport_introspection_cpp.hpp
[0.186s] -- Up-to-date symlink: /ws_gz/install/champ_msgs/include/champ_msgs/champ_msgs/msg/detail/pid__rosidl_typesupport_introspection_cpp.hpp
[0.187s] -- Up-to-date symlink: /ws_gz/install/champ_msgs/include/champ_msgs/champ_msgs/msg/detail/point__rosidl_typesupport_introspection_cpp.hpp
[0.187s] -- Up-to-date symlink: /ws_gz/install/champ_msgs/include/champ_msgs/champ_msgs/msg/detail/point_array__rosidl_typesupport_introspection_cpp.hpp
[0.187s] -- Up-to-date symlink: /ws_gz/install/champ_msgs/include/champ_msgs/champ_msgs/msg/detail/pose__rosidl_typesupport_introspection_cpp.hpp
[0.187s] -- Up-to-date symlink: /ws_gz/install/champ_msgs/include/champ_msgs/champ_msgs/msg/detail/velocities__rosidl_typesupport_introspection_cpp.hpp
[0.187s] -- Up-to-date symlink: /ws_gz/install/champ_msgs/share/champ_msgs/environment/pythonpath.sh
[0.187s] -- Up-to-date symlink: /ws_gz/install/champ_msgs/share/champ_msgs/environment/pythonpath.dsv
[0.187s] -- Up-to-date symlink: /ws_gz/install/champ_msgs/local/lib/python3.10/dist-packages/champ_msgs-0.1.0-py3.10.egg-info/PKG-INFO
[0.187s] -- Up-to-date symlink: /ws_gz/install/champ_msgs/local/lib/python3.10/dist-packages/champ_msgs-0.1.0-py3.10.egg-info/SOURCES.txt
[0.187s] -- Up-to-date symlink: /ws_gz/install/champ_msgs/local/lib/python3.10/dist-packages/champ_msgs-0.1.0-py3.10.egg-info/dependency_links.txt
[0.187s] -- Up-to-date symlink: /ws_gz/install/champ_msgs/local/lib/python3.10/dist-packages/champ_msgs-0.1.0-py3.10.egg-info/top_level.txt
[0.187s] -- Up-to-date symlink: /ws_gz/install/champ_msgs/local/lib/python3.10/dist-packages/champ_msgs/__init__.py
[0.187s] -- Up-to-date symlink: /ws_gz/install/champ_msgs/local/lib/python3.10/dist-packages/champ_msgs/_champ_msgs_s.ep.rosidl_typesupport_c.c
[0.187s] -- Up-to-date symlink: /ws_gz/install/champ_msgs/local/lib/python3.10/dist-packages/champ_msgs/_champ_msgs_s.ep.rosidl_typesupport_fastrtps_c.c
[0.187s] -- Up-to-date symlink: /ws_gz/install/champ_msgs/local/lib/python3.10/dist-packages/champ_msgs/_champ_msgs_s.ep.rosidl_typesupport_introspection_c.c
[0.187s] -- Up-to-date symlink: /ws_gz/install/champ_msgs/local/lib/python3.10/dist-packages/champ_msgs/champ_msgs_s__rosidl_typesupport_c.cpython-310-x86_64-linux-gnu.so
[0.188s] -- Up-to-date symlink: /ws_gz/install/champ_msgs/local/lib/python3.10/dist-packages/champ_msgs/champ_msgs_s__rosidl_typesupport_fastrtps_c.cpython-310-x86_64-linux-gnu.so
[0.188s] -- Up-to-date symlink: /ws_gz/install/champ_msgs/local/lib/python3.10/dist-packages/champ_msgs/champ_msgs_s__rosidl_typesupport_introspection_c.cpython-310-x86_64-linux-gnu.so
[0.188s] -- Up-to-date symlink: /ws_gz/install/champ_msgs/local/lib/python3.10/dist-packages/champ_msgs/libchamp_msgs__rosidl_generator_py.so
[0.188s] -- Up-to-date symlink: /ws_gz/install/champ_msgs/local/lib/python3.10/dist-packages/champ_msgs/msg/__init__.py
[0.188s] -- Up-to-date symlink: /ws_gz/install/champ_msgs/local/lib/python3.10/dist-packages/champ_msgs/msg/_contacts.py
[0.188s] -- Up-to-date symlink: /ws_gz/install/champ_msgs/local/lib/python3.10/dist-packages/champ_msgs/msg/_contacts_s.c
[0.188s] -- Up-to-date symlink: /ws_gz/install/champ_msgs/local/lib/python3.10/dist-packages/champ_msgs/msg/_contacts_stamped.py
[0.188s] -- Up-to-date symlink: /ws_gz/install/champ_msgs/local/lib/python3.10/dist-packages/champ_msgs/msg/_contacts_stamped_s.c
[0.188s] -- Up-to-date symlink: /ws_gz/install/champ_msgs/local/lib/python3.10/dist-packages/champ_msgs/msg/_imu.py
[0.188s] -- Up-to-date symlink: /ws_gz/install/champ_msgs/local/lib/python3.10/dist-packages/champ_msgs/msg/_imu_s.c
[0.188s] -- Up-to-date symlink: /ws_gz/install/champ_msgs/local/lib/python3.10/dist-packages/champ_msgs/msg/_joints.py
[0.188s] -- Up-to-date symlink: /ws_gz/install/champ_msgs/local/lib/python3.10/dist-packages/champ_msgs/msg/_joints_s.c
[0.188s] -- Up-to-date symlink: /ws_gz/install/champ_msgs/local/lib/python3.10/dist-packages/champ_msgs/msg/_pid.py
[0.188s] -- Up-to-date symlink: /ws_gz/install/champ_msgs/local/lib/python3.10/dist-packages/champ_msgs/msg/_pid_s.c
[0.188s] -- Up-to-date symlink: /ws_gz/install/champ_msgs/local/lib/python3.10/dist-packages/champ_msgs/msg/_point.py
[0.188s] -- Up-to-date symlink: /ws_gz/install/champ_msgs/local/lib/python3.10/dist-packages/champ_msgs/msg/_point_array.py
[0.188s] -- Up-to-date symlink: /ws_gz/install/champ_msgs/local/lib/python3.10/dist-packages/champ_msgs/msg/_point_array_s.c
[0.188s] -- Up-to-date symlink: /ws_gz/install/champ_msgs/local/lib/python3.10/dist-packages/champ_msgs/msg/_point_s.c
[0.188s] -- Up-to-date symlink: /ws_gz/install/champ_msgs/local/lib/python3.10/dist-packages/champ_msgs/msg/_pose.py
[0.188s] -- Up-to-date symlink: /ws_gz/install/champ_msgs/local/lib/python3.10/dist-packages/champ_msgs/msg/_pose_s.c
[0.188s] -- Up-to-date symlink: /ws_gz/install/champ_msgs/local/lib/python3.10/dist-packages/champ_msgs/msg/_velocities.py
[0.188s] -- Up-to-date symlink: /ws_gz/install/champ_msgs/local/lib/python3.10/dist-packages/champ_msgs/msg/_velocities_s.c
[0.189s] -- Up-to-date symlink: /ws_gz/install/champ_msgs/local/lib/python3.10/dist-packages/champ_msgs/champ_msgs_s__rosidl_typesupport_fastrtps_c.cpython-310-x86_64-linux-gnu.so
[0.189s] -- Up-to-date symlink: /ws_gz/install/champ_msgs/local/lib/python3.10/dist-packages/champ_msgs/champ_msgs_s__rosidl_typesupport_introspection_c.cpython-310-x86_64-linux-gnu.so
[0.189s] -- Up-to-date symlink: /ws_gz/install/champ_msgs/local/lib/python3.10/dist-packages/champ_msgs/champ_msgs_s__rosidl_typesupport_c.cpython-310-x86_64-linux-gnu.so
[0.189s] -- Up-to-date symlink: /ws_gz/install/champ_msgs/share/ament_index/resource_index/rust_packages/champ_msgs
[0.189s] -- Up-to-date symlink: /ws_gz/install/champ_msgs/share/champ_msgs/rust/Cargo.toml
[0.189s] -- Up-to-date symlink: /ws_gz/install/champ_msgs/share/champ_msgs/rust/build.rs
[0.189s] -- Up-to-date symlink: /ws_gz/install/champ_msgs/share/champ_msgs/rust/src/lib.rs
[0.189s] -- Up-to-date symlink: /ws_gz/install/champ_msgs/share/champ_msgs/rust/src/msg.rs
[0.189s] -- Up-to-date symlink: /ws_gz/install/champ_msgs/share/champ_msgs/rust/src/msg/rmw.rs
[0.189s] -- Up-to-date symlink: /ws_gz/install/champ_msgs/share/champ_msgs/msg/Velocities.idl
[0.189s] -- Up-to-date symlink: /ws_gz/install/champ_msgs/share/champ_msgs/msg/PID.idl
[0.189s] -- Up-to-date symlink: /ws_gz/install/champ_msgs/share/champ_msgs/msg/Imu.idl
[0.190s] -- Up-to-date symlink: /ws_gz/install/champ_msgs/share/champ_msgs/msg/Point.idl
[0.190s] -- Up-to-date symlink: /ws_gz/install/champ_msgs/share/champ_msgs/msg/PointArray.idl
[0.190s] -- Up-to-date symlink: /ws_gz/install/champ_msgs/share/champ_msgs/msg/Joints.idl
[0.190s] -- Up-to-date symlink: /ws_gz/install/champ_msgs/share/champ_msgs/msg/Contacts.idl
[0.190s] -- Up-to-date symlink: /ws_gz/install/champ_msgs/share/champ_msgs/msg/ContactsStamped.idl
[0.190s] -- Up-to-date symlink: /ws_gz/install/champ_msgs/share/champ_msgs/msg/Pose.idl
[0.190s] -- Up-to-date symlink: /ws_gz/install/champ_msgs/share/champ_msgs/msg/Velocities.msg
[0.190s] -- Up-to-date symlink: /ws_gz/install/champ_msgs/share/champ_msgs/msg/PID.msg
[0.190s] -- Up-to-date symlink: /ws_gz/install/champ_msgs/share/champ_msgs/msg/Imu.msg
[0.190s] -- Up-to-date symlink: /ws_gz/install/champ_msgs/share/champ_msgs/msg/Point.msg
[0.190s] -- Up-to-date symlink: /ws_gz/install/champ_msgs/share/champ_msgs/msg/PointArray.msg
[0.190s] -- Up-to-date symlink: /ws_gz/install/champ_msgs/share/champ_msgs/msg/Joints.msg
[0.190s] -- Up-to-date symlink: /ws_gz/install/champ_msgs/share/champ_msgs/msg/Contacts.msg
[0.190s] -- Up-to-date symlink: /ws_gz/install/champ_msgs/share/champ_msgs/msg/ContactsStamped.msg
[0.191s] -- Up-to-date symlink: /ws_gz/install/champ_msgs/share/champ_msgs/msg/Pose.msg
[0.191s] -- Up-to-date symlink: /ws_gz/install/champ_msgs/share/ament_index/resource_index/package_run_dependencies/champ_msgs
[0.191s] -- Up-to-date symlink: /ws_gz/install/champ_msgs/share/ament_index/resource_index/parent_prefix_path/champ_msgs
[0.191s] -- Up-to-date symlink: /ws_gz/install/champ_msgs/share/champ_msgs/environment/ament_prefix_path.sh
[0.191s] -- Up-to-date symlink: /ws_gz/install/champ_msgs/share/champ_msgs/environment/ament_prefix_path.dsv
[0.191s] -- Up-to-date symlink: /ws_gz/install/champ_msgs/share/champ_msgs/environment/path.sh
[0.191s] -- Up-to-date symlink: /ws_gz/install/champ_msgs/share/champ_msgs/environment/path.dsv
[0.191s] -- Up-to-date symlink: /ws_gz/install/champ_msgs/share/champ_msgs/local_setup.bash
[0.191s] -- Up-to-date symlink: /ws_gz/install/champ_msgs/share/champ_msgs/local_setup.sh
[0.191s] -- Up-to-date symlink: /ws_gz/install/champ_msgs/share/champ_msgs/local_setup.zsh
[0.191s] -- Up-to-date symlink: /ws_gz/install/champ_msgs/share/champ_msgs/local_setup.dsv
[0.191s] -- Symlinking: /ws_gz/install/champ_msgs/share/champ_msgs/package.dsv
[0.196s] -- Up-to-date symlink: /ws_gz/install/champ_msgs/share/ament_index/resource_index/packages/champ_msgs
[0.196s] -- Up-to-date symlink: /ws_gz/install/champ_msgs/share/champ_msgs/cmake/rosidl_cmake-extras.cmake
[0.196s] -- Up-to-date symlink: /ws_gz/install/champ_msgs/share/champ_msgs/cmake/ament_cmake_export_dependencies-extras.cmake
[0.196s] -- Up-to-date symlink: /ws_gz/install/champ_msgs/share/champ_msgs/cmake/ament_cmake_export_include_directories-extras.cmake
[0.196s] -- Up-to-date symlink: /ws_gz/install/champ_msgs/share/champ_msgs/cmake/ament_cmake_export_libraries-extras.cmake
[0.196s] -- Up-to-date symlink: /ws_gz/install/champ_msgs/share/champ_msgs/cmake/ament_cmake_export_targets-extras.cmake
[0.196s] -- Up-to-date symlink: /ws_gz/install/champ_msgs/share/champ_msgs/cmake/rosidl_cmake_export_typesupport_targets-extras.cmake
[0.196s] -- Up-to-date symlink: /ws_gz/install/champ_msgs/share/champ_msgs/cmake/rosidl_cmake_export_typesupport_libraries-extras.cmake
[0.196s] -- Up-to-date symlink: /ws_gz/install/champ_msgs/share/champ_msgs/cmake/champ_msgsConfig.cmake
[0.196s] -- Up-to-date symlink: /ws_gz/install/champ_msgs/share/champ_msgs/cmake/champ_msgsConfig-version.cmake
[0.196s] -- Up-to-date symlink: /ws_gz/install/champ_msgs/share/champ_msgs/package.xml
[0.196s] -- Up-to-date: /ws_gz/install/champ_msgs/lib/libchamp_msgs__rosidl_generator_c.so
[0.197s] -- Up-to-date: /ws_gz/install/champ_msgs/lib/libchamp_msgs__rosidl_typesupport_fastrtps_c.so
[0.197s] -- Up-to-date: /ws_gz/install/champ_msgs/lib/libchamp_msgs__rosidl_typesupport_introspection_c.so
[0.197s] -- Up-to-date: /ws_gz/install/champ_msgs/lib/libchamp_msgs__rosidl_typesupport_c.so
[0.197s] -- Up-to-date: /ws_gz/install/champ_msgs/lib/libchamp_msgs__rosidl_typesupport_fastrtps_cpp.so
[0.197s] -- Up-to-date: /ws_gz/install/champ_msgs/lib/libchamp_msgs__rosidl_typesupport_introspection_cpp.so
[0.197s] -- Up-to-date: /ws_gz/install/champ_msgs/lib/libchamp_msgs__rosidl_typesupport_cpp.so
[0.218s] Listing '/ws_gz/install/champ_msgs/local/lib/python3.10/dist-packages/champ_msgs'...
[0.218s] Listing '/ws_gz/install/champ_msgs/local/lib/python3.10/dist-packages/champ_msgs/msg'...
[0.220s] -- Up-to-date: /ws_gz/install/champ_msgs/lib/libchamp_msgs__rosidl_generator_py.so
[0.220s] -- Up-to-date: /ws_gz/install/champ_msgs/share/champ_msgs/cmake/export_champ_msgs__rosidl_generator_cExport.cmake
[0.220s] -- Up-to-date: /ws_gz/install/champ_msgs/share/champ_msgs/cmake/export_champ_msgs__rosidl_generator_cExport-release.cmake
[0.221s] -- Up-to-date: /ws_gz/install/champ_msgs/share/champ_msgs/cmake/export_champ_msgs__rosidl_typesupport_fastrtps_cExport.cmake
[0.221s] -- Up-to-date: /ws_gz/install/champ_msgs/share/champ_msgs/cmake/export_champ_msgs__rosidl_typesupport_fastrtps_cExport-release.cmake
[0.221s] -- Up-to-date: /ws_gz/install/champ_msgs/share/champ_msgs/cmake/champ_msgs__rosidl_typesupport_introspection_cExport.cmake
[0.221s] -- Up-to-date: /ws_gz/install/champ_msgs/share/champ_msgs/cmake/champ_msgs__rosidl_typesupport_introspection_cExport-release.cmake
[0.221s] -- Up-to-date: /ws_gz/install/champ_msgs/share/champ_msgs/cmake/champ_msgs__rosidl_typesupport_cExport.cmake
[0.221s] -- Up-to-date: /ws_gz/install/champ_msgs/share/champ_msgs/cmake/champ_msgs__rosidl_typesupport_cExport-release.cmake
[0.221s] -- Up-to-date: /ws_gz/install/champ_msgs/share/champ_msgs/cmake/export_champ_msgs__rosidl_generator_cppExport.cmake
[0.221s] -- Up-to-date: /ws_gz/install/champ_msgs/share/champ_msgs/cmake/export_champ_msgs__rosidl_typesupport_fastrtps_cppExport.cmake
[0.221s] -- Up-to-date: /ws_gz/install/champ_msgs/share/champ_msgs/cmake/export_champ_msgs__rosidl_typesupport_fastrtps_cppExport-release.cmake
[0.221s] -- Up-to-date: /ws_gz/install/champ_msgs/share/champ_msgs/cmake/champ_msgs__rosidl_typesupport_introspection_cppExport.cmake
[0.221s] -- Up-to-date: /ws_gz/install/champ_msgs/share/champ_msgs/cmake/champ_msgs__rosidl_typesupport_introspection_cppExport-release.cmake
[0.221s] -- Up-to-date: /ws_gz/install/champ_msgs/share/champ_msgs/cmake/champ_msgs__rosidl_typesupport_cppExport.cmake
[0.221s] -- Up-to-date: /ws_gz/install/champ_msgs/share/champ_msgs/cmake/champ_msgs__rosidl_typesupport_cppExport-release.cmake
[0.221s] -- Up-to-date: /ws_gz/install/champ_msgs/share/champ_msgs/cmake/export_champ_msgs__rosidl_generator_pyExport.cmake
[0.221s] -- Up-to-date: /ws_gz/install/champ_msgs/share/champ_msgs/cmake/export_champ_msgs__rosidl_generator_pyExport-release.cmake
[0.224s] Invoked command in '/ws_gz/build/champ_msgs' returned '0': CMAKE_PREFIX_PATH=${CMAKE_PREFIX_PATH}:/opt/ros/humble /usr/bin/cmake --install /ws_gz/build/champ_msgs
