[0.035s] Invoking command in '/root/dddmr_navigation/build/dddmr_semantic_segmentation': CMAKE_PREFIX_PATH=${CMAKE_PREFIX_PATH}:/opt/ros/humble /usr/bin/cmake --build /root/dddmr_navigation/build/dddmr_semantic_segmentation -- -j28 -l28
[0.111s] [100%] Built target semantic_segmentation2point_cloud
[0.150s] Invoked command in '/root/dddmr_navigation/build/dddmr_semantic_segmentation' returned '0': CMAKE_PREFIX_PATH=${CMAKE_PREFIX_PATH}:/opt/ros/humble /usr/bin/cmake --build /root/dddmr_navigation/build/dddmr_semantic_segmentation -- -j28 -l28
[0.151s] Invoking command in '/root/dddmr_navigation/build/dddmr_semantic_segmentation': CMAKE_PREFIX_PATH=${CMAKE_PREFIX_PATH}:/opt/ros/humble /usr/bin/cmake --install /root/dddmr_navigation/build/dddmr_semantic_segmentation
[0.157s] -- Install configuration: "Release"
[0.159s] -- Execute custom install script
[0.159s] -- Up-to-date symlink: /root/dddmr_navigation/install/dddmr_semantic_segmentation/lib/dddmr_semantic_segmentation/semantic_segmentation2point_cloud
[0.160s] -- Up-to-date symlink: /root/dddmr_navigation/install/dddmr_semantic_segmentation/share/dddmr_semantic_segmentation//launch/bag_exclude_ss_trt_launch.py
[0.160s] -- Up-to-date symlink: /root/dddmr_navigation/install/dddmr_semantic_segmentation/share/dddmr_semantic_segmentation//launch/bag_semantic_segmentaton_trt_launch.py
[0.162s] -- Up-to-date symlink: /root/dddmr_navigation/install/dddmr_semantic_segmentation/share/dddmr_semantic_segmentation//launch/rs_semantic_segmentaton_trt_launch.py
[0.162s] -- Up-to-date symlink: /root/dddmr_navigation/install/dddmr_semantic_segmentation/share/dddmr_semantic_segmentation//model/ddrnet_23_slim_dualresnet_citys_best_model_424x848.onnx
[0.162s] -- Up-to-date symlink: /root/dddmr_navigation/install/dddmr_semantic_segmentation/share/dddmr_semantic_segmentation//data/colors_mapillary.csv
[0.163s] -- Up-to-date symlink: /root/dddmr_navigation/install/dddmr_semantic_segmentation/share/dddmr_semantic_segmentation//data/colors_mapillary_person_and_sidewalk.csv
[0.163s] -- Up-to-date symlink: /root/dddmr_navigation/install/dddmr_semantic_segmentation/share/dddmr_semantic_segmentation//data/people.png
[0.163s] -- Up-to-date symlink: /root/dddmr_navigation/install/dddmr_semantic_segmentation/share/dddmr_semantic_segmentation//scripts/ddrnet_image_test.py
[0.164s] -- Up-to-date symlink: /root/dddmr_navigation/install/dddmr_semantic_segmentation/share/dddmr_semantic_segmentation//scripts/ddrnet_ros_img_sub.py
[0.164s] -- Up-to-date symlink: /root/dddmr_navigation/install/dddmr_semantic_segmentation/share/dddmr_semantic_segmentation//scripts/perspective_transform.py
[0.164s] -- Up-to-date symlink: /root/dddmr_navigation/install/dddmr_semantic_segmentation/share/dddmr_semantic_segmentation//scripts/trt_interface.py
[0.164s] -- Up-to-date symlink: /root/dddmr_navigation/install/dddmr_semantic_segmentation/share/dddmr_semantic_segmentation//rviz/bag_semantic_segmentation_launch.rviz
[0.164s] -- Up-to-date symlink: /root/dddmr_navigation/install/dddmr_semantic_segmentation/share/dddmr_semantic_segmentation//rviz/rs_semantic_segmentation_launch.rviz
[0.164s] -- Up-to-date symlink: /root/dddmr_navigation/install/dddmr_semantic_segmentation/lib/dddmr_semantic_segmentation/ddrnet_ros_img_sub.py
[0.164s] -- Up-to-date symlink: /root/dddmr_navigation/install/dddmr_semantic_segmentation/share/ament_index/resource_index/package_run_dependencies/dddmr_semantic_segmentation
[0.164s] -- Up-to-date symlink: /root/dddmr_navigation/install/dddmr_semantic_segmentation/share/ament_index/resource_index/parent_prefix_path/dddmr_semantic_segmentation
[0.165s] -- Up-to-date symlink: /root/dddmr_navigation/install/dddmr_semantic_segmentation/share/dddmr_semantic_segmentation/environment/ament_prefix_path.sh
[0.166s] -- Up-to-date symlink: /root/dddmr_navigation/install/dddmr_semantic_segmentation/share/dddmr_semantic_segmentation/environment/ament_prefix_path.dsv
[0.166s] -- Up-to-date symlink: /root/dddmr_navigation/install/dddmr_semantic_segmentation/share/dddmr_semantic_segmentation/environment/path.sh
[0.166s] -- Up-to-date symlink: /root/dddmr_navigation/install/dddmr_semantic_segmentation/share/dddmr_semantic_segmentation/environment/path.dsv
[0.166s] -- Up-to-date symlink: /root/dddmr_navigation/install/dddmr_semantic_segmentation/share/dddmr_semantic_segmentation/local_setup.bash
[0.167s] -- Up-to-date symlink: /root/dddmr_navigation/install/dddmr_semantic_segmentation/share/dddmr_semantic_segmentation/local_setup.sh
[0.167s] -- Up-to-date symlink: /root/dddmr_navigation/install/dddmr_semantic_segmentation/share/dddmr_semantic_segmentation/local_setup.zsh
[0.167s] -- Up-to-date symlink: /root/dddmr_navigation/install/dddmr_semantic_segmentation/share/dddmr_semantic_segmentation/local_setup.dsv
[0.167s] -- Symlinking: /root/dddmr_navigation/install/dddmr_semantic_segmentation/share/dddmr_semantic_segmentation/package.dsv
[0.182s] -- Up-to-date symlink: /root/dddmr_navigation/install/dddmr_semantic_segmentation/share/ament_index/resource_index/packages/dddmr_semantic_segmentation
[0.183s] -- Up-to-date symlink: /root/dddmr_navigation/install/dddmr_semantic_segmentation/share/dddmr_semantic_segmentation/cmake/ament_cmake_export_include_directories-extras.cmake
[0.183s] -- Up-to-date symlink: /root/dddmr_navigation/install/dddmr_semantic_segmentation/share/dddmr_semantic_segmentation/cmake/ament_cmake_export_dependencies-extras.cmake
[0.183s] -- Up-to-date symlink: /root/dddmr_navigation/install/dddmr_semantic_segmentation/share/dddmr_semantic_segmentation/cmake/dddmr_semantic_segmentationConfig.cmake
[0.183s] -- Up-to-date symlink: /root/dddmr_navigation/install/dddmr_semantic_segmentation/share/dddmr_semantic_segmentation/cmake/dddmr_semantic_segmentationConfig-version.cmake
[0.184s] -- Up-to-date symlink: /root/dddmr_navigation/install/dddmr_semantic_segmentation/share/dddmr_semantic_segmentation/package.xml
[0.201s] Invoked command in '/root/dddmr_navigation/build/dddmr_semantic_segmentation' returned '0': CMAKE_PREFIX_PATH=${CMAKE_PREFIX_PATH}:/opt/ros/humble /usr/bin/cmake --install /root/dddmr_navigation/build/dddmr_semantic_segmentation
