[0.046s] DEBUG:colcon:Command line arguments: ['/usr/bin/colcon', 'build', '--packages-select', 'go2_config']
[0.046s] DEBUG:colcon:Parsed command line arguments: Namespace(log_base=None, log_level=None, verb_name='build', build_base='build', install_base='install', merge_install=False, symlink_install=False, test_result_base=None, continue_on_error=False, executor='parallel', parallel_workers=32, event_handlers=None, ignore_user_meta=False, metas=['./colcon.meta'], base_paths=['.'], packages_ignore=None, packages_ignore_regex=None, paths=None, packages_up_to=None, packages_up_to_regex=None, packages_above=None, packages_above_and_dependencies=None, packages_above_depth=None, packages_select_by_dep=None, packages_skip_by_dep=None, packages_skip_up_to=None, packages_select_build_failed=False, packages_skip_build_finished=False, packages_select_test_failures=False, packages_skip_test_passed=False, packages_select=['go2_config'], packages_skip=None, packages_select_regex=None, packages_skip_regex=None, packages_start=None, packages_end=None, allow_overriding=[], cmake_args=None, cmake_target=None, cmake_target_skip_unavailable=False, cmake_clean_cache=False, cmake_clean_first=False, cmake_force_configure=False, ament_cmake_args=None, catkin_cmake_args=None, catkin_skip_building_tests=False, verb_parser=<colcon_defaults.argument_parser.defaults.DefaultArgumentsDecorator object at 0x7c28d0cff8b0>, verb_extension=<colcon_core.verb.build.BuildVerb object at 0x7c28d0e34ca0>, main=<bound method BuildVerb.main of <colcon_core.verb.build.BuildVerb object at 0x7c28d0e34ca0>>)
[0.108s] Level 1:colcon.colcon_core.package_discovery:discover_packages(colcon_meta) check parameters
[0.108s] Level 1:colcon.colcon_core.package_discovery:discover_packages(recursive) check parameters
[0.108s] Level 1:colcon.colcon_core.package_discovery:discover_packages(ignore) check parameters
[0.108s] Level 1:colcon.colcon_core.package_discovery:discover_packages(path) check parameters
[0.108s] Level 1:colcon.colcon_core.package_discovery:discover_packages(colcon_meta) discover
[0.108s] Level 1:colcon.colcon_core.package_discovery:discover_packages(recursive) discover
[0.108s] INFO:colcon.colcon_core.package_discovery:Crawling recursively for packages in '/ws_gz'
[0.108s] Level 1:colcon.colcon_core.package_identification:_identify(.) by extensions ['ignore', 'ignore_ament_install']
[0.109s] Level 1:colcon.colcon_core.package_identification:_identify(.) by extension 'ignore'
[0.109s] Level 1:colcon.colcon_core.package_identification:_identify(.) by extension 'ignore_ament_install'
[0.109s] Level 1:colcon.colcon_core.package_identification:_identify(.) by extensions ['colcon_pkg']
[0.109s] Level 1:colcon.colcon_core.package_identification:_identify(.) by extension 'colcon_pkg'
[0.109s] Level 1:colcon.colcon_core.package_identification:_identify(.) by extensions ['colcon_meta']
[0.109s] Level 1:colcon.colcon_core.package_identification:_identify(.) by extension 'colcon_meta'
[0.109s] Level 1:colcon.colcon_core.package_identification:_identify(.) by extensions ['ros']
[0.109s] Level 1:colcon.colcon_core.package_identification:_identify(.) by extension 'ros'
[0.114s] Level 1:colcon.colcon_core.package_identification:_identify(.) by extensions ['cmake', 'python']
[0.114s] Level 1:colcon.colcon_core.package_identification:_identify(.) by extension 'cmake'
[0.114s] Level 1:colcon.colcon_core.package_identification:_identify(.) by extension 'python'
[0.114s] Level 1:colcon.colcon_core.package_identification:_identify(.) by extensions ['python_setup_py']
[0.114s] Level 1:colcon.colcon_core.package_identification:_identify(.) by extension 'python_setup_py'
[0.114s] Level 1:colcon.colcon_core.package_identification:_identify(build) by extensions ['ignore', 'ignore_ament_install']
[0.114s] Level 1:colcon.colcon_core.package_identification:_identify(build) by extension 'ignore'
[0.114s] Level 1:colcon.colcon_core.package_identification:_identify(build) ignored
[0.114s] Level 1:colcon.colcon_core.package_identification:_identify(install) by extensions ['ignore', 'ignore_ament_install']
[0.114s] Level 1:colcon.colcon_core.package_identification:_identify(install) by extension 'ignore'
[0.114s] Level 1:colcon.colcon_core.package_identification:_identify(install) ignored
[0.114s] Level 1:colcon.colcon_core.package_identification:_identify(log) by extensions ['ignore', 'ignore_ament_install']
[0.114s] Level 1:colcon.colcon_core.package_identification:_identify(log) by extension 'ignore'
[0.114s] Level 1:colcon.colcon_core.package_identification:_identify(log) ignored
[0.114s] Level 1:colcon.colcon_core.package_identification:_identify(src) by extensions ['ignore', 'ignore_ament_install']
[0.114s] Level 1:colcon.colcon_core.package_identification:_identify(src) by extension 'ignore'
[0.114s] Level 1:colcon.colcon_core.package_identification:_identify(src) by extension 'ignore_ament_install'
[0.114s] Level 1:colcon.colcon_core.package_identification:_identify(src) by extensions ['colcon_pkg']
[0.114s] Level 1:colcon.colcon_core.package_identification:_identify(src) by extension 'colcon_pkg'
[0.114s] Level 1:colcon.colcon_core.package_identification:_identify(src) by extensions ['colcon_meta']
[0.115s] Level 1:colcon.colcon_core.package_identification:_identify(src) by extension 'colcon_meta'
[0.115s] Level 1:colcon.colcon_core.package_identification:_identify(src) by extensions ['ros']
[0.115s] Level 1:colcon.colcon_core.package_identification:_identify(src) by extension 'ros'
[0.115s] Level 1:colcon.colcon_core.package_identification:_identify(src) by extensions ['cmake', 'python']
[0.115s] Level 1:colcon.colcon_core.package_identification:_identify(src) by extension 'cmake'
[0.115s] Level 1:colcon.colcon_core.package_identification:_identify(src) by extension 'python'
[0.115s] Level 1:colcon.colcon_core.package_identification:_identify(src) by extensions ['python_setup_py']
[0.115s] Level 1:colcon.colcon_core.package_identification:_identify(src) by extension 'python_setup_py'
[0.115s] Level 1:colcon.colcon_core.package_identification:_identify(src/gz_quadbot) by extensions ['ignore', 'ignore_ament_install']
[0.115s] Level 1:colcon.colcon_core.package_identification:_identify(src/gz_quadbot) by extension 'ignore'
[0.115s] Level 1:colcon.colcon_core.package_identification:_identify(src/gz_quadbot) by extension 'ignore_ament_install'
[0.115s] Level 1:colcon.colcon_core.package_identification:_identify(src/gz_quadbot) by extensions ['colcon_pkg']
[0.115s] Level 1:colcon.colcon_core.package_identification:_identify(src/gz_quadbot) by extension 'colcon_pkg'
[0.115s] Level 1:colcon.colcon_core.package_identification:_identify(src/gz_quadbot) by extensions ['colcon_meta']
[0.115s] Level 1:colcon.colcon_core.package_identification:_identify(src/gz_quadbot) by extension 'colcon_meta'
[0.115s] Level 1:colcon.colcon_core.package_identification:_identify(src/gz_quadbot) by extensions ['ros']
[0.115s] Level 1:colcon.colcon_core.package_identification:_identify(src/gz_quadbot) by extension 'ros'
[0.115s] Level 1:colcon.colcon_core.package_identification:_identify(src/gz_quadbot) by extensions ['cmake', 'python']
[0.115s] Level 1:colcon.colcon_core.package_identification:_identify(src/gz_quadbot) by extension 'cmake'
[0.115s] Level 1:colcon.colcon_core.package_identification:_identify(src/gz_quadbot) by extension 'python'
[0.115s] Level 1:colcon.colcon_core.package_identification:_identify(src/gz_quadbot) by extensions ['python_setup_py']
[0.115s] Level 1:colcon.colcon_core.package_identification:_identify(src/gz_quadbot) by extension 'python_setup_py'
[0.115s] Level 1:colcon.colcon_core.package_identification:_identify(src/gz_quadbot/champ) by extensions ['ignore', 'ignore_ament_install']
[0.115s] Level 1:colcon.colcon_core.package_identification:_identify(src/gz_quadbot/champ) by extension 'ignore'
[0.115s] Level 1:colcon.colcon_core.package_identification:_identify(src/gz_quadbot/champ) by extension 'ignore_ament_install'
[0.115s] Level 1:colcon.colcon_core.package_identification:_identify(src/gz_quadbot/champ) by extensions ['colcon_pkg']
[0.115s] Level 1:colcon.colcon_core.package_identification:_identify(src/gz_quadbot/champ) by extension 'colcon_pkg'
[0.115s] Level 1:colcon.colcon_core.package_identification:_identify(src/gz_quadbot/champ) by extensions ['colcon_meta']
[0.115s] Level 1:colcon.colcon_core.package_identification:_identify(src/gz_quadbot/champ) by extension 'colcon_meta'
[0.115s] Level 1:colcon.colcon_core.package_identification:_identify(src/gz_quadbot/champ) by extensions ['ros']
[0.115s] Level 1:colcon.colcon_core.package_identification:_identify(src/gz_quadbot/champ) by extension 'ros'
[0.115s] Level 1:colcon.colcon_core.package_identification:_identify(src/gz_quadbot/champ) by extensions ['cmake', 'python']
[0.115s] Level 1:colcon.colcon_core.package_identification:_identify(src/gz_quadbot/champ) by extension 'cmake'
[0.115s] Level 1:colcon.colcon_core.package_identification:_identify(src/gz_quadbot/champ) by extension 'python'
[0.115s] Level 1:colcon.colcon_core.package_identification:_identify(src/gz_quadbot/champ) by extensions ['python_setup_py']
[0.115s] Level 1:colcon.colcon_core.package_identification:_identify(src/gz_quadbot/champ) by extension 'python_setup_py'
[0.115s] Level 1:colcon.colcon_core.package_identification:_identify(src/gz_quadbot/champ/champ) by extensions ['ignore', 'ignore_ament_install']
[0.115s] Level 1:colcon.colcon_core.package_identification:_identify(src/gz_quadbot/champ/champ) by extension 'ignore'
[0.115s] Level 1:colcon.colcon_core.package_identification:_identify(src/gz_quadbot/champ/champ) by extension 'ignore_ament_install'
[0.115s] Level 1:colcon.colcon_core.package_identification:_identify(src/gz_quadbot/champ/champ) by extensions ['colcon_pkg']
[0.115s] Level 1:colcon.colcon_core.package_identification:_identify(src/gz_quadbot/champ/champ) by extension 'colcon_pkg'
[0.115s] Level 1:colcon.colcon_core.package_identification:_identify(src/gz_quadbot/champ/champ) by extensions ['colcon_meta']
[0.115s] Level 1:colcon.colcon_core.package_identification:_identify(src/gz_quadbot/champ/champ) by extension 'colcon_meta'
[0.115s] Level 1:colcon.colcon_core.package_identification:_identify(src/gz_quadbot/champ/champ) by extensions ['ros']
[0.115s] Level 1:colcon.colcon_core.package_identification:_identify(src/gz_quadbot/champ/champ) by extension 'ros'
[0.116s] DEBUG:colcon.colcon_core.package_identification:Package 'src/gz_quadbot/champ/champ' with type 'ros.ament_cmake' and name 'champ'
[0.116s] Level 1:colcon.colcon_core.package_identification:_identify(src/gz_quadbot/champ/champ_base) by extensions ['ignore', 'ignore_ament_install']
[0.116s] Level 1:colcon.colcon_core.package_identification:_identify(src/gz_quadbot/champ/champ_base) by extension 'ignore'
[0.117s] Level 1:colcon.colcon_core.package_identification:_identify(src/gz_quadbot/champ/champ_base) by extension 'ignore_ament_install'
[0.117s] Level 1:colcon.colcon_core.package_identification:_identify(src/gz_quadbot/champ/champ_base) by extensions ['colcon_pkg']
[0.117s] Level 1:colcon.colcon_core.package_identification:_identify(src/gz_quadbot/champ/champ_base) by extension 'colcon_pkg'
[0.117s] Level 1:colcon.colcon_core.package_identification:_identify(src/gz_quadbot/champ/champ_base) by extensions ['colcon_meta']
[0.117s] Level 1:colcon.colcon_core.package_identification:_identify(src/gz_quadbot/champ/champ_base) by extension 'colcon_meta'
[0.117s] Level 1:colcon.colcon_core.package_identification:_identify(src/gz_quadbot/champ/champ_base) by extensions ['ros']
[0.117s] Level 1:colcon.colcon_core.package_identification:_identify(src/gz_quadbot/champ/champ_base) by extension 'ros'
[0.117s] DEBUG:colcon.colcon_core.package_identification:Package 'src/gz_quadbot/champ/champ_base' with type 'ros.ament_cmake' and name 'champ_base'
[0.117s] Level 1:colcon.colcon_core.package_identification:_identify(src/gz_quadbot/champ/champ_bringup) by extensions ['ignore', 'ignore_ament_install']
[0.117s] Level 1:colcon.colcon_core.package_identification:_identify(src/gz_quadbot/champ/champ_bringup) by extension 'ignore'
[0.117s] Level 1:colcon.colcon_core.package_identification:_identify(src/gz_quadbot/champ/champ_bringup) by extension 'ignore_ament_install'
[0.117s] Level 1:colcon.colcon_core.package_identification:_identify(src/gz_quadbot/champ/champ_bringup) by extensions ['colcon_pkg']
[0.117s] Level 1:colcon.colcon_core.package_identification:_identify(src/gz_quadbot/champ/champ_bringup) by extension 'colcon_pkg'
[0.117s] Level 1:colcon.colcon_core.package_identification:_identify(src/gz_quadbot/champ/champ_bringup) by extensions ['colcon_meta']
[0.117s] Level 1:colcon.colcon_core.package_identification:_identify(src/gz_quadbot/champ/champ_bringup) by extension 'colcon_meta'
[0.117s] Level 1:colcon.colcon_core.package_identification:_identify(src/gz_quadbot/champ/champ_bringup) by extensions ['ros']
[0.117s] Level 1:colcon.colcon_core.package_identification:_identify(src/gz_quadbot/champ/champ_bringup) by extension 'ros'
[0.118s] DEBUG:colcon.colcon_core.package_identification:Package 'src/gz_quadbot/champ/champ_bringup' with type 'ros.ament_cmake' and name 'champ_bringup'
[0.118s] Level 1:colcon.colcon_core.package_identification:_identify(src/gz_quadbot/champ/champ_config) by extensions ['ignore', 'ignore_ament_install']
[0.118s] Level 1:colcon.colcon_core.package_identification:_identify(src/gz_quadbot/champ/champ_config) by extension 'ignore'
[0.118s] Level 1:colcon.colcon_core.package_identification:_identify(src/gz_quadbot/champ/champ_config) by extension 'ignore_ament_install'
[0.118s] Level 1:colcon.colcon_core.package_identification:_identify(src/gz_quadbot/champ/champ_config) by extensions ['colcon_pkg']
[0.118s] Level 1:colcon.colcon_core.package_identification:_identify(src/gz_quadbot/champ/champ_config) by extension 'colcon_pkg'
[0.118s] Level 1:colcon.colcon_core.package_identification:_identify(src/gz_quadbot/champ/champ_config) by extensions ['colcon_meta']
[0.118s] Level 1:colcon.colcon_core.package_identification:_identify(src/gz_quadbot/champ/champ_config) by extension 'colcon_meta'
[0.118s] Level 1:colcon.colcon_core.package_identification:_identify(src/gz_quadbot/champ/champ_config) by extensions ['ros']
[0.118s] Level 1:colcon.colcon_core.package_identification:_identify(src/gz_quadbot/champ/champ_config) by extension 'ros'
[0.118s] DEBUG:colcon.colcon_core.package_identification:Package 'src/gz_quadbot/champ/champ_config' with type 'ros.ament_cmake' and name 'champ_config'
[0.118s] Level 1:colcon.colcon_core.package_identification:_identify(src/gz_quadbot/champ/champ_description) by extensions ['ignore', 'ignore_ament_install']
[0.118s] Level 1:colcon.colcon_core.package_identification:_identify(src/gz_quadbot/champ/champ_description) by extension 'ignore'
[0.118s] Level 1:colcon.colcon_core.package_identification:_identify(src/gz_quadbot/champ/champ_description) by extension 'ignore_ament_install'
[0.118s] Level 1:colcon.colcon_core.package_identification:_identify(src/gz_quadbot/champ/champ_description) by extensions ['colcon_pkg']
[0.118s] Level 1:colcon.colcon_core.package_identification:_identify(src/gz_quadbot/champ/champ_description) by extension 'colcon_pkg'
[0.118s] Level 1:colcon.colcon_core.package_identification:_identify(src/gz_quadbot/champ/champ_description) by extensions ['colcon_meta']
[0.118s] Level 1:colcon.colcon_core.package_identification:_identify(src/gz_quadbot/champ/champ_description) by extension 'colcon_meta'
[0.118s] Level 1:colcon.colcon_core.package_identification:_identify(src/gz_quadbot/champ/champ_description) by extensions ['ros']
[0.118s] Level 1:colcon.colcon_core.package_identification:_identify(src/gz_quadbot/champ/champ_description) by extension 'ros'
[0.119s] DEBUG:colcon.colcon_core.package_identification:Package 'src/gz_quadbot/champ/champ_description' with type 'ros.ament_cmake' and name 'champ_description'
[0.119s] Level 1:colcon.colcon_core.package_identification:_identify(src/gz_quadbot/champ/champ_gazebo) by extensions ['ignore', 'ignore_ament_install']
[0.119s] Level 1:colcon.colcon_core.package_identification:_identify(src/gz_quadbot/champ/champ_gazebo) by extension 'ignore'
[0.119s] Level 1:colcon.colcon_core.package_identification:_identify(src/gz_quadbot/champ/champ_gazebo) by extension 'ignore_ament_install'
[0.119s] Level 1:colcon.colcon_core.package_identification:_identify(src/gz_quadbot/champ/champ_gazebo) by extensions ['colcon_pkg']
[0.119s] Level 1:colcon.colcon_core.package_identification:_identify(src/gz_quadbot/champ/champ_gazebo) by extension 'colcon_pkg'
[0.119s] Level 1:colcon.colcon_core.package_identification:_identify(src/gz_quadbot/champ/champ_gazebo) by extensions ['colcon_meta']
[0.119s] Level 1:colcon.colcon_core.package_identification:_identify(src/gz_quadbot/champ/champ_gazebo) by extension 'colcon_meta'
[0.119s] Level 1:colcon.colcon_core.package_identification:_identify(src/gz_quadbot/champ/champ_gazebo) by extensions ['ros']
[0.119s] Level 1:colcon.colcon_core.package_identification:_identify(src/gz_quadbot/champ/champ_gazebo) by extension 'ros'
[0.119s] DEBUG:colcon.colcon_core.package_identification:Package 'src/gz_quadbot/champ/champ_gazebo' with type 'ros.ament_cmake' and name 'champ_gazebo'
[0.119s] Level 1:colcon.colcon_core.package_identification:_identify(src/gz_quadbot/champ/champ_msgs) by extensions ['ignore', 'ignore_ament_install']
[0.119s] Level 1:colcon.colcon_core.package_identification:_identify(src/gz_quadbot/champ/champ_msgs) by extension 'ignore'
[0.119s] Level 1:colcon.colcon_core.package_identification:_identify(src/gz_quadbot/champ/champ_msgs) by extension 'ignore_ament_install'
[0.119s] Level 1:colcon.colcon_core.package_identification:_identify(src/gz_quadbot/champ/champ_msgs) by extensions ['colcon_pkg']
[0.119s] Level 1:colcon.colcon_core.package_identification:_identify(src/gz_quadbot/champ/champ_msgs) by extension 'colcon_pkg'
[0.119s] Level 1:colcon.colcon_core.package_identification:_identify(src/gz_quadbot/champ/champ_msgs) by extensions ['colcon_meta']
[0.119s] Level 1:colcon.colcon_core.package_identification:_identify(src/gz_quadbot/champ/champ_msgs) by extension 'colcon_meta'
[0.119s] Level 1:colcon.colcon_core.package_identification:_identify(src/gz_quadbot/champ/champ_msgs) by extensions ['ros']
[0.119s] Level 1:colcon.colcon_core.package_identification:_identify(src/gz_quadbot/champ/champ_msgs) by extension 'ros'
[0.120s] DEBUG:colcon.colcon_core.package_identification:Package 'src/gz_quadbot/champ/champ_msgs' with type 'ros.ament_cmake' and name 'champ_msgs'
[0.120s] Level 1:colcon.colcon_core.package_identification:_identify(src/gz_quadbot/champ/champ_navigation) by extensions ['ignore', 'ignore_ament_install']
[0.120s] Level 1:colcon.colcon_core.package_identification:_identify(src/gz_quadbot/champ/champ_navigation) by extension 'ignore'
[0.120s] Level 1:colcon.colcon_core.package_identification:_identify(src/gz_quadbot/champ/champ_navigation) by extension 'ignore_ament_install'
[0.120s] Level 1:colcon.colcon_core.package_identification:_identify(src/gz_quadbot/champ/champ_navigation) by extensions ['colcon_pkg']
[0.120s] Level 1:colcon.colcon_core.package_identification:_identify(src/gz_quadbot/champ/champ_navigation) by extension 'colcon_pkg'
[0.120s] Level 1:colcon.colcon_core.package_identification:_identify(src/gz_quadbot/champ/champ_navigation) by extensions ['colcon_meta']
[0.120s] Level 1:colcon.colcon_core.package_identification:_identify(src/gz_quadbot/champ/champ_navigation) by extension 'colcon_meta'
[0.120s] Level 1:colcon.colcon_core.package_identification:_identify(src/gz_quadbot/champ/champ_navigation) by extensions ['ros']
[0.120s] Level 1:colcon.colcon_core.package_identification:_identify(src/gz_quadbot/champ/champ_navigation) by extension 'ros'
[0.120s] DEBUG:colcon.colcon_core.package_identification:Package 'src/gz_quadbot/champ/champ_navigation' with type 'ros.ament_cmake' and name 'champ_navigation'
[0.120s] Level 1:colcon.colcon_core.package_identification:_identify(src/gz_quadbot/champ/docs) by extensions ['ignore', 'ignore_ament_install']
[0.120s] Level 1:colcon.colcon_core.package_identification:_identify(src/gz_quadbot/champ/docs) by extension 'ignore'
[0.120s] Level 1:colcon.colcon_core.package_identification:_identify(src/gz_quadbot/champ/docs) by extension 'ignore_ament_install'
[0.120s] Level 1:colcon.colcon_core.package_identification:_identify(src/gz_quadbot/champ/docs) by extensions ['colcon_pkg']
[0.120s] Level 1:colcon.colcon_core.package_identification:_identify(src/gz_quadbot/champ/docs) by extension 'colcon_pkg'
[0.120s] Level 1:colcon.colcon_core.package_identification:_identify(src/gz_quadbot/champ/docs) by extensions ['colcon_meta']
[0.120s] Level 1:colcon.colcon_core.package_identification:_identify(src/gz_quadbot/champ/docs) by extension 'colcon_meta'
[0.120s] Level 1:colcon.colcon_core.package_identification:_identify(src/gz_quadbot/champ/docs) by extensions ['ros']
[0.120s] Level 1:colcon.colcon_core.package_identification:_identify(src/gz_quadbot/champ/docs) by extension 'ros'
[0.120s] Level 1:colcon.colcon_core.package_identification:_identify(src/gz_quadbot/champ/docs) by extensions ['cmake', 'python']
[0.120s] Level 1:colcon.colcon_core.package_identification:_identify(src/gz_quadbot/champ/docs) by extension 'cmake'
[0.120s] Level 1:colcon.colcon_core.package_identification:_identify(src/gz_quadbot/champ/docs) by extension 'python'
[0.120s] Level 1:colcon.colcon_core.package_identification:_identify(src/gz_quadbot/champ/docs) by extensions ['python_setup_py']
[0.120s] Level 1:colcon.colcon_core.package_identification:_identify(src/gz_quadbot/champ/docs) by extension 'python_setup_py'
[0.120s] Level 1:colcon.colcon_core.package_identification:_identify(src/gz_quadbot/champ/docs/images) by extensions ['ignore', 'ignore_ament_install']
[0.120s] Level 1:colcon.colcon_core.package_identification:_identify(src/gz_quadbot/champ/docs/images) by extension 'ignore'
[0.120s] Level 1:colcon.colcon_core.package_identification:_identify(src/gz_quadbot/champ/docs/images) by extension 'ignore_ament_install'
[0.120s] Level 1:colcon.colcon_core.package_identification:_identify(src/gz_quadbot/champ/docs/images) by extensions ['colcon_pkg']
[0.120s] Level 1:colcon.colcon_core.package_identification:_identify(src/gz_quadbot/champ/docs/images) by extension 'colcon_pkg'
[0.120s] Level 1:colcon.colcon_core.package_identification:_identify(src/gz_quadbot/champ/docs/images) by extensions ['colcon_meta']
[0.120s] Level 1:colcon.colcon_core.package_identification:_identify(src/gz_quadbot/champ/docs/images) by extension 'colcon_meta'
[0.120s] Level 1:colcon.colcon_core.package_identification:_identify(src/gz_quadbot/champ/docs/images) by extensions ['ros']
[0.120s] Level 1:colcon.colcon_core.package_identification:_identify(src/gz_quadbot/champ/docs/images) by extension 'ros'
[0.121s] Level 1:colcon.colcon_core.package_identification:_identify(src/gz_quadbot/champ/docs/images) by extensions ['cmake', 'python']
[0.121s] Level 1:colcon.colcon_core.package_identification:_identify(src/gz_quadbot/champ/docs/images) by extension 'cmake'
[0.121s] Level 1:colcon.colcon_core.package_identification:_identify(src/gz_quadbot/champ/docs/images) by extension 'python'
[0.121s] Level 1:colcon.colcon_core.package_identification:_identify(src/gz_quadbot/champ/docs/images) by extensions ['python_setup_py']
[0.121s] Level 1:colcon.colcon_core.package_identification:_identify(src/gz_quadbot/champ/docs/images) by extension 'python_setup_py'
[0.121s] Level 1:colcon.colcon_core.package_identification:_identify(src/gz_quadbot/robots) by extensions ['ignore', 'ignore_ament_install']
[0.121s] Level 1:colcon.colcon_core.package_identification:_identify(src/gz_quadbot/robots) by extension 'ignore'
[0.121s] Level 1:colcon.colcon_core.package_identification:_identify(src/gz_quadbot/robots) by extension 'ignore_ament_install'
[0.121s] Level 1:colcon.colcon_core.package_identification:_identify(src/gz_quadbot/robots) by extensions ['colcon_pkg']
[0.121s] Level 1:colcon.colcon_core.package_identification:_identify(src/gz_quadbot/robots) by extension 'colcon_pkg'
[0.121s] Level 1:colcon.colcon_core.package_identification:_identify(src/gz_quadbot/robots) by extensions ['colcon_meta']
[0.121s] Level 1:colcon.colcon_core.package_identification:_identify(src/gz_quadbot/robots) by extension 'colcon_meta'
[0.121s] Level 1:colcon.colcon_core.package_identification:_identify(src/gz_quadbot/robots) by extensions ['ros']
[0.121s] Level 1:colcon.colcon_core.package_identification:_identify(src/gz_quadbot/robots) by extension 'ros'
[0.121s] Level 1:colcon.colcon_core.package_identification:_identify(src/gz_quadbot/robots) by extensions ['cmake', 'python']
[0.121s] Level 1:colcon.colcon_core.package_identification:_identify(src/gz_quadbot/robots) by extension 'cmake'
[0.121s] Level 1:colcon.colcon_core.package_identification:_identify(src/gz_quadbot/robots) by extension 'python'
[0.121s] Level 1:colcon.colcon_core.package_identification:_identify(src/gz_quadbot/robots) by extensions ['python_setup_py']
[0.121s] Level 1:colcon.colcon_core.package_identification:_identify(src/gz_quadbot/robots) by extension 'python_setup_py'
[0.121s] Level 1:colcon.colcon_core.package_identification:_identify(src/gz_quadbot/robots/configs) by extensions ['ignore', 'ignore_ament_install']
[0.121s] Level 1:colcon.colcon_core.package_identification:_identify(src/gz_quadbot/robots/configs) by extension 'ignore'
[0.121s] Level 1:colcon.colcon_core.package_identification:_identify(src/gz_quadbot/robots/configs) by extension 'ignore_ament_install'
[0.121s] Level 1:colcon.colcon_core.package_identification:_identify(src/gz_quadbot/robots/configs) by extensions ['colcon_pkg']
[0.121s] Level 1:colcon.colcon_core.package_identification:_identify(src/gz_quadbot/robots/configs) by extension 'colcon_pkg'
[0.121s] Level 1:colcon.colcon_core.package_identification:_identify(src/gz_quadbot/robots/configs) by extensions ['colcon_meta']
[0.121s] Level 1:colcon.colcon_core.package_identification:_identify(src/gz_quadbot/robots/configs) by extension 'colcon_meta'
[0.121s] Level 1:colcon.colcon_core.package_identification:_identify(src/gz_quadbot/robots/configs) by extensions ['ros']
[0.121s] Level 1:colcon.colcon_core.package_identification:_identify(src/gz_quadbot/robots/configs) by extension 'ros'
[0.121s] Level 1:colcon.colcon_core.package_identification:_identify(src/gz_quadbot/robots/configs) by extensions ['cmake', 'python']
[0.121s] Level 1:colcon.colcon_core.package_identification:_identify(src/gz_quadbot/robots/configs) by extension 'cmake'
[0.121s] Level 1:colcon.colcon_core.package_identification:_identify(src/gz_quadbot/robots/configs) by extension 'python'
[0.121s] Level 1:colcon.colcon_core.package_identification:_identify(src/gz_quadbot/robots/configs) by extensions ['python_setup_py']
[0.121s] Level 1:colcon.colcon_core.package_identification:_identify(src/gz_quadbot/robots/configs) by extension 'python_setup_py'
[0.121s] Level 1:colcon.colcon_core.package_identification:_identify(src/gz_quadbot/robots/configs/go2_config) by extensions ['ignore', 'ignore_ament_install']
[0.121s] Level 1:colcon.colcon_core.package_identification:_identify(src/gz_quadbot/robots/configs/go2_config) by extension 'ignore'
[0.121s] Level 1:colcon.colcon_core.package_identification:_identify(src/gz_quadbot/robots/configs/go2_config) by extension 'ignore_ament_install'
[0.121s] Level 1:colcon.colcon_core.package_identification:_identify(src/gz_quadbot/robots/configs/go2_config) by extensions ['colcon_pkg']
[0.121s] Level 1:colcon.colcon_core.package_identification:_identify(src/gz_quadbot/robots/configs/go2_config) by extension 'colcon_pkg'
[0.121s] Level 1:colcon.colcon_core.package_identification:_identify(src/gz_quadbot/robots/configs/go2_config) by extensions ['colcon_meta']
[0.121s] Level 1:colcon.colcon_core.package_identification:_identify(src/gz_quadbot/robots/configs/go2_config) by extension 'colcon_meta'
[0.121s] Level 1:colcon.colcon_core.package_identification:_identify(src/gz_quadbot/robots/configs/go2_config) by extensions ['ros']
[0.121s] Level 1:colcon.colcon_core.package_identification:_identify(src/gz_quadbot/robots/configs/go2_config) by extension 'ros'
[0.121s] DEBUG:colcon.colcon_core.package_identification:Package 'src/gz_quadbot/robots/configs/go2_config' with type 'ros.ament_cmake' and name 'go2_config'
[0.122s] Level 1:colcon.colcon_core.package_identification:_identify(src/gz_quadbot/robots/descriptions) by extensions ['ignore', 'ignore_ament_install']
[0.122s] Level 1:colcon.colcon_core.package_identification:_identify(src/gz_quadbot/robots/descriptions) by extension 'ignore'
[0.122s] Level 1:colcon.colcon_core.package_identification:_identify(src/gz_quadbot/robots/descriptions) by extension 'ignore_ament_install'
[0.122s] Level 1:colcon.colcon_core.package_identification:_identify(src/gz_quadbot/robots/descriptions) by extensions ['colcon_pkg']
[0.122s] Level 1:colcon.colcon_core.package_identification:_identify(src/gz_quadbot/robots/descriptions) by extension 'colcon_pkg'
[0.122s] Level 1:colcon.colcon_core.package_identification:_identify(src/gz_quadbot/robots/descriptions) by extensions ['colcon_meta']
[0.122s] Level 1:colcon.colcon_core.package_identification:_identify(src/gz_quadbot/robots/descriptions) by extension 'colcon_meta'
[0.122s] Level 1:colcon.colcon_core.package_identification:_identify(src/gz_quadbot/robots/descriptions) by extensions ['ros']
[0.122s] Level 1:colcon.colcon_core.package_identification:_identify(src/gz_quadbot/robots/descriptions) by extension 'ros'
[0.122s] Level 1:colcon.colcon_core.package_identification:_identify(src/gz_quadbot/robots/descriptions) by extensions ['cmake', 'python']
[0.122s] Level 1:colcon.colcon_core.package_identification:_identify(src/gz_quadbot/robots/descriptions) by extension 'cmake'
[0.122s] Level 1:colcon.colcon_core.package_identification:_identify(src/gz_quadbot/robots/descriptions) by extension 'python'
[0.122s] Level 1:colcon.colcon_core.package_identification:_identify(src/gz_quadbot/robots/descriptions) by extensions ['python_setup_py']
[0.122s] Level 1:colcon.colcon_core.package_identification:_identify(src/gz_quadbot/robots/descriptions) by extension 'python_setup_py'
[0.122s] Level 1:colcon.colcon_core.package_identification:_identify(src/gz_quadbot/robots/descriptions/go2_description) by extensions ['ignore', 'ignore_ament_install']
[0.122s] Level 1:colcon.colcon_core.package_identification:_identify(src/gz_quadbot/robots/descriptions/go2_description) by extension 'ignore'
[0.122s] Level 1:colcon.colcon_core.package_identification:_identify(src/gz_quadbot/robots/descriptions/go2_description) by extension 'ignore_ament_install'
[0.122s] Level 1:colcon.colcon_core.package_identification:_identify(src/gz_quadbot/robots/descriptions/go2_description) by extensions ['colcon_pkg']
[0.122s] Level 1:colcon.colcon_core.package_identification:_identify(src/gz_quadbot/robots/descriptions/go2_description) by extension 'colcon_pkg'
[0.122s] Level 1:colcon.colcon_core.package_identification:_identify(src/gz_quadbot/robots/descriptions/go2_description) by extensions ['colcon_meta']
[0.122s] Level 1:colcon.colcon_core.package_identification:_identify(src/gz_quadbot/robots/descriptions/go2_description) by extension 'colcon_meta'
[0.122s] Level 1:colcon.colcon_core.package_identification:_identify(src/gz_quadbot/robots/descriptions/go2_description) by extensions ['ros']
[0.122s] Level 1:colcon.colcon_core.package_identification:_identify(src/gz_quadbot/robots/descriptions/go2_description) by extension 'ros'
[0.122s] DEBUG:colcon.colcon_core.package_identification:Package 'src/gz_quadbot/robots/descriptions/go2_description' with type 'ros.ament_cmake' and name 'go2_description'
[0.122s] Level 1:colcon.colcon_core.package_identification:_identify(src/livox_laser_simulation) by extensions ['ignore', 'ignore_ament_install']
[0.122s] Level 1:colcon.colcon_core.package_identification:_identify(src/livox_laser_simulation) by extension 'ignore'
[0.122s] Level 1:colcon.colcon_core.package_identification:_identify(src/livox_laser_simulation) by extension 'ignore_ament_install'
[0.122s] Level 1:colcon.colcon_core.package_identification:_identify(src/livox_laser_simulation) by extensions ['colcon_pkg']
[0.122s] Level 1:colcon.colcon_core.package_identification:_identify(src/livox_laser_simulation) by extension 'colcon_pkg'
[0.122s] Level 1:colcon.colcon_core.package_identification:_identify(src/livox_laser_simulation) by extensions ['colcon_meta']
[0.122s] Level 1:colcon.colcon_core.package_identification:_identify(src/livox_laser_simulation) by extension 'colcon_meta'
[0.122s] Level 1:colcon.colcon_core.package_identification:_identify(src/livox_laser_simulation) by extensions ['ros']
[0.122s] Level 1:colcon.colcon_core.package_identification:_identify(src/livox_laser_simulation) by extension 'ros'
[0.123s] DEBUG:colcon.colcon_core.package_identification:Package 'src/livox_laser_simulation' with type 'ros.catkin' and name 'livox_laser_simulation'
[0.123s] Level 1:colcon.colcon_core.package_discovery:discover_packages(recursive) using defaults
[0.123s] Level 1:colcon.colcon_core.package_discovery:discover_packages(ignore) discover
[0.123s] Level 1:colcon.colcon_core.package_discovery:discover_packages(ignore) using defaults
[0.123s] Level 1:colcon.colcon_core.package_discovery:discover_packages(path) discover
[0.123s] Level 1:colcon.colcon_core.package_discovery:discover_packages(path) using defaults
[0.133s] INFO:colcon.colcon_core.package_selection:Skipping not selected package 'champ' in 'src/gz_quadbot/champ/champ'
[0.133s] INFO:colcon.colcon_core.package_selection:Skipping not selected package 'champ_config' in 'src/gz_quadbot/champ/champ_config'
[0.133s] INFO:colcon.colcon_core.package_selection:Skipping not selected package 'champ_description' in 'src/gz_quadbot/champ/champ_description'
[0.133s] INFO:colcon.colcon_core.package_selection:Skipping not selected package 'champ_msgs' in 'src/gz_quadbot/champ/champ_msgs'
[0.133s] INFO:colcon.colcon_core.package_selection:Skipping not selected package 'champ_navigation' in 'src/gz_quadbot/champ/champ_navigation'
[0.133s] INFO:colcon.colcon_core.package_selection:Skipping not selected package 'go2_description' in 'src/gz_quadbot/robots/descriptions/go2_description'
[0.133s] INFO:colcon.colcon_core.package_selection:Skipping not selected package 'livox_laser_simulation' in 'src/livox_laser_simulation'
[0.133s] INFO:colcon.colcon_core.package_selection:Skipping not selected package 'champ_base' in 'src/gz_quadbot/champ/champ_base'
[0.133s] INFO:colcon.colcon_core.package_selection:Skipping not selected package 'champ_gazebo' in 'src/gz_quadbot/champ/champ_gazebo'
[0.133s] INFO:colcon.colcon_core.package_selection:Skipping not selected package 'champ_bringup' in 'src/gz_quadbot/champ/champ_bringup'
[0.133s] Level 1:colcon.colcon_core.package_discovery:discover_packages(prefix_path) check parameters
[0.133s] Level 1:colcon.colcon_core.package_discovery:discover_packages(prefix_path) discover
[0.134s] DEBUG:colcon.colcon_installed_package_information.package_discovery:Found 11 installed packages in /ws_gz/install
[0.135s] DEBUG:colcon.colcon_installed_package_information.package_discovery:Found 331 installed packages in /opt/ros/humble
[0.140s] Level 1:colcon.colcon_core.package_discovery:discover_packages(prefix_path) using defaults
[0.157s] Level 5:colcon.colcon_core.verb:set package 'go2_config' build argument 'cmake_args' from command line to 'None'
[0.157s] Level 5:colcon.colcon_core.verb:set package 'go2_config' build argument 'cmake_target' from command line to 'None'
[0.157s] Level 5:colcon.colcon_core.verb:set package 'go2_config' build argument 'cmake_target_skip_unavailable' from command line to 'False'
[0.157s] Level 5:colcon.colcon_core.verb:set package 'go2_config' build argument 'cmake_clean_cache' from command line to 'False'
[0.157s] Level 5:colcon.colcon_core.verb:set package 'go2_config' build argument 'cmake_clean_first' from command line to 'False'
[0.157s] Level 5:colcon.colcon_core.verb:set package 'go2_config' build argument 'cmake_force_configure' from command line to 'False'
[0.157s] Level 5:colcon.colcon_core.verb:set package 'go2_config' build argument 'ament_cmake_args' from command line to 'None'
[0.157s] Level 5:colcon.colcon_core.verb:set package 'go2_config' build argument 'catkin_cmake_args' from command line to 'None'
[0.157s] Level 5:colcon.colcon_core.verb:set package 'go2_config' build argument 'catkin_skip_building_tests' from command line to 'False'
[0.157s] DEBUG:colcon.colcon_core.verb:Building package 'go2_config' with the following arguments: {'ament_cmake_args': None, 'build_base': '/ws_gz/build/go2_config', 'catkin_cmake_args': None, 'catkin_skip_building_tests': False, 'cmake_args': None, 'cmake_clean_cache': False, 'cmake_clean_first': False, 'cmake_force_configure': False, 'cmake_target': None, 'cmake_target_skip_unavailable': False, 'install_base': '/ws_gz/install/go2_config', 'merge_install': False, 'path': '/ws_gz/src/gz_quadbot/robots/configs/go2_config', 'symlink_install': False, 'test_result_base': None}
[0.157s] INFO:colcon.colcon_core.executor:Executing jobs using 'parallel' executor
[0.158s] DEBUG:colcon.colcon_parallel_executor.executor.parallel:run_until_complete
[0.158s] INFO:colcon.colcon_ros.task.ament_cmake.build:Building ROS package in '/ws_gz/src/gz_quadbot/robots/configs/go2_config' with build type 'ament_cmake'
[0.158s] INFO:colcon.colcon_cmake.task.cmake.build:Building CMake package in '/ws_gz/src/gz_quadbot/robots/configs/go2_config'
[0.159s] INFO:colcon.colcon_core.plugin_system:Skipping extension 'colcon_core.shell.bat': Not used on non-Windows systems
[0.159s] INFO:colcon.colcon_core.shell:Skip shell extension 'powershell' for command environment: Not usable outside of PowerShell
[0.159s] DEBUG:colcon.colcon_core.shell:Skip shell extension 'dsv' for command environment
[0.165s] DEBUG:colcon.colcon_core.event_handler.log_command:Invoking command in '/ws_gz/build/go2_config': CMAKE_PREFIX_PATH=${CMAKE_PREFIX_PATH}:/opt/ros/humble /usr/bin/cmake /ws_gz/src/gz_quadbot/robots/configs/go2_config -DCMAKE_INSTALL_PREFIX=/ws_gz/install/go2_config
[0.313s] DEBUG:colcon.colcon_core.event_handler.log_command:Invoked command in '/ws_gz/build/go2_config' returned '0': CMAKE_PREFIX_PATH=${CMAKE_PREFIX_PATH}:/opt/ros/humble /usr/bin/cmake /ws_gz/src/gz_quadbot/robots/configs/go2_config -DCMAKE_INSTALL_PREFIX=/ws_gz/install/go2_config
[0.314s] DEBUG:colcon.colcon_core.event_handler.log_command:Invoking command in '/ws_gz/build/go2_config': CMAKE_PREFIX_PATH=${CMAKE_PREFIX_PATH}:/opt/ros/humble /usr/bin/cmake --build /ws_gz/build/go2_config -- -j32 -l32
[0.471s] DEBUG:colcon.colcon_core.event_handler.log_command:Invoked command in '/ws_gz/build/go2_config' returned '0': CMAKE_PREFIX_PATH=${CMAKE_PREFIX_PATH}:/opt/ros/humble /usr/bin/cmake --build /ws_gz/build/go2_config -- -j32 -l32
[0.477s] DEBUG:colcon.colcon_core.event_handler.log_command:Invoking command in '/ws_gz/build/go2_config': CMAKE_PREFIX_PATH=${CMAKE_PREFIX_PATH}:/opt/ros/humble /usr/bin/cmake --install /ws_gz/build/go2_config
[0.507s] Level 1:colcon.colcon_core.environment:create_environment_scripts_only(go2_config)
[0.507s] DEBUG:colcon.colcon_core.event_handler.log_command:Invoked command in '/ws_gz/build/go2_config' returned '0': CMAKE_PREFIX_PATH=${CMAKE_PREFIX_PATH}:/opt/ros/humble /usr/bin/cmake --install /ws_gz/build/go2_config
[0.509s] Level 1:colcon.colcon_core.environment:checking '/ws_gz/install/go2_config' for CMake module files
[0.509s] Level 1:colcon.colcon_core.environment:checking '/ws_gz/install/go2_config' for CMake config files
[0.510s] Level 1:colcon.colcon_core.shell:create_environment_hook('go2_config', 'cmake_prefix_path')
[0.510s] INFO:colcon.colcon_core.shell:Creating environment hook '/ws_gz/install/go2_config/share/go2_config/hook/cmake_prefix_path.ps1'
[0.510s] INFO:colcon.colcon_core.shell:Creating environment descriptor '/ws_gz/install/go2_config/share/go2_config/hook/cmake_prefix_path.dsv'
[0.511s] INFO:colcon.colcon_core.shell:Creating environment hook '/ws_gz/install/go2_config/share/go2_config/hook/cmake_prefix_path.sh'
[0.511s] Level 1:colcon.colcon_core.environment:checking '/ws_gz/install/go2_config/lib'
[0.512s] Level 1:colcon.colcon_core.environment:checking '/ws_gz/install/go2_config/bin'
[0.512s] Level 1:colcon.colcon_core.environment:checking '/ws_gz/install/go2_config/lib/pkgconfig/go2_config.pc'
[0.512s] Level 1:colcon.colcon_core.environment:checking '/ws_gz/install/go2_config/lib/python3.10/site-packages'
[0.512s] Level 1:colcon.colcon_core.environment:checking '/ws_gz/install/go2_config/bin'
[0.512s] INFO:colcon.colcon_core.shell:Creating package script '/ws_gz/install/go2_config/share/go2_config/package.ps1'
[0.513s] INFO:colcon.colcon_core.shell:Creating package descriptor '/ws_gz/install/go2_config/share/go2_config/package.dsv'
[0.514s] INFO:colcon.colcon_core.shell:Creating package script '/ws_gz/install/go2_config/share/go2_config/package.sh'
[0.514s] INFO:colcon.colcon_core.shell:Creating package script '/ws_gz/install/go2_config/share/go2_config/package.bash'
[0.515s] INFO:colcon.colcon_core.shell:Creating package script '/ws_gz/install/go2_config/share/go2_config/package.zsh'
[0.515s] Level 1:colcon.colcon_core.environment:create_file_with_runtime_dependencies(/ws_gz/install/go2_config/share/colcon-core/packages/go2_config)
[0.516s] Level 1:colcon.colcon_core.environment:create_environment_scripts_only(go2_config)
[0.516s] Level 1:colcon.colcon_core.environment:checking '/ws_gz/install/go2_config' for CMake module files
[0.516s] Level 1:colcon.colcon_core.environment:checking '/ws_gz/install/go2_config' for CMake config files
[0.516s] Level 1:colcon.colcon_core.shell:create_environment_hook('go2_config', 'cmake_prefix_path')
[0.517s] INFO:colcon.colcon_core.shell:Creating environment hook '/ws_gz/install/go2_config/share/go2_config/hook/cmake_prefix_path.ps1'
[0.517s] INFO:colcon.colcon_core.shell:Creating environment descriptor '/ws_gz/install/go2_config/share/go2_config/hook/cmake_prefix_path.dsv'
[0.517s] INFO:colcon.colcon_core.shell:Creating environment hook '/ws_gz/install/go2_config/share/go2_config/hook/cmake_prefix_path.sh'
[0.518s] Level 1:colcon.colcon_core.environment:checking '/ws_gz/install/go2_config/lib'
[0.518s] Level 1:colcon.colcon_core.environment:checking '/ws_gz/install/go2_config/bin'
[0.518s] Level 1:colcon.colcon_core.environment:checking '/ws_gz/install/go2_config/lib/pkgconfig/go2_config.pc'
[0.518s] Level 1:colcon.colcon_core.environment:checking '/ws_gz/install/go2_config/lib/python3.10/site-packages'
[0.518s] Level 1:colcon.colcon_core.environment:checking '/ws_gz/install/go2_config/bin'
[0.518s] INFO:colcon.colcon_core.shell:Creating package script '/ws_gz/install/go2_config/share/go2_config/package.ps1'
[0.519s] INFO:colcon.colcon_core.shell:Creating package descriptor '/ws_gz/install/go2_config/share/go2_config/package.dsv'
[0.519s] INFO:colcon.colcon_core.shell:Creating package script '/ws_gz/install/go2_config/share/go2_config/package.sh'
[0.519s] INFO:colcon.colcon_core.shell:Creating package script '/ws_gz/install/go2_config/share/go2_config/package.bash'
[0.520s] INFO:colcon.colcon_core.shell:Creating package script '/ws_gz/install/go2_config/share/go2_config/package.zsh'
[0.520s] Level 1:colcon.colcon_core.environment:create_file_with_runtime_dependencies(/ws_gz/install/go2_config/share/colcon-core/packages/go2_config)
[0.520s] DEBUG:colcon.colcon_parallel_executor.executor.parallel:closing loop
[0.520s] DEBUG:colcon.colcon_parallel_executor.executor.parallel:loop closed
[0.520s] DEBUG:colcon.colcon_parallel_executor.executor.parallel:run_until_complete finished with '0'
[0.520s] DEBUG:colcon.colcon_core.event_reactor:joining thread
[0.523s] INFO:colcon.colcon_core.plugin_system:Skipping extension 'colcon_notification.desktop_notification.notify_send': Could not find 'notify-send'
[0.523s] INFO:colcon.colcon_core.plugin_system:Skipping extension 'colcon_notification.desktop_notification.terminal_notifier': Not used on non-Darwin systems
[0.523s] INFO:colcon.colcon_core.plugin_system:Skipping extension 'colcon_notification.desktop_notification.win32': Not used on non-Windows systems
[0.523s] INFO:colcon.colcon_notification.desktop_notification:Sending desktop notification using 'notify2'
[0.525s] DEBUG:colcon.colcon_notification.desktop_notification.notify2:Failed to initialize notify2: org.freedesktop.DBus.Error.Spawn.ExecFailed: /usr/bin/dbus-launch terminated abnormally without any error message
[0.525s] DEBUG:colcon.colcon_core.event_reactor:joined thread
[0.525s] INFO:colcon.colcon_core.shell:Creating prefix script '/ws_gz/install/local_setup.ps1'
[0.526s] INFO:colcon.colcon_core.shell:Creating prefix util module '/ws_gz/install/_local_setup_util_ps1.py'
[0.527s] INFO:colcon.colcon_core.shell:Creating prefix chain script '/ws_gz/install/setup.ps1'
[0.528s] INFO:colcon.colcon_core.shell:Creating prefix script '/ws_gz/install/local_setup.sh'
[0.529s] INFO:colcon.colcon_core.shell:Creating prefix util module '/ws_gz/install/_local_setup_util_sh.py'
[0.529s] INFO:colcon.colcon_core.shell:Creating prefix chain script '/ws_gz/install/setup.sh'
[0.530s] INFO:colcon.colcon_core.shell:Creating prefix script '/ws_gz/install/local_setup.bash'
[0.531s] INFO:colcon.colcon_core.shell:Creating prefix chain script '/ws_gz/install/setup.bash'
[0.532s] INFO:colcon.colcon_core.shell:Creating prefix script '/ws_gz/install/local_setup.zsh'
[0.532s] INFO:colcon.colcon_core.shell:Creating prefix chain script '/ws_gz/install/setup.zsh'
