[0.008s] Invoking command in '/root/dddmr_navigation/build/dddmr_sc_pgo': CMAKE_PREFIX_PATH=/opt/ros/humble /usr/bin/cmake --build /root/dddmr_navigation/build/dddmr_sc_pgo -- -j28 -l28
[0.041s] Consolidate compiler generated dependencies of target scan_context_lib
[0.051s] [ 50%] Built target scan_context_lib
[0.070s] Consolidate compiler generated dependencies of target sc_pgo_node
[0.087s] [ 75%] Building CXX object CMakeFiles/sc_pgo_node.dir/src/sc_pgo_node.cpp.o
[15.707s] [100%] Linking CXX executable sc_pgo_node
[16.900s] [100%] Built target sc_pgo_node
[16.937s] Invoked command in '/root/dddmr_navigation/build/dddmr_sc_pgo' returned '0': CMAKE_PREFIX_PATH=/opt/ros/humble /usr/bin/cmake --build /root/dddmr_navigation/build/dddmr_sc_pgo -- -j28 -l28
[16.945s] Invoking command in '/root/dddmr_navigation/build/dddmr_sc_pgo': CMAKE_PREFIX_PATH=/opt/ros/humble /usr/bin/cmake --install /root/dddmr_navigation/build/dddmr_sc_pgo
[16.951s] -- Install configuration: ""
[16.951s] -- Execute custom install script
[16.951s] -- Up-to-date symlink: /root/dddmr_navigation/install/dddmr_sc_pgo/lib/dddmr_sc_pgo/sc_pgo_node
[16.951s] -- Up-to-date symlink: /root/dddmr_navigation/install/dddmr_sc_pgo/lib/libscan_context_lib.so
[16.951s] -- Up-to-date symlink: /root/dddmr_navigation/install/dddmr_sc_pgo/include/dddmr_sc_pgo/scan_context.h
[16.952s] -- Up-to-date symlink: /root/dddmr_navigation/install/dddmr_sc_pgo/share/dddmr_sc_pgo/launch/sc_pgo.launch.py
[16.952s] -- Up-to-date symlink: /root/dddmr_navigation/install/dddmr_sc_pgo/share/dddmr_sc_pgo/config/sc_pgo.yaml
[16.952s] -- Up-to-date symlink: /root/dddmr_navigation/install/dddmr_sc_pgo/share/ament_index/resource_index/package_run_dependencies/dddmr_sc_pgo
[16.952s] -- Up-to-date symlink: /root/dddmr_navigation/install/dddmr_sc_pgo/share/ament_index/resource_index/parent_prefix_path/dddmr_sc_pgo
[16.952s] -- Up-to-date symlink: /root/dddmr_navigation/install/dddmr_sc_pgo/share/dddmr_sc_pgo/environment/ament_prefix_path.sh
[16.952s] -- Up-to-date symlink: /root/dddmr_navigation/install/dddmr_sc_pgo/share/dddmr_sc_pgo/environment/ament_prefix_path.dsv
[16.952s] -- Up-to-date symlink: /root/dddmr_navigation/install/dddmr_sc_pgo/share/dddmr_sc_pgo/environment/path.sh
[16.953s] -- Up-to-date symlink: /root/dddmr_navigation/install/dddmr_sc_pgo/share/dddmr_sc_pgo/environment/path.dsv
[16.953s] -- Up-to-date symlink: /root/dddmr_navigation/install/dddmr_sc_pgo/share/dddmr_sc_pgo/local_setup.bash
[16.953s] -- Up-to-date symlink: /root/dddmr_navigation/install/dddmr_sc_pgo/share/dddmr_sc_pgo/local_setup.sh
[16.953s] -- Up-to-date symlink: /root/dddmr_navigation/install/dddmr_sc_pgo/share/dddmr_sc_pgo/local_setup.zsh
[16.953s] -- Up-to-date symlink: /root/dddmr_navigation/install/dddmr_sc_pgo/share/dddmr_sc_pgo/local_setup.dsv
[16.953s] -- Symlinking: /root/dddmr_navigation/install/dddmr_sc_pgo/share/dddmr_sc_pgo/package.dsv
[16.959s] -- Up-to-date symlink: /root/dddmr_navigation/install/dddmr_sc_pgo/share/ament_index/resource_index/packages/dddmr_sc_pgo
[16.959s] -- Up-to-date symlink: /root/dddmr_navigation/install/dddmr_sc_pgo/share/dddmr_sc_pgo/cmake/ament_cmake_export_dependencies-extras.cmake
[16.959s] -- Up-to-date symlink: /root/dddmr_navigation/install/dddmr_sc_pgo/share/dddmr_sc_pgo/cmake/ament_cmake_export_include_directories-extras.cmake
[16.960s] -- Up-to-date symlink: /root/dddmr_navigation/install/dddmr_sc_pgo/share/dddmr_sc_pgo/cmake/dddmr_sc_pgoConfig.cmake
[16.960s] -- Up-to-date symlink: /root/dddmr_navigation/install/dddmr_sc_pgo/share/dddmr_sc_pgo/cmake/dddmr_sc_pgoConfig-version.cmake
[16.960s] -- Up-to-date symlink: /root/dddmr_navigation/install/dddmr_sc_pgo/share/dddmr_sc_pgo/package.xml
[16.961s] Invoked command in '/root/dddmr_navigation/build/dddmr_sc_pgo' returned '0': CMAKE_PREFIX_PATH=/opt/ros/humble /usr/bin/cmake --install /root/dddmr_navigation/build/dddmr_sc_pgo
