[0.005s] Invoking command in '/ws_gz/build/champ_base': AMENT_PREFIX_PATH=/ws_gz/install/champ_msgs:/ws_gz/install/champ:${AMENT_PREFIX_PATH} CMAKE_PREFIX_PATH=/ws_gz/install/champ_msgs:/ws_gz/install/champ:/opt/ros/humble LD_LIBRARY_PATH=/ws_gz/install/champ_msgs/lib:${LD_LIBRARY_PATH} PYTHONPATH=/ws_gz/install/champ_msgs/local/lib/python3.10/dist-packages:${PYTHONPATH} /usr/bin/cmake /ws_gz/src/gz_quadbot/champ/champ_base -DCMAKE_BUILD_TYPE=Release -DAMENT_CMAKE_SYMLINK_INSTALL=1 -DCMAKE_INSTALL_PREFIX=/ws_gz/install/champ_base
[0.042s] -- The C compiler identification is GNU 13.4.0
[0.077s] -- The CXX compiler identification is GNU 13.4.0
[0.080s] -- Detecting C compiler ABI info
[0.119s] -- Detecting C compiler ABI info - done
[0.125s] -- Check for working C compiler: /usr/bin/cc - skipped
[0.125s] -- Detecting C compile features
[0.125s] -- Detecting C compile features - done
[0.125s] -- Detecting CXX compiler ABI info
[0.167s] -- Detecting CXX compiler ABI info - done
[0.173s] -- Check for working CXX compiler: /usr/bin/c++ - skipped
[0.173s] -- Detecting CXX compile features
[0.173s] -- Detecting CXX compile features - done
[0.174s] -- Found ament_cmake: 1.3.14 (/opt/ros/humble/share/ament_cmake/cmake)
[0.265s] -- Found Python3: /usr/bin/python3 (found version "3.10.12") found components: Interpreter 
[0.296s] -- Override CMake install command with custom implementation using symlinks instead of copying resources
[0.316s] -- Found rclcpp: 16.0.19 (/opt/ros/humble/share/rclcpp/cmake)
[0.336s] -- Found rosidl_generator_c: 3.1.8 (/opt/ros/humble/share/rosidl_generator_c/cmake)
[0.338s] -- Found rosidl_adapter: 3.1.8 (/opt/ros/humble/share/rosidl_adapter/cmake)
[0.342s] -- Found rosidl_generator_cpp: 3.1.8 (/opt/ros/humble/share/rosidl_generator_cpp/cmake)
[0.348s] -- Using all available rosidl_typesupport_c: rosidl_typesupport_fastrtps_c;rosidl_typesupport_introspection_c
[0.355s] -- Using all available rosidl_typesupport_cpp: rosidl_typesupport_fastrtps_cpp;rosidl_typesupport_introspection_cpp
[0.376s] -- Found rmw_implementation_cmake: 6.1.2 (/opt/ros/humble/share/rmw_implementation_cmake/cmake)
[0.377s] -- Found rmw_fastrtps_cpp: 6.2.10 (/opt/ros/humble/share/rmw_fastrtps_cpp/cmake)
[0.443s] -- Found OpenSSL: /usr/lib/x86_64-linux-gnu/libcrypto.so (found version "3.0.2")  
[0.461s] -- Found FastRTPS: /opt/ros/humble/include  
[0.494s] -- Using RMW implementation 'rmw_fastrtps_cpp' as default
[0.501s] -- Looking for pthread.h
[0.548s] -- Looking for pthread.h - found
[0.549s] -- Performing Test CMAKE_HAVE_LIBC_PTHREAD
[0.596s] -- Performing Test CMAKE_HAVE_LIBC_PTHREAD - Success
[0.596s] -- Found Threads: TRUE  
[0.622s] -- Found rclpy: 3.3.21 (/opt/ros/humble/share/rclpy/cmake)
[0.622s] -- Found champ_msgs: 0.1.0 (/ws_gz/install/champ_msgs/share/champ_msgs/cmake)
[0.635s] -- Found visualization_msgs: 4.9.1 (/opt/ros/humble/share/visualization_msgs/cmake)
[0.653s] -- Found trajectory_msgs: 4.9.1 (/opt/ros/humble/share/trajectory_msgs/cmake)
[0.661s] -- Found nav_msgs: 4.9.1 (/opt/ros/humble/share/nav_msgs/cmake)
[0.669s] -- Found tf2_ros: 0.25.20 (/opt/ros/humble/share/tf2_ros/cmake)
[0.717s] -- Found urdf: 2.6.1 (/opt/ros/humble/share/urdf/cmake)
[0.731s] -- Found champ: 0.1.0 (/ws_gz/install/champ/share/champ/cmake)
[0.771s] -- Configuring done
[0.791s] -- Generating done
[0.798s] -- Build files have been written to: /ws_gz/build/champ_base
[0.804s] Invoked command in '/ws_gz/build/champ_base' returned '0': AMENT_PREFIX_PATH=/ws_gz/install/champ_msgs:/ws_gz/install/champ:${AMENT_PREFIX_PATH} CMAKE_PREFIX_PATH=/ws_gz/install/champ_msgs:/ws_gz/install/champ:/opt/ros/humble LD_LIBRARY_PATH=/ws_gz/install/champ_msgs/lib:${LD_LIBRARY_PATH} PYTHONPATH=/ws_gz/install/champ_msgs/local/lib/python3.10/dist-packages:${PYTHONPATH} /usr/bin/cmake /ws_gz/src/gz_quadbot/champ/champ_base -DCMAKE_BUILD_TYPE=Release -DAMENT_CMAKE_SYMLINK_INSTALL=1 -DCMAKE_INSTALL_PREFIX=/ws_gz/install/champ_base
[0.804s] Invoking command in '/ws_gz/build/champ_base': AMENT_PREFIX_PATH=/ws_gz/install/champ_msgs:/ws_gz/install/champ:${AMENT_PREFIX_PATH} CMAKE_PREFIX_PATH=/ws_gz/install/champ_msgs:/ws_gz/install/champ:/opt/ros/humble LD_LIBRARY_PATH=/ws_gz/install/champ_msgs/lib:${LD_LIBRARY_PATH} PYTHONPATH=/ws_gz/install/champ_msgs/local/lib/python3.10/dist-packages:${PYTHONPATH} /usr/bin/cmake --build /ws_gz/build/champ_base -- -j32 -l32
[0.838s] [  8%] [32mBuilding CXX object CMakeFiles/quadruped_controller.dir/src/quadruped_controller.cpp.o[0m
[0.838s] [ 16%] [32mBuilding CXX object CMakeFiles/message_relay.dir/src/message_relay.cpp.o[0m
[0.839s] [ 25%] [32mBuilding CXX object CMakeFiles/state_estimation.dir/src/state_estimation.cpp.o[0m
[8.396s] [ 33%] [32m[1mLinking CXX shared library libquadruped_controller.so[0m
[8.505s] [ 33%] Built target quadruped_controller
[8.520s] [ 41%] [32mBuilding CXX object CMakeFiles/quadruped_controller_node.dir/src/quadruped_controller_node.cpp.o[0m
[9.973s] [ 50%] [32m[1mLinking CXX executable quadruped_controller_node[0m
[10.050s] [ 50%] Built target quadruped_controller_node
[10.101s] [ 58%] [32m[1mLinking CXX shared library libmessage_relay.so[0m
[10.214s] [ 58%] Built target message_relay
[10.228s] [ 66%] [32mBuilding CXX object CMakeFiles/message_relay_node.dir/src/message_relay_node.cpp.o[0m
[11.712s] [ 75%] [32m[1mLinking CXX executable message_relay_node[0m
[11.794s] [ 75%] Built target message_relay_node
[12.125s] [ 83%] [32m[1mLinking CXX shared library libstate_estimation.so[0m
[12.254s] [ 83%] Built target state_estimation
[12.268s] [ 91%] [32mBuilding CXX object CMakeFiles/state_estimation_node.dir/src/state_estimation_node.cpp.o[0m
[15.632s] [100%] [32m[1mLinking CXX executable state_estimation_node[0m
[15.716s] [100%] Built target state_estimation_node
[15.723s] Invoked command in '/ws_gz/build/champ_base' returned '0': AMENT_PREFIX_PATH=/ws_gz/install/champ_msgs:/ws_gz/install/champ:${AMENT_PREFIX_PATH} CMAKE_PREFIX_PATH=/ws_gz/install/champ_msgs:/ws_gz/install/champ:/opt/ros/humble LD_LIBRARY_PATH=/ws_gz/install/champ_msgs/lib:${LD_LIBRARY_PATH} PYTHONPATH=/ws_gz/install/champ_msgs/local/lib/python3.10/dist-packages:${PYTHONPATH} /usr/bin/cmake --build /ws_gz/build/champ_base -- -j32 -l32
[15.724s] Invoking command in '/ws_gz/build/champ_base': AMENT_PREFIX_PATH=/ws_gz/install/champ_msgs:/ws_gz/install/champ:${AMENT_PREFIX_PATH} CMAKE_PREFIX_PATH=/ws_gz/install/champ_msgs:/ws_gz/install/champ:/opt/ros/humble LD_LIBRARY_PATH=/ws_gz/install/champ_msgs/lib:${LD_LIBRARY_PATH} PYTHONPATH=/ws_gz/install/champ_msgs/local/lib/python3.10/dist-packages:${PYTHONPATH} /usr/bin/cmake --install /ws_gz/build/champ_base
[15.729s] -- Install configuration: "Release"
[15.729s] -- Execute custom install script
[15.730s] -- Symlinking: /ws_gz/install/champ_base/share/champ_base/config/ekf/base_to_footprint.yaml
[15.738s] -- Symlinking: /ws_gz/install/champ_base/share/champ_base/config/ekf/footprint_to_odom.yaml
[15.749s] -- Symlinking: /ws_gz/install/champ_base/share/champ_base/config/velocity_smoother/velocity_smoother.yaml
[15.760s] -- Symlinking: /ws_gz/install/champ_base/lib/libquadruped_controller.so
[15.770s] -- Symlinking: /ws_gz/install/champ_base/bin/quadruped_controller_node
[15.786s] -- Symlinking: /ws_gz/install/champ_base/lib/libmessage_relay.so
[15.797s] -- Symlinking: /ws_gz/install/champ_base/bin/message_relay_node
[15.804s] -- Symlinking: /ws_gz/install/champ_base/lib/libstate_estimation.so
[15.815s] -- Symlinking: /ws_gz/install/champ_base/bin/state_estimation_node
[15.830s] -- Symlinking: /ws_gz/install/champ_base/lib/champ_base/quadruped_controller_node
[15.836s] -- Symlinking: /ws_gz/install/champ_base/lib/champ_base/message_relay_node
[15.839s] -- Symlinking: /ws_gz/install/champ_base/lib/champ_base/state_estimation_node
[15.845s] -- Symlinking: /ws_gz/install/champ_base/share/ament_index/resource_index/package_run_dependencies/champ_base
[15.850s] -- Symlinking: /ws_gz/install/champ_base/share/ament_index/resource_index/parent_prefix_path/champ_base
[15.855s] -- Symlinking: /ws_gz/install/champ_base/share/champ_base/environment/ament_prefix_path.sh
[15.859s] -- Symlinking: /ws_gz/install/champ_base/share/champ_base/environment/ament_prefix_path.dsv
[15.864s] -- Symlinking: /ws_gz/install/champ_base/share/champ_base/environment/path.sh
[15.869s] -- Symlinking: /ws_gz/install/champ_base/share/champ_base/environment/path.dsv
[15.873s] -- Symlinking: /ws_gz/install/champ_base/share/champ_base/local_setup.bash
[15.876s] -- Symlinking: /ws_gz/install/champ_base/share/champ_base/local_setup.sh
[15.881s] -- Symlinking: /ws_gz/install/champ_base/share/champ_base/local_setup.zsh
[15.887s] -- Symlinking: /ws_gz/install/champ_base/share/champ_base/local_setup.dsv
[15.892s] -- Symlinking: /ws_gz/install/champ_base/share/champ_base/package.dsv
[15.897s] -- Symlinking: /ws_gz/install/champ_base/share/ament_index/resource_index/packages/champ_base
[15.905s] -- Symlinking: /ws_gz/install/champ_base/share/champ_base/cmake/ament_cmake_export_include_directories-extras.cmake
[15.915s] -- Symlinking: /ws_gz/install/champ_base/share/champ_base/cmake/ament_cmake_export_dependencies-extras.cmake
[15.923s] -- Symlinking: /ws_gz/install/champ_base/share/champ_base/cmake/champ_baseConfig.cmake
[15.930s] -- Symlinking: /ws_gz/install/champ_base/share/champ_base/cmake/champ_baseConfig-version.cmake
[15.943s] -- Symlinking: /ws_gz/install/champ_base/share/champ_base/package.xml
[15.953s] Invoked command in '/ws_gz/build/champ_base' returned '0': AMENT_PREFIX_PATH=/ws_gz/install/champ_msgs:/ws_gz/install/champ:${AMENT_PREFIX_PATH} CMAKE_PREFIX_PATH=/ws_gz/install/champ_msgs:/ws_gz/install/champ:/opt/ros/humble LD_LIBRARY_PATH=/ws_gz/install/champ_msgs/lib:${LD_LIBRARY_PATH} PYTHONPATH=/ws_gz/install/champ_msgs/local/lib/python3.10/dist-packages:${PYTHONPATH} /usr/bin/cmake --install /ws_gz/build/champ_base
