[0.035s] Invoking command in '/root/dddmr_navigation/build/dddmr_rviz_default_plugins': CMAKE_PREFIX_PATH=/opt/ros/humble /usr/bin/cmake /root/dddmr_navigation/src/dddmr_rviz_tools/dddmr_rviz_default_plugins -DCMAKE_BUILD_TYPE=Release -DAMENT_CMAKE_SYMLINK_INSTALL=1 -DCMAKE_INSTALL_PREFIX=/root/dddmr_navigation/install/dddmr_rviz_default_plugins
[0.082s] -- The C compiler identification is GNU 13.4.0
[0.122s] -- The CXX compiler identification is GNU 13.4.0
[0.129s] -- Detecting C compiler ABI info
[0.190s] -- Detecting C compiler ABI info - done
[0.199s] -- Check for working C compiler: /usr/bin/cc - skipped
[0.200s] -- Detecting C compile features
[0.200s] -- Detecting C compile features - done
[0.204s] -- Detecting CXX compiler ABI info
[0.283s] -- Detecting CXX compiler ABI info - done
[0.296s] -- Check for working CXX compiler: /usr/bin/c++ - skipped
[0.296s] -- Detecting CXX compile features
[0.297s] -- Detecting CXX compile features - done
[0.302s] -- Found ament_cmake: 1.3.14 (/opt/ros/humble/share/ament_cmake/cmake)
[0.461s] -- Found Python3: /usr/bin/python3 (found version "3.10.12") found components: Interpreter 
[0.555s] -- Override CMake install command with custom implementation using symlinks instead of copying resources
[0.589s] -- Found rviz_common: 11.2.26 (/opt/ros/humble/share/rviz_common/cmake)
[0.614s] -- Setting assimp_DIR to: '/opt/ros/humble/share/rviz_assimp_vendor/cmake/../../../opt/rviz_assimp_vendor/lib/cmake/assimp-4.1'
[0.626s] -- Setting OGRE_DIR to: '/opt/ros/humble/share/rviz_ogre_vendor/cmake/../../../opt/rviz_ogre_vendor/lib/OGRE/cmake'
[0.628s] -- Found OGRE
[0.628s] --   static     : OFF
[0.628s] --   components : HLMS;MeshLodGenerator;Overlay;Paging;Property;RTShaderSystem;Terrain;Volume
[0.628s] --   plugins    : Plugin_BSPSceneManager;Plugin_OctreeSceneManager;Plugin_PCZSceneManager;Plugin_ParticleFX;RenderSystem_GL;RenderSystem_GL3Plus;Codec_STBI
[0.629s] --   media      : /opt/ros/humble/opt/rviz_ogre_vendor/share/OGRE/Media
[0.629s] -- OGRE_LIBRARIES: OgreHLMS;OgreMeshLodGenerator;OgreOverlay;OgrePaging;OgreProperty;OgreRTShaderSystem;OgreTerrain;OgreVolume;OgreMain
[0.629s] -- OGRE_LIBRARY_DIRS: /opt/ros/humble/opt/rviz_ogre_vendor/lib
[0.629s] -- OGRE_PLUGINS: Plugin_BSPSceneManager;Plugin_OctreeSceneManager;Plugin_PCZSceneManager;Plugin_ParticleFX;RenderSystem_GL;RenderSystem_GL3Plus;Codec_STBI
[0.629s] -- OGRE_PLUGIN_DIR: /opt/ros/humble/opt/rviz_ogre_vendor/lib/OGRE
[0.629s] -- rviz_ogre_vendor::OgreOverlay for IMPORTED_LOCATION_RELEASE: /opt/ros/humble/opt/rviz_ogre_vendor/lib/libOgreOverlay.so
[0.629s] -- rviz_ogre_vendor::OgreOverlay for IMPORTED_LOCATION_DEBUG: /opt/ros/humble/opt/rviz_ogre_vendor/lib/libOgreOverlay.so
[0.629s] -- rviz_ogre_vendor::OgreMain for IMPORTED_LOCATION_RELEASE: /opt/ros/humble/opt/rviz_ogre_vendor/lib/libOgreMain.so
[0.629s] -- rviz_ogre_vendor::OgreMain for IMPORTED_LOCATION_DEBUG: /opt/ros/humble/opt/rviz_ogre_vendor/lib/libOgreMain.so
[0.648s] -- Found ZLIB: /usr/lib/x86_64-linux-gnu/libz.so (found version "1.2.11") 
[0.653s] -- Found OpenGL: /usr/lib/x86_64-linux-gnu/libOpenGL.so   
[0.739s] -- Found X11: /usr/include   
[0.739s] -- Looking for XOpenDisplay in /usr/lib/x86_64-linux-gnu/libX11.so;/usr/lib/x86_64-linux-gnu/libXext.so
[0.805s] -- Looking for XOpenDisplay in /usr/lib/x86_64-linux-gnu/libX11.so;/usr/lib/x86_64-linux-gnu/libXext.so - found
[0.805s] -- Looking for gethostbyname
[0.878s] -- Looking for gethostbyname - found
[0.878s] -- Looking for connect
[0.950s] -- Looking for connect - found
[0.950s] -- Looking for remove
[1.023s] -- Looking for remove - found
[1.023s] -- Looking for shmat
[1.092s] -- Looking for shmat - found
[1.092s] -- Looking for IceConnectionNumber in ICE
[1.167s] -- Looking for IceConnectionNumber in ICE - found
[1.260s] -- library: /usr/lib/x86_64-linux-gnu/libcurl.so
[1.303s] -- Found rosidl_generator_c: 3.1.8 (/opt/ros/humble/share/rosidl_generator_c/cmake)
[1.308s] -- Found rosidl_adapter: 3.1.8 (/opt/ros/humble/share/rosidl_adapter/cmake)
[1.317s] -- Found rosidl_generator_cpp: 3.1.8 (/opt/ros/humble/share/rosidl_generator_cpp/cmake)
[1.332s] -- Using all available rosidl_typesupport_c: rosidl_typesupport_fastrtps_c;rosidl_typesupport_introspection_c
[1.347s] -- Using all available rosidl_typesupport_cpp: rosidl_typesupport_fastrtps_cpp;rosidl_typesupport_introspection_cpp
[1.483s] -- Found rmw_implementation_cmake: 6.1.2 (/opt/ros/humble/share/rmw_implementation_cmake/cmake)
[1.487s] -- Found rmw_fastrtps_cpp: 6.2.10 (/opt/ros/humble/share/rmw_fastrtps_cpp/cmake)
[1.526s] -- Found TinyXML2 via Config file: TinyXML2_DIR-NOTFOUND
[1.583s] -- Found OpenSSL: /usr/lib/x86_64-linux-gnu/libcrypto.so (found version "3.0.2")  
[1.587s] -- Found TinyXML2 via Config file: TinyXML2_DIR-NOTFOUND
[1.600s] -- Found FastRTPS: /opt/ros/humble/include  
[1.605s] -- Found TinyXML2 via Config file: TinyXML2_DIR-NOTFOUND
[1.613s] -- Found TinyXML2 via Config file: TinyXML2_DIR-NOTFOUND
[1.623s] -- Using RMW implementation 'rmw_fastrtps_cpp' as default
[1.631s] -- Looking for pthread.h
[1.707s] -- Looking for pthread.h - found
[1.707s] -- Performing Test CMAKE_HAVE_LIBC_PTHREAD
[1.794s] -- Performing Test CMAKE_HAVE_LIBC_PTHREAD - Success
[1.796s] -- Found Threads: TRUE  
[1.907s] -- Found Eigen3: TRUE (found version "3.4.0") 
[1.907s] -- Ensuring Eigen3 include directory is part of orocos-kdl CMake target
[2.054s] -- Looking for ignition-math6 -- found version 6.15.1
[2.062s] -- Searching for dependencies of ignition-math6
[2.065s] -- Found image_transport: 3.1.12 (/opt/ros/humble/share/image_transport/cmake)
[2.070s] -- Found interactive_markers: 2.3.2 (/opt/ros/humble/share/interactive_markers/cmake)
[2.106s] -- Found laser_geometry: 2.4.1 (/opt/ros/humble/share/laser_geometry/cmake)
[2.114s] -- Found map_msgs: 2.1.0 (/opt/ros/humble/share/map_msgs/cmake)
[2.156s] -- Found pcl_conversions: 2.4.5 (/opt/ros/humble/share/pcl_conversions/cmake)
[2.189s] -- Checking for module 'eigen3'
[2.202s] --   Found eigen3, version 3.4.0
[2.239s] -- Found Eigen: /usr/include/eigen3 (Required is at least version "3.1") 
[2.239s] -- Eigen found (include: /usr/include/eigen3, version: 3.4.0)
[2.289s] -- Checking for module 'flann'
[2.301s] --   Found flann, version 1.9.1
[2.340s] -- Found FLANN: /usr/lib/x86_64-linux-gnu/libflann_cpp.so  
[2.340s] -- FLANN found (include: /usr/include, lib: /usr/lib/x86_64-linux-gnu/libflann_cpp.so)
[2.776s] -- Checking for module 'libusb-1.0'
[2.788s] --   Found libusb-1.0, version 1.0.25
[2.817s] -- Found libusb: /usr/lib/x86_64-linux-gnu/libusb-1.0.so  
[2.818s] -- OpenNI found (version: 1.5.4.0, include: /usr/include/ni, lib: /usr/lib/libOpenNI.so;libusb::libusb)
[2.872s] -- OpenNI2 found (version: 2.2.0.33, include: /usr/include/openni2, lib: /usr/lib/x86_64-linux-gnu/libOpenNI2.so;libusb::libusb)
[3.022s] -- Eigen found (include: /usr/include/eigen3, version: 3.4.0)
[3.027s] -- OpenNI found (version: 1.5.4.0, include: /usr/include/ni, lib: /usr/lib/libOpenNI.so;libusb::libusb)
[3.032s] -- OpenNI2 found (version: 2.2.0.33, include: /usr/include/openni2, lib: /usr/lib/x86_64-linux-gnu/libOpenNI2.so;libusb::libusb)
[3.166s] -- Found Qhull version 8.0.2
[3.302s] -- OpenNI found (version: 1.5.4.0, include: /usr/include/ni, lib: /usr/lib/libOpenNI.so;libusb::libusb)
[3.426s] -- Found PCL_COMMON: /usr/lib/x86_64-linux-gnu/libpcl_common.so  
[3.427s] -- Found PCL_KDTREE: /usr/lib/x86_64-linux-gnu/libpcl_kdtree.so  
[3.427s] -- Found PCL_OCTREE: /usr/lib/x86_64-linux-gnu/libpcl_octree.so  
[3.428s] -- Found PCL_SEARCH: /usr/lib/x86_64-linux-gnu/libpcl_search.so  
[3.428s] -- Found PCL_SAMPLE_CONSENSUS: /usr/lib/x86_64-linux-gnu/libpcl_sample_consensus.so  
[3.429s] -- Found PCL_FILTERS: /usr/lib/x86_64-linux-gnu/libpcl_filters.so  
[3.429s] -- Found PCL_2D: /usr/include/pcl-1.12  
[3.430s] -- Found PCL_GEOMETRY: /usr/include/pcl-1.12  
[3.430s] -- Found PCL_IO: /usr/lib/x86_64-linux-gnu/libpcl_io.so  
[3.431s] -- Found PCL_FEATURES: /usr/lib/x86_64-linux-gnu/libpcl_features.so  
[3.431s] -- Found PCL_ML: /usr/lib/x86_64-linux-gnu/libpcl_ml.so  
[3.432s] -- Found PCL_SEGMENTATION: /usr/lib/x86_64-linux-gnu/libpcl_segmentation.so  
[3.432s] -- Found PCL_VISUALIZATION: /usr/lib/x86_64-linux-gnu/libpcl_visualization.so  
[3.433s] -- Found PCL_SURFACE: /usr/lib/x86_64-linux-gnu/libpcl_surface.so  
[3.434s] -- Found PCL_REGISTRATION: /usr/lib/x86_64-linux-gnu/libpcl_registration.so  
[3.434s] -- Found PCL_KEYPOINTS: /usr/lib/x86_64-linux-gnu/libpcl_keypoints.so  
[3.435s] -- Found PCL_TRACKING: /usr/lib/x86_64-linux-gnu/libpcl_tracking.so  
[3.436s] -- Found PCL_RECOGNITION: /usr/lib/x86_64-linux-gnu/libpcl_recognition.so  
[3.436s] -- Found PCL_STEREO: /usr/lib/x86_64-linux-gnu/libpcl_stereo.so  
[3.437s] -- Found PCL_APPS: /usr/lib/x86_64-linux-gnu/libpcl_apps.so  
[3.437s] -- Found PCL_IN_HAND_SCANNER: /usr/include/pcl-1.12  
[3.438s] -- Found PCL_MODELER: /usr/include/pcl-1.12  
[3.438s] -- Found PCL_POINT_CLOUD_EDITOR: /usr/include/pcl-1.12  
[3.438s] -- Found PCL_OUTOFCORE: /usr/lib/x86_64-linux-gnu/libpcl_outofcore.so  
[3.439s] -- Found PCL_PEOPLE: /usr/lib/x86_64-linux-gnu/libpcl_people.so  
[3.440s] [33mCMake Warning (dev) at CMakeLists.txt:51 (find_package):
[3.440s]   Policy CMP0074 is not set: find_package uses <PackageName>_ROOT variables.
[3.441s]   Run "cmake --help-policy CMP0074" for policy details.  Use the cmake_policy
[3.441s]   command to set the policy and suppress this warning.
[3.441s] 
[3.441s]   CMake variable PCL_ROOT is set to:
[3.441s] 
[3.441s]     /usr
[3.441s] 
[3.441s]   For compatibility, CMake is ignoring the variable.
[3.441s] This warning is for project developers.  Use -Wno-dev to suppress it.
[3.441s] [0m
[3.505s] -- Configuring done
[3.535s] -- Generating done
[3.543s] -- Build files have been written to: /root/dddmr_navigation/build/dddmr_rviz_default_plugins
