[0.105s] Invoking command in '/root/dddmr_navigation/build/mpc_critics': AMENT_PREFIX_PATH=/root/dddmr_navigation/install/base_trajectory:${AMENT_PREFIX_PATH} CMAKE_PREFIX_PATH=/root/dddmr_navigation/install/base_trajectory:/opt/ros/humble LD_LIBRARY_PATH=/root/dddmr_navigation/install/base_trajectory/lib:${LD_LIBRARY_PATH} /usr/bin/cmake --build /root/dddmr_navigation/build/mpc_critics -- -j28 -l28
[0.152s] [ 12%] Built target scoring_model
[0.184s] [ 25%] Built target stacked_scoring_model
[0.210s] [ 37%] Built target mpc_critics_ros
[0.232s] [ 50%] Built target mpc_critics_node
[0.256s] [100%] Built target critics
[0.263s] Invoked command in '/root/dddmr_navigation/build/mpc_critics' returned '0': AMENT_PREFIX_PATH=/root/dddmr_navigation/install/base_trajectory:${AMENT_PREFIX_PATH} CMAKE_PREFIX_PATH=/root/dddmr_navigation/install/base_trajectory:/opt/ros/humble LD_LIBRARY_PATH=/root/dddmr_navigation/install/base_trajectory/lib:${LD_LIBRARY_PATH} /usr/bin/cmake --build /root/dddmr_navigation/build/mpc_critics -- -j28 -l28
[0.265s] Invoking command in '/root/dddmr_navigation/build/mpc_critics': AMENT_PREFIX_PATH=/root/dddmr_navigation/install/base_trajectory:${AMENT_PREFIX_PATH} CMAKE_PREFIX_PATH=/root/dddmr_navigation/install/base_trajectory:/opt/ros/humble LD_LIBRARY_PATH=/root/dddmr_navigation/install/base_trajectory/lib:${LD_LIBRARY_PATH} /usr/bin/cmake --install /root/dddmr_navigation/build/mpc_critics
[0.270s] -- Install configuration: ""
[0.271s] -- Execute custom install script
[0.272s] -- Up-to-date symlink: /root/dddmr_navigation/install/mpc_critics/lib/libscoring_model.so
[0.272s] -- Up-to-date symlink: /root/dddmr_navigation/install/mpc_critics/lib/libstacked_scoring_model.so
[0.272s] -- Up-to-date symlink: /root/dddmr_navigation/install/mpc_critics/lib/libmpc_critics_ros.so
[0.272s] -- Up-to-date symlink: /root/dddmr_navigation/install/mpc_critics/lib/libcritics.so
[0.272s] -- Up-to-date symlink: /root/dddmr_navigation/install/mpc_critics/lib/mpc_critics/mpc_critics_node
[0.273s] -- Up-to-date symlink: /root/dddmr_navigation/install/mpc_critics/include//mpc_critics/collision_min_max_model.h
[0.273s] -- Up-to-date symlink: /root/dddmr_navigation/install/mpc_critics/include//mpc_critics/collision_model.h
[0.273s] -- Up-to-date symlink: /root/dddmr_navigation/install/mpc_critics/include//mpc_critics/model_shared_data.h
[0.273s] -- Up-to-date symlink: /root/dddmr_navigation/install/mpc_critics/include//mpc_critics/mpc_critics_ros.h
[0.273s] -- Up-to-date symlink: /root/dddmr_navigation/install/mpc_critics/include//mpc_critics/pure_pursuit_model.h
[0.273s] -- Up-to-date symlink: /root/dddmr_navigation/install/mpc_critics/include//mpc_critics/scoring_model.h
[0.273s] -- Up-to-date symlink: /root/dddmr_navigation/install/mpc_critics/include//mpc_critics/shortest_angle_model.h
[0.273s] -- Up-to-date symlink: /root/dddmr_navigation/install/mpc_critics/include//mpc_critics/stacked_scoring_model.h
[0.273s] -- Up-to-date symlink: /root/dddmr_navigation/install/mpc_critics/include//mpc_critics/stick_path_model.h
[0.273s] -- Up-to-date symlink: /root/dddmr_navigation/install/mpc_critics/include//mpc_critics/toward_global_plan_model.h
[0.273s] -- Up-to-date symlink: /root/dddmr_navigation/install/mpc_critics/include//mpc_critics/twirling_model.h
[0.275s] -- Up-to-date symlink: /root/dddmr_navigation/install/mpc_critics/share/mpc_critics//launch/mpc_critics.launch
[0.275s] -- Up-to-date symlink: /root/dddmr_navigation/install/mpc_critics/share/mpc_critics//config/mpc_critics.yaml
[0.275s] -- Up-to-date symlink: /root/dddmr_navigation/install/mpc_critics/share/mpc_critics/mpc_critics.xml
[0.275s] -- Up-to-date symlink: /root/dddmr_navigation/install/mpc_critics/share/mpc_critics/environment/library_path.sh
[0.275s] -- Up-to-date symlink: /root/dddmr_navigation/install/mpc_critics/share/mpc_critics/environment/library_path.dsv
[0.275s] -- Up-to-date symlink: /root/dddmr_navigation/install/mpc_critics/share/mpc_critics//mpc_critics.xml
[0.275s] -- Up-to-date symlink: /root/dddmr_navigation/install/mpc_critics/share/ament_index/resource_index/package_run_dependencies/mpc_critics
[0.275s] -- Up-to-date symlink: /root/dddmr_navigation/install/mpc_critics/share/ament_index/resource_index/parent_prefix_path/mpc_critics
[0.275s] -- Up-to-date symlink: /root/dddmr_navigation/install/mpc_critics/share/mpc_critics/environment/ament_prefix_path.sh
[0.275s] -- Up-to-date symlink: /root/dddmr_navigation/install/mpc_critics/share/mpc_critics/environment/ament_prefix_path.dsv
[0.275s] -- Up-to-date symlink: /root/dddmr_navigation/install/mpc_critics/share/mpc_critics/environment/path.sh
[0.275s] -- Up-to-date symlink: /root/dddmr_navigation/install/mpc_critics/share/mpc_critics/environment/path.dsv
[0.275s] -- Up-to-date symlink: /root/dddmr_navigation/install/mpc_critics/share/mpc_critics/local_setup.bash
[0.275s] -- Up-to-date symlink: /root/dddmr_navigation/install/mpc_critics/share/mpc_critics/local_setup.sh
[0.275s] -- Up-to-date symlink: /root/dddmr_navigation/install/mpc_critics/share/mpc_critics/local_setup.zsh
[0.276s] -- Up-to-date symlink: /root/dddmr_navigation/install/mpc_critics/share/mpc_critics/local_setup.dsv
[0.276s] -- Symlinking: /root/dddmr_navigation/install/mpc_critics/share/mpc_critics/package.dsv
[0.279s] -- Up-to-date symlink: /root/dddmr_navigation/install/mpc_critics/share/ament_index/resource_index/packages/mpc_critics
[0.280s] -- Up-to-date symlink: /root/dddmr_navigation/install/mpc_critics/share/ament_index/resource_index/mpc_critics__pluginlib__plugin/mpc_critics
[0.280s] -- Up-to-date symlink: /root/dddmr_navigation/install/mpc_critics/share/mpc_critics/cmake/ament_cmake_export_include_directories-extras.cmake
[0.280s] -- Up-to-date symlink: /root/dddmr_navigation/install/mpc_critics/share/mpc_critics/cmake/ament_cmake_export_libraries-extras.cmake
[0.280s] -- Up-to-date symlink: /root/dddmr_navigation/install/mpc_critics/share/mpc_critics/cmake/ament_cmake_export_dependencies-extras.cmake
[0.280s] -- Up-to-date symlink: /root/dddmr_navigation/install/mpc_critics/share/mpc_critics/cmake/mpc_criticsConfig.cmake
[0.280s] -- Up-to-date symlink: /root/dddmr_navigation/install/mpc_critics/share/mpc_critics/cmake/mpc_criticsConfig-version.cmake
[0.280s] -- Up-to-date symlink: /root/dddmr_navigation/install/mpc_critics/share/mpc_critics/package.xml
[0.282s] Invoked command in '/root/dddmr_navigation/build/mpc_critics' returned '0': AMENT_PREFIX_PATH=/root/dddmr_navigation/install/base_trajectory:${AMENT_PREFIX_PATH} CMAKE_PREFIX_PATH=/root/dddmr_navigation/install/base_trajectory:/opt/ros/humble LD_LIBRARY_PATH=/root/dddmr_navigation/install/base_trajectory/lib:${LD_LIBRARY_PATH} /usr/bin/cmake --install /root/dddmr_navigation/build/mpc_critics
