[0.017s] Invoking command in '/root/dddmr_navigation/build/p2p_move_base': AMENT_PREFIX_PATH=/root/dddmr_navigation/install/recovery_behaviors:/root/dddmr_navigation/install/local_planner:/root/dddmr_navigation/install/trajectory_generators:/root/dddmr_navigation/install/mpc_critics:/root/dddmr_navigation/install/perception_3d:/root/dddmr_navigation/install/dddmr_sys_core:/root/dddmr_navigation/install/base_trajectory:${AMENT_PREFIX_PATH} CMAKE_PREFIX_PATH=/root/dddmr_navigation/install/recovery_behaviors:/root/dddmr_navigation/install/local_planner:/root/dddmr_navigation/install/trajectory_generators:/root/dddmr_navigation/install/mpc_critics:/root/dddmr_navigation/install/perception_3d:/root/dddmr_navigation/install/dddmr_sys_core:/root/dddmr_navigation/install/base_trajectory:/opt/ros/humble LD_LIBRARY_PATH=/root/dddmr_navigation/install/recovery_behaviors/lib:/root/dddmr_navigation/install/local_planner/lib:/root/dddmr_navigation/install/trajectory_generators/lib:/root/dddmr_navigation/install/mpc_critics/lib:/root/dddmr_navigation/install/perception_3d/lib:/root/dddmr_navigation/install/dddmr_sys_core/lib:/root/dddmr_navigation/install/base_trajectory/lib:${LD_LIBRARY_PATH} PYTHONPATH=/root/dddmr_navigation/install/dddmr_sys_core/local/lib/python3.10/dist-packages:${PYTHONPATH} /usr/bin/cmake --build /root/dddmr_navigation/build/p2p_move_base -- -j28 -l28
[0.052s] [35m[1mConsolidate compiler generated dependencies of target p2p_fsm[0m
[0.052s] [35m[1mConsolidate compiler generated dependencies of target p2p_global_plan_manager[0m
[0.068s] [ 25%] Built target p2p_fsm
[0.069s] [ 50%] Built target p2p_global_plan_manager
[0.082s] [35m[1mConsolidate compiler generated dependencies of target p2p_mov2_base[0m
[0.105s] [ 75%] Built target p2p_mov2_base
[0.120s] [35m[1mConsolidate compiler generated dependencies of target p2p_move_base_node[0m
[0.138s] [100%] Built target p2p_move_base_node
[0.147s] Invoked command in '/root/dddmr_navigation/build/p2p_move_base' returned '0': AMENT_PREFIX_PATH=/root/dddmr_navigation/install/recovery_behaviors:/root/dddmr_navigation/install/local_planner:/root/dddmr_navigation/install/trajectory_generators:/root/dddmr_navigation/install/mpc_critics:/root/dddmr_navigation/install/perception_3d:/root/dddmr_navigation/install/dddmr_sys_core:/root/dddmr_navigation/install/base_trajectory:${AMENT_PREFIX_PATH} CMAKE_PREFIX_PATH=/root/dddmr_navigation/install/recovery_behaviors:/root/dddmr_navigation/install/local_planner:/root/dddmr_navigation/install/trajectory_generators:/root/dddmr_navigation/install/mpc_critics:/root/dddmr_navigation/install/perception_3d:/root/dddmr_navigation/install/dddmr_sys_core:/root/dddmr_navigation/install/base_trajectory:/opt/ros/humble LD_LIBRARY_PATH=/root/dddmr_navigation/install/recovery_behaviors/lib:/root/dddmr_navigation/install/local_planner/lib:/root/dddmr_navigation/install/trajectory_generators/lib:/root/dddmr_navigation/install/mpc_critics/lib:/root/dddmr_navigation/install/perception_3d/lib:/root/dddmr_navigation/install/dddmr_sys_core/lib:/root/dddmr_navigation/install/base_trajectory/lib:${LD_LIBRARY_PATH} PYTHONPATH=/root/dddmr_navigation/install/dddmr_sys_core/local/lib/python3.10/dist-packages:${PYTHONPATH} /usr/bin/cmake --build /root/dddmr_navigation/build/p2p_move_base -- -j28 -l28
[0.148s] Invoking command in '/root/dddmr_navigation/build/p2p_move_base': AMENT_PREFIX_PATH=/root/dddmr_navigation/install/recovery_behaviors:/root/dddmr_navigation/install/local_planner:/root/dddmr_navigation/install/trajectory_generators:/root/dddmr_navigation/install/mpc_critics:/root/dddmr_navigation/install/perception_3d:/root/dddmr_navigation/install/dddmr_sys_core:/root/dddmr_navigation/install/base_trajectory:${AMENT_PREFIX_PATH} CMAKE_PREFIX_PATH=/root/dddmr_navigation/install/recovery_behaviors:/root/dddmr_navigation/install/local_planner:/root/dddmr_navigation/install/trajectory_generators:/root/dddmr_navigation/install/mpc_critics:/root/dddmr_navigation/install/perception_3d:/root/dddmr_navigation/install/dddmr_sys_core:/root/dddmr_navigation/install/base_trajectory:/opt/ros/humble LD_LIBRARY_PATH=/root/dddmr_navigation/install/recovery_behaviors/lib:/root/dddmr_navigation/install/local_planner/lib:/root/dddmr_navigation/install/trajectory_generators/lib:/root/dddmr_navigation/install/mpc_critics/lib:/root/dddmr_navigation/install/perception_3d/lib:/root/dddmr_navigation/install/dddmr_sys_core/lib:/root/dddmr_navigation/install/base_trajectory/lib:${LD_LIBRARY_PATH} PYTHONPATH=/root/dddmr_navigation/install/dddmr_sys_core/local/lib/python3.10/dist-packages:${PYTHONPATH} /usr/bin/cmake --install /root/dddmr_navigation/build/p2p_move_base
[0.153s] -- Install configuration: ""
[0.153s] -- Execute custom install script
[0.154s] -- Up-to-date symlink: /root/dddmr_navigation/install/p2p_move_base/lib/libp2p_fsm.so
[0.154s] -- Up-to-date symlink: /root/dddmr_navigation/install/p2p_move_base/lib/libp2p_mov2_base.so
[0.154s] -- Up-to-date symlink: /root/dddmr_navigation/install/p2p_move_base/lib/libp2p_global_plan_manager.so
[0.154s] -- Up-to-date symlink: /root/dddmr_navigation/install/p2p_move_base/lib/p2p_move_base/p2p_move_base_node
[0.154s] -- Up-to-date symlink: /root/dddmr_navigation/install/p2p_move_base/include//p2p_move_base/p2p_fsm.h
[0.154s] -- Up-to-date symlink: /root/dddmr_navigation/install/p2p_move_base/include//p2p_move_base/p2p_global_plan_manager.h
[0.154s] -- Up-to-date symlink: /root/dddmr_navigation/install/p2p_move_base/include//p2p_move_base/p2p_move_base.h
[0.154s] -- Up-to-date symlink: /root/dddmr_navigation/install/p2p_move_base/share/p2p_move_base//launch/go2_localization.launch
[0.154s] -- Up-to-date symlink: /root/dddmr_navigation/install/p2p_move_base/share/p2p_move_base//launch/go2_mapping.launch
[0.154s] -- Up-to-date symlink: /root/dddmr_navigation/install/p2p_move_base/share/p2p_move_base//launch/p2p_move_base_localization.launch
[0.154s] -- Up-to-date symlink: /root/dddmr_navigation/install/p2p_move_base/share/p2p_move_base//launch/p2p_move_base_mapping.launch
[0.154s] -- Up-to-date symlink: /root/dddmr_navigation/install/p2p_move_base/share/p2p_move_base//launch/p2p_wo_mcl.launch
[0.154s] -- Up-to-date symlink: /root/dddmr_navigation/install/p2p_move_base/share/p2p_move_base//config/go2_localization.yaml
[0.154s] -- Up-to-date symlink: /root/dddmr_navigation/install/p2p_move_base/share/p2p_move_base//config/go2_mapping.yaml
[0.154s] -- Up-to-date symlink: /root/dddmr_navigation/install/p2p_move_base/share/p2p_move_base//config/p2p_move_base_localization.yaml
[0.154s] -- Up-to-date symlink: /root/dddmr_navigation/install/p2p_move_base/share/p2p_move_base//config/p2p_move_base_mapping.yaml
[0.155s] -- Up-to-date symlink: /root/dddmr_navigation/install/p2p_move_base/share/p2p_move_base//config/p2p_wo_mcl.yaml
[0.155s] -- Up-to-date symlink: /root/dddmr_navigation/install/p2p_move_base/share/p2p_move_base//rviz/go2_mapping.rviz
[0.155s] -- Up-to-date symlink: /root/dddmr_navigation/install/p2p_move_base/share/p2p_move_base//rviz/p2p_move_base_localization.rviz
[0.155s] -- Up-to-date symlink: /root/dddmr_navigation/install/p2p_move_base/share/p2p_move_base//rviz/p2p_move_base_mapping.rviz
[0.155s] -- Up-to-date symlink: /root/dddmr_navigation/install/p2p_move_base/share/p2p_move_base//rviz/p2p_wo_mcl.rviz
[0.155s] -- Up-to-date symlink: /root/dddmr_navigation/install/p2p_move_base/lib/p2p_move_base/clicked2goal.py
[0.155s] -- Up-to-date symlink: /root/dddmr_navigation/install/p2p_move_base/share/p2p_move_base/environment/library_path.sh
[0.155s] -- Up-to-date symlink: /root/dddmr_navigation/install/p2p_move_base/share/p2p_move_base/environment/library_path.dsv
[0.155s] -- Up-to-date symlink: /root/dddmr_navigation/install/p2p_move_base/share/ament_index/resource_index/package_run_dependencies/p2p_move_base
[0.155s] -- Up-to-date symlink: /root/dddmr_navigation/install/p2p_move_base/share/ament_index/resource_index/parent_prefix_path/p2p_move_base
[0.155s] -- Up-to-date symlink: /root/dddmr_navigation/install/p2p_move_base/share/p2p_move_base/environment/ament_prefix_path.sh
[0.155s] -- Up-to-date symlink: /root/dddmr_navigation/install/p2p_move_base/share/p2p_move_base/environment/ament_prefix_path.dsv
[0.155s] -- Up-to-date symlink: /root/dddmr_navigation/install/p2p_move_base/share/p2p_move_base/environment/path.sh
[0.155s] -- Up-to-date symlink: /root/dddmr_navigation/install/p2p_move_base/share/p2p_move_base/environment/path.dsv
[0.155s] -- Up-to-date symlink: /root/dddmr_navigation/install/p2p_move_base/share/p2p_move_base/local_setup.bash
[0.155s] -- Up-to-date symlink: /root/dddmr_navigation/install/p2p_move_base/share/p2p_move_base/local_setup.sh
[0.155s] -- Up-to-date symlink: /root/dddmr_navigation/install/p2p_move_base/share/p2p_move_base/local_setup.zsh
[0.155s] -- Up-to-date symlink: /root/dddmr_navigation/install/p2p_move_base/share/p2p_move_base/local_setup.dsv
[0.155s] -- Symlinking: /root/dddmr_navigation/install/p2p_move_base/share/p2p_move_base/package.dsv
[0.162s] -- Up-to-date symlink: /root/dddmr_navigation/install/p2p_move_base/share/ament_index/resource_index/packages/p2p_move_base
[0.162s] -- Up-to-date symlink: /root/dddmr_navigation/install/p2p_move_base/share/p2p_move_base/cmake/ament_cmake_export_include_directories-extras.cmake
[0.162s] -- Up-to-date symlink: /root/dddmr_navigation/install/p2p_move_base/share/p2p_move_base/cmake/ament_cmake_export_libraries-extras.cmake
[0.162s] -- Up-to-date symlink: /root/dddmr_navigation/install/p2p_move_base/share/p2p_move_base/cmake/ament_cmake_export_dependencies-extras.cmake
[0.162s] -- Up-to-date symlink: /root/dddmr_navigation/install/p2p_move_base/share/p2p_move_base/cmake/p2p_move_baseConfig.cmake
[0.162s] -- Up-to-date symlink: /root/dddmr_navigation/install/p2p_move_base/share/p2p_move_base/cmake/p2p_move_baseConfig-version.cmake
[0.162s] -- Up-to-date symlink: /root/dddmr_navigation/install/p2p_move_base/share/p2p_move_base/package.xml
[0.163s] Invoked command in '/root/dddmr_navigation/build/p2p_move_base' returned '0': AMENT_PREFIX_PATH=/root/dddmr_navigation/install/recovery_behaviors:/root/dddmr_navigation/install/local_planner:/root/dddmr_navigation/install/trajectory_generators:/root/dddmr_navigation/install/mpc_critics:/root/dddmr_navigation/install/perception_3d:/root/dddmr_navigation/install/dddmr_sys_core:/root/dddmr_navigation/install/base_trajectory:${AMENT_PREFIX_PATH} CMAKE_PREFIX_PATH=/root/dddmr_navigation/install/recovery_behaviors:/root/dddmr_navigation/install/local_planner:/root/dddmr_navigation/install/trajectory_generators:/root/dddmr_navigation/install/mpc_critics:/root/dddmr_navigation/install/perception_3d:/root/dddmr_navigation/install/dddmr_sys_core:/root/dddmr_navigation/install/base_trajectory:/opt/ros/humble LD_LIBRARY_PATH=/root/dddmr_navigation/install/recovery_behaviors/lib:/root/dddmr_navigation/install/local_planner/lib:/root/dddmr_navigation/install/trajectory_generators/lib:/root/dddmr_navigation/install/mpc_critics/lib:/root/dddmr_navigation/install/perception_3d/lib:/root/dddmr_navigation/install/dddmr_sys_core/lib:/root/dddmr_navigation/install/base_trajectory/lib:${LD_LIBRARY_PATH} PYTHONPATH=/root/dddmr_navigation/install/dddmr_sys_core/local/lib/python3.10/dist-packages:${PYTHONPATH} /usr/bin/cmake --install /root/dddmr_navigation/build/p2p_move_base
