[0.036s] Invoking command in '/root/dddmr_navigation/build/pose_graph_editor_panel': CMAKE_PREFIX_PATH=/opt/ros/humble /usr/bin/cmake --build /root/dddmr_navigation/build/pose_graph_editor_panel -- -j28 -l28
[0.109s] [ 20%] [34m[1mAutomatic UIC for target pose_graph_editor_panel[0m
[0.127s] [ 20%] Built target pose_graph_editor_panel_autogen
[0.164s] [100%] Built target pose_graph_editor_panel
[0.176s] Invoked command in '/root/dddmr_navigation/build/pose_graph_editor_panel' returned '0': CMAKE_PREFIX_PATH=/opt/ros/humble /usr/bin/cmake --build /root/dddmr_navigation/build/pose_graph_editor_panel -- -j28 -l28
[0.177s] Invoking command in '/root/dddmr_navigation/build/pose_graph_editor_panel': CMAKE_PREFIX_PATH=/opt/ros/humble /usr/bin/cmake --install /root/dddmr_navigation/build/pose_graph_editor_panel
[0.189s] -- Install configuration: "Release"
[0.189s] -- Execute custom install script
[0.190s] -- Up-to-date symlink: /root/dddmr_navigation/install/pose_graph_editor_panel/share/pose_graph_editor_panel//plugin_description.xml
[0.191s] -- Up-to-date symlink: /root/dddmr_navigation/install/pose_graph_editor_panel/share/pose_graph_editor_panel/environment/library_path.sh
[0.192s] -- Up-to-date symlink: /root/dddmr_navigation/install/pose_graph_editor_panel/share/pose_graph_editor_panel/environment/library_path.dsv
[0.192s] -- Up-to-date symlink: /root/dddmr_navigation/install/pose_graph_editor_panel/include/pose_graph_editor_panel/pose_graph_editor_panel.h
[0.192s] -- Up-to-date symlink: /root/dddmr_navigation/install/pose_graph_editor_panel/share/ament_index/resource_index/package_run_dependencies/pose_graph_editor_panel
[0.192s] -- Up-to-date symlink: /root/dddmr_navigation/install/pose_graph_editor_panel/share/ament_index/resource_index/parent_prefix_path/pose_graph_editor_panel
[0.195s] -- Up-to-date symlink: /root/dddmr_navigation/install/pose_graph_editor_panel/share/pose_graph_editor_panel/environment/ament_prefix_path.sh
[0.196s] -- Up-to-date symlink: /root/dddmr_navigation/install/pose_graph_editor_panel/share/pose_graph_editor_panel/environment/ament_prefix_path.dsv
[0.197s] -- Up-to-date symlink: /root/dddmr_navigation/install/pose_graph_editor_panel/share/pose_graph_editor_panel/environment/path.sh
[0.199s] -- Up-to-date symlink: /root/dddmr_navigation/install/pose_graph_editor_panel/share/pose_graph_editor_panel/environment/path.dsv
[0.199s] -- Up-to-date symlink: /root/dddmr_navigation/install/pose_graph_editor_panel/share/pose_graph_editor_panel/local_setup.bash
[0.199s] -- Up-to-date symlink: /root/dddmr_navigation/install/pose_graph_editor_panel/share/pose_graph_editor_panel/local_setup.sh
[0.200s] -- Up-to-date symlink: /root/dddmr_navigation/install/pose_graph_editor_panel/share/pose_graph_editor_panel/local_setup.zsh
[0.200s] -- Up-to-date symlink: /root/dddmr_navigation/install/pose_graph_editor_panel/share/pose_graph_editor_panel/local_setup.dsv
[0.200s] -- Symlinking: /root/dddmr_navigation/install/pose_graph_editor_panel/share/pose_graph_editor_panel/package.dsv
[0.206s] -- Up-to-date symlink: /root/dddmr_navigation/install/pose_graph_editor_panel/share/ament_index/resource_index/packages/pose_graph_editor_panel
[0.206s] -- Up-to-date symlink: /root/dddmr_navigation/install/pose_graph_editor_panel/share/ament_index/resource_index/rviz_common__pluginlib__plugin/pose_graph_editor_panel
[0.206s] -- Up-to-date symlink: /root/dddmr_navigation/install/pose_graph_editor_panel/share/pose_graph_editor_panel/cmake/ament_cmake_export_targets-extras.cmake
[0.207s] -- Up-to-date symlink: /root/dddmr_navigation/install/pose_graph_editor_panel/share/pose_graph_editor_panel/cmake/ament_cmake_export_dependencies-extras.cmake
[0.207s] -- Up-to-date symlink: /root/dddmr_navigation/install/pose_graph_editor_panel/share/pose_graph_editor_panel/cmake/ament_cmake_export_include_directories-extras.cmake
[0.207s] -- Up-to-date symlink: /root/dddmr_navigation/install/pose_graph_editor_panel/share/pose_graph_editor_panel/cmake/ament_cmake_export_libraries-extras.cmake
[0.207s] -- Up-to-date symlink: /root/dddmr_navigation/install/pose_graph_editor_panel/share/pose_graph_editor_panel/cmake/pose_graph_editor_panelConfig.cmake
[0.207s] -- Up-to-date symlink: /root/dddmr_navigation/install/pose_graph_editor_panel/share/pose_graph_editor_panel/cmake/pose_graph_editor_panelConfig-version.cmake
[0.207s] -- Up-to-date symlink: /root/dddmr_navigation/install/pose_graph_editor_panel/share/pose_graph_editor_panel/package.xml
[0.207s] -- Up-to-date: /root/dddmr_navigation/install/pose_graph_editor_panel/lib/libpose_graph_editor_panel.so
[0.207s] -- Up-to-date: /root/dddmr_navigation/install/pose_graph_editor_panel/share/pose_graph_editor_panel/cmake/pose_graph_editor_panelExport.cmake
[0.208s] -- Up-to-date: /root/dddmr_navigation/install/pose_graph_editor_panel/share/pose_graph_editor_panel/cmake/pose_graph_editor_panelExport-release.cmake
[0.257s] Invoked command in '/root/dddmr_navigation/build/pose_graph_editor_panel' returned '0': CMAKE_PREFIX_PATH=/opt/ros/humble /usr/bin/cmake --install /root/dddmr_navigation/build/pose_graph_editor_panel
