[0.108s] Invoking command in '/root/dddmr_navigation/build/global_planner': CMAKE_PREFIX_PATH=/root/dddmr_navigation/install/perception_3d:/root/dddmr_navigation/install/dddmr_sys_core:/root/dddmr_navigation/install/p2p_move_base:/root/dddmr_navigation/install/recovery_behaviors:/root/dddmr_navigation/install/local_planner:/root/dddmr_navigation/install/trajectory_generators:/root/dddmr_navigation/install/pose_graph_merge_editor_panel:/root/dddmr_navigation/install/pose_graph_editor_panel:/root/dddmr_navigation/install/mpc_critics:/root/dddmr_navigation/install/mcl_3dl:/root/dddmr_navigation/install/mapping_panel:/root/dddmr_navigation/install/map_editor_panel:/root/dddmr_navigation/install/lego_loam_bor:/root/dddmr_navigation/install/global_planner:/root/dddmr_navigation/install/fast_lio:/root/dddmr_navigation/install/dddmr_trt:/root/dddmr_navigation/install/dddmr_semantic_segmentation:/root/dddmr_navigation/install/dddmr_rviz_default_plugins:/root/dddmr_navigation/install/dddmr_odom_3d:/root/dddmr_navigation/install/dddmr_fastlio_adapter:/root/dddmr_navigation/install/dddmr_beginner_guide:/root/dddmr_navigation/install/cloud_msgs:/root/dddmr_navigation/install/base_trajectory:/root/livox_ws/install/livox_ros_driver2:/opt/ros/humble LD_LIBRARY_PATH=/root/dddmr_navigation/install/perception_3d/lib:/root/dddmr_navigation/install/dddmr_sys_core/lib:/root/dddmr_navigation/install/p2p_move_base/lib:/root/dddmr_navigation/install/recovery_behaviors/lib:/root/dddmr_navigation/install/local_planner/lib:/root/dddmr_navigation/install/trajectory_generators/lib:/root/dddmr_navigation/install/pose_graph_merge_editor_panel/lib:/root/dddmr_navigation/install/pose_graph_editor_panel/lib:/root/dddmr_navigation/install/mpc_critics/lib:/root/dddmr_navigation/install/mcl_3dl/lib:/root/dddmr_navigation/install/mapping_panel/lib:/root/dddmr_navigation/install/map_editor_panel/lib:/root/dddmr_navigation/install/lego_loam_bor/lib:/root/dddmr_navigation/install/global_planner/lib:/root/dddmr_navigation/install/fast_lio/lib:/root/dddmr_navigation/install/dddmr_rviz_default_plugins/lib:/root/dddmr_navigation/install/cloud_msgs/lib:/root/dddmr_navigation/install/base_trajectory/lib:/root/livox_ws/install/livox_ros_driver2/lib:/opt/ros/humble/opt/rviz_ogre_vendor/lib:/opt/ros/humble/lib/x86_64-linux-gnu:/opt/ros/humble/lib /usr/bin/cmake /root/dddmr_navigation/src/dddmr_global_planner -DCMAKE_INSTALL_PREFIX=/root/dddmr_navigation/install/global_planner
[0.211s] -- Found ament_cmake: 1.3.14 (/opt/ros/humble/share/ament_cmake/cmake)
[1.147s] -- Override CMake install command with custom implementation using symlinks instead of copying resources
[1.205s] -- Found rclcpp: 16.0.19 (/opt/ros/humble/share/rclcpp/cmake)
[1.395s] -- Found rosidl_generator_c: 3.1.8 (/opt/ros/humble/share/rosidl_generator_c/cmake)
[1.411s] -- Found rosidl_adapter: 3.1.8 (/opt/ros/humble/share/rosidl_adapter/cmake)
[1.452s] -- Found rosidl_generator_cpp: 3.1.8 (/opt/ros/humble/share/rosidl_generator_cpp/cmake)
[1.520s] -- Using all available rosidl_typesupport_c: rosidl_typesupport_fastrtps_c;rosidl_typesupport_introspection_c
[1.616s] -- Using all available rosidl_typesupport_cpp: rosidl_typesupport_fastrtps_cpp;rosidl_typesupport_introspection_cpp
[1.891s] -- Found rmw_implementation_cmake: 6.1.2 (/opt/ros/humble/share/rmw_implementation_cmake/cmake)
[1.908s] -- Found rmw_fastrtps_cpp: 6.2.10 (/opt/ros/humble/share/rmw_fastrtps_cpp/cmake)
[2.796s] -- Using RMW implementation 'rmw_fastrtps_cpp' as default
[3.115s] -- Found rclcpp_action: 16.0.19 (/opt/ros/humble/share/rclcpp_action/cmake)
[3.306s] -- Found rclcpp_lifecycle: 16.0.19 (/opt/ros/humble/share/rclcpp_lifecycle/cmake)
[3.409s] -- Found rclcpp_components: 16.0.19 (/opt/ros/humble/share/rclcpp_components/cmake)
[3.538s] -- Found std_srvs: 4.9.1 (/opt/ros/humble/share/std_srvs/cmake)
[3.610s] -- Found sensor_msgs: 4.9.1 (/opt/ros/humble/share/sensor_msgs/cmake)
[3.796s] -- Found nav_msgs: 4.9.1 (/opt/ros/humble/share/nav_msgs/cmake)
[3.903s] -- Found visualization_msgs: 4.9.1 (/opt/ros/humble/share/visualization_msgs/cmake)
[4.047s] -- Found message_filters: 4.3.16 (/opt/ros/humble/share/message_filters/cmake)
[4.069s] -- Found tf2_ros: 0.25.20 (/opt/ros/humble/share/tf2_ros/cmake)
[4.287s] -- Found tf2_geometry_msgs: 0.25.20 (/opt/ros/humble/share/tf2_geometry_msgs/cmake)
[4.306s] -- Found eigen3_cmake_module: 0.1.1 (/opt/ros/humble/share/eigen3_cmake_module/cmake)
[4.316s] -- Ensuring Eigen3 include directory is part of orocos-kdl CMake target
[4.324s] -- Found tf2_eigen: 0.25.20 (/opt/ros/humble/share/tf2_eigen/cmake)
[4.339s] -- Found pluginlib: 5.1.4 (/opt/ros/humble/share/pluginlib/cmake)
[4.463s] -- Found pcl_conversions: 2.4.5 (/opt/ros/humble/share/pcl_conversions/cmake)
[4.701s] -- Eigen found (include: /usr/include/eigen3, version: 3.4.0)
[4.941s] -- FLANN found (include: /usr/include, lib: /usr/lib/x86_64-linux-gnu/libflann_cpp.so)
[6.979s] -- OpenNI found (version: 1.5.4.0, include: /usr/include/ni, lib: /usr/lib/libOpenNI.so;libusb::libusb)
[7.024s] -- OpenNI2 found (version: 2.2.0.33, include: /usr/include/openni2, lib: /usr/lib/x86_64-linux-gnu/libOpenNI2.so;libusb::libusb)
[8.102s] -- Eigen found (include: /usr/include/eigen3, version: 3.4.0)
[8.150s] -- OpenNI found (version: 1.5.4.0, include: /usr/include/ni, lib: /usr/lib/libOpenNI.so;libusb::libusb)
[8.193s] -- OpenNI2 found (version: 2.2.0.33, include: /usr/include/openni2, lib: /usr/lib/x86_64-linux-gnu/libOpenNI2.so;libusb::libusb)
[9.215s] -- Found Qhull version 8.0.2
[10.309s] -- OpenNI found (version: 1.5.4.0, include: /usr/include/ni, lib: /usr/lib/libOpenNI.so;libusb::libusb)
[11.407s] [33mCMake Warning (dev) at CMakeLists.txt:28 (find_package):
[11.408s]   Policy CMP0074 is not set: find_package uses <PackageName>_ROOT variables.
[11.408s]   Run "cmake --help-policy CMP0074" for policy details.  Use the cmake_policy
[11.409s]   command to set the policy and suppress this warning.
[11.410s] 
[11.410s]   CMake variable PCL_ROOT is set to:
[11.411s] 
[11.411s]     /usr
[11.412s] 
[11.412s]   For compatibility, CMake is ignoring the variable.
[11.413s] This warning is for project developers.  Use -Wno-dev to suppress it.
[11.413s] [0m
[11.461s] -- Found perception_3d: 2.5.0 (/root/dddmr_navigation/install/perception_3d/share/perception_3d/cmake)
[11.586s] -- Found dddmr_sys_core: 1.0.0 (/root/dddmr_navigation/install/dddmr_sys_core/share/dddmr_sys_core/cmake)
[15.696s] -- Configuring done
[17.076s] -- Generating done
[17.379s] -- Build files have been written to: /root/dddmr_navigation/build/global_planner
[17.459s] Invoked command in '/root/dddmr_navigation/build/global_planner' returned '0': CMAKE_PREFIX_PATH=/root/dddmr_navigation/install/perception_3d:/root/dddmr_navigation/install/dddmr_sys_core:/root/dddmr_navigation/install/p2p_move_base:/root/dddmr_navigation/install/recovery_behaviors:/root/dddmr_navigation/install/local_planner:/root/dddmr_navigation/install/trajectory_generators:/root/dddmr_navigation/install/pose_graph_merge_editor_panel:/root/dddmr_navigation/install/pose_graph_editor_panel:/root/dddmr_navigation/install/mpc_critics:/root/dddmr_navigation/install/mcl_3dl:/root/dddmr_navigation/install/mapping_panel:/root/dddmr_navigation/install/map_editor_panel:/root/dddmr_navigation/install/lego_loam_bor:/root/dddmr_navigation/install/global_planner:/root/dddmr_navigation/install/fast_lio:/root/dddmr_navigation/install/dddmr_trt:/root/dddmr_navigation/install/dddmr_semantic_segmentation:/root/dddmr_navigation/install/dddmr_rviz_default_plugins:/root/dddmr_navigation/install/dddmr_odom_3d:/root/dddmr_navigation/install/dddmr_fastlio_adapter:/root/dddmr_navigation/install/dddmr_beginner_guide:/root/dddmr_navigation/install/cloud_msgs:/root/dddmr_navigation/install/base_trajectory:/root/livox_ws/install/livox_ros_driver2:/opt/ros/humble LD_LIBRARY_PATH=/root/dddmr_navigation/install/perception_3d/lib:/root/dddmr_navigation/install/dddmr_sys_core/lib:/root/dddmr_navigation/install/p2p_move_base/lib:/root/dddmr_navigation/install/recovery_behaviors/lib:/root/dddmr_navigation/install/local_planner/lib:/root/dddmr_navigation/install/trajectory_generators/lib:/root/dddmr_navigation/install/pose_graph_merge_editor_panel/lib:/root/dddmr_navigation/install/pose_graph_editor_panel/lib:/root/dddmr_navigation/install/mpc_critics/lib:/root/dddmr_navigation/install/mcl_3dl/lib:/root/dddmr_navigation/install/mapping_panel/lib:/root/dddmr_navigation/install/map_editor_panel/lib:/root/dddmr_navigation/install/lego_loam_bor/lib:/root/dddmr_navigation/install/global_planner/lib:/root/dddmr_navigation/install/fast_lio/lib:/root/dddmr_navigation/install/dddmr_rviz_default_plugins/lib:/root/dddmr_navigation/install/cloud_msgs/lib:/root/dddmr_navigation/install/base_trajectory/lib:/root/livox_ws/install/livox_ros_driver2/lib:/opt/ros/humble/opt/rviz_ogre_vendor/lib:/opt/ros/humble/lib/x86_64-linux-gnu:/opt/ros/humble/lib /usr/bin/cmake /root/dddmr_navigation/src/dddmr_global_planner -DCMAKE_INSTALL_PREFIX=/root/dddmr_navigation/install/global_planner
[17.473s] Invoking command in '/root/dddmr_navigation/build/global_planner': CMAKE_PREFIX_PATH=/root/dddmr_navigation/install/perception_3d:/root/dddmr_navigation/install/dddmr_sys_core:/root/dddmr_navigation/install/p2p_move_base:/root/dddmr_navigation/install/recovery_behaviors:/root/dddmr_navigation/install/local_planner:/root/dddmr_navigation/install/trajectory_generators:/root/dddmr_navigation/install/pose_graph_merge_editor_panel:/root/dddmr_navigation/install/pose_graph_editor_panel:/root/dddmr_navigation/install/mpc_critics:/root/dddmr_navigation/install/mcl_3dl:/root/dddmr_navigation/install/mapping_panel:/root/dddmr_navigation/install/map_editor_panel:/root/dddmr_navigation/install/lego_loam_bor:/root/dddmr_navigation/install/global_planner:/root/dddmr_navigation/install/fast_lio:/root/dddmr_navigation/install/dddmr_trt:/root/dddmr_navigation/install/dddmr_semantic_segmentation:/root/dddmr_navigation/install/dddmr_rviz_default_plugins:/root/dddmr_navigation/install/dddmr_odom_3d:/root/dddmr_navigation/install/dddmr_fastlio_adapter:/root/dddmr_navigation/install/dddmr_beginner_guide:/root/dddmr_navigation/install/cloud_msgs:/root/dddmr_navigation/install/base_trajectory:/root/livox_ws/install/livox_ros_driver2:/opt/ros/humble LD_LIBRARY_PATH=/root/dddmr_navigation/install/perception_3d/lib:/root/dddmr_navigation/install/dddmr_sys_core/lib:/root/dddmr_navigation/install/p2p_move_base/lib:/root/dddmr_navigation/install/recovery_behaviors/lib:/root/dddmr_navigation/install/local_planner/lib:/root/dddmr_navigation/install/trajectory_generators/lib:/root/dddmr_navigation/install/pose_graph_merge_editor_panel/lib:/root/dddmr_navigation/install/pose_graph_editor_panel/lib:/root/dddmr_navigation/install/mpc_critics/lib:/root/dddmr_navigation/install/mcl_3dl/lib:/root/dddmr_navigation/install/mapping_panel/lib:/root/dddmr_navigation/install/map_editor_panel/lib:/root/dddmr_navigation/install/lego_loam_bor/lib:/root/dddmr_navigation/install/global_planner/lib:/root/dddmr_navigation/install/fast_lio/lib:/root/dddmr_navigation/install/dddmr_rviz_default_plugins/lib:/root/dddmr_navigation/install/cloud_msgs/lib:/root/dddmr_navigation/install/base_trajectory/lib:/root/livox_ws/install/livox_ros_driver2/lib:/opt/ros/humble/opt/rviz_ogre_vendor/lib:/opt/ros/humble/lib/x86_64-linux-gnu:/opt/ros/humble/lib /usr/bin/cmake --build /root/dddmr_navigation/build/global_planner -- -j28 -l28
[17.785s] [35m[1mConsolidate compiler generated dependencies of target a_star_on_graph[0m
[17.791s] [35m[1mConsolidate compiler generated dependencies of target occupancy2ground[0m
[17.792s] [35m[1mConsolidate compiler generated dependencies of target dummy_pc_publisher[0m
[17.958s] [ 15%] Built target dummy_pc_publisher
[18.012s] [ 38%] Built target a_star_on_graph
[18.017s] [ 53%] Built target occupancy2ground
[18.107s] [35m[1mConsolidate compiler generated dependencies of target global_planner[0m
[18.298s] [ 69%] Built target global_planner
[18.391s] [35m[1mConsolidate compiler generated dependencies of target dynamic_window_aware_global_planner[0m
[18.585s] [ 84%] Built target dynamic_window_aware_global_planner
[18.688s] [35m[1mConsolidate compiler generated dependencies of target global_planner_node[0m
[18.882s] [100%] Built target global_planner_node
[18.949s] Invoked command in '/root/dddmr_navigation/build/global_planner' returned '0': CMAKE_PREFIX_PATH=/root/dddmr_navigation/install/perception_3d:/root/dddmr_navigation/install/dddmr_sys_core:/root/dddmr_navigation/install/p2p_move_base:/root/dddmr_navigation/install/recovery_behaviors:/root/dddmr_navigation/install/local_planner:/root/dddmr_navigation/install/trajectory_generators:/root/dddmr_navigation/install/pose_graph_merge_editor_panel:/root/dddmr_navigation/install/pose_graph_editor_panel:/root/dddmr_navigation/install/mpc_critics:/root/dddmr_navigation/install/mcl_3dl:/root/dddmr_navigation/install/mapping_panel:/root/dddmr_navigation/install/map_editor_panel:/root/dddmr_navigation/install/lego_loam_bor:/root/dddmr_navigation/install/global_planner:/root/dddmr_navigation/install/fast_lio:/root/dddmr_navigation/install/dddmr_trt:/root/dddmr_navigation/install/dddmr_semantic_segmentation:/root/dddmr_navigation/install/dddmr_rviz_default_plugins:/root/dddmr_navigation/install/dddmr_odom_3d:/root/dddmr_navigation/install/dddmr_fastlio_adapter:/root/dddmr_navigation/install/dddmr_beginner_guide:/root/dddmr_navigation/install/cloud_msgs:/root/dddmr_navigation/install/base_trajectory:/root/livox_ws/install/livox_ros_driver2:/opt/ros/humble LD_LIBRARY_PATH=/root/dddmr_navigation/install/perception_3d/lib:/root/dddmr_navigation/install/dddmr_sys_core/lib:/root/dddmr_navigation/install/p2p_move_base/lib:/root/dddmr_navigation/install/recovery_behaviors/lib:/root/dddmr_navigation/install/local_planner/lib:/root/dddmr_navigation/install/trajectory_generators/lib:/root/dddmr_navigation/install/pose_graph_merge_editor_panel/lib:/root/dddmr_navigation/install/pose_graph_editor_panel/lib:/root/dddmr_navigation/install/mpc_critics/lib:/root/dddmr_navigation/install/mcl_3dl/lib:/root/dddmr_navigation/install/mapping_panel/lib:/root/dddmr_navigation/install/map_editor_panel/lib:/root/dddmr_navigation/install/lego_loam_bor/lib:/root/dddmr_navigation/install/global_planner/lib:/root/dddmr_navigation/install/fast_lio/lib:/root/dddmr_navigation/install/dddmr_rviz_default_plugins/lib:/root/dddmr_navigation/install/cloud_msgs/lib:/root/dddmr_navigation/install/base_trajectory/lib:/root/livox_ws/install/livox_ros_driver2/lib:/opt/ros/humble/opt/rviz_ogre_vendor/lib:/opt/ros/humble/lib/x86_64-linux-gnu:/opt/ros/humble/lib /usr/bin/cmake --build /root/dddmr_navigation/build/global_planner -- -j28 -l28
[18.961s] Invoking command in '/root/dddmr_navigation/build/global_planner': CMAKE_PREFIX_PATH=/root/dddmr_navigation/install/perception_3d:/root/dddmr_navigation/install/dddmr_sys_core:/root/dddmr_navigation/install/p2p_move_base:/root/dddmr_navigation/install/recovery_behaviors:/root/dddmr_navigation/install/local_planner:/root/dddmr_navigation/install/trajectory_generators:/root/dddmr_navigation/install/pose_graph_merge_editor_panel:/root/dddmr_navigation/install/pose_graph_editor_panel:/root/dddmr_navigation/install/mpc_critics:/root/dddmr_navigation/install/mcl_3dl:/root/dddmr_navigation/install/mapping_panel:/root/dddmr_navigation/install/map_editor_panel:/root/dddmr_navigation/install/lego_loam_bor:/root/dddmr_navigation/install/global_planner:/root/dddmr_navigation/install/fast_lio:/root/dddmr_navigation/install/dddmr_trt:/root/dddmr_navigation/install/dddmr_semantic_segmentation:/root/dddmr_navigation/install/dddmr_rviz_default_plugins:/root/dddmr_navigation/install/dddmr_odom_3d:/root/dddmr_navigation/install/dddmr_fastlio_adapter:/root/dddmr_navigation/install/dddmr_beginner_guide:/root/dddmr_navigation/install/cloud_msgs:/root/dddmr_navigation/install/base_trajectory:/root/livox_ws/install/livox_ros_driver2:/opt/ros/humble LD_LIBRARY_PATH=/root/dddmr_navigation/install/perception_3d/lib:/root/dddmr_navigation/install/dddmr_sys_core/lib:/root/dddmr_navigation/install/p2p_move_base/lib:/root/dddmr_navigation/install/recovery_behaviors/lib:/root/dddmr_navigation/install/local_planner/lib:/root/dddmr_navigation/install/trajectory_generators/lib:/root/dddmr_navigation/install/pose_graph_merge_editor_panel/lib:/root/dddmr_navigation/install/pose_graph_editor_panel/lib:/root/dddmr_navigation/install/mpc_critics/lib:/root/dddmr_navigation/install/mcl_3dl/lib:/root/dddmr_navigation/install/mapping_panel/lib:/root/dddmr_navigation/install/map_editor_panel/lib:/root/dddmr_navigation/install/lego_loam_bor/lib:/root/dddmr_navigation/install/global_planner/lib:/root/dddmr_navigation/install/fast_lio/lib:/root/dddmr_navigation/install/dddmr_rviz_default_plugins/lib:/root/dddmr_navigation/install/cloud_msgs/lib:/root/dddmr_navigation/install/base_trajectory/lib:/root/livox_ws/install/livox_ros_driver2/lib:/opt/ros/humble/opt/rviz_ogre_vendor/lib:/opt/ros/humble/lib/x86_64-linux-gnu:/opt/ros/humble/lib /usr/bin/cmake --install /root/dddmr_navigation/build/global_planner
[19.010s] -- Install configuration: ""
[19.014s] -- Execute custom install script
[19.016s] -- Up-to-date symlink: /root/dddmr_navigation/install/global_planner/lib/liba_star_on_graph.so
[19.017s] -- Up-to-date symlink: /root/dddmr_navigation/install/global_planner/lib/libglobal_planner.so
[19.018s] -- Up-to-date symlink: /root/dddmr_navigation/install/global_planner/lib/libdynamic_window_aware_global_planner.so
[19.019s] -- Up-to-date symlink: /root/dddmr_navigation/install/global_planner/lib/global_planner/global_planner_node
[19.020s] -- Up-to-date symlink: /root/dddmr_navigation/install/global_planner/lib/global_planner/dummy_pc_publisher
[19.021s] -- Up-to-date symlink: /root/dddmr_navigation/install/global_planner/lib/global_planner/occupancy2ground
[19.023s] -- Up-to-date symlink: /root/dddmr_navigation/install/global_planner/include//global_planner/a_star_on_pc.h
[19.024s] -- Up-to-date symlink: /root/dddmr_navigation/install/global_planner/include//global_planner/a_star_on_pre_graph.h
[19.025s] -- Up-to-date symlink: /root/dddmr_navigation/install/global_planner/include//global_planner/dynamic_window_aware_global_planner.h
[19.026s] -- Up-to-date symlink: /root/dddmr_navigation/install/global_planner/include//global_planner/global_planner.h
[19.026s] -- Up-to-date symlink: /root/dddmr_navigation/install/global_planner/include//global_planner/nanoflann.hpp
[19.027s] -- Up-to-date symlink: /root/dddmr_navigation/install/global_planner/include//global_planner/nanoflann_pcl.hpp
[19.027s] -- Up-to-date symlink: /root/dddmr_navigation/install/global_planner/share/global_planner//launch/path_planning_on_2d_static_layer.launch
[19.027s] -- Up-to-date symlink: /root/dddmr_navigation/install/global_planner/share/global_planner//launch/path_planning_on_lidar_static_layer.launch
[19.029s] -- Up-to-date symlink: /root/dddmr_navigation/install/global_planner/share/global_planner//launch/path_planning_on_no_entry_layer.launch
[19.030s] -- Up-to-date symlink: /root/dddmr_navigation/install/global_planner/share/global_planner//launch/path_planning_on_static_layer.launch
[19.031s] -- Up-to-date symlink: /root/dddmr_navigation/install/global_planner/share/global_planner//config/path_planning_on_2d_static_layer.yaml
[19.032s] -- Up-to-date symlink: /root/dddmr_navigation/install/global_planner/share/global_planner//config/path_planning_on_lidar_static_layer.yaml
[19.033s] -- Up-to-date symlink: /root/dddmr_navigation/install/global_planner/share/global_planner//config/path_planning_on_no_entry_layer.yaml
[19.033s] -- Up-to-date symlink: /root/dddmr_navigation/install/global_planner/share/global_planner//config/path_planning_on_static_layer.yaml
[19.034s] -- Up-to-date symlink: /root/dddmr_navigation/install/global_planner/share/global_planner//rviz/path_planning_on_2d_static_layer.rviz
[19.034s] -- Up-to-date symlink: /root/dddmr_navigation/install/global_planner/share/global_planner//rviz/path_planning_on_lidar_static_layer.rviz
[19.035s] -- Up-to-date symlink: /root/dddmr_navigation/install/global_planner/share/global_planner//rviz/path_planning_on_no_entry_layer.rviz
[19.035s] -- Up-to-date symlink: /root/dddmr_navigation/install/global_planner/share/global_planner//rviz/path_planning_on_static_layer.rviz
[19.036s] -- Up-to-date symlink: /root/dddmr_navigation/install/global_planner/share/global_planner//data/ground.pcd
[19.036s] -- Up-to-date symlink: /root/dddmr_navigation/install/global_planner/share/global_planner//data/map.pcd
[19.037s] -- Up-to-date symlink: /root/dddmr_navigation/install/global_planner/share/global_planner//data/warehouse.pgm
[19.037s] -- Up-to-date symlink: /root/dddmr_navigation/install/global_planner/lib/global_planner/example_client.py
[19.038s] -- Up-to-date symlink: /root/dddmr_navigation/install/global_planner/lib/global_planner/dwa_global_planner_client.py
[19.038s] -- Up-to-date symlink: /root/dddmr_navigation/install/global_planner/share/global_planner/environment/library_path.sh
[19.039s] -- Up-to-date symlink: /root/dddmr_navigation/install/global_planner/share/global_planner/environment/library_path.dsv
[19.041s] -- Up-to-date symlink: /root/dddmr_navigation/install/global_planner/share/ament_index/resource_index/package_run_dependencies/global_planner
[19.041s] -- Up-to-date symlink: /root/dddmr_navigation/install/global_planner/share/ament_index/resource_index/parent_prefix_path/global_planner
[19.042s] -- Up-to-date symlink: /root/dddmr_navigation/install/global_planner/share/global_planner/environment/ament_prefix_path.sh
[19.042s] -- Up-to-date symlink: /root/dddmr_navigation/install/global_planner/share/global_planner/environment/ament_prefix_path.dsv
[19.043s] -- Up-to-date symlink: /root/dddmr_navigation/install/global_planner/share/global_planner/environment/path.sh
[19.044s] -- Up-to-date symlink: /root/dddmr_navigation/install/global_planner/share/global_planner/environment/path.dsv
[19.044s] -- Up-to-date symlink: /root/dddmr_navigation/install/global_planner/share/global_planner/local_setup.bash
[19.045s] -- Up-to-date symlink: /root/dddmr_navigation/install/global_planner/share/global_planner/local_setup.sh
[19.045s] -- Up-to-date symlink: /root/dddmr_navigation/install/global_planner/share/global_planner/local_setup.zsh
[19.046s] -- Up-to-date symlink: /root/dddmr_navigation/install/global_planner/share/global_planner/local_setup.dsv
[19.047s] -- Symlinking: /root/dddmr_navigation/install/global_planner/share/global_planner/package.dsv
[19.108s] -- Up-to-date symlink: /root/dddmr_navigation/install/global_planner/share/ament_index/resource_index/packages/global_planner
[19.110s] -- Up-to-date symlink: /root/dddmr_navigation/install/global_planner/share/global_planner/cmake/ament_cmake_export_include_directories-extras.cmake
[19.112s] -- Up-to-date symlink: /root/dddmr_navigation/install/global_planner/share/global_planner/cmake/ament_cmake_export_libraries-extras.cmake
[19.113s] -- Up-to-date symlink: /root/dddmr_navigation/install/global_planner/share/global_planner/cmake/ament_cmake_export_dependencies-extras.cmake
[19.113s] -- Up-to-date symlink: /root/dddmr_navigation/install/global_planner/share/global_planner/cmake/global_plannerConfig.cmake
[19.113s] -- Up-to-date symlink: /root/dddmr_navigation/install/global_planner/share/global_planner/cmake/global_plannerConfig-version.cmake
[19.114s] -- Up-to-date symlink: /root/dddmr_navigation/install/global_planner/share/global_planner/package.xml
[19.125s] Invoked command in '/root/dddmr_navigation/build/global_planner' returned '0': CMAKE_PREFIX_PATH=/root/dddmr_navigation/install/perception_3d:/root/dddmr_navigation/install/dddmr_sys_core:/root/dddmr_navigation/install/p2p_move_base:/root/dddmr_navigation/install/recovery_behaviors:/root/dddmr_navigation/install/local_planner:/root/dddmr_navigation/install/trajectory_generators:/root/dddmr_navigation/install/pose_graph_merge_editor_panel:/root/dddmr_navigation/install/pose_graph_editor_panel:/root/dddmr_navigation/install/mpc_critics:/root/dddmr_navigation/install/mcl_3dl:/root/dddmr_navigation/install/mapping_panel:/root/dddmr_navigation/install/map_editor_panel:/root/dddmr_navigation/install/lego_loam_bor:/root/dddmr_navigation/install/global_planner:/root/dddmr_navigation/install/fast_lio:/root/dddmr_navigation/install/dddmr_trt:/root/dddmr_navigation/install/dddmr_semantic_segmentation:/root/dddmr_navigation/install/dddmr_rviz_default_plugins:/root/dddmr_navigation/install/dddmr_odom_3d:/root/dddmr_navigation/install/dddmr_fastlio_adapter:/root/dddmr_navigation/install/dddmr_beginner_guide:/root/dddmr_navigation/install/cloud_msgs:/root/dddmr_navigation/install/base_trajectory:/root/livox_ws/install/livox_ros_driver2:/opt/ros/humble LD_LIBRARY_PATH=/root/dddmr_navigation/install/perception_3d/lib:/root/dddmr_navigation/install/dddmr_sys_core/lib:/root/dddmr_navigation/install/p2p_move_base/lib:/root/dddmr_navigation/install/recovery_behaviors/lib:/root/dddmr_navigation/install/local_planner/lib:/root/dddmr_navigation/install/trajectory_generators/lib:/root/dddmr_navigation/install/pose_graph_merge_editor_panel/lib:/root/dddmr_navigation/install/pose_graph_editor_panel/lib:/root/dddmr_navigation/install/mpc_critics/lib:/root/dddmr_navigation/install/mcl_3dl/lib:/root/dddmr_navigation/install/mapping_panel/lib:/root/dddmr_navigation/install/map_editor_panel/lib:/root/dddmr_navigation/install/lego_loam_bor/lib:/root/dddmr_navigation/install/global_planner/lib:/root/dddmr_navigation/install/fast_lio/lib:/root/dddmr_navigation/install/dddmr_rviz_default_plugins/lib:/root/dddmr_navigation/install/cloud_msgs/lib:/root/dddmr_navigation/install/base_trajectory/lib:/root/livox_ws/install/livox_ros_driver2/lib:/opt/ros/humble/opt/rviz_ogre_vendor/lib:/opt/ros/humble/lib/x86_64-linux-gnu:/opt/ros/humble/lib /usr/bin/cmake --install /root/dddmr_navigation/build/global_planner
