[0.027s] Invoking command in '/root/dddmr_navigation/build/base_trajectory': CMAKE_PREFIX_PATH=/opt/ros/humble /usr/bin/cmake --build /root/dddmr_navigation/build/base_trajectory -- -j28 -l28
[0.172s] [100%] Built target base_trajectory
[0.189s] Invoked command in '/root/dddmr_navigation/build/base_trajectory' returned '0': CMAKE_PREFIX_PATH=/opt/ros/humble /usr/bin/cmake --build /root/dddmr_navigation/build/base_trajectory -- -j28 -l28
[0.191s] Invoking command in '/root/dddmr_navigation/build/base_trajectory': CMAKE_PREFIX_PATH=/opt/ros/humble /usr/bin/cmake --install /root/dddmr_navigation/build/base_trajectory
[0.194s] -- Install configuration: "Release"
[0.194s] -- Execute custom install script
[0.194s] -- Up-to-date symlink: /root/dddmr_navigation/install/base_trajectory/lib/libbase_trajectory.so
[0.194s] -- Up-to-date symlink: /root/dddmr_navigation/install/base_trajectory/include//base_trajectory/trajectory.h
[0.195s] -- Up-to-date symlink: /root/dddmr_navigation/install/base_trajectory/include//base_trajectory/trajectory_sample_generator.h
[0.196s] -- Up-to-date symlink: /root/dddmr_navigation/install/base_trajectory/share/base_trajectory/environment/library_path.sh
[0.196s] -- Up-to-date symlink: /root/dddmr_navigation/install/base_trajectory/share/base_trajectory/environment/library_path.dsv
[0.196s] -- Up-to-date symlink: /root/dddmr_navigation/install/base_trajectory/share/ament_index/resource_index/package_run_dependencies/base_trajectory
[0.196s] -- Up-to-date symlink: /root/dddmr_navigation/install/base_trajectory/share/ament_index/resource_index/parent_prefix_path/base_trajectory
[0.196s] -- Up-to-date symlink: /root/dddmr_navigation/install/base_trajectory/share/base_trajectory/environment/ament_prefix_path.sh
[0.196s] -- Up-to-date symlink: /root/dddmr_navigation/install/base_trajectory/share/base_trajectory/environment/ament_prefix_path.dsv
[0.196s] -- Up-to-date symlink: /root/dddmr_navigation/install/base_trajectory/share/base_trajectory/environment/path.sh
[0.196s] -- Up-to-date symlink: /root/dddmr_navigation/install/base_trajectory/share/base_trajectory/environment/path.dsv
[0.196s] -- Up-to-date symlink: /root/dddmr_navigation/install/base_trajectory/share/base_trajectory/local_setup.bash
[0.197s] -- Up-to-date symlink: /root/dddmr_navigation/install/base_trajectory/share/base_trajectory/local_setup.sh
[0.197s] -- Up-to-date symlink: /root/dddmr_navigation/install/base_trajectory/share/base_trajectory/local_setup.zsh
[0.197s] -- Up-to-date symlink: /root/dddmr_navigation/install/base_trajectory/share/base_trajectory/local_setup.dsv
[0.197s] -- Symlinking: /root/dddmr_navigation/install/base_trajectory/share/base_trajectory/package.dsv
[0.204s] -- Up-to-date symlink: /root/dddmr_navigation/install/base_trajectory/share/ament_index/resource_index/packages/base_trajectory
[0.207s] -- Up-to-date symlink: /root/dddmr_navigation/install/base_trajectory/share/base_trajectory/cmake/ament_cmake_export_include_directories-extras.cmake
[0.207s] -- Up-to-date symlink: /root/dddmr_navigation/install/base_trajectory/share/base_trajectory/cmake/ament_cmake_export_libraries-extras.cmake
[0.207s] -- Up-to-date symlink: /root/dddmr_navigation/install/base_trajectory/share/base_trajectory/cmake/ament_cmake_export_dependencies-extras.cmake
[0.207s] -- Up-to-date symlink: /root/dddmr_navigation/install/base_trajectory/share/base_trajectory/cmake/base_trajectoryConfig.cmake
[0.207s] -- Up-to-date symlink: /root/dddmr_navigation/install/base_trajectory/share/base_trajectory/cmake/base_trajectoryConfig-version.cmake
[0.207s] -- Up-to-date symlink: /root/dddmr_navigation/install/base_trajectory/share/base_trajectory/package.xml
[0.231s] Invoked command in '/root/dddmr_navigation/build/base_trajectory' returned '0': CMAKE_PREFIX_PATH=/opt/ros/humble /usr/bin/cmake --install /root/dddmr_navigation/build/base_trajectory
