[0.036s] Invoking command in '/root/dddmr_navigation/build/fast_lio': CMAKE_PREFIX_PATH=${CMAKE_PREFIX_PATH}:/opt/ros/humble /usr/bin/cmake /root/dddmr_navigation/src/FAST_LIO -DAMENT_CMAKE_SYMLINK_INSTALL=1 -DCMAKE_INSTALL_PREFIX=/root/dddmr_navigation/install/fast_lio
[0.051s] [0mCurrent CPU archtecture: x86_64[0m
[0.054s] [0mProcesser number:  28[0m
[0.055s] [0mcore for MP: 3[0m
[0.056s] -- Found PythonLibs: /usr/lib/x86_64-linux-gnu/libpython3.10.so (found version "3.10.12") 
[0.057s] -- Found ament_cmake: 1.3.14 (/opt/ros/humble/share/ament_cmake/cmake)
[0.156s] -- Override CMake install command with custom implementation using symlinks instead of copying resources
[0.160s] -- Found rclcpp: 16.0.19 (/opt/ros/humble/share/rclcpp/cmake)
[0.176s] -- Found rosidl_generator_c: 3.1.8 (/opt/ros/humble/share/rosidl_generator_c/cmake)
[0.178s] -- Found rosidl_adapter: 3.1.8 (/opt/ros/humble/share/rosidl_adapter/cmake)
[0.181s] -- Found rosidl_generator_cpp: 3.1.8 (/opt/ros/humble/share/rosidl_generator_cpp/cmake)
[0.187s] -- Using all available rosidl_typesupport_c: rosidl_typesupport_fastrtps_c;rosidl_typesupport_introspection_c
[0.194s] -- Using all available rosidl_typesupport_cpp: rosidl_typesupport_fastrtps_cpp;rosidl_typesupport_introspection_cpp
[0.213s] -- Found rmw_implementation_cmake: 6.1.2 (/opt/ros/humble/share/rmw_implementation_cmake/cmake)
[0.214s] -- Found rmw_fastrtps_cpp: 6.2.10 (/opt/ros/humble/share/rmw_fastrtps_cpp/cmake)
[0.290s] -- Using RMW implementation 'rmw_fastrtps_cpp' as default
[0.317s] -- Found rclcpp_components: 16.0.19 (/opt/ros/humble/share/rclcpp_components/cmake)
[0.328s] -- Found geometry_msgs: 4.9.1 (/opt/ros/humble/share/geometry_msgs/cmake)
[0.335s] -- Found nav_msgs: 4.9.1 (/opt/ros/humble/share/nav_msgs/cmake)
[0.344s] -- Found sensor_msgs: 4.9.1 (/opt/ros/humble/share/sensor_msgs/cmake)
[0.353s] -- Found std_srvs: 4.9.1 (/opt/ros/humble/share/std_srvs/cmake)
[0.358s] -- Found visualization_msgs: 4.9.1 (/opt/ros/humble/share/visualization_msgs/cmake)
[0.369s] -- Found pcl_ros: 2.4.5 (/opt/ros/humble/share/pcl_ros/cmake)
[0.392s] -- Eigen found (include: /usr/include/eigen3, version: 3.4.0)
[0.424s] -- FLANN found (include: /usr/include, lib: /usr/lib/x86_64-linux-gnu/libflann_cpp.so)
[0.688s] -- OpenNI found (version: 1.5.4.0, include: /usr/include/ni, lib: /usr/lib/libOpenNI.so;libusb::libusb)
[0.693s] -- OpenNI2 found (version: 2.2.0.33, include: /usr/include/openni2, lib: /usr/lib/x86_64-linux-gnu/libOpenNI2.so;libusb::libusb)
[0.822s] -- Eigen found (include: /usr/include/eigen3, version: 3.4.0)
[0.827s] -- OpenNI found (version: 1.5.4.0, include: /usr/include/ni, lib: /usr/lib/libOpenNI.so;libusb::libusb)
[0.832s] -- OpenNI2 found (version: 2.2.0.33, include: /usr/include/openni2, lib: /usr/lib/x86_64-linux-gnu/libOpenNI2.so;libusb::libusb)
[0.940s] -- Found Qhull version 8.0.2
[1.050s] -- OpenNI found (version: 1.5.4.0, include: /usr/include/ni, lib: /usr/lib/libOpenNI.so;libusb::libusb)
[1.192s] -- Found eigen3_cmake_module: 0.1.1 (/opt/ros/humble/share/eigen3_cmake_module/cmake)
[1.193s] -- Ensuring Eigen3 include directory is part of orocos-kdl CMake target
[1.247s] -- Found livox_ros_driver2: 1.0.0 (/root/livox_ws/install/livox_ros_driver2/share/livox_ros_driver2/cmake)
[1.270s] -- Found rosidl_default_generators: 1.2.1 (/opt/ros/humble/share/rosidl_default_generators/cmake)
[1.282s] [33mCMake Warning (dev) at CMakeLists.txt:81 (find_package):
[1.282s]   Policy CMP0074 is not set: find_package uses <PackageName>_ROOT variables.
[1.282s]   Run "cmake --help-policy CMP0074" for policy details.  Use the cmake_policy
[1.282s]   command to set the policy and suppress this warning.
[1.282s] 
[1.282s]   CMake variable PCL_ROOT is set to:
[1.282s] 
[1.282s]     /usr
[1.282s] 
[1.282s]   For compatibility, CMake is ignoring the variable.
[1.282s] This warning is for project developers.  Use -Wno-dev to suppress it.
[1.282s] [0m
[1.288s] -- PCL: /usr/include/pcl-1.12
[1.288s] [0mEigen:/usr/include/eigen3[0m
[1.452s] -- Found ament_cmake_ros: 0.10.0 (/opt/ros/humble/share/ament_cmake_ros/cmake)
[1.675s] -- Using all available rosidl_typesupport_c: rosidl_typesupport_fastrtps_c;rosidl_typesupport_introspection_c
[1.783s] -- Using all available rosidl_typesupport_cpp: rosidl_typesupport_fastrtps_cpp;rosidl_typesupport_introspection_cpp
[1.804s] -- Found python_cmake_module: 0.10.0 (/opt/ros/humble/share/python_cmake_module/cmake)
[1.824s] -- Found PythonLibs: /usr/lib/x86_64-linux-gnu/libpython3.10.so (found suitable version "3.10.12", minimum required is "3.5") 
[1.824s] -- Using PYTHON_EXECUTABLE: /usr/bin/python3
[1.824s] -- Using PYTHON_INCLUDE_DIRS: /usr/include/python3.10
[1.824s] -- Using PYTHON_LIBRARIES: /usr/lib/x86_64-linux-gnu/libpython3.10.so
[1.901s] -- Configuring done
[1.957s] -- Generating done
[1.968s] -- Build files have been written to: /root/dddmr_navigation/build/fast_lio
[1.980s] Invoked command in '/root/dddmr_navigation/build/fast_lio' returned '0': CMAKE_PREFIX_PATH=${CMAKE_PREFIX_PATH}:/opt/ros/humble /usr/bin/cmake /root/dddmr_navigation/src/FAST_LIO -DAMENT_CMAKE_SYMLINK_INSTALL=1 -DCMAKE_INSTALL_PREFIX=/root/dddmr_navigation/install/fast_lio
[1.980s] Invoking command in '/root/dddmr_navigation/build/fast_lio': CMAKE_PREFIX_PATH=${CMAKE_PREFIX_PATH}:/opt/ros/humble /usr/bin/cmake --build /root/dddmr_navigation/build/fast_lio -- -j28 -l28
[2.021s] [35m[1mConsolidate compiler generated dependencies of target fast_lio__rosidl_generator_c[0m
[2.031s] [  2%] Built target fast_lio__cpp
[2.031s] [  5%] Built target fast_lio__rs
[2.031s] [ 13%] Built target fast_lio__rosidl_generator_c
[2.038s] [ 13%] Built target ament_cmake_python_symlink_fast_lio
[2.039s] [35m[1mConsolidate compiler generated dependencies of target fast_lio__rosidl_typesupport_fastrtps_cpp[0m
[2.042s] [35m[1mConsolidate compiler generated dependencies of target fast_lio__rosidl_typesupport_cpp[0m
[2.042s] [35m[1mConsolidate compiler generated dependencies of target fast_lio__rosidl_typesupport_introspection_cpp[0m
[2.046s] [35m[1mConsolidate compiler generated dependencies of target fast_lio__rosidl_typesupport_fastrtps_c[0m
[2.046s] [35m[1mConsolidate compiler generated dependencies of target fast_lio__rosidl_typesupport_introspection_c[0m
[2.048s] [35m[1mConsolidate compiler generated dependencies of target fast_lio__rosidl_typesupport_c[0m
[2.049s] [ 22%] Built target fast_lio__rosidl_typesupport_fastrtps_cpp
[2.051s] [ 30%] Built target fast_lio__rosidl_typesupport_cpp
[2.053s] [ 50%] Built target fast_lio__rosidl_typesupport_fastrtps_c
[2.053s] [ 50%] Built target fast_lio__rosidl_typesupport_introspection_cpp
[2.053s] [ 55%] Built target fast_lio__rosidl_typesupport_introspection_c
[2.056s] [ 63%] Built target fast_lio__rosidl_typesupport_c
[2.066s] [35m[1mConsolidate compiler generated dependencies of target fastlio_mapping[0m
[2.077s] [ 63%] Built target fast_lio
[2.095s] [ 66%] [32mBuilding CXX object CMakeFiles/fastlio_mapping.dir/src/laserMapping.cpp.o[0m
[2.096s] [ 69%] [32mBuilding CXX object CMakeFiles/fastlio_mapping.dir/include/ikd-Tree/ikd_Tree.cpp.o[0m
[2.096s] [ 72%] [32mBuilding CXX object CMakeFiles/fastlio_mapping.dir/src/preprocess.cpp.o[0m
[2.097s] [ 75%] Built target fast_lio__py
[2.109s] [35m[1mConsolidate compiler generated dependencies of target fast_lio__rosidl_generator_py[0m
[2.121s] [ 80%] Built target fast_lio__rosidl_generator_py
[2.130s] [35m[1mConsolidate compiler generated dependencies of target fast_lio__rosidl_typesupport_fastrtps_c__pyext[0m
[2.132s] [35m[1mConsolidate compiler generated dependencies of target fast_lio__rosidl_typesupport_c__pyext[0m
[2.132s] [35m[1mConsolidate compiler generated dependencies of target fast_lio__rosidl_typesupport_introspection_c__pyext[0m
[2.141s] [ 86%] Built target fast_lio__rosidl_typesupport_fastrtps_c__pyext
[2.146s] [ 97%] Built target fast_lio__rosidl_typesupport_introspection_c__pyext
[2.146s] [ 97%] Built target fast_lio__rosidl_typesupport_c__pyext
[2.184s] running egg_info
[2.184s] writing fast_lio.egg-info/PKG-INFO
[2.185s] writing dependency_links to fast_lio.egg-info/dependency_links.txt
[2.185s] writing top-level names to fast_lio.egg-info/top_level.txt
[2.186s] reading manifest file 'fast_lio.egg-info/SOURCES.txt'
[2.187s] writing manifest file 'fast_lio.egg-info/SOURCES.txt'
[2.206s] [ 97%] Built target ament_cmake_python_build_fast_lio_egg
[5.339s] In file included from [01m[K/usr/include/boost/smart_ptr/detail/sp_thread_sleep.hpp:22[m[K,
[5.339s]                  from [01m[K/usr/include/boost/smart_ptr/detail/yield_k.hpp:23[m[K,
[5.339s]                  from [01m[K/usr/include/boost/smart_ptr/detail/spinlock_gcc_atomic.hpp:14[m[K,
[5.340s]                  from [01m[K/usr/include/boost/smart_ptr/detail/spinlock.hpp:42[m[K,
[5.340s]                  from [01m[K/usr/include/boost/smart_ptr/detail/spinlock_pool.hpp:25[m[K,
[5.340s]                  from [01m[K/usr/include/boost/smart_ptr/shared_ptr.hpp:29[m[K,
[5.340s]                  from [01m[K/usr/include/boost/shared_ptr.hpp:17[m[K,
[5.340s]                  from [01m[K/usr/include/boost/date_time/microsec_time_clock.hpp:18[m[K,
[5.340s]                  from [01m[K/usr/include/boost/interprocess/detail/posix_time_types_wrk.hpp:31[m[K,
[5.340s]                  from [01m[K/usr/include/boost/interprocess/detail/os_thread_functions.hpp:36[m[K,
[5.340s]                  from [01m[K/usr/include/boost/interprocess/sync/file_lock.hpp:26[m[K,
[5.340s]                  from [01m[K/usr/include/pcl-1.12/pcl/io/pcd_io.h:46[m[K,
[5.340s]                  from [01m[K/opt/ros/humble/include/pcl_conversions/pcl_conversions/pcl_conversions.h:73[m[K,
[5.340s]                  from [01m[K/root/dddmr_navigation/src/FAST_LIO/src/IMU_Processing.hpp:18[m[K,
[5.340s]                  from [01m[K/root/dddmr_navigation/src/FAST_LIO/src/laserMapping.cpp:47[m[K:
[5.340s] [01m[K/usr/include/boost/bind.hpp:36:1:[m[K [01;36m[Knote: [m[K‘[01m[K#pragma message: The practice of declaring the Bind placeholders (_1, _2, ...) in the global namespace is deprecated. Please use <boost/bind/bind.hpp> + using namespace boost::placeholders, or define BOOST_BIND_GLOBAL_PLACEHOLDERS to retain the current behavior.[m[K’
[5.340s]    36 | [01;36m[KBOOST_PRAGMA_MESSAGE[m[K(
[5.340s]       | [01;36m[K^~~~~~~~~~~~~~~~~~~~[m[K
[14.972s] gmake[2]: *** wait: No child processes.  Stop.
[14.972s] gmake[2]: *** Waiting for unfinished jobs....
[14.972s] gmake[2]: *** wait: No child processes.  Stop.
[14.972s] gmake[1]: *** [CMakeFiles/Makefile2:612: CMakeFiles/fastlio_mapping.dir/all] Error 2
[14.972s] gmake: *** [Makefile:146: all] Interrupt
