[0.013s] Invoking command in '/ws_gz/build/champ_navigation': CMAKE_PREFIX_PATH=${CMAKE_PREFIX_PATH}:/opt/ros/humble /usr/bin/cmake --build /ws_gz/build/champ_navigation -- -j32 -l32
[0.042s] Invoked command in '/ws_gz/build/champ_navigation' returned '0': CMAKE_PREFIX_PATH=${CMAKE_PREFIX_PATH}:/opt/ros/humble /usr/bin/cmake --build /ws_gz/build/champ_navigation -- -j32 -l32
[0.043s] Invoking command in '/ws_gz/build/champ_navigation': CMAKE_PREFIX_PATH=${CMAKE_PREFIX_PATH}:/opt/ros/humble /usr/bin/cmake --install /ws_gz/build/champ_navigation
[0.047s] -- Install configuration: "Release"
[0.048s] -- Execute custom install script
[0.048s] -- Up-to-date symlink: /ws_gz/install/champ_navigation/share/champ_navigation/launch/navigate.launch.py
[0.048s] -- Up-to-date symlink: /ws_gz/install/champ_navigation/share/champ_navigation/launch/slam.launch.py
[0.048s] -- Up-to-date symlink: /ws_gz/install/champ_navigation/share/champ_navigation/rviz/navigation.rviz
[0.048s] -- Up-to-date symlink: /ws_gz/install/champ_navigation/share/champ_navigation/rviz/navigation_minimal.rviz
[0.048s] -- Up-to-date symlink: /ws_gz/install/champ_navigation/share/champ_navigation/rviz/slam.rviz
[0.048s] -- Up-to-date symlink: /ws_gz/install/champ_navigation/share/ament_index/resource_index/package_run_dependencies/champ_navigation
[0.048s] -- Up-to-date symlink: /ws_gz/install/champ_navigation/share/ament_index/resource_index/parent_prefix_path/champ_navigation
[0.049s] -- Up-to-date symlink: /ws_gz/install/champ_navigation/share/champ_navigation/environment/ament_prefix_path.sh
[0.049s] -- Up-to-date symlink: /ws_gz/install/champ_navigation/share/champ_navigation/environment/ament_prefix_path.dsv
[0.049s] -- Up-to-date symlink: /ws_gz/install/champ_navigation/share/champ_navigation/environment/path.sh
[0.050s] -- Up-to-date symlink: /ws_gz/install/champ_navigation/share/champ_navigation/environment/path.dsv
[0.050s] -- Up-to-date symlink: /ws_gz/install/champ_navigation/share/champ_navigation/local_setup.bash
[0.050s] -- Up-to-date symlink: /ws_gz/install/champ_navigation/share/champ_navigation/local_setup.sh
[0.051s] -- Up-to-date symlink: /ws_gz/install/champ_navigation/share/champ_navigation/local_setup.zsh
[0.051s] -- Up-to-date symlink: /ws_gz/install/champ_navigation/share/champ_navigation/local_setup.dsv
[0.051s] -- Symlinking: /ws_gz/install/champ_navigation/share/champ_navigation/package.dsv
[0.067s] -- Up-to-date symlink: /ws_gz/install/champ_navigation/share/ament_index/resource_index/packages/champ_navigation
[0.067s] -- Up-to-date symlink: /ws_gz/install/champ_navigation/share/champ_navigation/cmake/champ_navigationConfig.cmake
[0.068s] -- Up-to-date symlink: /ws_gz/install/champ_navigation/share/champ_navigation/cmake/champ_navigationConfig-version.cmake
[0.069s] -- Up-to-date symlink: /ws_gz/install/champ_navigation/share/champ_navigation/package.xml
[0.071s] Invoked command in '/ws_gz/build/champ_navigation' returned '0': CMAKE_PREFIX_PATH=${CMAKE_PREFIX_PATH}:/opt/ros/humble /usr/bin/cmake --install /ws_gz/build/champ_navigation
