[0.041s] Invoking command in '/root/dddmr_navigation/build/pose_graph_merge_editor_panel': CMAKE_PREFIX_PATH=${CMAKE_PREFIX_PATH}:/opt/ros/humble /usr/bin/cmake --build /root/dddmr_navigation/build/pose_graph_merge_editor_panel -- -j28 -l28
[0.111s] [ 20%] [34m[1mAutomatic UIC for target pose_graph_merge_editor_panel[0m
[0.125s] [ 20%] Built target pose_graph_merge_editor_panel_autogen
[0.157s] [100%] Built target pose_graph_merge_editor_panel
[0.227s] Invoked command in '/root/dddmr_navigation/build/pose_graph_merge_editor_panel' returned '0': CMAKE_PREFIX_PATH=${CMAKE_PREFIX_PATH}:/opt/ros/humble /usr/bin/cmake --build /root/dddmr_navigation/build/pose_graph_merge_editor_panel -- -j28 -l28
[0.228s] Invoking command in '/root/dddmr_navigation/build/pose_graph_merge_editor_panel': CMAKE_PREFIX_PATH=${CMAKE_PREFIX_PATH}:/opt/ros/humble /usr/bin/cmake --install /root/dddmr_navigation/build/pose_graph_merge_editor_panel
[0.237s] -- Install configuration: "Release"
[0.238s] -- Execute custom install script
[0.240s] -- Up-to-date symlink: /root/dddmr_navigation/install/pose_graph_merge_editor_panel/share/pose_graph_merge_editor_panel//plugin_description.xml
[0.240s] -- Up-to-date symlink: /root/dddmr_navigation/install/pose_graph_merge_editor_panel/share/pose_graph_merge_editor_panel/environment/library_path.sh
[0.241s] -- Up-to-date symlink: /root/dddmr_navigation/install/pose_graph_merge_editor_panel/share/pose_graph_merge_editor_panel/environment/library_path.dsv
[0.242s] -- Up-to-date symlink: /root/dddmr_navigation/install/pose_graph_merge_editor_panel/include/pose_graph_merge_editor_panel/pose_graph_merge_editor_panel.h
[0.242s] -- Up-to-date symlink: /root/dddmr_navigation/install/pose_graph_merge_editor_panel/share/ament_index/resource_index/package_run_dependencies/pose_graph_merge_editor_panel
[0.243s] -- Up-to-date symlink: /root/dddmr_navigation/install/pose_graph_merge_editor_panel/share/ament_index/resource_index/parent_prefix_path/pose_graph_merge_editor_panel
[0.243s] -- Up-to-date symlink: /root/dddmr_navigation/install/pose_graph_merge_editor_panel/share/pose_graph_merge_editor_panel/environment/ament_prefix_path.sh
[0.243s] -- Up-to-date symlink: /root/dddmr_navigation/install/pose_graph_merge_editor_panel/share/pose_graph_merge_editor_panel/environment/ament_prefix_path.dsv
[0.243s] -- Up-to-date symlink: /root/dddmr_navigation/install/pose_graph_merge_editor_panel/share/pose_graph_merge_editor_panel/environment/path.sh
[0.243s] -- Up-to-date symlink: /root/dddmr_navigation/install/pose_graph_merge_editor_panel/share/pose_graph_merge_editor_panel/environment/path.dsv
[0.243s] -- Up-to-date symlink: /root/dddmr_navigation/install/pose_graph_merge_editor_panel/share/pose_graph_merge_editor_panel/local_setup.bash
[0.243s] -- Up-to-date symlink: /root/dddmr_navigation/install/pose_graph_merge_editor_panel/share/pose_graph_merge_editor_panel/local_setup.sh
[0.243s] -- Up-to-date symlink: /root/dddmr_navigation/install/pose_graph_merge_editor_panel/share/pose_graph_merge_editor_panel/local_setup.zsh
[0.243s] -- Up-to-date symlink: /root/dddmr_navigation/install/pose_graph_merge_editor_panel/share/pose_graph_merge_editor_panel/local_setup.dsv
[0.244s] -- Symlinking: /root/dddmr_navigation/install/pose_graph_merge_editor_panel/share/pose_graph_merge_editor_panel/package.dsv
[0.250s] -- Up-to-date symlink: /root/dddmr_navigation/install/pose_graph_merge_editor_panel/share/ament_index/resource_index/packages/pose_graph_merge_editor_panel
[0.251s] -- Up-to-date symlink: /root/dddmr_navigation/install/pose_graph_merge_editor_panel/share/ament_index/resource_index/rviz_common__pluginlib__plugin/pose_graph_merge_editor_panel
[0.251s] -- Up-to-date symlink: /root/dddmr_navigation/install/pose_graph_merge_editor_panel/share/pose_graph_merge_editor_panel/cmake/ament_cmake_export_targets-extras.cmake
[0.251s] -- Up-to-date symlink: /root/dddmr_navigation/install/pose_graph_merge_editor_panel/share/pose_graph_merge_editor_panel/cmake/ament_cmake_export_dependencies-extras.cmake
[0.251s] -- Up-to-date symlink: /root/dddmr_navigation/install/pose_graph_merge_editor_panel/share/pose_graph_merge_editor_panel/cmake/ament_cmake_export_include_directories-extras.cmake
[0.251s] -- Up-to-date symlink: /root/dddmr_navigation/install/pose_graph_merge_editor_panel/share/pose_graph_merge_editor_panel/cmake/ament_cmake_export_libraries-extras.cmake
[0.252s] -- Up-to-date symlink: /root/dddmr_navigation/install/pose_graph_merge_editor_panel/share/pose_graph_merge_editor_panel/cmake/pose_graph_merge_editor_panelConfig.cmake
[0.252s] -- Up-to-date symlink: /root/dddmr_navigation/install/pose_graph_merge_editor_panel/share/pose_graph_merge_editor_panel/cmake/pose_graph_merge_editor_panelConfig-version.cmake
[0.253s] -- Up-to-date symlink: /root/dddmr_navigation/install/pose_graph_merge_editor_panel/share/pose_graph_merge_editor_panel/package.xml
[0.253s] -- Up-to-date: /root/dddmr_navigation/install/pose_graph_merge_editor_panel/lib/libpose_graph_merge_editor_panel.so
[0.254s] -- Up-to-date: /root/dddmr_navigation/install/pose_graph_merge_editor_panel/share/pose_graph_merge_editor_panel/cmake/pose_graph_merge_editor_panelExport.cmake
[0.254s] -- Up-to-date: /root/dddmr_navigation/install/pose_graph_merge_editor_panel/share/pose_graph_merge_editor_panel/cmake/pose_graph_merge_editor_panelExport-release.cmake
[0.326s] Invoked command in '/root/dddmr_navigation/build/pose_graph_merge_editor_panel' returned '0': CMAKE_PREFIX_PATH=${CMAKE_PREFIX_PATH}:/opt/ros/humble /usr/bin/cmake --install /root/dddmr_navigation/build/pose_graph_merge_editor_panel
