[0.013s] Invoking command in '/ws_gz/build/ros2_livox_simulation': CMAKE_PREFIX_PATH=/opt/ros/humble /usr/bin/cmake /ws_gz/src/livox_laser_simulation_RO2 -DCMAKE_BUILD_TYPE=Release -DAMENT_CMAKE_SYMLINK_INSTALL=1 -DCMAKE_INSTALL_PREFIX=/ws_gz/install/ros2_livox_simulation
[0.081s] -- The C compiler identification is GNU 13.4.0
[0.140s] -- The CXX compiler identification is GNU 13.4.0
[0.146s] -- Detecting C compiler ABI info
[0.192s] -- Detecting C compiler ABI info - done
[0.197s] -- Check for working C compiler: /usr/bin/cc - skipped
[0.198s] -- Detecting C compile features
[0.198s] -- Detecting C compile features - done
[0.199s] -- Detecting CXX compiler ABI info
[0.254s] -- Detecting CXX compiler ABI info - done
[0.260s] -- Check for working CXX compiler: /usr/bin/c++ - skipped
[0.260s] -- Detecting CXX compile features
[0.260s] -- Detecting CXX compile features - done
[0.263s] -- Found ament_cmake: 1.3.14 (/opt/ros/humble/share/ament_cmake/cmake)
[0.367s] -- Found Python3: /usr/bin/python3 (found version "3.10.12") found components: Interpreter 
[0.401s] -- Override CMake install command with custom implementation using symlinks instead of copying resources
[0.421s] -- Found rclcpp: 16.0.19 (/opt/ros/humble/share/rclcpp/cmake)
[0.442s] -- Found rosidl_generator_c: 3.1.8 (/opt/ros/humble/share/rosidl_generator_c/cmake)
[0.444s] -- Found rosidl_adapter: 3.1.8 (/opt/ros/humble/share/rosidl_adapter/cmake)
[0.448s] -- Found rosidl_generator_cpp: 3.1.8 (/opt/ros/humble/share/rosidl_generator_cpp/cmake)
[0.455s] -- Using all available rosidl_typesupport_c: rosidl_typesupport_fastrtps_c;rosidl_typesupport_introspection_c
[0.462s] -- Using all available rosidl_typesupport_cpp: rosidl_typesupport_fastrtps_cpp;rosidl_typesupport_introspection_cpp
[0.484s] -- Found rmw_implementation_cmake: 6.1.2 (/opt/ros/humble/share/rmw_implementation_cmake/cmake)
[0.485s] -- Found rmw_fastrtps_cpp: 6.2.10 (/opt/ros/humble/share/rmw_fastrtps_cpp/cmake)
[0.536s] -- Found OpenSSL: /usr/lib/x86_64-linux-gnu/libcrypto.so (found version "3.0.2")  
[0.555s] -- Found FastRTPS: /opt/ros/humble/include  
[0.585s] -- Using RMW implementation 'rmw_fastrtps_cpp' as default
[0.589s] -- Looking for pthread.h
[0.639s] -- Looking for pthread.h - found
[0.639s] -- Performing Test CMAKE_HAVE_LIBC_PTHREAD
[0.693s] -- Performing Test CMAKE_HAVE_LIBC_PTHREAD - Success
[0.694s] -- Found Threads: TRUE  
[0.721s] -- Found gazebo_dev: 3.9.0 (/opt/ros/humble/share/gazebo_dev/cmake)
[0.725s] -- Found PkgConfig: /usr/bin/pkg-config (found version "0.29.2") 
[0.726s] -- Checking for module 'bullet>=2.82'
[0.733s] --   Found bullet, version 3.05
[0.808s] -- Found fcl: /usr/include (found suitable version "0.7.0", minimum required is "0.5.0") 
[0.837s] -- Found assimp: /usr/include (found version "5.2.0") 
[0.855s] -- Found DART: /usr/include (Required is at least version "6.6") found components: dart 
[0.873s] -- Found Boost: /usr/lib/x86_64-linux-gnu/cmake/Boost-1.74.0/BoostConfig.cmake (found suitable version "1.74.0", minimum required is "1.40.0") found components: thread system filesystem program_options regex iostreams date_time 
[0.886s] -- Found Protobuf: /usr/lib/x86_64-linux-gnu/libprotobuf.so (found version "3.12.4") 
[0.892s] -- Looking for ignition-math6 -- found version 6.15.1
[0.899s] -- Searching for dependencies of ignition-math6
[0.901s] -- Looking for OGRE...
[0.901s] -- OGRE_PREFIX_WATCH changed.
[0.905s] -- Checking for module 'OGRE'
[0.913s] --   Found OGRE, version 1.9.0
[0.932s] -- Found Ogre Ghadamon (1.9.0)
[0.936s] -- Found OGRE: optimized;/usr/lib/x86_64-linux-gnu/libOgreMain.so;debug;/usr/lib/x86_64-linux-gnu/libOgreMain.so
[0.944s] -- Looking for OGRE_Paging...
[0.947s] -- Found OGRE_Paging: optimized;/usr/lib/x86_64-linux-gnu/libOgrePaging.so;debug;/usr/lib/x86_64-linux-gnu/libOgrePaging.so
[0.947s] -- Looking for OGRE_Terrain...
[0.950s] -- Found OGRE_Terrain: optimized;/usr/lib/x86_64-linux-gnu/libOgreTerrain.so;debug;/usr/lib/x86_64-linux-gnu/libOgreTerrain.so
[0.950s] -- Looking for OGRE_Property...
[0.953s] -- Found OGRE_Property: optimized;/usr/lib/x86_64-linux-gnu/libOgreProperty.so;debug;/usr/lib/x86_64-linux-gnu/libOgreProperty.so
[0.953s] -- Looking for OGRE_RTShaderSystem...
[0.955s] -- Found OGRE_RTShaderSystem: optimized;/usr/lib/x86_64-linux-gnu/libOgreRTShaderSystem.so;debug;/usr/lib/x86_64-linux-gnu/libOgreRTShaderSystem.so
[0.955s] -- Looking for OGRE_Volume...
[0.958s] -- Found OGRE_Volume: optimized;/usr/lib/x86_64-linux-gnu/libOgreVolume.so;debug;/usr/lib/x86_64-linux-gnu/libOgreVolume.so
[0.958s] -- Looking for OGRE_Overlay...
[0.960s] -- Found OGRE_Overlay: optimized;/usr/lib/x86_64-linux-gnu/libOgreOverlay.so;debug;/usr/lib/x86_64-linux-gnu/libOgreOverlay.so
[1.021s] -- Looking for ignition-math6 -- found version 6.15.1
[1.024s] -- Looking for ignition-transport8 -- found version 8.2.1
[1.025s] -- Searching for dependencies of ignition-transport8
[1.042s] -- Found Protobuf: /usr/lib/x86_64-linux-gnu/libprotobuf.so (found suitable version "3.12.4", minimum required is "3") 
[1.055s] -- Config-file not installed for ZeroMQ -- checking for pkg-config
[1.057s] -- Checking for module 'libzmq >= 4'
[1.066s] --   Found libzmq , version 4.3.4
[1.088s] -- Found ZeroMQ: TRUE (Required is at least version "4") 
[1.091s] -- Checking for module 'uuid'
[1.098s] --   Found uuid, version 2.37.2
[1.117s] -- Found UUID: TRUE  
[1.119s] -- Looking for ignition-msgs5 -- found version 5.8.1
[1.119s] -- Searching for dependencies of ignition-msgs5
[1.132s] -- Looking for ignition-math6 -- found version 6.15.1
[1.136s] -- Checking for module 'tinyxml2'
[1.143s] --   Found tinyxml2, version 9.0.0
[1.164s] -- Looking for ignition-msgs5 -- found version 5.8.1
[1.167s] -- Looking for ignition-common3 -- found version 3.14.0
[1.167s] -- Searching for dependencies of ignition-common3
[1.168s] -- Looking for dlfcn.h - found
[1.169s] -- Looking for libdl - found
[1.170s] -- Found DL: TRUE  
[1.179s] -- Found tinyobjloader: /usr/lib/x86_64-linux-gnu/cmake/tinyobjloader/tinyobjloader-config.cmake (found version "2.0.0") 
[1.179s] -- Searching for <ignition-common3> component [graphics]
[1.182s] -- Looking for ignition-common3-graphics -- found version 3.14.0
[1.182s] -- Searching for dependencies of ignition-common3-graphics
[1.182s] -- Looking for ignition-math6 -- found version 6.15.1
[1.185s] -- Looking for ignition-fuel_tools4 -- found version 4.4.0
[1.185s] -- Searching for dependencies of ignition-fuel_tools4
[1.239s] -- Found CURL: /usr/lib/x86_64-linux-gnu/libcurl.so (found version "7.81.0")  
[1.246s] -- Checking for module 'jsoncpp'
[1.254s] --   Found jsoncpp, version 1.9.5
[1.274s] -- Found JSONCPP: TRUE  
[1.278s] -- Checking for module 'libzip'
[1.286s] --   Found libzip, version 1.7.3
[1.306s] -- Found ZIP: TRUE  
[1.306s] -- Looking for ignition-common3 -- found version 3.14.0
[1.306s] -- Looking for ignition-math6 -- found version 6.15.1
[1.306s] -- Looking for ignition-msgs5 -- found version 5.8.1
[1.310s] -- Gazebo version: 11.10
[1.310s] -- Checking for module 'tbb'
[1.318s] --   Found tbb, version 2021.5.0
[1.339s] -- Found gazebo_ros: 3.9.0 (/opt/ros/humble/share/gazebo_ros/cmake)
[1.343s] -- Found sensor_msgs: 4.9.1 (/opt/ros/humble/share/sensor_msgs/cmake)
[1.360s] -- Found tf2_ros: 0.25.20 (/opt/ros/humble/share/tf2_ros/cmake)
[1.423s] -- Found rosidl_default_generators: 1.2.1 (/opt/ros/humble/share/rosidl_default_generators/cmake)
[1.436s] [31mCMake Error at CMakeLists.txt:29 (find_package):
[1.436s]   By not providing "Findlivox_ros_driver2.cmake" in CMAKE_MODULE_PATH this
[1.436s]   project has asked CMake to find a package configuration file provided by
[1.436s]   "livox_ros_driver2", but CMake did not find one.
[1.436s] 
[1.436s]   Could not find a package configuration file provided by "livox_ros_driver2"
[1.436s]   with any of the following names:
[1.436s] 
[1.436s]     livox_ros_driver2Config.cmake
[1.436s]     livox_ros_driver2-config.cmake
[1.436s] 
[1.436s]   Add the installation prefix of "livox_ros_driver2" to CMAKE_PREFIX_PATH or
[1.436s]   set "livox_ros_driver2_DIR" to a directory containing one of the above
[1.436s]   files.  If "livox_ros_driver2" provides a separate development package or
[1.437s]   SDK, be sure it has been installed.
[1.437s] 
[1.437s] [0m
[1.437s] -- Configuring incomplete, errors occurred!
[1.437s] See also "/ws_gz/build/ros2_livox_simulation/CMakeFiles/CMakeOutput.log".
[1.443s] Invoked command in '/ws_gz/build/ros2_livox_simulation' returned '1': CMAKE_PREFIX_PATH=/opt/ros/humble /usr/bin/cmake /ws_gz/src/livox_laser_simulation_RO2 -DCMAKE_BUILD_TYPE=Release -DAMENT_CMAKE_SYMLINK_INSTALL=1 -DCMAKE_INSTALL_PREFIX=/ws_gz/install/ros2_livox_simulation
