[0.006s] Invoking command in '/ws_gz/build/champ_gazebo': CMAKE_PREFIX_PATH=/ws_gz/install/champ_msgs:/ws_gz/install/champ:/ws_gz/install/ros2_livox_simulation:/ws_gz/install/go2_description:/ws_gz/install/go2_config:/ws_gz/install/champ_navigation:/ws_gz/install/champ_gazebo:/ws_gz/install/champ_bringup:/ws_gz/install/champ_base:/ws_gz/install/champ_description:/ws_gz/install/champ_config:/livox_ws/install/livox_ros_driver2:/opt/ros/humble LD_LIBRARY_PATH=/ws_gz/install/champ_msgs/lib:/usr/lib/x86_64-linux-gnu/gazebo-11/plugins:/ws_gz/install/ros2_livox_simulation/lib:/ws_gz/install/champ_base/lib:/livox_ws/install/livox_ros_driver2/lib:/opt/ros/humble/opt/rviz_ogre_vendor/lib:/opt/ros/humble/lib/x86_64-linux-gnu:/opt/ros/humble/lib /usr/bin/cmake --build /ws_gz/build/champ_gazebo -- -j32 -l32
[0.059s] [100%] Built target contact_sensor
[0.065s] Invoked command in '/ws_gz/build/champ_gazebo' returned '0': CMAKE_PREFIX_PATH=/ws_gz/install/champ_msgs:/ws_gz/install/champ:/ws_gz/install/ros2_livox_simulation:/ws_gz/install/go2_description:/ws_gz/install/go2_config:/ws_gz/install/champ_navigation:/ws_gz/install/champ_gazebo:/ws_gz/install/champ_bringup:/ws_gz/install/champ_base:/ws_gz/install/champ_description:/ws_gz/install/champ_config:/livox_ws/install/livox_ros_driver2:/opt/ros/humble LD_LIBRARY_PATH=/ws_gz/install/champ_msgs/lib:/usr/lib/x86_64-linux-gnu/gazebo-11/plugins:/ws_gz/install/ros2_livox_simulation/lib:/ws_gz/install/champ_base/lib:/livox_ws/install/livox_ros_driver2/lib:/opt/ros/humble/opt/rviz_ogre_vendor/lib:/opt/ros/humble/lib/x86_64-linux-gnu:/opt/ros/humble/lib /usr/bin/cmake --build /ws_gz/build/champ_gazebo -- -j32 -l32
[0.066s] Invoking command in '/ws_gz/build/champ_gazebo': CMAKE_PREFIX_PATH=/ws_gz/install/champ_msgs:/ws_gz/install/champ:/ws_gz/install/ros2_livox_simulation:/ws_gz/install/go2_description:/ws_gz/install/go2_config:/ws_gz/install/champ_navigation:/ws_gz/install/champ_gazebo:/ws_gz/install/champ_bringup:/ws_gz/install/champ_base:/ws_gz/install/champ_description:/ws_gz/install/champ_config:/livox_ws/install/livox_ros_driver2:/opt/ros/humble LD_LIBRARY_PATH=/ws_gz/install/champ_msgs/lib:/usr/lib/x86_64-linux-gnu/gazebo-11/plugins:/ws_gz/install/ros2_livox_simulation/lib:/ws_gz/install/champ_base/lib:/livox_ws/install/livox_ros_driver2/lib:/opt/ros/humble/opt/rviz_ogre_vendor/lib:/opt/ros/humble/lib/x86_64-linux-gnu:/opt/ros/humble/lib /usr/bin/cmake --install /ws_gz/build/champ_gazebo
[0.069s] -- Install configuration: "Release"
[0.069s] -- Execute custom install script
[0.069s] -- Up-to-date symlink: /ws_gz/install/champ_gazebo/bin/imu_sensor.py
[0.070s] -- Up-to-date symlink: /ws_gz/install/champ_gazebo/bin/odometry_tf.py
[0.070s] -- Up-to-date symlink: /ws_gz/install/champ_gazebo/bin/odometry.py
[0.070s] -- Up-to-date symlink: /ws_gz/install/champ_gazebo/lib/champ_gazebo/contact_sensor
[0.070s] -- Up-to-date symlink: /ws_gz/install/champ_gazebo/share/champ_gazebo/launch/gazebo.launch
[0.070s] -- Up-to-date symlink: /ws_gz/install/champ_gazebo/share/champ_gazebo/launch/gazebo.launch.py
[0.070s] -- Up-to-date symlink: /ws_gz/install/champ_gazebo/share/champ_gazebo/launch/spawn_robot.launch
[0.070s] -- Up-to-date symlink: /ws_gz/install/champ_gazebo/share/champ_gazebo/launch/spawn_world.launch
[0.070s] -- Up-to-date symlink: /ws_gz/install/champ_gazebo/share/champ_gazebo/config/gazebo.yaml
[0.070s] -- Up-to-date symlink: /ws_gz/install/champ_gazebo/share/champ_gazebo/config/ros_control.yaml
[0.070s] -- Up-to-date symlink: /ws_gz/install/champ_gazebo/share/champ_gazebo/worlds/default.world
[0.070s] -- Up-to-date symlink: /ws_gz/install/champ_gazebo/share/champ_gazebo/worlds/outdoor.world
[0.070s] -- Up-to-date symlink: /ws_gz/install/champ_gazebo/share/champ_gazebo/worlds/playground.world
[0.070s] -- Up-to-date symlink: /ws_gz/install/champ_gazebo/share/ament_index/resource_index/package_run_dependencies/champ_gazebo
[0.070s] -- Up-to-date symlink: /ws_gz/install/champ_gazebo/share/ament_index/resource_index/parent_prefix_path/champ_gazebo
[0.070s] -- Up-to-date symlink: /ws_gz/install/champ_gazebo/share/champ_gazebo/environment/ament_prefix_path.sh
[0.070s] -- Up-to-date symlink: /ws_gz/install/champ_gazebo/share/champ_gazebo/environment/ament_prefix_path.dsv
[0.070s] -- Up-to-date symlink: /ws_gz/install/champ_gazebo/share/champ_gazebo/environment/path.sh
[0.071s] -- Up-to-date symlink: /ws_gz/install/champ_gazebo/share/champ_gazebo/environment/path.dsv
[0.071s] -- Up-to-date symlink: /ws_gz/install/champ_gazebo/share/champ_gazebo/local_setup.bash
[0.071s] -- Up-to-date symlink: /ws_gz/install/champ_gazebo/share/champ_gazebo/local_setup.sh
[0.071s] -- Up-to-date symlink: /ws_gz/install/champ_gazebo/share/champ_gazebo/local_setup.zsh
[0.071s] -- Up-to-date symlink: /ws_gz/install/champ_gazebo/share/champ_gazebo/local_setup.dsv
[0.071s] -- Symlinking: /ws_gz/install/champ_gazebo/share/champ_gazebo/package.dsv
[0.075s] -- Up-to-date symlink: /ws_gz/install/champ_gazebo/share/ament_index/resource_index/packages/champ_gazebo
[0.075s] -- Up-to-date symlink: /ws_gz/install/champ_gazebo/share/champ_gazebo/cmake/ament_cmake_export_include_directories-extras.cmake
[0.075s] -- Up-to-date symlink: /ws_gz/install/champ_gazebo/share/champ_gazebo/cmake/ament_cmake_export_dependencies-extras.cmake
[0.075s] -- Up-to-date symlink: /ws_gz/install/champ_gazebo/share/champ_gazebo/cmake/champ_gazeboConfig.cmake
[0.075s] -- Up-to-date symlink: /ws_gz/install/champ_gazebo/share/champ_gazebo/cmake/champ_gazeboConfig-version.cmake
[0.075s] -- Up-to-date symlink: /ws_gz/install/champ_gazebo/share/champ_gazebo/package.xml
[0.076s] Invoked command in '/ws_gz/build/champ_gazebo' returned '0': CMAKE_PREFIX_PATH=/ws_gz/install/champ_msgs:/ws_gz/install/champ:/ws_gz/install/ros2_livox_simulation:/ws_gz/install/go2_description:/ws_gz/install/go2_config:/ws_gz/install/champ_navigation:/ws_gz/install/champ_gazebo:/ws_gz/install/champ_bringup:/ws_gz/install/champ_base:/ws_gz/install/champ_description:/ws_gz/install/champ_config:/livox_ws/install/livox_ros_driver2:/opt/ros/humble LD_LIBRARY_PATH=/ws_gz/install/champ_msgs/lib:/usr/lib/x86_64-linux-gnu/gazebo-11/plugins:/ws_gz/install/ros2_livox_simulation/lib:/ws_gz/install/champ_base/lib:/livox_ws/install/livox_ros_driver2/lib:/opt/ros/humble/opt/rviz_ogre_vendor/lib:/opt/ros/humble/lib/x86_64-linux-gnu:/opt/ros/humble/lib /usr/bin/cmake --install /ws_gz/build/champ_gazebo
