[0.038s] Invoking command in '/root/dddmr_navigation/build/dddmr_rviz_default_plugins': CMAKE_PREFIX_PATH=${CMAKE_PREFIX_PATH}:/opt/ros/humble /usr/bin/cmake /root/dddmr_navigation/src/dddmr_rviz_tools/dddmr_rviz_default_plugins -DAMENT_CMAKE_SYMLINK_INSTALL=1 -DCMAKE_INSTALL_PREFIX=/root/dddmr_navigation/install/dddmr_rviz_default_plugins
[0.058s] -- Found ament_cmake: 1.3.14 (/opt/ros/humble/share/ament_cmake/cmake)
[0.155s] -- Override CMake install command with custom implementation using symlinks instead of copying resources
[0.163s] -- Found rviz_common: 11.2.26 (/opt/ros/humble/share/rviz_common/cmake)
[0.178s] -- Setting assimp_DIR to: '/opt/ros/humble/share/rviz_assimp_vendor/cmake/../../../opt/rviz_assimp_vendor/lib/cmake/assimp-4.1'
[0.183s] -- Setting OGRE_DIR to: '/opt/ros/humble/share/rviz_ogre_vendor/cmake/../../../opt/rviz_ogre_vendor/lib/OGRE/cmake'
[0.185s] -- Found OGRE
[0.185s] --   static     : OFF
[0.185s] --   components : HLMS;MeshLodGenerator;Overlay;Paging;Property;RTShaderSystem;Terrain;Volume
[0.185s] --   plugins    : Plugin_BSPSceneManager;Plugin_OctreeSceneManager;Plugin_PCZSceneManager;Plugin_ParticleFX;RenderSystem_GL;RenderSystem_GL3Plus;Codec_STBI
[0.185s] --   media      : /opt/ros/humble/opt/rviz_ogre_vendor/share/OGRE/Media
[0.185s] -- OGRE_LIBRARIES: OgreHLMS;OgreMeshLodGenerator;OgreOverlay;OgrePaging;OgreProperty;OgreRTShaderSystem;OgreTerrain;OgreVolume;OgreMain
[0.185s] -- OGRE_LIBRARY_DIRS: /opt/ros/humble/opt/rviz_ogre_vendor/lib
[0.186s] -- OGRE_PLUGINS: Plugin_BSPSceneManager;Plugin_OctreeSceneManager;Plugin_PCZSceneManager;Plugin_ParticleFX;RenderSystem_GL;RenderSystem_GL3Plus;Codec_STBI
[0.186s] -- OGRE_PLUGIN_DIR: /opt/ros/humble/opt/rviz_ogre_vendor/lib/OGRE
[0.186s] -- rviz_ogre_vendor::OgreOverlay for IMPORTED_LOCATION_RELEASE: /opt/ros/humble/opt/rviz_ogre_vendor/lib/libOgreOverlay.so
[0.186s] -- rviz_ogre_vendor::OgreOverlay for IMPORTED_LOCATION_DEBUG: /opt/ros/humble/opt/rviz_ogre_vendor/lib/libOgreOverlay.so
[0.186s] -- rviz_ogre_vendor::OgreMain for IMPORTED_LOCATION_RELEASE: /opt/ros/humble/opt/rviz_ogre_vendor/lib/libOgreMain.so
[0.186s] -- rviz_ogre_vendor::OgreMain for IMPORTED_LOCATION_DEBUG: /opt/ros/humble/opt/rviz_ogre_vendor/lib/libOgreMain.so
[0.257s] -- library: /usr/lib/x86_64-linux-gnu/libcurl.so
[0.280s] -- Found rosidl_generator_c: 3.1.8 (/opt/ros/humble/share/rosidl_generator_c/cmake)
[0.284s] -- Found rosidl_adapter: 3.1.8 (/opt/ros/humble/share/rosidl_adapter/cmake)
[0.292s] -- Found rosidl_generator_cpp: 3.1.8 (/opt/ros/humble/share/rosidl_generator_cpp/cmake)
[0.304s] -- Using all available rosidl_typesupport_c: rosidl_typesupport_fastrtps_c;rosidl_typesupport_introspection_c
[0.320s] -- Using all available rosidl_typesupport_cpp: rosidl_typesupport_fastrtps_cpp;rosidl_typesupport_introspection_cpp
[0.419s] -- Found rmw_implementation_cmake: 6.1.2 (/opt/ros/humble/share/rmw_implementation_cmake/cmake)
[0.420s] -- Found rmw_fastrtps_cpp: 6.2.10 (/opt/ros/humble/share/rmw_fastrtps_cpp/cmake)
[0.445s] -- Found TinyXML2 via Config file: TinyXML2_DIR-NOTFOUND
[0.459s] -- Found TinyXML2 via Config file: TinyXML2_DIR-NOTFOUND
[0.470s] -- Found TinyXML2 via Config file: TinyXML2_DIR-NOTFOUND
[0.479s] -- Found TinyXML2 via Config file: TinyXML2_DIR-NOTFOUND
[0.489s] -- Using RMW implementation 'rmw_fastrtps_cpp' as default
[0.558s] -- Ensuring Eigen3 include directory is part of orocos-kdl CMake target
[0.669s] -- Looking for ignition-math6 -- found version 6.15.1
[0.678s] -- Searching for dependencies of ignition-math6
[0.680s] -- Found image_transport: 3.1.12 (/opt/ros/humble/share/image_transport/cmake)
[0.685s] -- Found interactive_markers: 2.3.2 (/opt/ros/humble/share/interactive_markers/cmake)
[0.718s] -- Found laser_geometry: 2.4.1 (/opt/ros/humble/share/laser_geometry/cmake)
[0.727s] -- Found map_msgs: 2.1.0 (/opt/ros/humble/share/map_msgs/cmake)
[0.791s] -- Found pcl_conversions: 2.4.5 (/opt/ros/humble/share/pcl_conversions/cmake)
[0.837s] -- Eigen found (include: /usr/include/eigen3, version: 3.4.0)
[0.882s] -- FLANN found (include: /usr/include, lib: /usr/lib/x86_64-linux-gnu/libflann_cpp.so)
[1.203s] -- OpenNI found (version: 1.5.4.0, include: /usr/include/ni, lib: /usr/lib/libOpenNI.so;libusb::libusb)
[1.210s] -- OpenNI2 found (version: 2.2.0.33, include: /usr/include/openni2, lib: /usr/lib/x86_64-linux-gnu/libOpenNI2.so;libusb::libusb)
[1.372s] -- Eigen found (include: /usr/include/eigen3, version: 3.4.0)
[1.379s] -- OpenNI found (version: 1.5.4.0, include: /usr/include/ni, lib: /usr/lib/libOpenNI.so;libusb::libusb)
[1.386s] -- OpenNI2 found (version: 2.2.0.33, include: /usr/include/openni2, lib: /usr/lib/x86_64-linux-gnu/libOpenNI2.so;libusb::libusb)
[1.552s] -- Found Qhull version 8.0.2
[1.723s] -- OpenNI found (version: 1.5.4.0, include: /usr/include/ni, lib: /usr/lib/libOpenNI.so;libusb::libusb)
[1.890s] [33mCMake Warning (dev) at CMakeLists.txt:51 (find_package):
[1.890s]   Policy CMP0074 is not set: find_package uses <PackageName>_ROOT variables.
[1.891s]   Run "cmake --help-policy CMP0074" for policy details.  Use the cmake_policy
[1.891s]   command to set the policy and suppress this warning.
[1.891s] 
[1.891s]   CMake variable PCL_ROOT is set to:
[1.891s] 
[1.891s]     /usr
[1.891s] 
[1.891s]   For compatibility, CMake is ignoring the variable.
[1.891s] This warning is for project developers.  Use -Wno-dev to suppress it.
[1.891s] [0m
[2.009s] -- Configuring done
[2.081s] -- Generating done
[2.091s] -- Build files have been written to: /root/dddmr_navigation/build/dddmr_rviz_default_plugins
[2.107s] Invoked command in '/root/dddmr_navigation/build/dddmr_rviz_default_plugins' returned '0': CMAKE_PREFIX_PATH=${CMAKE_PREFIX_PATH}:/opt/ros/humble /usr/bin/cmake /root/dddmr_navigation/src/dddmr_rviz_tools/dddmr_rviz_default_plugins -DAMENT_CMAKE_SYMLINK_INSTALL=1 -DCMAKE_INSTALL_PREFIX=/root/dddmr_navigation/install/dddmr_rviz_default_plugins
[2.109s] Invoking command in '/root/dddmr_navigation/build/dddmr_rviz_default_plugins': CMAKE_PREFIX_PATH=${CMAKE_PREFIX_PATH}:/opt/ros/humble /usr/bin/cmake --build /root/dddmr_navigation/build/dddmr_rviz_default_plugins -- -j28 -l28
[2.174s] [35m[1mConsolidate compiler generated dependencies of target dddmr_rviz_default_plugins[0m
[2.231s] [  5%] [32mBuilding CXX object CMakeFiles/dddmr_rviz_default_plugins.dir/src/dddmr_rviz_default_plugins/tools/point_cloud_selection/point_cloud_selection_tool.cpp.o[0m
[11.354s] [01m[K/root/dddmr_navigation/src/dddmr_rviz_tools/dddmr_rviz_default_plugins/src/dddmr_rviz_default_plugins/tools/point_cloud_selection/point_cloud_selection_tool.cpp:[m[K In member function ‘[01m[Kvoid dddmr_rviz_default_plugins::tools::PointCloudSelectionTool::[01;32m[KpublishSelected[m[K(rviz_common::ViewportMouseEvent&)[m[K’:
[11.354s] [01m[K/root/dddmr_navigation/src/dddmr_rviz_tools/dddmr_rviz_default_plugins/src/dddmr_rviz_default_plugins/tools/point_cloud_selection/point_cloud_selection_tool.cpp:203:81:[m[K [01;35m[Kwarning: [m[Kunused parameter ‘[01m[Kevent[m[K’ [[01;35m[K]8;;https://gcc.gnu.org/onlinedocs/gcc/Warning-Options.html#index-Wunused-parameter-Wunused-parameter]8;;[m[K]
[11.355s]   203 | void PointCloudSelectionTool::publishSelected([01;35m[Krviz_common::ViewportMouseEvent & event[m[K){
[11.355s]       |                                               [01;35m[K~~~~~~~~~~~~~~~~~~~~~~~~~~~~~~~~~~^~~~~[m[K
[26.757s] [ 11%] [32m[1mLinking CXX shared library libdddmr_rviz_default_plugins.so[0m
[28.639s] [100%] Built target dddmr_rviz_default_plugins
[28.690s] Invoked command in '/root/dddmr_navigation/build/dddmr_rviz_default_plugins' returned '0': CMAKE_PREFIX_PATH=${CMAKE_PREFIX_PATH}:/opt/ros/humble /usr/bin/cmake --build /root/dddmr_navigation/build/dddmr_rviz_default_plugins -- -j28 -l28
[28.694s] Invoking command in '/root/dddmr_navigation/build/dddmr_rviz_default_plugins': CMAKE_PREFIX_PATH=${CMAKE_PREFIX_PATH}:/opt/ros/humble /usr/bin/cmake --install /root/dddmr_navigation/build/dddmr_rviz_default_plugins
[28.708s] -- Install configuration: "Release"
[28.709s] -- Execute custom install script
[28.710s] -- Symlinking: /root/dddmr_navigation/install/dddmr_rviz_default_plugins/share/dddmr_rviz_default_plugins//plugins_description.xml
[28.722s] -- Symlinking: /root/dddmr_navigation/install/dddmr_rviz_default_plugins/share/dddmr_rviz_default_plugins/environment/library_path.sh
[28.741s] -- Symlinking: /root/dddmr_navigation/install/dddmr_rviz_default_plugins/share/dddmr_rviz_default_plugins/environment/library_path.dsv
[28.753s] -- Symlinking: /root/dddmr_navigation/install/dddmr_rviz_default_plugins/include/dddmr_rviz_default_plugins/dddmr_rviz_default_plugins/tools/goal_pose/goal_tool.hpp
[28.768s] -- Symlinking: /root/dddmr_navigation/install/dddmr_rviz_default_plugins/include/dddmr_rviz_default_plugins/dddmr_rviz_default_plugins/tools/move/move_tool.hpp
[28.780s] -- Symlinking: /root/dddmr_navigation/install/dddmr_rviz_default_plugins/include/dddmr_rviz_default_plugins/dddmr_rviz_default_plugins/tools/point_cloud_selection/point_cloud_selection_tool.hpp
[28.793s] -- Symlinking: /root/dddmr_navigation/install/dddmr_rviz_default_plugins/include/dddmr_rviz_default_plugins/dddmr_rviz_default_plugins/tools/pose/pose_tool.hpp
[28.807s] -- Symlinking: /root/dddmr_navigation/install/dddmr_rviz_default_plugins/include/dddmr_rviz_default_plugins/dddmr_rviz_default_plugins/tools/pose_estimate/initial_pose_tool.hpp
[28.822s] -- Symlinking: /root/dddmr_navigation/install/dddmr_rviz_default_plugins/include/dddmr_rviz_default_plugins/dddmr_rviz_default_plugins/tools/select/edge_selection_tool.hpp
[28.835s] -- Symlinking: /root/dddmr_navigation/install/dddmr_rviz_default_plugins/include/dddmr_rviz_default_plugins/dddmr_rviz_default_plugins/tools/select/node_selection_tool.hpp
[28.852s] -- Symlinking: /root/dddmr_navigation/install/dddmr_rviz_default_plugins/include/dddmr_rviz_default_plugins/dddmr_rviz_default_plugins/visibility_control.hpp
[28.868s] -- Symlinking: /root/dddmr_navigation/install/dddmr_rviz_default_plugins/share/dddmr_rviz_default_plugins/icons/classes/3DGoalPose.png
[28.879s] -- Symlinking: /root/dddmr_navigation/install/dddmr_rviz_default_plugins/share/dddmr_rviz_default_plugins/icons/classes/3DInitialPose.png
[28.889s] -- Symlinking: /root/dddmr_navigation/install/dddmr_rviz_default_plugins/share/dddmr_rviz_default_plugins/icons/classes/Select.png
[28.901s] -- Symlinking: /root/dddmr_navigation/install/dddmr_rviz_default_plugins/share/ament_index/resource_index/package_run_dependencies/dddmr_rviz_default_plugins
[28.915s] -- Symlinking: /root/dddmr_navigation/install/dddmr_rviz_default_plugins/share/ament_index/resource_index/parent_prefix_path/dddmr_rviz_default_plugins
[28.927s] -- Symlinking: /root/dddmr_navigation/install/dddmr_rviz_default_plugins/share/dddmr_rviz_default_plugins/environment/ament_prefix_path.sh
[28.941s] -- Symlinking: /root/dddmr_navigation/install/dddmr_rviz_default_plugins/share/dddmr_rviz_default_plugins/environment/ament_prefix_path.dsv
[28.953s] -- Symlinking: /root/dddmr_navigation/install/dddmr_rviz_default_plugins/share/dddmr_rviz_default_plugins/environment/path.sh
[28.966s] -- Symlinking: /root/dddmr_navigation/install/dddmr_rviz_default_plugins/share/dddmr_rviz_default_plugins/environment/path.dsv
[28.976s] -- Symlinking: /root/dddmr_navigation/install/dddmr_rviz_default_plugins/share/dddmr_rviz_default_plugins/local_setup.bash
[28.987s] -- Symlinking: /root/dddmr_navigation/install/dddmr_rviz_default_plugins/share/dddmr_rviz_default_plugins/local_setup.sh
[29.000s] -- Symlinking: /root/dddmr_navigation/install/dddmr_rviz_default_plugins/share/dddmr_rviz_default_plugins/local_setup.zsh
[29.016s] -- Symlinking: /root/dddmr_navigation/install/dddmr_rviz_default_plugins/share/dddmr_rviz_default_plugins/local_setup.dsv
[29.031s] -- Symlinking: /root/dddmr_navigation/install/dddmr_rviz_default_plugins/share/dddmr_rviz_default_plugins/package.dsv
[29.046s] -- Symlinking: /root/dddmr_navigation/install/dddmr_rviz_default_plugins/share/ament_index/resource_index/packages/dddmr_rviz_default_plugins
[29.058s] -- Symlinking: /root/dddmr_navigation/install/dddmr_rviz_default_plugins/share/ament_index/resource_index/rviz_common__pluginlib__plugin/dddmr_rviz_default_plugins
[29.073s] -- Symlinking: /root/dddmr_navigation/install/dddmr_rviz_default_plugins/share/dddmr_rviz_default_plugins/cmake/dddmr_rviz_default_plugins-extras.cmake
[29.088s] -- Symlinking: /root/dddmr_navigation/install/dddmr_rviz_default_plugins/share/dddmr_rviz_default_plugins/cmake/ament_cmake_export_include_directories-extras.cmake
[29.102s] -- Symlinking: /root/dddmr_navigation/install/dddmr_rviz_default_plugins/share/dddmr_rviz_default_plugins/cmake/ament_cmake_export_targets-extras.cmake
[29.116s] -- Symlinking: /root/dddmr_navigation/install/dddmr_rviz_default_plugins/share/dddmr_rviz_default_plugins/cmake/ament_cmake_export_dependencies-extras.cmake
[29.127s] -- Symlinking: /root/dddmr_navigation/install/dddmr_rviz_default_plugins/share/dddmr_rviz_default_plugins/cmake/dddmr_rviz_default_pluginsConfig.cmake
[29.137s] -- Symlinking: /root/dddmr_navigation/install/dddmr_rviz_default_plugins/share/dddmr_rviz_default_plugins/cmake/dddmr_rviz_default_pluginsConfig-version.cmake
[29.149s] -- Symlinking: /root/dddmr_navigation/install/dddmr_rviz_default_plugins/share/dddmr_rviz_default_plugins/package.xml
[29.160s] -- Installing: /root/dddmr_navigation/install/dddmr_rviz_default_plugins/lib/libdddmr_rviz_default_plugins.so
[29.162s] -- Set runtime path of "/root/dddmr_navigation/install/dddmr_rviz_default_plugins/lib/libdddmr_rviz_default_plugins.so" to ""
[29.166s] -- Installing: /root/dddmr_navigation/install/dddmr_rviz_default_plugins/share/dddmr_rviz_default_plugins/cmake/dddmr_rviz_default_pluginsExport.cmake
[29.168s] -- Installing: /root/dddmr_navigation/install/dddmr_rviz_default_plugins/share/dddmr_rviz_default_plugins/cmake/dddmr_rviz_default_pluginsExport-release.cmake
[29.173s] Invoked command in '/root/dddmr_navigation/build/dddmr_rviz_default_plugins' returned '0': CMAKE_PREFIX_PATH=${CMAKE_PREFIX_PATH}:/opt/ros/humble /usr/bin/cmake --install /root/dddmr_navigation/build/dddmr_rviz_default_plugins
