[0.405s] Invoking command in '/root/dddmr_navigation/build/pose_graph_editor_panel': CMAKE_PREFIX_PATH=${CMAKE_PREFIX_PATH}:/opt/ros/humble /usr/bin/cmake /root/dddmr_navigation/src/dddmr_rviz_tools/pose_graph_editor_panel -DCMAKE_INSTALL_PREFIX=/root/dddmr_navigation/install/pose_graph_editor_panel
[0.512s] -- Found ament_cmake: 1.3.14 (/opt/ros/humble/share/ament_cmake/cmake)
[1.506s] -- Override CMake install command with custom implementation using symlinks instead of copying resources
[1.563s] -- Found rviz_ogre_vendor: 11.2.26 (/opt/ros/humble/share/rviz_ogre_vendor/cmake)
[1.566s] -- Setting OGRE_DIR to: '/opt/ros/humble/share/rviz_ogre_vendor/cmake/../../../opt/rviz_ogre_vendor/lib/OGRE/cmake'
[1.577s] -- Found OGRE
[1.578s] --   static     : OFF
[1.579s] --   components : HLMS;MeshLodGenerator;Overlay;Paging;Property;RTShaderSystem;Terrain;Volume
[1.580s] --   plugins    : Plugin_BSPSceneManager;Plugin_OctreeSceneManager;Plugin_PCZSceneManager;Plugin_ParticleFX;RenderSystem_GL;RenderSystem_GL3Plus;Codec_STBI
[1.581s] --   media      : /opt/ros/humble/opt/rviz_ogre_vendor/share/OGRE/Media
[1.582s] -- OGRE_LIBRARIES: OgreHLMS;OgreMeshLodGenerator;OgreOverlay;OgrePaging;OgreProperty;OgreRTShaderSystem;OgreTerrain;OgreVolume;OgreMain
[1.582s] -- OGRE_LIBRARY_DIRS: /opt/ros/humble/opt/rviz_ogre_vendor/lib
[1.583s] -- OGRE_PLUGINS: Plugin_BSPSceneManager;Plugin_OctreeSceneManager;Plugin_PCZSceneManager;Plugin_ParticleFX;RenderSystem_GL;RenderSystem_GL3Plus;Codec_STBI
[1.583s] -- OGRE_PLUGIN_DIR: /opt/ros/humble/opt/rviz_ogre_vendor/lib/OGRE
[1.584s] -- rviz_ogre_vendor::OgreOverlay for IMPORTED_LOCATION_RELEASE: /opt/ros/humble/opt/rviz_ogre_vendor/lib/libOgreOverlay.so
[1.585s] -- rviz_ogre_vendor::OgreOverlay for IMPORTED_LOCATION_DEBUG: /opt/ros/humble/opt/rviz_ogre_vendor/lib/libOgreOverlay.so
[1.586s] -- rviz_ogre_vendor::OgreMain for IMPORTED_LOCATION_RELEASE: /opt/ros/humble/opt/rviz_ogre_vendor/lib/libOgreMain.so
[1.586s] -- rviz_ogre_vendor::OgreMain for IMPORTED_LOCATION_DEBUG: /opt/ros/humble/opt/rviz_ogre_vendor/lib/libOgreMain.so
[2.054s] -- Found pluginlib: 5.1.4 (/opt/ros/humble/share/pluginlib/cmake)
[2.250s] -- Found rclcpp: 16.0.19 (/opt/ros/humble/share/rclcpp/cmake)
[2.375s] -- Found rosidl_generator_c: 3.1.8 (/opt/ros/humble/share/rosidl_generator_c/cmake)
[2.391s] -- Found rosidl_adapter: 3.1.8 (/opt/ros/humble/share/rosidl_adapter/cmake)
[2.431s] -- Found rosidl_generator_cpp: 3.1.8 (/opt/ros/humble/share/rosidl_generator_cpp/cmake)
[2.498s] -- Using all available rosidl_typesupport_c: rosidl_typesupport_fastrtps_c;rosidl_typesupport_introspection_c
[2.576s] -- Using all available rosidl_typesupport_cpp: rosidl_typesupport_fastrtps_cpp;rosidl_typesupport_introspection_cpp
[2.843s] -- Found rmw_implementation_cmake: 6.1.2 (/opt/ros/humble/share/rmw_implementation_cmake/cmake)
[2.860s] -- Found rmw_fastrtps_cpp: 6.2.10 (/opt/ros/humble/share/rmw_fastrtps_cpp/cmake)
[3.020s] -- Found TinyXML2 via Config file: TinyXML2_DIR-NOTFOUND
[3.091s] -- Found TinyXML2 via Config file: TinyXML2_DIR-NOTFOUND
[3.187s] -- Found TinyXML2 via Config file: TinyXML2_DIR-NOTFOUND
[3.249s] -- Found TinyXML2 via Config file: TinyXML2_DIR-NOTFOUND
[3.325s] -- Using RMW implementation 'rmw_fastrtps_cpp' as default
[3.668s] -- Found rviz_assimp_vendor: 11.2.26 (/opt/ros/humble/share/rviz_assimp_vendor/cmake)
[3.669s] -- Setting assimp_DIR to: '/opt/ros/humble/share/rviz_assimp_vendor/cmake/../../../opt/rviz_assimp_vendor/lib/cmake/assimp-4.1'
[3.702s] -- Found rviz_rendering: 11.2.26 (/opt/ros/humble/share/rviz_rendering/cmake)
[3.925s] -- library: /usr/lib/x86_64-linux-gnu/libcurl.so
[3.940s] -- Found rviz_common: 11.2.26 (/opt/ros/humble/share/rviz_common/cmake)
[4.287s] -- Ensuring Eigen3 include directory is part of orocos-kdl CMake target
[5.571s] -- Configuring done
[5.795s] -- Generating done
[5.827s] -- Build files have been written to: /root/dddmr_navigation/build/pose_graph_editor_panel
[5.871s] Invoked command in '/root/dddmr_navigation/build/pose_graph_editor_panel' returned '0': CMAKE_PREFIX_PATH=${CMAKE_PREFIX_PATH}:/opt/ros/humble /usr/bin/cmake /root/dddmr_navigation/src/dddmr_rviz_tools/pose_graph_editor_panel -DCMAKE_INSTALL_PREFIX=/root/dddmr_navigation/install/pose_graph_editor_panel
[5.879s] Invoking command in '/root/dddmr_navigation/build/pose_graph_editor_panel': CMAKE_PREFIX_PATH=${CMAKE_PREFIX_PATH}:/opt/ros/humble /usr/bin/cmake --build /root/dddmr_navigation/build/pose_graph_editor_panel -- -j28 -l28
[6.228s] [ 20%] [34m[1mAutomatic UIC for target pose_graph_editor_panel[0m
[6.362s] [ 20%] Built target pose_graph_editor_panel_autogen
[6.449s] [35m[1mConsolidate compiler generated dependencies of target pose_graph_editor_panel[0m
[6.619s] [100%] Built target pose_graph_editor_panel
[6.752s] Invoked command in '/root/dddmr_navigation/build/pose_graph_editor_panel' returned '0': CMAKE_PREFIX_PATH=${CMAKE_PREFIX_PATH}:/opt/ros/humble /usr/bin/cmake --build /root/dddmr_navigation/build/pose_graph_editor_panel -- -j28 -l28
[6.763s] Invoking command in '/root/dddmr_navigation/build/pose_graph_editor_panel': CMAKE_PREFIX_PATH=${CMAKE_PREFIX_PATH}:/opt/ros/humble /usr/bin/cmake --install /root/dddmr_navigation/build/pose_graph_editor_panel
[6.811s] -- Install configuration: "Release"
[6.814s] -- Execute custom install script
[6.815s] -- Up-to-date symlink: /root/dddmr_navigation/install/pose_graph_editor_panel/share/pose_graph_editor_panel//plugin_description.xml
[6.816s] -- Up-to-date symlink: /root/dddmr_navigation/install/pose_graph_editor_panel/share/pose_graph_editor_panel/environment/library_path.sh
[6.817s] -- Up-to-date symlink: /root/dddmr_navigation/install/pose_graph_editor_panel/share/pose_graph_editor_panel/environment/library_path.dsv
[6.820s] -- Up-to-date symlink: /root/dddmr_navigation/install/pose_graph_editor_panel/include/pose_graph_editor_panel/pose_graph_editor_panel.h
[6.820s] -- Up-to-date symlink: /root/dddmr_navigation/install/pose_graph_editor_panel/share/ament_index/resource_index/package_run_dependencies/pose_graph_editor_panel
[6.821s] -- Up-to-date symlink: /root/dddmr_navigation/install/pose_graph_editor_panel/share/ament_index/resource_index/parent_prefix_path/pose_graph_editor_panel
[6.822s] -- Up-to-date symlink: /root/dddmr_navigation/install/pose_graph_editor_panel/share/pose_graph_editor_panel/environment/ament_prefix_path.sh
[6.823s] -- Up-to-date symlink: /root/dddmr_navigation/install/pose_graph_editor_panel/share/pose_graph_editor_panel/environment/ament_prefix_path.dsv
[6.824s] -- Up-to-date symlink: /root/dddmr_navigation/install/pose_graph_editor_panel/share/pose_graph_editor_panel/environment/path.sh
[6.824s] -- Up-to-date symlink: /root/dddmr_navigation/install/pose_graph_editor_panel/share/pose_graph_editor_panel/environment/path.dsv
[6.825s] -- Up-to-date symlink: /root/dddmr_navigation/install/pose_graph_editor_panel/share/pose_graph_editor_panel/local_setup.bash
[6.825s] -- Up-to-date symlink: /root/dddmr_navigation/install/pose_graph_editor_panel/share/pose_graph_editor_panel/local_setup.sh
[6.826s] -- Up-to-date symlink: /root/dddmr_navigation/install/pose_graph_editor_panel/share/pose_graph_editor_panel/local_setup.zsh
[6.826s] -- Up-to-date symlink: /root/dddmr_navigation/install/pose_graph_editor_panel/share/pose_graph_editor_panel/local_setup.dsv
[6.827s] -- Symlinking: /root/dddmr_navigation/install/pose_graph_editor_panel/share/pose_graph_editor_panel/package.dsv
[6.886s] -- Up-to-date symlink: /root/dddmr_navigation/install/pose_graph_editor_panel/share/ament_index/resource_index/packages/pose_graph_editor_panel
[6.888s] -- Up-to-date symlink: /root/dddmr_navigation/install/pose_graph_editor_panel/share/ament_index/resource_index/rviz_common__pluginlib__plugin/pose_graph_editor_panel
[6.889s] -- Up-to-date symlink: /root/dddmr_navigation/install/pose_graph_editor_panel/share/pose_graph_editor_panel/cmake/ament_cmake_export_targets-extras.cmake
[6.891s] -- Up-to-date symlink: /root/dddmr_navigation/install/pose_graph_editor_panel/share/pose_graph_editor_panel/cmake/ament_cmake_export_dependencies-extras.cmake
[6.892s] -- Up-to-date symlink: /root/dddmr_navigation/install/pose_graph_editor_panel/share/pose_graph_editor_panel/cmake/ament_cmake_export_include_directories-extras.cmake
[6.893s] -- Up-to-date symlink: /root/dddmr_navigation/install/pose_graph_editor_panel/share/pose_graph_editor_panel/cmake/ament_cmake_export_libraries-extras.cmake
[6.894s] -- Up-to-date symlink: /root/dddmr_navigation/install/pose_graph_editor_panel/share/pose_graph_editor_panel/cmake/pose_graph_editor_panelConfig.cmake
[6.896s] -- Up-to-date symlink: /root/dddmr_navigation/install/pose_graph_editor_panel/share/pose_graph_editor_panel/cmake/pose_graph_editor_panelConfig-version.cmake
[6.898s] -- Up-to-date symlink: /root/dddmr_navigation/install/pose_graph_editor_panel/share/pose_graph_editor_panel/package.xml
[6.901s] -- Up-to-date: /root/dddmr_navigation/install/pose_graph_editor_panel/lib/libpose_graph_editor_panel.so
[6.903s] -- Up-to-date: /root/dddmr_navigation/install/pose_graph_editor_panel/share/pose_graph_editor_panel/cmake/pose_graph_editor_panelExport.cmake
[6.904s] -- Up-to-date: /root/dddmr_navigation/install/pose_graph_editor_panel/share/pose_graph_editor_panel/cmake/pose_graph_editor_panelExport-release.cmake
[6.916s] Invoked command in '/root/dddmr_navigation/build/pose_graph_editor_panel' returned '0': CMAKE_PREFIX_PATH=${CMAKE_PREFIX_PATH}:/opt/ros/humble /usr/bin/cmake --install /root/dddmr_navigation/build/pose_graph_editor_panel
