[0.014s] Invoking command in '/ws_gz/build/ros2_livox_simulation': CMAKE_PREFIX_PATH=${CMAKE_PREFIX_PATH}:/opt/ros/humble /usr/bin/cmake --build /ws_gz/build/ros2_livox_simulation -- -j32 -l32
[0.059s] [100%] Built target ros2_livox
[0.082s] Invoked command in '/ws_gz/build/ros2_livox_simulation' returned '0': CMAKE_PREFIX_PATH=${CMAKE_PREFIX_PATH}:/opt/ros/humble /usr/bin/cmake --build /ws_gz/build/ros2_livox_simulation -- -j32 -l32
[0.083s] Invoking command in '/ws_gz/build/ros2_livox_simulation': CMAKE_PREFIX_PATH=${CMAKE_PREFIX_PATH}:/opt/ros/humble /usr/bin/cmake --install /ws_gz/build/ros2_livox_simulation
[0.089s] -- Install configuration: "Release"
[0.089s] -- Execute custom install script
[0.089s] -- Up-to-date symlink: /ws_gz/install/ros2_livox_simulation/include/ros2_livox/csv_reader.hpp
[0.089s] -- Up-to-date symlink: /ws_gz/install/ros2_livox_simulation/include/ros2_livox/livox_ode_multiray_shape.h
[0.089s] -- Up-to-date symlink: /ws_gz/install/ros2_livox_simulation/include/ros2_livox/livox_points_plugin.h
[0.089s] -- Up-to-date symlink: /ws_gz/install/ros2_livox_simulation/lib/libros2_livox.so
[0.089s] -- Up-to-date symlink: /ws_gz/install/ros2_livox_simulation/share/ros2_livox_simulation/environment/library_path.sh
[0.089s] -- Up-to-date symlink: /ws_gz/install/ros2_livox_simulation/share/ros2_livox_simulation/environment/library_path.dsv
[0.089s] -- Up-to-date symlink: /ws_gz/install/ros2_livox_simulation/share/ros2_livox_simulation/scan_mode/mid40.csv
[0.089s] -- Up-to-date symlink: /ws_gz/install/ros2_livox_simulation/share/ros2_livox_simulation/scan_mode/mid70.csv
[0.089s] -- Up-to-date symlink: /ws_gz/install/ros2_livox_simulation/share/ros2_livox_simulation/scan_mode/mid360.csv
[0.089s] -- Up-to-date symlink: /ws_gz/install/ros2_livox_simulation/share/ros2_livox_simulation/scan_mode/tele.csv
[0.089s] -- Up-to-date symlink: /ws_gz/install/ros2_livox_simulation/share/ros2_livox_simulation/scan_mode/horizon.csv
[0.089s] -- Up-to-date symlink: /ws_gz/install/ros2_livox_simulation/share/ros2_livox_simulation/scan_mode/HAP.csv
[0.089s] -- Up-to-date symlink: /ws_gz/install/ros2_livox_simulation/share/ros2_livox_simulation/scan_mode/avia.csv
[0.089s] -- Up-to-date symlink: /ws_gz/install/ros2_livox_simulation/share/ros2_livox_simulation/urdf/mid40.xacro
[0.089s] -- Up-to-date symlink: /ws_gz/install/ros2_livox_simulation/share/ros2_livox_simulation/urdf/mid70.xacro
[0.089s] -- Up-to-date symlink: /ws_gz/install/ros2_livox_simulation/share/ros2_livox_simulation/urdf/mid360.xacro
[0.089s] -- Up-to-date symlink: /ws_gz/install/ros2_livox_simulation/share/ros2_livox_simulation/urdf/tele.xacro
[0.089s] -- Up-to-date symlink: /ws_gz/install/ros2_livox_simulation/share/ros2_livox_simulation/urdf/horizon.xacro
[0.089s] -- Up-to-date symlink: /ws_gz/install/ros2_livox_simulation/share/ros2_livox_simulation/urdf/HAP.xacro
[0.089s] -- Up-to-date symlink: /ws_gz/install/ros2_livox_simulation/share/ros2_livox_simulation/urdf/avia.xacro
[0.089s] -- Up-to-date symlink: /ws_gz/install/ros2_livox_simulation/share/ament_index/resource_index/package_run_dependencies/ros2_livox_simulation
[0.089s] -- Up-to-date symlink: /ws_gz/install/ros2_livox_simulation/share/ament_index/resource_index/parent_prefix_path/ros2_livox_simulation
[0.089s] -- Up-to-date symlink: /ws_gz/install/ros2_livox_simulation/share/ros2_livox_simulation/environment/ament_prefix_path.sh
[0.090s] -- Up-to-date symlink: /ws_gz/install/ros2_livox_simulation/share/ros2_livox_simulation/environment/ament_prefix_path.dsv
[0.090s] -- Up-to-date symlink: /ws_gz/install/ros2_livox_simulation/share/ros2_livox_simulation/environment/path.sh
[0.090s] -- Up-to-date symlink: /ws_gz/install/ros2_livox_simulation/share/ros2_livox_simulation/environment/path.dsv
[0.090s] -- Up-to-date symlink: /ws_gz/install/ros2_livox_simulation/share/ros2_livox_simulation/local_setup.bash
[0.090s] -- Up-to-date symlink: /ws_gz/install/ros2_livox_simulation/share/ros2_livox_simulation/local_setup.sh
[0.090s] -- Up-to-date symlink: /ws_gz/install/ros2_livox_simulation/share/ros2_livox_simulation/local_setup.zsh
[0.090s] -- Up-to-date symlink: /ws_gz/install/ros2_livox_simulation/share/ros2_livox_simulation/local_setup.dsv
[0.090s] -- Symlinking: /ws_gz/install/ros2_livox_simulation/share/ros2_livox_simulation/package.dsv
[0.094s] -- Up-to-date symlink: /ws_gz/install/ros2_livox_simulation/share/ament_index/resource_index/packages/ros2_livox_simulation
[0.095s] -- Up-to-date symlink: /ws_gz/install/ros2_livox_simulation/share/ros2_livox_simulation/cmake/ament_cmake_export_libraries-extras.cmake
[0.095s] -- Up-to-date symlink: /ws_gz/install/ros2_livox_simulation/share/ros2_livox_simulation/cmake/ros2_livox_simulationConfig.cmake
[0.095s] -- Up-to-date symlink: /ws_gz/install/ros2_livox_simulation/share/ros2_livox_simulation/cmake/ros2_livox_simulationConfig-version.cmake
[0.095s] -- Up-to-date symlink: /ws_gz/install/ros2_livox_simulation/share/ros2_livox_simulation/package.xml
[0.096s] Invoked command in '/ws_gz/build/ros2_livox_simulation' returned '0': CMAKE_PREFIX_PATH=${CMAKE_PREFIX_PATH}:/opt/ros/humble /usr/bin/cmake --install /ws_gz/build/ros2_livox_simulation
