[  1%] [34m[1mGenerating C code for ROS interfaces[0m
[  3%] [34m[1mGenerating Rust code for ROS interfaces[0m
[  4%] [34m[1mGenerating C++ code for ROS interfaces[0m
[  4%] Built target ament_cmake_python_symlink_dddmr_sys_core
running egg_info
creating dddmr_sys_core.egg-info
writing dddmr_sys_core.egg-info/PKG-INFO
writing dependency_links to dddmr_sys_core.egg-info/dependency_links.txt
writing top-level names to dddmr_sys_core.egg-info/top_level.txt
writing manifest file 'dddmr_sys_core.egg-info/SOURCES.txt'
reading manifest file 'dddmr_sys_core.egg-info/SOURCES.txt'
writing manifest file 'dddmr_sys_core.egg-info/SOURCES.txt'
[  4%] Built target ament_cmake_python_build_dddmr_sys_core_egg
[  4%] Built target dddmr_sys_core__rs
[  4%] Built target dddmr_sys_core__cpp
[  6%] [34m[1mGenerating C++ type support for eProsima Fast-RTPS[0m
[  7%] [34m[1mGenerating C++ type support dispatch for ROS interfaces[0m
[  9%] [34m[1mGenerating C++ introspection for ROS interfaces[0m
[ 10%] [32mBuilding C object CMakeFiles/dddmr_sys_core__rosidl_generator_c.dir/rosidl_generator_c/dddmr_sys_core/action/detail/get_plan__functions.c.o[0m
[ 12%] [32mBuilding C object CMakeFiles/dddmr_sys_core__rosidl_generator_c.dir/rosidl_generator_c/dddmr_sys_core/action/detail/p_to_p_move_base__functions.c.o[0m
[ 13%] [32mBuilding C object CMakeFiles/dddmr_sys_core__rosidl_generator_c.dir/rosidl_generator_c/dddmr_sys_core/srv/detail/get_key_frame_cloud__functions.c.o[0m
[ 15%] [32mBuilding C object CMakeFiles/dddmr_sys_core__rosidl_generator_c.dir/rosidl_generator_c/dddmr_sys_core/action/detail/recovery_behaviors__functions.c.o[0m
[ 16%] [32mBuilding C object CMakeFiles/dddmr_sys_core__rosidl_generator_c.dir/rosidl_generator_c/dddmr_sys_core/action/detail/tag_docking__functions.c.o[0m
[ 18%] [32m[1mLinking C shared library libdddmr_sys_core__rosidl_generator_c.so[0m
[ 18%] Built target dddmr_sys_core__rosidl_generator_c
[ 19%] [34m[1mGenerating C type support for eProsima Fast-RTPS[0m
[ 21%] [34m[1mGenerating C introspection for ROS interfaces[0m
[ 22%] [34m[1mGenerating C type support dispatch for ROS interfaces[0m
[ 24%] [32mBuilding CXX object CMakeFiles/dddmr_sys_core__rosidl_typesupport_cpp.dir/rosidl_typesupport_cpp/dddmr_sys_core/action/recovery_behaviors__type_support.cpp.o[0m
[ 25%] [32mBuilding CXX object CMakeFiles/dddmr_sys_core__rosidl_typesupport_cpp.dir/rosidl_typesupport_cpp/dddmr_sys_core/srv/get_key_frame_cloud__type_support.cpp.o[0m
[ 27%] [32mBuilding CXX object CMakeFiles/dddmr_sys_core__rosidl_typesupport_cpp.dir/rosidl_typesupport_cpp/dddmr_sys_core/action/tag_docking__type_support.cpp.o[0m
[ 28%] [32mBuilding CXX object CMakeFiles/dddmr_sys_core__rosidl_typesupport_cpp.dir/rosidl_typesupport_cpp/dddmr_sys_core/action/get_plan__type_support.cpp.o[0m
[ 30%] [32mBuilding CXX object CMakeFiles/dddmr_sys_core__rosidl_typesupport_cpp.dir/rosidl_typesupport_cpp/dddmr_sys_core/action/p_to_p_move_base__type_support.cpp.o[0m
[ 31%] [32mBuilding CXX object CMakeFiles/dddmr_sys_core__rosidl_typesupport_introspection_cpp.dir/rosidl_typesupport_introspection_cpp/dddmr_sys_core/action/detail/tag_docking__type_support.cpp.o[0m
[ 33%] [32mBuilding CXX object CMakeFiles/dddmr_sys_core__rosidl_typesupport_introspection_cpp.dir/rosidl_typesupport_introspection_cpp/dddmr_sys_core/action/detail/recovery_behaviors__type_support.cpp.o[0m
[ 34%] [32mBuilding CXX object CMakeFiles/dddmr_sys_core__rosidl_typesupport_introspection_cpp.dir/rosidl_typesupport_introspection_cpp/dddmr_sys_core/srv/detail/get_key_frame_cloud__type_support.cpp.o[0m
[ 36%] [32mBuilding CXX object CMakeFiles/dddmr_sys_core__rosidl_typesupport_introspection_cpp.dir/rosidl_typesupport_introspection_cpp/dddmr_sys_core/action/detail/p_to_p_move_base__type_support.cpp.o[0m
[ 37%] [32mBuilding CXX object CMakeFiles/dddmr_sys_core__rosidl_typesupport_introspection_cpp.dir/rosidl_typesupport_introspection_cpp/dddmr_sys_core/action/detail/get_plan__type_support.cpp.o[0m
[ 39%] [32mBuilding CXX object CMakeFiles/dddmr_sys_core__rosidl_typesupport_fastrtps_cpp.dir/rosidl_typesupport_fastrtps_cpp/dddmr_sys_core/action/detail/dds_fastrtps/tag_docking__type_support.cpp.o[0m
[ 40%] [32mBuilding CXX object CMakeFiles/dddmr_sys_core__rosidl_typesupport_fastrtps_cpp.dir/rosidl_typesupport_fastrtps_cpp/dddmr_sys_core/action/detail/dds_fastrtps/get_plan__type_support.cpp.o[0m
[ 42%] [32mBuilding CXX object CMakeFiles/dddmr_sys_core__rosidl_typesupport_fastrtps_cpp.dir/rosidl_typesupport_fastrtps_cpp/dddmr_sys_core/action/detail/dds_fastrtps/recovery_behaviors__type_support.cpp.o[0m
[ 43%] [32mBuilding CXX object CMakeFiles/dddmr_sys_core__rosidl_typesupport_fastrtps_cpp.dir/rosidl_typesupport_fastrtps_cpp/dddmr_sys_core/srv/detail/dds_fastrtps/get_key_frame_cloud__type_support.cpp.o[0m
[ 45%] [32mBuilding CXX object CMakeFiles/dddmr_sys_core__rosidl_typesupport_fastrtps_cpp.dir/rosidl_typesupport_fastrtps_cpp/dddmr_sys_core/action/detail/dds_fastrtps/p_to_p_move_base__type_support.cpp.o[0m
[ 46%] [32m[1mLinking CXX shared library libdddmr_sys_core__rosidl_typesupport_cpp.so[0m
[ 46%] Built target dddmr_sys_core__rosidl_typesupport_cpp
[ 48%] [32mBuilding CXX object CMakeFiles/dddmr_sys_core_enum.dir/src/dddmr_enum_states.cpp.o[0m
[ 50%] [32mBuilding CXX object CMakeFiles/dddmr_sys_core__rosidl_typesupport_c.dir/rosidl_typesupport_c/dddmr_sys_core/action/get_plan__type_support.cpp.o[0m
[ 51%] [32mBuilding CXX object CMakeFiles/dddmr_sys_core__rosidl_typesupport_c.dir/rosidl_typesupport_c/dddmr_sys_core/action/recovery_behaviors__type_support.cpp.o[0m
[ 53%] [32mBuilding CXX object CMakeFiles/dddmr_sys_core__rosidl_typesupport_c.dir/rosidl_typesupport_c/dddmr_sys_core/action/tag_docking__type_support.cpp.o[0m
[ 54%] [32mBuilding CXX object CMakeFiles/dddmr_sys_core__rosidl_typesupport_c.dir/rosidl_typesupport_c/dddmr_sys_core/srv/get_key_frame_cloud__type_support.cpp.o[0m
[ 56%] [32mBuilding CXX object CMakeFiles/dddmr_sys_core__rosidl_typesupport_c.dir/rosidl_typesupport_c/dddmr_sys_core/action/p_to_p_move_base__type_support.cpp.o[0m
[ 57%] [32m[1mLinking CXX shared library libdddmr_sys_core__rosidl_typesupport_introspection_cpp.so[0m
[ 59%] [32m[1mLinking CXX shared library libdddmr_sys_core__rosidl_typesupport_c.so[0m
[ 60%] [32mBuilding CXX object CMakeFiles/dddmr_sys_core__rosidl_typesupport_fastrtps_c.dir/rosidl_typesupport_fastrtps_c/dddmr_sys_core/action/detail/p_to_p_move_base__type_support_c.cpp.o[0m
[ 63%] [32mBuilding CXX object CMakeFiles/dddmr_sys_core__rosidl_typesupport_fastrtps_c.dir/rosidl_typesupport_fastrtps_c/dddmr_sys_core/action/detail/tag_docking__type_support_c.cpp.o[0m
[ 63%] [32mBuilding CXX object CMakeFiles/dddmr_sys_core__rosidl_typesupport_fastrtps_c.dir/rosidl_typesupport_fastrtps_c/dddmr_sys_core/action/detail/recovery_behaviors__type_support_c.cpp.o[0m
[ 65%] [32mBuilding CXX object CMakeFiles/dddmr_sys_core__rosidl_typesupport_fastrtps_c.dir/rosidl_typesupport_fastrtps_c/dddmr_sys_core/action/detail/get_plan__type_support_c.cpp.o[0m
[ 66%] [32mBuilding CXX object CMakeFiles/dddmr_sys_core__rosidl_typesupport_fastrtps_c.dir/rosidl_typesupport_fastrtps_c/dddmr_sys_core/srv/detail/get_key_frame_cloud__type_support_c.cpp.o[0m
[ 66%] Built target dddmr_sys_core__rosidl_typesupport_c
[ 66%] Built target dddmr_sys_core__rosidl_typesupport_introspection_cpp
[ 68%] [32mBuilding C object CMakeFiles/dddmr_sys_core__rosidl_typesupport_introspection_c.dir/rosidl_typesupport_introspection_c/dddmr_sys_core/action/detail/p_to_p_move_base__type_support.c.o[0m
[ 69%] [32mBuilding C object CMakeFiles/dddmr_sys_core__rosidl_typesupport_introspection_c.dir/rosidl_typesupport_introspection_c/dddmr_sys_core/action/detail/get_plan__type_support.c.o[0m
[ 71%] [32mBuilding C object CMakeFiles/dddmr_sys_core__rosidl_typesupport_introspection_c.dir/rosidl_typesupport_introspection_c/dddmr_sys_core/action/detail/tag_docking__type_support.c.o[0m
[ 74%] [32mBuilding C object CMakeFiles/dddmr_sys_core__rosidl_typesupport_introspection_c.dir/rosidl_typesupport_introspection_c/dddmr_sys_core/srv/detail/get_key_frame_cloud__type_support.c.o[0m
[ 74%] [32mBuilding C object CMakeFiles/dddmr_sys_core__rosidl_typesupport_introspection_c.dir/rosidl_typesupport_introspection_c/dddmr_sys_core/action/detail/recovery_behaviors__type_support.c.o[0m
[ 75%] [32m[1mLinking CXX shared library libdddmr_sys_core__rosidl_typesupport_fastrtps_cpp.so[0m
[ 77%] [32m[1mLinking C shared library libdddmr_sys_core__rosidl_typesupport_introspection_c.so[0m
[ 77%] Built target dddmr_sys_core__rosidl_typesupport_introspection_c
[ 77%] Built target dddmr_sys_core__rosidl_typesupport_fastrtps_cpp
[ 78%] [32m[1mLinking CXX shared library libdddmr_sys_core__rosidl_typesupport_fastrtps_c.so[0m
[ 78%] Built target dddmr_sys_core__rosidl_typesupport_fastrtps_c
[ 78%] Built target dddmr_sys_core
[ 80%] [34m[1mGenerating Python code for ROS interfaces[0m
[ 81%] [32m[1mLinking CXX shared library libdddmr_sys_core_enum.so[0m
[ 81%] Built target dddmr_sys_core_enum
[ 81%] Built target dddmr_sys_core__py
[ 83%] [32mBuilding C object CMakeFiles/dddmr_sys_core__rosidl_generator_py.dir/rosidl_generator_py/dddmr_sys_core/action/_p_to_p_move_base_s.c.o[0m
[ 84%] [32mBuilding C object CMakeFiles/dddmr_sys_core__rosidl_generator_py.dir/rosidl_generator_py/dddmr_sys_core/action/_recovery_behaviors_s.c.o[0m
[ 86%] [32mBuilding C object CMakeFiles/dddmr_sys_core__rosidl_generator_py.dir/rosidl_generator_py/dddmr_sys_core/action/_tag_docking_s.c.o[0m
[ 87%] [32mBuilding C object CMakeFiles/dddmr_sys_core__rosidl_generator_py.dir/rosidl_generator_py/dddmr_sys_core/srv/_get_key_frame_cloud_s.c.o[0m
[ 89%] [32mBuilding C object CMakeFiles/dddmr_sys_core__rosidl_generator_py.dir/rosidl_generator_py/dddmr_sys_core/action/_get_plan_s.c.o[0m
[ 90%] [32m[1mLinking C shared library rosidl_generator_py/dddmr_sys_core/libdddmr_sys_core__rosidl_generator_py.so[0m
[ 90%] Built target dddmr_sys_core__rosidl_generator_py
[ 92%] [32mBuilding C object CMakeFiles/dddmr_sys_core__rosidl_typesupport_introspection_c__pyext.dir/rosidl_generator_py/dddmr_sys_core/_dddmr_sys_core_s.ep.rosidl_typesupport_introspection_c.c.o[0m
[ 93%] [32mBuilding C object CMakeFiles/dddmr_sys_core__rosidl_typesupport_fastrtps_c__pyext.dir/rosidl_generator_py/dddmr_sys_core/_dddmr_sys_core_s.ep.rosidl_typesupport_fastrtps_c.c.o[0m
[ 95%] [32mBuilding C object CMakeFiles/dddmr_sys_core__rosidl_typesupport_c__pyext.dir/rosidl_generator_py/dddmr_sys_core/_dddmr_sys_core_s.ep.rosidl_typesupport_c.c.o[0m
[ 96%] [32m[1mLinking C shared library rosidl_generator_py/dddmr_sys_core/dddmr_sys_core_s__rosidl_typesupport_introspection_c.cpython-310-x86_64-linux-gnu.so[0m
[ 96%] Built target dddmr_sys_core__rosidl_typesupport_introspection_c__pyext
[ 98%] [32m[1mLinking C shared library rosidl_generator_py/dddmr_sys_core/dddmr_sys_core_s__rosidl_typesupport_c.cpython-310-x86_64-linux-gnu.so[0m
[100%] [32m[1mLinking C shared library rosidl_generator_py/dddmr_sys_core/dddmr_sys_core_s__rosidl_typesupport_fastrtps_c.cpython-310-x86_64-linux-gnu.so[0m
[100%] Built target dddmr_sys_core__rosidl_typesupport_c__pyext
[100%] Built target dddmr_sys_core__rosidl_typesupport_fastrtps_c__pyext
