[0.218s] Invoking command in '/root/dddmr_navigation/build/trajectory_generators': CMAKE_PREFIX_PATH=/root/dddmr_navigation/install/base_trajectory:/root/dddmr_navigation/install/p2p_move_base:/root/dddmr_navigation/install/recovery_behaviors:/root/dddmr_navigation/install/local_planner:/root/dddmr_navigation/install/trajectory_generators:/root/dddmr_navigation/install/pose_graph_merge_editor_panel:/root/dddmr_navigation/install/pose_graph_editor_panel:/root/dddmr_navigation/install/perception_3d:/root/dddmr_navigation/install/mpc_critics:/root/dddmr_navigation/install/mcl_3dl:/root/dddmr_navigation/install/mapping_panel:/root/dddmr_navigation/install/map_editor_panel:/root/dddmr_navigation/install/lego_loam_bor:/root/dddmr_navigation/install/global_planner:/root/dddmr_navigation/install/fast_lio:/root/dddmr_navigation/install/dddmr_trt:/root/dddmr_navigation/install/dddmr_sys_core:/root/dddmr_navigation/install/dddmr_semantic_segmentation:/root/dddmr_navigation/install/dddmr_rviz_default_plugins:/root/dddmr_navigation/install/dddmr_odom_3d:/root/dddmr_navigation/install/dddmr_fastlio_adapter:/root/dddmr_navigation/install/dddmr_beginner_guide:/root/dddmr_navigation/install/cloud_msgs:/root/livox_ws/install/livox_ros_driver2:/opt/ros/humble LD_LIBRARY_PATH=/root/dddmr_navigation/install/base_trajectory/lib:/root/dddmr_navigation/install/p2p_move_base/lib:/root/dddmr_navigation/install/recovery_behaviors/lib:/root/dddmr_navigation/install/local_planner/lib:/root/dddmr_navigation/install/trajectory_generators/lib:/root/dddmr_navigation/install/pose_graph_merge_editor_panel/lib:/root/dddmr_navigation/install/pose_graph_editor_panel/lib:/root/dddmr_navigation/install/perception_3d/lib:/root/dddmr_navigation/install/mpc_critics/lib:/root/dddmr_navigation/install/mcl_3dl/lib:/root/dddmr_navigation/install/mapping_panel/lib:/root/dddmr_navigation/install/map_editor_panel/lib:/root/dddmr_navigation/install/lego_loam_bor/lib:/root/dddmr_navigation/install/global_planner/lib:/root/dddmr_navigation/install/fast_lio/lib:/root/dddmr_navigation/install/dddmr_sys_core/lib:/root/dddmr_navigation/install/dddmr_rviz_default_plugins/lib:/root/dddmr_navigation/install/cloud_msgs/lib:/root/livox_ws/install/livox_ros_driver2/lib:/opt/ros/humble/opt/rviz_ogre_vendor/lib:/opt/ros/humble/lib/x86_64-linux-gnu:/opt/ros/humble/lib /usr/bin/cmake /root/dddmr_navigation/src/dddmr_local_planner/trajectory_generators -DCMAKE_INSTALL_PREFIX=/root/dddmr_navigation/install/trajectory_generators
[0.309s] -- Found ament_cmake: 1.3.14 (/opt/ros/humble/share/ament_cmake/cmake)
[1.236s] -- Override CMake install command with custom implementation using symlinks instead of copying resources
[1.290s] -- Found rclcpp: 16.0.19 (/opt/ros/humble/share/rclcpp/cmake)
[1.530s] -- Found rosidl_generator_c: 3.1.8 (/opt/ros/humble/share/rosidl_generator_c/cmake)
[1.553s] -- Found rosidl_adapter: 3.1.8 (/opt/ros/humble/share/rosidl_adapter/cmake)
[1.603s] -- Found rosidl_generator_cpp: 3.1.8 (/opt/ros/humble/share/rosidl_generator_cpp/cmake)
[1.693s] -- Using all available rosidl_typesupport_c: rosidl_typesupport_fastrtps_c;rosidl_typesupport_introspection_c
[1.805s] -- Using all available rosidl_typesupport_cpp: rosidl_typesupport_fastrtps_cpp;rosidl_typesupport_introspection_cpp
[2.088s] -- Found rmw_implementation_cmake: 6.1.2 (/opt/ros/humble/share/rmw_implementation_cmake/cmake)
[2.106s] -- Found rmw_fastrtps_cpp: 6.2.10 (/opt/ros/humble/share/rmw_fastrtps_cpp/cmake)
[2.989s] -- Using RMW implementation 'rmw_fastrtps_cpp' as default
[3.336s] -- Found rclcpp_action: 16.0.19 (/opt/ros/humble/share/rclcpp_action/cmake)
[3.535s] -- Found rclcpp_lifecycle: 16.0.19 (/opt/ros/humble/share/rclcpp_lifecycle/cmake)
[3.643s] -- Found rclcpp_components: 16.0.19 (/opt/ros/humble/share/rclcpp_components/cmake)
[3.758s] -- Found std_srvs: 4.9.1 (/opt/ros/humble/share/std_srvs/cmake)
[3.815s] -- Found sensor_msgs: 4.9.1 (/opt/ros/humble/share/sensor_msgs/cmake)
[4.015s] -- Found nav_msgs: 4.9.1 (/opt/ros/humble/share/nav_msgs/cmake)
[4.118s] -- Found visualization_msgs: 4.9.1 (/opt/ros/humble/share/visualization_msgs/cmake)
[4.245s] -- Found message_filters: 4.3.16 (/opt/ros/humble/share/message_filters/cmake)
[4.263s] -- Found tf2_ros: 0.25.20 (/opt/ros/humble/share/tf2_ros/cmake)
[4.484s] -- Found tf2_geometry_msgs: 0.25.20 (/opt/ros/humble/share/tf2_geometry_msgs/cmake)
[4.505s] -- Found eigen3_cmake_module: 0.1.1 (/opt/ros/humble/share/eigen3_cmake_module/cmake)
[4.515s] -- Ensuring Eigen3 include directory is part of orocos-kdl CMake target
[4.524s] -- Found tf2_eigen: 0.25.20 (/opt/ros/humble/share/tf2_eigen/cmake)
[4.538s] -- Found angles: 1.15.0 (/opt/ros/humble/share/angles/cmake)
[4.546s] -- Found pluginlib: 5.1.4 (/opt/ros/humble/share/pluginlib/cmake)
[4.665s] -- Found pcl_conversions: 2.4.5 (/opt/ros/humble/share/pcl_conversions/cmake)
[4.908s] -- Eigen found (include: /usr/include/eigen3, version: 3.4.0)
[5.131s] -- FLANN found (include: /usr/include, lib: /usr/lib/x86_64-linux-gnu/libflann_cpp.so)
[7.297s] -- OpenNI found (version: 1.5.4.0, include: /usr/include/ni, lib: /usr/lib/libOpenNI.so;libusb::libusb)
[7.346s] -- OpenNI2 found (version: 2.2.0.33, include: /usr/include/openni2, lib: /usr/lib/x86_64-linux-gnu/libOpenNI2.so;libusb::libusb)
[8.444s] -- Eigen found (include: /usr/include/eigen3, version: 3.4.0)
[8.492s] -- OpenNI found (version: 1.5.4.0, include: /usr/include/ni, lib: /usr/lib/libOpenNI.so;libusb::libusb)
[8.534s] -- OpenNI2 found (version: 2.2.0.33, include: /usr/include/openni2, lib: /usr/lib/x86_64-linux-gnu/libOpenNI2.so;libusb::libusb)
[9.609s] -- Found Qhull version 8.0.2
[10.613s] -- OpenNI found (version: 1.5.4.0, include: /usr/include/ni, lib: /usr/lib/libOpenNI.so;libusb::libusb)
[11.679s] -- Found base_trajectory: 0.0.0 (/root/dddmr_navigation/install/base_trajectory/share/base_trajectory/cmake)
[11.753s] [33mCMake Warning (dev) at CMakeLists.txt:30 (find_package):
[11.754s]   Policy CMP0074 is not set: find_package uses <PackageName>_ROOT variables.
[11.755s]   Run "cmake --help-policy CMP0074" for policy details.  Use the cmake_policy
[11.755s]   command to set the policy and suppress this warning.
[11.756s] 
[11.756s]   CMake variable PCL_ROOT is set to:
[11.757s] 
[11.757s]     /usr
[11.758s] 
[11.758s]   For compatibility, CMake is ignoring the variable.
[11.759s] This warning is for project developers.  Use -Wno-dev to suppress it.
[11.759s] [0m
[13.900s] -- Configuring done
[15.096s] -- Generating done
[15.300s] -- Build files have been written to: /root/dddmr_navigation/build/trajectory_generators
[15.389s] Invoked command in '/root/dddmr_navigation/build/trajectory_generators' returned '0': CMAKE_PREFIX_PATH=/root/dddmr_navigation/install/base_trajectory:/root/dddmr_navigation/install/p2p_move_base:/root/dddmr_navigation/install/recovery_behaviors:/root/dddmr_navigation/install/local_planner:/root/dddmr_navigation/install/trajectory_generators:/root/dddmr_navigation/install/pose_graph_merge_editor_panel:/root/dddmr_navigation/install/pose_graph_editor_panel:/root/dddmr_navigation/install/perception_3d:/root/dddmr_navigation/install/mpc_critics:/root/dddmr_navigation/install/mcl_3dl:/root/dddmr_navigation/install/mapping_panel:/root/dddmr_navigation/install/map_editor_panel:/root/dddmr_navigation/install/lego_loam_bor:/root/dddmr_navigation/install/global_planner:/root/dddmr_navigation/install/fast_lio:/root/dddmr_navigation/install/dddmr_trt:/root/dddmr_navigation/install/dddmr_sys_core:/root/dddmr_navigation/install/dddmr_semantic_segmentation:/root/dddmr_navigation/install/dddmr_rviz_default_plugins:/root/dddmr_navigation/install/dddmr_odom_3d:/root/dddmr_navigation/install/dddmr_fastlio_adapter:/root/dddmr_navigation/install/dddmr_beginner_guide:/root/dddmr_navigation/install/cloud_msgs:/root/livox_ws/install/livox_ros_driver2:/opt/ros/humble LD_LIBRARY_PATH=/root/dddmr_navigation/install/base_trajectory/lib:/root/dddmr_navigation/install/p2p_move_base/lib:/root/dddmr_navigation/install/recovery_behaviors/lib:/root/dddmr_navigation/install/local_planner/lib:/root/dddmr_navigation/install/trajectory_generators/lib:/root/dddmr_navigation/install/pose_graph_merge_editor_panel/lib:/root/dddmr_navigation/install/pose_graph_editor_panel/lib:/root/dddmr_navigation/install/perception_3d/lib:/root/dddmr_navigation/install/mpc_critics/lib:/root/dddmr_navigation/install/mcl_3dl/lib:/root/dddmr_navigation/install/mapping_panel/lib:/root/dddmr_navigation/install/map_editor_panel/lib:/root/dddmr_navigation/install/lego_loam_bor/lib:/root/dddmr_navigation/install/global_planner/lib:/root/dddmr_navigation/install/fast_lio/lib:/root/dddmr_navigation/install/dddmr_sys_core/lib:/root/dddmr_navigation/install/dddmr_rviz_default_plugins/lib:/root/dddmr_navigation/install/cloud_msgs/lib:/root/livox_ws/install/livox_ros_driver2/lib:/opt/ros/humble/opt/rviz_ogre_vendor/lib:/opt/ros/humble/lib/x86_64-linux-gnu:/opt/ros/humble/lib /usr/bin/cmake /root/dddmr_navigation/src/dddmr_local_planner/trajectory_generators -DCMAKE_INSTALL_PREFIX=/root/dddmr_navigation/install/trajectory_generators
[15.395s] Invoking command in '/root/dddmr_navigation/build/trajectory_generators': CMAKE_PREFIX_PATH=/root/dddmr_navigation/install/base_trajectory:/root/dddmr_navigation/install/p2p_move_base:/root/dddmr_navigation/install/recovery_behaviors:/root/dddmr_navigation/install/local_planner:/root/dddmr_navigation/install/trajectory_generators:/root/dddmr_navigation/install/pose_graph_merge_editor_panel:/root/dddmr_navigation/install/pose_graph_editor_panel:/root/dddmr_navigation/install/perception_3d:/root/dddmr_navigation/install/mpc_critics:/root/dddmr_navigation/install/mcl_3dl:/root/dddmr_navigation/install/mapping_panel:/root/dddmr_navigation/install/map_editor_panel:/root/dddmr_navigation/install/lego_loam_bor:/root/dddmr_navigation/install/global_planner:/root/dddmr_navigation/install/fast_lio:/root/dddmr_navigation/install/dddmr_trt:/root/dddmr_navigation/install/dddmr_sys_core:/root/dddmr_navigation/install/dddmr_semantic_segmentation:/root/dddmr_navigation/install/dddmr_rviz_default_plugins:/root/dddmr_navigation/install/dddmr_odom_3d:/root/dddmr_navigation/install/dddmr_fastlio_adapter:/root/dddmr_navigation/install/dddmr_beginner_guide:/root/dddmr_navigation/install/cloud_msgs:/root/livox_ws/install/livox_ros_driver2:/opt/ros/humble LD_LIBRARY_PATH=/root/dddmr_navigation/install/base_trajectory/lib:/root/dddmr_navigation/install/p2p_move_base/lib:/root/dddmr_navigation/install/recovery_behaviors/lib:/root/dddmr_navigation/install/local_planner/lib:/root/dddmr_navigation/install/trajectory_generators/lib:/root/dddmr_navigation/install/pose_graph_merge_editor_panel/lib:/root/dddmr_navigation/install/pose_graph_editor_panel/lib:/root/dddmr_navigation/install/perception_3d/lib:/root/dddmr_navigation/install/mpc_critics/lib:/root/dddmr_navigation/install/mcl_3dl/lib:/root/dddmr_navigation/install/mapping_panel/lib:/root/dddmr_navigation/install/map_editor_panel/lib:/root/dddmr_navigation/install/lego_loam_bor/lib:/root/dddmr_navigation/install/global_planner/lib:/root/dddmr_navigation/install/fast_lio/lib:/root/dddmr_navigation/install/dddmr_sys_core/lib:/root/dddmr_navigation/install/dddmr_rviz_default_plugins/lib:/root/dddmr_navigation/install/cloud_msgs/lib:/root/livox_ws/install/livox_ros_driver2/lib:/opt/ros/humble/opt/rviz_ogre_vendor/lib:/opt/ros/humble/lib/x86_64-linux-gnu:/opt/ros/humble/lib /usr/bin/cmake --build /root/dddmr_navigation/build/trajectory_generators -- -j28 -l28
[15.719s] [35m[1mConsolidate compiler generated dependencies of target trajectory_generator_theory[0m
[15.906s] [ 16%] Built target trajectory_generator_theory
[15.993s] [35m[1mConsolidate compiler generated dependencies of target stacked_generator[0m
[16.163s] [ 33%] Built target stacked_generator
[16.254s] [35m[1mConsolidate compiler generated dependencies of target trajectory_generator_ros[0m
[16.438s] [ 50%] Built target trajectory_generator_ros
[16.551s] [35m[1mConsolidate compiler generated dependencies of target theories[0m
[16.826s] [ 83%] Built target theories
[16.912s] [35m[1mConsolidate compiler generated dependencies of target trajectory_generators_node[0m
[17.091s] [100%] Built target trajectory_generators_node
[17.218s] Invoked command in '/root/dddmr_navigation/build/trajectory_generators' returned '0': CMAKE_PREFIX_PATH=/root/dddmr_navigation/install/base_trajectory:/root/dddmr_navigation/install/p2p_move_base:/root/dddmr_navigation/install/recovery_behaviors:/root/dddmr_navigation/install/local_planner:/root/dddmr_navigation/install/trajectory_generators:/root/dddmr_navigation/install/pose_graph_merge_editor_panel:/root/dddmr_navigation/install/pose_graph_editor_panel:/root/dddmr_navigation/install/perception_3d:/root/dddmr_navigation/install/mpc_critics:/root/dddmr_navigation/install/mcl_3dl:/root/dddmr_navigation/install/mapping_panel:/root/dddmr_navigation/install/map_editor_panel:/root/dddmr_navigation/install/lego_loam_bor:/root/dddmr_navigation/install/global_planner:/root/dddmr_navigation/install/fast_lio:/root/dddmr_navigation/install/dddmr_trt:/root/dddmr_navigation/install/dddmr_sys_core:/root/dddmr_navigation/install/dddmr_semantic_segmentation:/root/dddmr_navigation/install/dddmr_rviz_default_plugins:/root/dddmr_navigation/install/dddmr_odom_3d:/root/dddmr_navigation/install/dddmr_fastlio_adapter:/root/dddmr_navigation/install/dddmr_beginner_guide:/root/dddmr_navigation/install/cloud_msgs:/root/livox_ws/install/livox_ros_driver2:/opt/ros/humble LD_LIBRARY_PATH=/root/dddmr_navigation/install/base_trajectory/lib:/root/dddmr_navigation/install/p2p_move_base/lib:/root/dddmr_navigation/install/recovery_behaviors/lib:/root/dddmr_navigation/install/local_planner/lib:/root/dddmr_navigation/install/trajectory_generators/lib:/root/dddmr_navigation/install/pose_graph_merge_editor_panel/lib:/root/dddmr_navigation/install/pose_graph_editor_panel/lib:/root/dddmr_navigation/install/perception_3d/lib:/root/dddmr_navigation/install/mpc_critics/lib:/root/dddmr_navigation/install/mcl_3dl/lib:/root/dddmr_navigation/install/mapping_panel/lib:/root/dddmr_navigation/install/map_editor_panel/lib:/root/dddmr_navigation/install/lego_loam_bor/lib:/root/dddmr_navigation/install/global_planner/lib:/root/dddmr_navigation/install/fast_lio/lib:/root/dddmr_navigation/install/dddmr_sys_core/lib:/root/dddmr_navigation/install/dddmr_rviz_default_plugins/lib:/root/dddmr_navigation/install/cloud_msgs/lib:/root/livox_ws/install/livox_ros_driver2/lib:/opt/ros/humble/opt/rviz_ogre_vendor/lib:/opt/ros/humble/lib/x86_64-linux-gnu:/opt/ros/humble/lib /usr/bin/cmake --build /root/dddmr_navigation/build/trajectory_generators -- -j28 -l28
[17.231s] Invoking command in '/root/dddmr_navigation/build/trajectory_generators': CMAKE_PREFIX_PATH=/root/dddmr_navigation/install/base_trajectory:/root/dddmr_navigation/install/p2p_move_base:/root/dddmr_navigation/install/recovery_behaviors:/root/dddmr_navigation/install/local_planner:/root/dddmr_navigation/install/trajectory_generators:/root/dddmr_navigation/install/pose_graph_merge_editor_panel:/root/dddmr_navigation/install/pose_graph_editor_panel:/root/dddmr_navigation/install/perception_3d:/root/dddmr_navigation/install/mpc_critics:/root/dddmr_navigation/install/mcl_3dl:/root/dddmr_navigation/install/mapping_panel:/root/dddmr_navigation/install/map_editor_panel:/root/dddmr_navigation/install/lego_loam_bor:/root/dddmr_navigation/install/global_planner:/root/dddmr_navigation/install/fast_lio:/root/dddmr_navigation/install/dddmr_trt:/root/dddmr_navigation/install/dddmr_sys_core:/root/dddmr_navigation/install/dddmr_semantic_segmentation:/root/dddmr_navigation/install/dddmr_rviz_default_plugins:/root/dddmr_navigation/install/dddmr_odom_3d:/root/dddmr_navigation/install/dddmr_fastlio_adapter:/root/dddmr_navigation/install/dddmr_beginner_guide:/root/dddmr_navigation/install/cloud_msgs:/root/livox_ws/install/livox_ros_driver2:/opt/ros/humble LD_LIBRARY_PATH=/root/dddmr_navigation/install/base_trajectory/lib:/root/dddmr_navigation/install/p2p_move_base/lib:/root/dddmr_navigation/install/recovery_behaviors/lib:/root/dddmr_navigation/install/local_planner/lib:/root/dddmr_navigation/install/trajectory_generators/lib:/root/dddmr_navigation/install/pose_graph_merge_editor_panel/lib:/root/dddmr_navigation/install/pose_graph_editor_panel/lib:/root/dddmr_navigation/install/perception_3d/lib:/root/dddmr_navigation/install/mpc_critics/lib:/root/dddmr_navigation/install/mcl_3dl/lib:/root/dddmr_navigation/install/mapping_panel/lib:/root/dddmr_navigation/install/map_editor_panel/lib:/root/dddmr_navigation/install/lego_loam_bor/lib:/root/dddmr_navigation/install/global_planner/lib:/root/dddmr_navigation/install/fast_lio/lib:/root/dddmr_navigation/install/dddmr_sys_core/lib:/root/dddmr_navigation/install/dddmr_rviz_default_plugins/lib:/root/dddmr_navigation/install/cloud_msgs/lib:/root/livox_ws/install/livox_ros_driver2/lib:/opt/ros/humble/opt/rviz_ogre_vendor/lib:/opt/ros/humble/lib/x86_64-linux-gnu:/opt/ros/humble/lib /usr/bin/cmake --install /root/dddmr_navigation/build/trajectory_generators
[17.277s] -- Install configuration: ""
[17.280s] -- Execute custom install script
[17.283s] -- Up-to-date symlink: /root/dddmr_navigation/install/trajectory_generators/lib/libtrajectory_generator_theory.so
[17.284s] -- Up-to-date symlink: /root/dddmr_navigation/install/trajectory_generators/lib/libstacked_generator.so
[17.284s] -- Up-to-date symlink: /root/dddmr_navigation/install/trajectory_generators/lib/libtrajectory_generator_ros.so
[17.285s] -- Up-to-date symlink: /root/dddmr_navigation/install/trajectory_generators/lib/libtheories.so
[17.286s] -- Up-to-date symlink: /root/dddmr_navigation/install/trajectory_generators/lib/trajectory_generators/trajectory_generators_node
[17.289s] -- Up-to-date symlink: /root/dddmr_navigation/install/trajectory_generators/include//trajectory_generators/dd_rotate_inplace_theory.h
[17.289s] -- Up-to-date symlink: /root/dddmr_navigation/install/trajectory_generators/include//trajectory_generators/dd_simple_trajectory_generator_limits.h
[17.290s] -- Up-to-date symlink: /root/dddmr_navigation/install/trajectory_generators/include//trajectory_generators/dd_simple_trajectory_generator_params.h
[17.292s] -- Up-to-date symlink: /root/dddmr_navigation/install/trajectory_generators/include//trajectory_generators/dd_simple_trajectory_generator_theory.h
[17.292s] -- Up-to-date symlink: /root/dddmr_navigation/install/trajectory_generators/include//trajectory_generators/omni_simple_trajectory_generator_limits.h
[17.292s] -- Up-to-date symlink: /root/dddmr_navigation/install/trajectory_generators/include//trajectory_generators/omni_simple_trajectory_generator_params.h
[17.293s] -- Up-to-date symlink: /root/dddmr_navigation/install/trajectory_generators/include//trajectory_generators/omni_simple_trajectory_generator_theory.h
[17.294s] -- Up-to-date symlink: /root/dddmr_navigation/install/trajectory_generators/include//trajectory_generators/stacked_generator.h
[17.294s] -- Up-to-date symlink: /root/dddmr_navigation/install/trajectory_generators/include//trajectory_generators/trajectory_generator_theory.h
[17.294s] -- Up-to-date symlink: /root/dddmr_navigation/install/trajectory_generators/include//trajectory_generators/trajectory_generators_ros.h
[17.295s] -- Up-to-date symlink: /root/dddmr_navigation/install/trajectory_generators/include//trajectory_generators/trajectory_shared_data.h
[17.295s] -- Up-to-date symlink: /root/dddmr_navigation/install/trajectory_generators/include//trajectory_generators/velocity_iterator.h
[17.296s] -- Up-to-date symlink: /root/dddmr_navigation/install/trajectory_generators/share/trajectory_generators//launch/trajectory_generators.launch
[17.297s] -- Up-to-date symlink: /root/dddmr_navigation/install/trajectory_generators/share/trajectory_generators//config/trajectory_generators.yaml
[17.298s] -- Up-to-date symlink: /root/dddmr_navigation/install/trajectory_generators/share/trajectory_generators/trajectory_generators.xml
[17.298s] -- Up-to-date symlink: /root/dddmr_navigation/install/trajectory_generators/share/trajectory_generators/environment/library_path.sh
[17.300s] -- Up-to-date symlink: /root/dddmr_navigation/install/trajectory_generators/share/trajectory_generators/environment/library_path.dsv
[17.300s] -- Up-to-date symlink: /root/dddmr_navigation/install/trajectory_generators/share/trajectory_generators//trajectory_generators.xml
[17.301s] -- Up-to-date symlink: /root/dddmr_navigation/install/trajectory_generators/share/ament_index/resource_index/package_run_dependencies/trajectory_generators
[17.301s] -- Up-to-date symlink: /root/dddmr_navigation/install/trajectory_generators/share/ament_index/resource_index/parent_prefix_path/trajectory_generators
[17.301s] -- Up-to-date symlink: /root/dddmr_navigation/install/trajectory_generators/share/trajectory_generators/environment/ament_prefix_path.sh
[17.302s] -- Up-to-date symlink: /root/dddmr_navigation/install/trajectory_generators/share/trajectory_generators/environment/ament_prefix_path.dsv
[17.303s] -- Up-to-date symlink: /root/dddmr_navigation/install/trajectory_generators/share/trajectory_generators/environment/path.sh
[17.303s] -- Up-to-date symlink: /root/dddmr_navigation/install/trajectory_generators/share/trajectory_generators/environment/path.dsv
[17.304s] -- Up-to-date symlink: /root/dddmr_navigation/install/trajectory_generators/share/trajectory_generators/local_setup.bash
[17.304s] -- Up-to-date symlink: /root/dddmr_navigation/install/trajectory_generators/share/trajectory_generators/local_setup.sh
[17.305s] -- Up-to-date symlink: /root/dddmr_navigation/install/trajectory_generators/share/trajectory_generators/local_setup.zsh
[17.305s] -- Up-to-date symlink: /root/dddmr_navigation/install/trajectory_generators/share/trajectory_generators/local_setup.dsv
[17.306s] -- Symlinking: /root/dddmr_navigation/install/trajectory_generators/share/trajectory_generators/package.dsv
[17.376s] -- Up-to-date symlink: /root/dddmr_navigation/install/trajectory_generators/share/ament_index/resource_index/packages/trajectory_generators
[17.377s] -- Up-to-date symlink: /root/dddmr_navigation/install/trajectory_generators/share/ament_index/resource_index/trajectory_generators__pluginlib__plugin/trajectory_generators
[17.379s] -- Up-to-date symlink: /root/dddmr_navigation/install/trajectory_generators/share/trajectory_generators/cmake/ament_cmake_export_include_directories-extras.cmake
[17.379s] -- Up-to-date symlink: /root/dddmr_navigation/install/trajectory_generators/share/trajectory_generators/cmake/ament_cmake_export_libraries-extras.cmake
[17.381s] -- Up-to-date symlink: /root/dddmr_navigation/install/trajectory_generators/share/trajectory_generators/cmake/ament_cmake_export_dependencies-extras.cmake
[17.383s] -- Up-to-date symlink: /root/dddmr_navigation/install/trajectory_generators/share/trajectory_generators/cmake/trajectory_generatorsConfig.cmake
[17.384s] -- Up-to-date symlink: /root/dddmr_navigation/install/trajectory_generators/share/trajectory_generators/cmake/trajectory_generatorsConfig-version.cmake
[17.385s] -- Up-to-date symlink: /root/dddmr_navigation/install/trajectory_generators/share/trajectory_generators/package.xml
[17.398s] Invoked command in '/root/dddmr_navigation/build/trajectory_generators' returned '0': CMAKE_PREFIX_PATH=/root/dddmr_navigation/install/base_trajectory:/root/dddmr_navigation/install/p2p_move_base:/root/dddmr_navigation/install/recovery_behaviors:/root/dddmr_navigation/install/local_planner:/root/dddmr_navigation/install/trajectory_generators:/root/dddmr_navigation/install/pose_graph_merge_editor_panel:/root/dddmr_navigation/install/pose_graph_editor_panel:/root/dddmr_navigation/install/perception_3d:/root/dddmr_navigation/install/mpc_critics:/root/dddmr_navigation/install/mcl_3dl:/root/dddmr_navigation/install/mapping_panel:/root/dddmr_navigation/install/map_editor_panel:/root/dddmr_navigation/install/lego_loam_bor:/root/dddmr_navigation/install/global_planner:/root/dddmr_navigation/install/fast_lio:/root/dddmr_navigation/install/dddmr_trt:/root/dddmr_navigation/install/dddmr_sys_core:/root/dddmr_navigation/install/dddmr_semantic_segmentation:/root/dddmr_navigation/install/dddmr_rviz_default_plugins:/root/dddmr_navigation/install/dddmr_odom_3d:/root/dddmr_navigation/install/dddmr_fastlio_adapter:/root/dddmr_navigation/install/dddmr_beginner_guide:/root/dddmr_navigation/install/cloud_msgs:/root/livox_ws/install/livox_ros_driver2:/opt/ros/humble LD_LIBRARY_PATH=/root/dddmr_navigation/install/base_trajectory/lib:/root/dddmr_navigation/install/p2p_move_base/lib:/root/dddmr_navigation/install/recovery_behaviors/lib:/root/dddmr_navigation/install/local_planner/lib:/root/dddmr_navigation/install/trajectory_generators/lib:/root/dddmr_navigation/install/pose_graph_merge_editor_panel/lib:/root/dddmr_navigation/install/pose_graph_editor_panel/lib:/root/dddmr_navigation/install/perception_3d/lib:/root/dddmr_navigation/install/mpc_critics/lib:/root/dddmr_navigation/install/mcl_3dl/lib:/root/dddmr_navigation/install/mapping_panel/lib:/root/dddmr_navigation/install/map_editor_panel/lib:/root/dddmr_navigation/install/lego_loam_bor/lib:/root/dddmr_navigation/install/global_planner/lib:/root/dddmr_navigation/install/fast_lio/lib:/root/dddmr_navigation/install/dddmr_sys_core/lib:/root/dddmr_navigation/install/dddmr_rviz_default_plugins/lib:/root/dddmr_navigation/install/cloud_msgs/lib:/root/livox_ws/install/livox_ros_driver2/lib:/opt/ros/humble/opt/rviz_ogre_vendor/lib:/opt/ros/humble/lib/x86_64-linux-gnu:/opt/ros/humble/lib /usr/bin/cmake --install /root/dddmr_navigation/build/trajectory_generators
