[0.039s] Invoking command in '/root/dddmr_navigation/build/pose_graph_editor_panel': CMAKE_PREFIX_PATH=${CMAKE_PREFIX_PATH}:/opt/ros/humble /usr/bin/cmake /root/dddmr_navigation/src/dddmr_rviz_tools/pose_graph_editor_panel -DAMENT_CMAKE_SYMLINK_INSTALL=1 -DCMAKE_INSTALL_PREFIX=/root/dddmr_navigation/install/pose_graph_editor_panel
[0.049s] -- Found ament_cmake: 1.3.14 (/opt/ros/humble/share/ament_cmake/cmake)
[0.133s] -- Override CMake install command with custom implementation using symlinks instead of copying resources
[0.142s] -- Found rviz_ogre_vendor: 11.2.26 (/opt/ros/humble/share/rviz_ogre_vendor/cmake)
[0.142s] -- Setting OGRE_DIR to: '/opt/ros/humble/share/rviz_ogre_vendor/cmake/../../../opt/rviz_ogre_vendor/lib/OGRE/cmake'
[0.143s] -- Found OGRE
[0.143s] --   static     : OFF
[0.143s] --   components : HLMS;MeshLodGenerator;Overlay;Paging;Property;RTShaderSystem;Terrain;Volume
[0.143s] --   plugins    : Plugin_BSPSceneManager;Plugin_OctreeSceneManager;Plugin_PCZSceneManager;Plugin_ParticleFX;RenderSystem_GL;RenderSystem_GL3Plus;Codec_STBI
[0.143s] --   media      : /opt/ros/humble/opt/rviz_ogre_vendor/share/OGRE/Media
[0.143s] -- OGRE_LIBRARIES: OgreHLMS;OgreMeshLodGenerator;OgreOverlay;OgrePaging;OgreProperty;OgreRTShaderSystem;OgreTerrain;OgreVolume;OgreMain
[0.144s] -- OGRE_LIBRARY_DIRS: /opt/ros/humble/opt/rviz_ogre_vendor/lib
[0.144s] -- OGRE_PLUGINS: Plugin_BSPSceneManager;Plugin_OctreeSceneManager;Plugin_PCZSceneManager;Plugin_ParticleFX;RenderSystem_GL;RenderSystem_GL3Plus;Codec_STBI
[0.144s] -- OGRE_PLUGIN_DIR: /opt/ros/humble/opt/rviz_ogre_vendor/lib/OGRE
[0.144s] -- rviz_ogre_vendor::OgreOverlay for IMPORTED_LOCATION_RELEASE: /opt/ros/humble/opt/rviz_ogre_vendor/lib/libOgreOverlay.so
[0.144s] -- rviz_ogre_vendor::OgreOverlay for IMPORTED_LOCATION_DEBUG: /opt/ros/humble/opt/rviz_ogre_vendor/lib/libOgreOverlay.so
[0.144s] -- rviz_ogre_vendor::OgreMain for IMPORTED_LOCATION_RELEASE: /opt/ros/humble/opt/rviz_ogre_vendor/lib/libOgreMain.so
[0.144s] -- rviz_ogre_vendor::OgreMain for IMPORTED_LOCATION_DEBUG: /opt/ros/humble/opt/rviz_ogre_vendor/lib/libOgreMain.so
[0.197s] -- Found pluginlib: 5.1.4 (/opt/ros/humble/share/pluginlib/cmake)
[0.220s] -- Found rclcpp: 16.0.19 (/opt/ros/humble/share/rclcpp/cmake)
[0.236s] -- Found rosidl_generator_c: 3.1.8 (/opt/ros/humble/share/rosidl_generator_c/cmake)
[0.238s] -- Found rosidl_adapter: 3.1.8 (/opt/ros/humble/share/rosidl_adapter/cmake)
[0.243s] -- Found rosidl_generator_cpp: 3.1.8 (/opt/ros/humble/share/rosidl_generator_cpp/cmake)
[0.251s] -- Using all available rosidl_typesupport_c: rosidl_typesupport_fastrtps_c;rosidl_typesupport_introspection_c
[0.261s] -- Using all available rosidl_typesupport_cpp: rosidl_typesupport_fastrtps_cpp;rosidl_typesupport_introspection_cpp
[0.290s] -- Found rmw_implementation_cmake: 6.1.2 (/opt/ros/humble/share/rmw_implementation_cmake/cmake)
[0.291s] -- Found rmw_fastrtps_cpp: 6.2.10 (/opt/ros/humble/share/rmw_fastrtps_cpp/cmake)
[0.309s] -- Found TinyXML2 via Config file: TinyXML2_DIR-NOTFOUND
[0.319s] -- Found TinyXML2 via Config file: TinyXML2_DIR-NOTFOUND
[0.330s] -- Found TinyXML2 via Config file: TinyXML2_DIR-NOTFOUND
[0.339s] -- Found TinyXML2 via Config file: TinyXML2_DIR-NOTFOUND
[0.348s] -- Using RMW implementation 'rmw_fastrtps_cpp' as default
[0.430s] -- Found rviz_assimp_vendor: 11.2.26 (/opt/ros/humble/share/rviz_assimp_vendor/cmake)
[0.430s] -- Setting assimp_DIR to: '/opt/ros/humble/share/rviz_assimp_vendor/cmake/../../../opt/rviz_assimp_vendor/lib/cmake/assimp-4.1'
[0.433s] -- Found rviz_rendering: 11.2.26 (/opt/ros/humble/share/rviz_rendering/cmake)
[0.467s] -- library: /usr/lib/x86_64-linux-gnu/libcurl.so
[0.470s] -- Found rviz_common: 11.2.26 (/opt/ros/humble/share/rviz_common/cmake)
[0.528s] -- Ensuring Eigen3 include directory is part of orocos-kdl CMake target
[0.759s] -- Configuring done
[0.805s] -- Generating done
[0.814s] -- Build files have been written to: /root/dddmr_navigation/build/pose_graph_editor_panel
[0.830s] Invoked command in '/root/dddmr_navigation/build/pose_graph_editor_panel' returned '0': CMAKE_PREFIX_PATH=${CMAKE_PREFIX_PATH}:/opt/ros/humble /usr/bin/cmake /root/dddmr_navigation/src/dddmr_rviz_tools/pose_graph_editor_panel -DAMENT_CMAKE_SYMLINK_INSTALL=1 -DCMAKE_INSTALL_PREFIX=/root/dddmr_navigation/install/pose_graph_editor_panel
[0.833s] Invoking command in '/root/dddmr_navigation/build/pose_graph_editor_panel': CMAKE_PREFIX_PATH=${CMAKE_PREFIX_PATH}:/opt/ros/humble /usr/bin/cmake --build /root/dddmr_navigation/build/pose_graph_editor_panel -- -j28 -l28
[0.886s] [ 20%] [34m[1mAutomatic UIC for target pose_graph_editor_panel[0m
[0.909s] [ 20%] Built target pose_graph_editor_panel_autogen
[0.923s] [35m[1mConsolidate compiler generated dependencies of target pose_graph_editor_panel[0m
[0.948s] [100%] Built target pose_graph_editor_panel
[0.961s] Invoked command in '/root/dddmr_navigation/build/pose_graph_editor_panel' returned '0': CMAKE_PREFIX_PATH=${CMAKE_PREFIX_PATH}:/opt/ros/humble /usr/bin/cmake --build /root/dddmr_navigation/build/pose_graph_editor_panel -- -j28 -l28
[0.963s] Invoking command in '/root/dddmr_navigation/build/pose_graph_editor_panel': CMAKE_PREFIX_PATH=${CMAKE_PREFIX_PATH}:/opt/ros/humble /usr/bin/cmake --install /root/dddmr_navigation/build/pose_graph_editor_panel
[0.970s] -- Install configuration: "Release"
[0.971s] -- Execute custom install script
[0.971s] -- Symlinking: /root/dddmr_navigation/install/pose_graph_editor_panel/share/pose_graph_editor_panel//plugin_description.xml
[0.981s] -- Symlinking: /root/dddmr_navigation/install/pose_graph_editor_panel/share/pose_graph_editor_panel/environment/library_path.sh
[0.993s] -- Symlinking: /root/dddmr_navigation/install/pose_graph_editor_panel/share/pose_graph_editor_panel/environment/library_path.dsv
[1.005s] -- Symlinking: /root/dddmr_navigation/install/pose_graph_editor_panel/include/pose_graph_editor_panel/pose_graph_editor_panel.h
[1.013s] -- Symlinking: /root/dddmr_navigation/install/pose_graph_editor_panel/share/ament_index/resource_index/package_run_dependencies/pose_graph_editor_panel
[1.021s] -- Symlinking: /root/dddmr_navigation/install/pose_graph_editor_panel/share/ament_index/resource_index/parent_prefix_path/pose_graph_editor_panel
[1.029s] -- Symlinking: /root/dddmr_navigation/install/pose_graph_editor_panel/share/pose_graph_editor_panel/environment/ament_prefix_path.sh
[1.038s] -- Symlinking: /root/dddmr_navigation/install/pose_graph_editor_panel/share/pose_graph_editor_panel/environment/ament_prefix_path.dsv
[1.046s] -- Symlinking: /root/dddmr_navigation/install/pose_graph_editor_panel/share/pose_graph_editor_panel/environment/path.sh
[1.053s] -- Symlinking: /root/dddmr_navigation/install/pose_graph_editor_panel/share/pose_graph_editor_panel/environment/path.dsv
[1.063s] -- Symlinking: /root/dddmr_navigation/install/pose_graph_editor_panel/share/pose_graph_editor_panel/local_setup.bash
[1.073s] -- Symlinking: /root/dddmr_navigation/install/pose_graph_editor_panel/share/pose_graph_editor_panel/local_setup.sh
[1.084s] -- Symlinking: /root/dddmr_navigation/install/pose_graph_editor_panel/share/pose_graph_editor_panel/local_setup.zsh
[1.092s] -- Symlinking: /root/dddmr_navigation/install/pose_graph_editor_panel/share/pose_graph_editor_panel/local_setup.dsv
[1.102s] -- Symlinking: /root/dddmr_navigation/install/pose_graph_editor_panel/share/pose_graph_editor_panel/package.dsv
[1.109s] -- Symlinking: /root/dddmr_navigation/install/pose_graph_editor_panel/share/ament_index/resource_index/packages/pose_graph_editor_panel
[1.120s] -- Symlinking: /root/dddmr_navigation/install/pose_graph_editor_panel/share/ament_index/resource_index/rviz_common__pluginlib__plugin/pose_graph_editor_panel
[1.128s] -- Symlinking: /root/dddmr_navigation/install/pose_graph_editor_panel/share/pose_graph_editor_panel/cmake/ament_cmake_export_targets-extras.cmake
[1.136s] -- Symlinking: /root/dddmr_navigation/install/pose_graph_editor_panel/share/pose_graph_editor_panel/cmake/ament_cmake_export_dependencies-extras.cmake
[1.144s] -- Symlinking: /root/dddmr_navigation/install/pose_graph_editor_panel/share/pose_graph_editor_panel/cmake/ament_cmake_export_include_directories-extras.cmake
[1.154s] -- Symlinking: /root/dddmr_navigation/install/pose_graph_editor_panel/share/pose_graph_editor_panel/cmake/ament_cmake_export_libraries-extras.cmake
[1.161s] -- Symlinking: /root/dddmr_navigation/install/pose_graph_editor_panel/share/pose_graph_editor_panel/cmake/pose_graph_editor_panelConfig.cmake
[1.171s] -- Symlinking: /root/dddmr_navigation/install/pose_graph_editor_panel/share/pose_graph_editor_panel/cmake/pose_graph_editor_panelConfig-version.cmake
[1.180s] -- Symlinking: /root/dddmr_navigation/install/pose_graph_editor_panel/share/pose_graph_editor_panel/package.xml
[1.186s] -- Installing: /root/dddmr_navigation/install/pose_graph_editor_panel/lib/libpose_graph_editor_panel.so
[1.188s] -- Set runtime path of "/root/dddmr_navigation/install/pose_graph_editor_panel/lib/libpose_graph_editor_panel.so" to ""
[1.188s] -- Installing: /root/dddmr_navigation/install/pose_graph_editor_panel/share/pose_graph_editor_panel/cmake/pose_graph_editor_panelExport.cmake
[1.190s] -- Installing: /root/dddmr_navigation/install/pose_graph_editor_panel/share/pose_graph_editor_panel/cmake/pose_graph_editor_panelExport-release.cmake
[1.195s] Invoked command in '/root/dddmr_navigation/build/pose_graph_editor_panel' returned '0': CMAKE_PREFIX_PATH=${CMAKE_PREFIX_PATH}:/opt/ros/humble /usr/bin/cmake --install /root/dddmr_navigation/build/pose_graph_editor_panel
