[0.034s] Invoking command in '/root/dddmr_navigation/build/map_editor_panel': CMAKE_PREFIX_PATH=/opt/ros/humble /usr/bin/cmake --build /root/dddmr_navigation/build/map_editor_panel -- -j28 -l28
[0.113s] [ 20%] [34m[1mAutomatic UIC for target map_editor_panel[0m
[0.130s] [ 20%] Built target map_editor_panel_autogen
[0.167s] [100%] Built target map_editor_panel
[0.182s] Invoked command in '/root/dddmr_navigation/build/map_editor_panel' returned '0': CMAKE_PREFIX_PATH=/opt/ros/humble /usr/bin/cmake --build /root/dddmr_navigation/build/map_editor_panel -- -j28 -l28
[0.187s] Invoking command in '/root/dddmr_navigation/build/map_editor_panel': CMAKE_PREFIX_PATH=/opt/ros/humble /usr/bin/cmake --install /root/dddmr_navigation/build/map_editor_panel
[0.204s] -- Install configuration: "Release"
[0.204s] -- Execute custom install script
[0.204s] -- Up-to-date symlink: /root/dddmr_navigation/install/map_editor_panel/share/map_editor_panel//plugin_description.xml
[0.204s] -- Up-to-date symlink: /root/dddmr_navigation/install/map_editor_panel/share/map_editor_panel/environment/library_path.sh
[0.205s] -- Up-to-date symlink: /root/dddmr_navigation/install/map_editor_panel/share/map_editor_panel/environment/library_path.dsv
[0.206s] -- Up-to-date symlink: /root/dddmr_navigation/install/map_editor_panel/include/map_editor_panel/map_editor_panel.h
[0.206s] -- Up-to-date symlink: /root/dddmr_navigation/install/map_editor_panel/share/ament_index/resource_index/package_run_dependencies/map_editor_panel
[0.206s] -- Up-to-date symlink: /root/dddmr_navigation/install/map_editor_panel/share/ament_index/resource_index/parent_prefix_path/map_editor_panel
[0.207s] -- Up-to-date symlink: /root/dddmr_navigation/install/map_editor_panel/share/map_editor_panel/environment/ament_prefix_path.sh
[0.207s] -- Up-to-date symlink: /root/dddmr_navigation/install/map_editor_panel/share/map_editor_panel/environment/ament_prefix_path.dsv
[0.208s] -- Up-to-date symlink: /root/dddmr_navigation/install/map_editor_panel/share/map_editor_panel/environment/path.sh
[0.208s] -- Up-to-date symlink: /root/dddmr_navigation/install/map_editor_panel/share/map_editor_panel/environment/path.dsv
[0.208s] -- Up-to-date symlink: /root/dddmr_navigation/install/map_editor_panel/share/map_editor_panel/local_setup.bash
[0.208s] -- Up-to-date symlink: /root/dddmr_navigation/install/map_editor_panel/share/map_editor_panel/local_setup.sh
[0.208s] -- Up-to-date symlink: /root/dddmr_navigation/install/map_editor_panel/share/map_editor_panel/local_setup.zsh
[0.208s] -- Up-to-date symlink: /root/dddmr_navigation/install/map_editor_panel/share/map_editor_panel/local_setup.dsv
[0.208s] -- Symlinking: /root/dddmr_navigation/install/map_editor_panel/share/map_editor_panel/package.dsv
[0.213s] -- Up-to-date symlink: /root/dddmr_navigation/install/map_editor_panel/share/ament_index/resource_index/packages/map_editor_panel
[0.213s] -- Up-to-date symlink: /root/dddmr_navigation/install/map_editor_panel/share/ament_index/resource_index/rviz_common__pluginlib__plugin/map_editor_panel
[0.213s] -- Up-to-date symlink: /root/dddmr_navigation/install/map_editor_panel/share/map_editor_panel/cmake/ament_cmake_export_targets-extras.cmake
[0.213s] -- Up-to-date symlink: /root/dddmr_navigation/install/map_editor_panel/share/map_editor_panel/cmake/ament_cmake_export_dependencies-extras.cmake
[0.213s] -- Up-to-date symlink: /root/dddmr_navigation/install/map_editor_panel/share/map_editor_panel/cmake/ament_cmake_export_include_directories-extras.cmake
[0.214s] -- Up-to-date symlink: /root/dddmr_navigation/install/map_editor_panel/share/map_editor_panel/cmake/ament_cmake_export_libraries-extras.cmake
[0.214s] -- Up-to-date symlink: /root/dddmr_navigation/install/map_editor_panel/share/map_editor_panel/cmake/map_editor_panelConfig.cmake
[0.214s] -- Up-to-date symlink: /root/dddmr_navigation/install/map_editor_panel/share/map_editor_panel/cmake/map_editor_panelConfig-version.cmake
[0.214s] -- Up-to-date symlink: /root/dddmr_navigation/install/map_editor_panel/share/map_editor_panel/package.xml
[0.214s] -- Up-to-date: /root/dddmr_navigation/install/map_editor_panel/lib/libmap_editor_panel.so
[0.214s] -- Up-to-date: /root/dddmr_navigation/install/map_editor_panel/share/map_editor_panel/cmake/map_editor_panelExport.cmake
[0.214s] -- Up-to-date: /root/dddmr_navigation/install/map_editor_panel/share/map_editor_panel/cmake/map_editor_panelExport-release.cmake
[0.283s] Invoked command in '/root/dddmr_navigation/build/map_editor_panel' returned '0': CMAKE_PREFIX_PATH=/opt/ros/humble /usr/bin/cmake --install /root/dddmr_navigation/build/map_editor_panel
