[0.010s] Invoking command in '/ws_gz/build/champ_msgs': CMAKE_PREFIX_PATH=/opt/ros/humble /usr/bin/cmake /ws_gz/src/gz_quadbot/champ/champ_msgs -DCMAKE_BUILD_TYPE=Release -DAMENT_CMAKE_SYMLINK_INSTALL=1 -DCMAKE_INSTALL_PREFIX=/ws_gz/install/champ_msgs
[0.051s] -- The C compiler identification is GNU 13.4.0
[0.088s] -- The CXX compiler identification is GNU 13.4.0
[0.093s] -- Detecting C compiler ABI info
[0.139s] -- Detecting C compiler ABI info - done
[0.144s] -- Check for working C compiler: /usr/bin/cc - skipped
[0.144s] -- Detecting C compile features
[0.145s] -- Detecting C compile features - done
[0.147s] -- Detecting CXX compiler ABI info
[0.200s] -- Detecting CXX compiler ABI info - done
[0.205s] -- Check for working CXX compiler: /usr/bin/c++ - skipped
[0.205s] -- Detecting CXX compile features
[0.206s] -- Detecting CXX compile features - done
[0.207s] -- Found ament_cmake: 1.3.14 (/opt/ros/humble/share/ament_cmake/cmake)
[0.311s] -- Found Python3: /usr/bin/python3 (found version "3.10.12") found components: Interpreter 
[0.343s] -- Override CMake install command with custom implementation using symlinks instead of copying resources
[0.364s] -- Found rosidl_default_generators: 1.2.1 (/opt/ros/humble/share/rosidl_default_generators/cmake)
[0.367s] -- Using all available rosidl_typesupport_c: rosidl_typesupport_fastrtps_c;rosidl_typesupport_introspection_c
[0.372s] -- Found rosidl_adapter: 3.1.8 (/opt/ros/humble/share/rosidl_adapter/cmake)
[0.396s] -- Using all available rosidl_typesupport_cpp: rosidl_typesupport_fastrtps_cpp;rosidl_typesupport_introspection_cpp
[0.414s] -- Found std_msgs: 4.9.1 (/opt/ros/humble/share/std_msgs/cmake)
[0.427s] -- Found geometry_msgs: 4.9.1 (/opt/ros/humble/share/geometry_msgs/cmake)
[0.705s] -- Found ament_cmake_ros: 0.10.0 (/opt/ros/humble/share/ament_cmake_ros/cmake)
[0.862s] -- Using all available rosidl_typesupport_c: rosidl_typesupport_fastrtps_c;rosidl_typesupport_introspection_c
[1.069s] -- Using all available rosidl_typesupport_cpp: rosidl_typesupport_fastrtps_cpp;rosidl_typesupport_introspection_cpp
[1.085s] -- Found PythonInterp: /usr/bin/python3 (found suitable version "3.10.12", minimum required is "3.6") 
[1.087s] -- Found python_cmake_module: 0.10.0 (/opt/ros/humble/share/python_cmake_module/cmake)
[1.114s] -- Found PythonLibs: /usr/lib/x86_64-linux-gnu/libpython3.10.so (found suitable version "3.10.12", minimum required is "3.5") 
[1.115s] -- Using PYTHON_EXECUTABLE: /usr/bin/python3
[1.115s] -- Using PYTHON_INCLUDE_DIRS: /usr/include/python3.10
[1.115s] -- Using PYTHON_LIBRARIES: /usr/lib/x86_64-linux-gnu/libpython3.10.so
[1.131s] -- Found PythonExtra: .so  
[1.219s] -- Found ament_lint_auto: 0.12.15 (/opt/ros/humble/share/ament_lint_auto/cmake)
[1.224s] -- Configuring done
[1.245s] -- Generating done
[1.250s] -- Build files have been written to: /ws_gz/build/champ_msgs
[1.255s] Invoked command in '/ws_gz/build/champ_msgs' returned '0': CMAKE_PREFIX_PATH=/opt/ros/humble /usr/bin/cmake /ws_gz/src/gz_quadbot/champ/champ_msgs -DCMAKE_BUILD_TYPE=Release -DAMENT_CMAKE_SYMLINK_INSTALL=1 -DCMAKE_INSTALL_PREFIX=/ws_gz/install/champ_msgs
[1.255s] Invoking command in '/ws_gz/build/champ_msgs': CMAKE_PREFIX_PATH=/opt/ros/humble /usr/bin/cmake --build /ws_gz/build/champ_msgs -- -j32 -l32
[1.285s] [  1%] [34m[1mGenerating C code for ROS interfaces[0m
[1.292s] [  2%] [34m[1mGenerating Rust code for ROS interfaces[0m
[1.293s] [  3%] [34m[1mGenerating C++ code for ROS interfaces[0m
[1.297s] [  3%] Built target ament_cmake_python_symlink_champ_msgs
[1.394s] running egg_info
[1.394s] creating champ_msgs.egg-info
[1.394s] writing champ_msgs.egg-info/PKG-INFO
[1.394s] writing dependency_links to champ_msgs.egg-info/dependency_links.txt
[1.394s] writing top-level names to champ_msgs.egg-info/top_level.txt
[1.394s] writing manifest file 'champ_msgs.egg-info/SOURCES.txt'
[1.395s] reading manifest file 'champ_msgs.egg-info/SOURCES.txt'
[1.395s] writing manifest file 'champ_msgs.egg-info/SOURCES.txt'
[1.407s] [  3%] Built target ament_cmake_python_build_champ_msgs_egg
[1.444s] [  3%] Built target champ_msgs__rs
[1.551s] [  3%] Built target champ_msgs__cpp
[1.559s] [  5%] [34m[1mGenerating C++ introspection for ROS interfaces[0m
[1.559s] [  5%] [34m[1mGenerating C++ type support for eProsima Fast-RTPS[0m
[1.559s] [  6%] [34m[1mGenerating C++ type support dispatch for ROS interfaces[0m
[1.570s] [  9%] [32mBuilding C object CMakeFiles/champ_msgs__rosidl_generator_c.dir/rosidl_generator_c/champ_msgs/msg/detail/contacts_stamped__functions.c.o[0m
[1.570s] [  9%] [32mBuilding C object CMakeFiles/champ_msgs__rosidl_generator_c.dir/rosidl_generator_c/champ_msgs/msg/detail/point__functions.c.o[0m
[1.570s] [  9%] [32mBuilding C object CMakeFiles/champ_msgs__rosidl_generator_c.dir/rosidl_generator_c/champ_msgs/msg/detail/contacts__functions.c.o[0m
[1.571s] [ 10%] [32mBuilding C object CMakeFiles/champ_msgs__rosidl_generator_c.dir/rosidl_generator_c/champ_msgs/msg/detail/velocities__functions.c.o[0m
[1.571s] [ 11%] [32mBuilding C object CMakeFiles/champ_msgs__rosidl_generator_c.dir/rosidl_generator_c/champ_msgs/msg/detail/pid__functions.c.o[0m
[1.571s] [ 12%] [32mBuilding C object CMakeFiles/champ_msgs__rosidl_generator_c.dir/rosidl_generator_c/champ_msgs/msg/detail/imu__functions.c.o[0m
[1.571s] [ 13%] [32mBuilding C object CMakeFiles/champ_msgs__rosidl_generator_c.dir/rosidl_generator_c/champ_msgs/msg/detail/point_array__functions.c.o[0m
[1.571s] [ 14%] [32mBuilding C object CMakeFiles/champ_msgs__rosidl_generator_c.dir/rosidl_generator_c/champ_msgs/msg/detail/joints__functions.c.o[0m
[1.572s] [ 15%] [32mBuilding C object CMakeFiles/champ_msgs__rosidl_generator_c.dir/rosidl_generator_c/champ_msgs/msg/detail/pose__functions.c.o[0m
[1.640s] [ 16%] [32m[1mLinking C shared library libchamp_msgs__rosidl_generator_c.so[0m
[1.664s] [ 16%] Built target champ_msgs__rosidl_generator_c
[1.671s] [ 17%] [34m[1mGenerating C type support for eProsima Fast-RTPS[0m
[1.671s] [ 18%] [34m[1mGenerating C type support dispatch for ROS interfaces[0m
[1.671s] [ 19%] [34m[1mGenerating C introspection for ROS interfaces[0m
[1.726s] [ 20%] [32mBuilding CXX object CMakeFiles/champ_msgs__rosidl_typesupport_cpp.dir/rosidl_typesupport_cpp/champ_msgs/msg/pose__type_support.cpp.o[0m
[1.726s] [ 22%] [32mBuilding CXX object CMakeFiles/champ_msgs__rosidl_typesupport_cpp.dir/rosidl_typesupport_cpp/champ_msgs/msg/velocities__type_support.cpp.o[0m
[1.726s] [ 25%] [32mBuilding CXX object CMakeFiles/champ_msgs__rosidl_typesupport_cpp.dir/rosidl_typesupport_cpp/champ_msgs/msg/pid__type_support.cpp.o[0m
[1.726s] [ 25%] [32mBuilding CXX object CMakeFiles/champ_msgs__rosidl_typesupport_cpp.dir/rosidl_typesupport_cpp/champ_msgs/msg/point__type_support.cpp.o[0m
[1.726s] [ 25%] [32mBuilding CXX object CMakeFiles/champ_msgs__rosidl_typesupport_cpp.dir/rosidl_typesupport_cpp/champ_msgs/msg/imu__type_support.cpp.o[0m
[1.726s] [ 26%] [32mBuilding CXX object CMakeFiles/champ_msgs__rosidl_typesupport_cpp.dir/rosidl_typesupport_cpp/champ_msgs/msg/point_array__type_support.cpp.o[0m
[1.727s] [ 27%] [32mBuilding CXX object CMakeFiles/champ_msgs__rosidl_typesupport_cpp.dir/rosidl_typesupport_cpp/champ_msgs/msg/joints__type_support.cpp.o[0m
[1.727s] [ 28%] [32mBuilding CXX object CMakeFiles/champ_msgs__rosidl_typesupport_cpp.dir/rosidl_typesupport_cpp/champ_msgs/msg/contacts__type_support.cpp.o[0m
[1.727s] [ 29%] [32mBuilding CXX object CMakeFiles/champ_msgs__rosidl_typesupport_cpp.dir/rosidl_typesupport_cpp/champ_msgs/msg/contacts_stamped__type_support.cpp.o[0m
[1.794s] [ 31%] [32mBuilding CXX object CMakeFiles/champ_msgs__rosidl_typesupport_introspection_cpp.dir/rosidl_typesupport_introspection_cpp/champ_msgs/msg/detail/point__type_support.cpp.o[0m
[1.794s] [ 31%] [32mBuilding CXX object CMakeFiles/champ_msgs__rosidl_typesupport_introspection_cpp.dir/rosidl_typesupport_introspection_cpp/champ_msgs/msg/detail/velocities__type_support.cpp.o[0m
[1.795s] [ 32%] [32mBuilding CXX object CMakeFiles/champ_msgs__rosidl_typesupport_introspection_cpp.dir/rosidl_typesupport_introspection_cpp/champ_msgs/msg/detail/pid__type_support.cpp.o[0m
[1.795s] [ 33%] [32mBuilding CXX object CMakeFiles/champ_msgs__rosidl_typesupport_introspection_cpp.dir/rosidl_typesupport_introspection_cpp/champ_msgs/msg/detail/imu__type_support.cpp.o[0m
[1.795s] [ 34%] [32mBuilding CXX object CMakeFiles/champ_msgs__rosidl_typesupport_introspection_cpp.dir/rosidl_typesupport_introspection_cpp/champ_msgs/msg/detail/point_array__type_support.cpp.o[0m
[1.795s] [ 36%] [32mBuilding CXX object CMakeFiles/champ_msgs__rosidl_typesupport_introspection_cpp.dir/rosidl_typesupport_introspection_cpp/champ_msgs/msg/detail/contacts__type_support.cpp.o[0m
[1.795s] [ 37%] [32mBuilding CXX object CMakeFiles/champ_msgs__rosidl_typesupport_introspection_cpp.dir/rosidl_typesupport_introspection_cpp/champ_msgs/msg/detail/contacts_stamped__type_support.cpp.o[0m
[1.795s] [ 38%] [32mBuilding CXX object CMakeFiles/champ_msgs__rosidl_typesupport_introspection_cpp.dir/rosidl_typesupport_introspection_cpp/champ_msgs/msg/detail/pose__type_support.cpp.o[0m
[1.795s] [ 38%] [32mBuilding CXX object CMakeFiles/champ_msgs__rosidl_typesupport_introspection_cpp.dir/rosidl_typesupport_introspection_cpp/champ_msgs/msg/detail/joints__type_support.cpp.o[0m
[1.847s] [ 42%] [32mBuilding CXX object CMakeFiles/champ_msgs__rosidl_typesupport_fastrtps_cpp.dir/rosidl_typesupport_fastrtps_cpp/champ_msgs/msg/detail/dds_fastrtps/imu__type_support.cpp.o[0m
[1.848s] [ 42%] [32mBuilding CXX object CMakeFiles/champ_msgs__rosidl_typesupport_fastrtps_cpp.dir/rosidl_typesupport_fastrtps_cpp/champ_msgs/msg/detail/dds_fastrtps/velocities__type_support.cpp.o[0m
[1.848s] [ 42%] [32mBuilding CXX object CMakeFiles/champ_msgs__rosidl_typesupport_fastrtps_cpp.dir/rosidl_typesupport_fastrtps_cpp/champ_msgs/msg/detail/dds_fastrtps/point__type_support.cpp.o[0m
[1.848s] [ 42%] [32mBuilding CXX object CMakeFiles/champ_msgs__rosidl_typesupport_fastrtps_cpp.dir/rosidl_typesupport_fastrtps_cpp/champ_msgs/msg/detail/dds_fastrtps/pid__type_support.cpp.o[0m
[1.848s] [ 43%] [32mBuilding CXX object CMakeFiles/champ_msgs__rosidl_typesupport_fastrtps_cpp.dir/rosidl_typesupport_fastrtps_cpp/champ_msgs/msg/detail/dds_fastrtps/point_array__type_support.cpp.o[0m
[1.848s] [ 44%] [32mBuilding CXX object CMakeFiles/champ_msgs__rosidl_typesupport_fastrtps_cpp.dir/rosidl_typesupport_fastrtps_cpp/champ_msgs/msg/detail/dds_fastrtps/contacts__type_support.cpp.o[0m
[1.848s] [ 46%] [32mBuilding CXX object CMakeFiles/champ_msgs__rosidl_typesupport_fastrtps_cpp.dir/rosidl_typesupport_fastrtps_cpp/champ_msgs/msg/detail/dds_fastrtps/contacts_stamped__type_support.cpp.o[0m
[1.848s] [ 46%] [32mBuilding CXX object CMakeFiles/champ_msgs__rosidl_typesupport_fastrtps_cpp.dir/rosidl_typesupport_fastrtps_cpp/champ_msgs/msg/detail/dds_fastrtps/pose__type_support.cpp.o[0m
[1.850s] [ 47%] [32mBuilding CXX object CMakeFiles/champ_msgs__rosidl_typesupport_fastrtps_cpp.dir/rosidl_typesupport_fastrtps_cpp/champ_msgs/msg/detail/dds_fastrtps/joints__type_support.cpp.o[0m
[1.880s] [ 51%] [32mBuilding CXX object CMakeFiles/champ_msgs__rosidl_typesupport_c.dir/rosidl_typesupport_c/champ_msgs/msg/pid__type_support.cpp.o[0m
[1.880s] [ 50%] [32mBuilding CXX object CMakeFiles/champ_msgs__rosidl_typesupport_c.dir/rosidl_typesupport_c/champ_msgs/msg/point__type_support.cpp.o[0m
[1.880s] [ 52%] [32mBuilding CXX object CMakeFiles/champ_msgs__rosidl_typesupport_c.dir/rosidl_typesupport_c/champ_msgs/msg/imu__type_support.cpp.o[0m
[1.880s] [ 51%] [32mBuilding CXX object CMakeFiles/champ_msgs__rosidl_typesupport_c.dir/rosidl_typesupport_c/champ_msgs/msg/velocities__type_support.cpp.o[0m
[1.904s] [ 53%] [32mBuilding CXX object CMakeFiles/champ_msgs__rosidl_typesupport_c.dir/rosidl_typesupport_c/champ_msgs/msg/joints__type_support.cpp.o[0m
[1.904s] [ 54%] [32mBuilding CXX object CMakeFiles/champ_msgs__rosidl_typesupport_c.dir/rosidl_typesupport_c/champ_msgs/msg/point_array__type_support.cpp.o[0m
[1.907s] [ 55%] [32mBuilding CXX object CMakeFiles/champ_msgs__rosidl_typesupport_c.dir/rosidl_typesupport_c/champ_msgs/msg/contacts__type_support.cpp.o[0m
[1.922s] [ 57%] [32mBuilding CXX object CMakeFiles/champ_msgs__rosidl_typesupport_c.dir/rosidl_typesupport_c/champ_msgs/msg/pose__type_support.cpp.o[0m
[1.922s] [ 57%] [32mBuilding CXX object CMakeFiles/champ_msgs__rosidl_typesupport_c.dir/rosidl_typesupport_c/champ_msgs/msg/contacts_stamped__type_support.cpp.o[0m
[1.950s] [ 58%] [32m[1mLinking CXX shared library libchamp_msgs__rosidl_typesupport_c.so[0m
[1.958s] [ 60%] [32mBuilding C object CMakeFiles/champ_msgs__rosidl_typesupport_introspection_c.dir/rosidl_typesupport_introspection_c/champ_msgs/msg/detail/imu__type_support.c.o[0m
[1.958s] [ 60%] [32mBuilding C object CMakeFiles/champ_msgs__rosidl_typesupport_introspection_c.dir/rosidl_typesupport_introspection_c/champ_msgs/msg/detail/velocities__type_support.c.o[0m
[1.958s] [ 61%] [32mBuilding C object CMakeFiles/champ_msgs__rosidl_typesupport_introspection_c.dir/rosidl_typesupport_introspection_c/champ_msgs/msg/detail/pid__type_support.c.o[0m
[1.963s] [ 62%] [32mBuilding C object CMakeFiles/champ_msgs__rosidl_typesupport_introspection_c.dir/rosidl_typesupport_introspection_c/champ_msgs/msg/detail/point__type_support.c.o[0m
[1.963s] [ 63%] [32mBuilding C object CMakeFiles/champ_msgs__rosidl_typesupport_introspection_c.dir/rosidl_typesupport_introspection_c/champ_msgs/msg/detail/point_array__type_support.c.o[0m
[1.966s] [ 64%] [32mBuilding C object CMakeFiles/champ_msgs__rosidl_typesupport_introspection_c.dir/rosidl_typesupport_introspection_c/champ_msgs/msg/detail/joints__type_support.c.o[0m
[1.968s] [ 65%] [32mBuilding C object CMakeFiles/champ_msgs__rosidl_typesupport_introspection_c.dir/rosidl_typesupport_introspection_c/champ_msgs/msg/detail/contacts__type_support.c.o[0m
[1.973s] [ 67%] [32mBuilding C object CMakeFiles/champ_msgs__rosidl_typesupport_introspection_c.dir/rosidl_typesupport_introspection_c/champ_msgs/msg/detail/contacts_stamped__type_support.c.o[0m
[1.973s] [ 67%] [32mBuilding C object CMakeFiles/champ_msgs__rosidl_typesupport_introspection_c.dir/rosidl_typesupport_introspection_c/champ_msgs/msg/detail/pose__type_support.c.o[0m
[1.977s] [ 68%] [32m[1mLinking CXX shared library libchamp_msgs__rosidl_typesupport_cpp.so[0m
[1.979s] [ 70%] [32mBuilding CXX object CMakeFiles/champ_msgs__rosidl_typesupport_fastrtps_c.dir/rosidl_typesupport_fastrtps_c/champ_msgs/msg/detail/imu__type_support_c.cpp.o[0m
[1.979s] [ 70%] [32mBuilding CXX object CMakeFiles/champ_msgs__rosidl_typesupport_fastrtps_c.dir/rosidl_typesupport_fastrtps_c/champ_msgs/msg/detail/velocities__type_support_c.cpp.o[0m
[1.981s] [ 71%] [32mBuilding CXX object CMakeFiles/champ_msgs__rosidl_typesupport_fastrtps_c.dir/rosidl_typesupport_fastrtps_c/champ_msgs/msg/detail/pid__type_support_c.cpp.o[0m
[1.988s] [ 71%] Built target champ_msgs__rosidl_typesupport_c
[1.997s] [ 72%] [32mBuilding CXX object CMakeFiles/champ_msgs__rosidl_typesupport_fastrtps_c.dir/rosidl_typesupport_fastrtps_c/champ_msgs/msg/detail/point__type_support_c.cpp.o[0m
[1.997s] [ 75%] [32mBuilding CXX object CMakeFiles/champ_msgs__rosidl_typesupport_fastrtps_c.dir/rosidl_typesupport_fastrtps_c/champ_msgs/msg/detail/point_array__type_support_c.cpp.o[0m
[1.997s] [ 75%] [32mBuilding CXX object CMakeFiles/champ_msgs__rosidl_typesupport_fastrtps_c.dir/rosidl_typesupport_fastrtps_c/champ_msgs/msg/detail/joints__type_support_c.cpp.o[0m
[1.997s] [ 76%] [32mBuilding CXX object CMakeFiles/champ_msgs__rosidl_typesupport_fastrtps_c.dir/rosidl_typesupport_fastrtps_c/champ_msgs/msg/detail/contacts__type_support_c.cpp.o[0m
[1.997s] [ 77%] [32mBuilding CXX object CMakeFiles/champ_msgs__rosidl_typesupport_fastrtps_c.dir/rosidl_typesupport_fastrtps_c/champ_msgs/msg/detail/contacts_stamped__type_support_c.cpp.o[0m
[1.998s] [ 78%] [32mBuilding CXX object CMakeFiles/champ_msgs__rosidl_typesupport_fastrtps_c.dir/rosidl_typesupport_fastrtps_c/champ_msgs/msg/detail/pose__type_support_c.cpp.o[0m
[2.010s] [ 78%] Built target champ_msgs__rosidl_typesupport_cpp
[2.014s] [ 79%] [32m[1mLinking C shared library libchamp_msgs__rosidl_typesupport_introspection_c.so[0m
[2.032s] [ 79%] Built target champ_msgs__rosidl_typesupport_introspection_c
[2.167s] [ 80%] [32m[1mLinking CXX shared library libchamp_msgs__rosidl_typesupport_introspection_cpp.so[0m
[2.213s] [ 81%] [32m[1mLinking CXX shared library libchamp_msgs__rosidl_typesupport_fastrtps_cpp.so[0m
[2.216s] [ 81%] Built target champ_msgs__rosidl_typesupport_introspection_cpp
[2.255s] [ 81%] Built target champ_msgs__rosidl_typesupport_fastrtps_cpp
[2.280s] [ 82%] [32m[1mLinking CXX shared library libchamp_msgs__rosidl_typesupport_fastrtps_c.so[0m
[2.329s] [ 82%] Built target champ_msgs__rosidl_typesupport_fastrtps_c
[2.342s] [ 82%] Built target champ_msgs
[2.362s] [ 83%] [34m[1mGenerating Python code for ROS interfaces[0m
[2.755s] [ 83%] Built target champ_msgs__py
[2.769s] [ 84%] [32mBuilding C object CMakeFiles/champ_msgs__rosidl_generator_py.dir/rosidl_generator_py/champ_msgs/msg/_velocities_s.c.o[0m
[2.769s] [ 85%] [32mBuilding C object CMakeFiles/champ_msgs__rosidl_generator_py.dir/rosidl_generator_py/champ_msgs/msg/_point_s.c.o[0m
[2.769s] [ 86%] [32mBuilding C object CMakeFiles/champ_msgs__rosidl_generator_py.dir/rosidl_generator_py/champ_msgs/msg/_joints_s.c.o[0m
[2.770s] [ 87%] [32mBuilding C object CMakeFiles/champ_msgs__rosidl_generator_py.dir/rosidl_generator_py/champ_msgs/msg/_contacts_s.c.o[0m
[2.770s] [ 88%] [32mBuilding C object CMakeFiles/champ_msgs__rosidl_generator_py.dir/rosidl_generator_py/champ_msgs/msg/_pid_s.c.o[0m
[2.771s] [ 89%] [32mBuilding C object CMakeFiles/champ_msgs__rosidl_generator_py.dir/rosidl_generator_py/champ_msgs/msg/_point_array_s.c.o[0m
[2.771s] [ 90%] [32mBuilding C object CMakeFiles/champ_msgs__rosidl_generator_py.dir/rosidl_generator_py/champ_msgs/msg/_imu_s.c.o[0m
[2.772s] [ 92%] [32mBuilding C object CMakeFiles/champ_msgs__rosidl_generator_py.dir/rosidl_generator_py/champ_msgs/msg/_pose_s.c.o[0m
[2.772s] [ 92%] [32mBuilding C object CMakeFiles/champ_msgs__rosidl_generator_py.dir/rosidl_generator_py/champ_msgs/msg/_contacts_stamped_s.c.o[0m
[2.866s] [ 93%] [32m[1mLinking C shared library rosidl_generator_py/champ_msgs/libchamp_msgs__rosidl_generator_py.so[0m
[2.892s] [ 93%] Built target champ_msgs__rosidl_generator_py
[2.907s] [ 94%] [32mBuilding C object CMakeFiles/champ_msgs__rosidl_typesupport_fastrtps_c__pyext.dir/rosidl_generator_py/champ_msgs/_champ_msgs_s.ep.rosidl_typesupport_fastrtps_c.c.o[0m
[2.907s] [ 95%] [32mBuilding C object CMakeFiles/champ_msgs__rosidl_typesupport_c__pyext.dir/rosidl_generator_py/champ_msgs/_champ_msgs_s.ep.rosidl_typesupport_c.c.o[0m
[2.907s] [ 96%] [32mBuilding C object CMakeFiles/champ_msgs__rosidl_typesupport_introspection_c__pyext.dir/rosidl_generator_py/champ_msgs/_champ_msgs_s.ep.rosidl_typesupport_introspection_c.c.o[0m
[3.003s] [ 97%] [32m[1mLinking C shared library rosidl_generator_py/champ_msgs/champ_msgs_s__rosidl_typesupport_introspection_c.cpython-310-x86_64-linux-gnu.so[0m
[3.004s] [ 98%] [32m[1mLinking C shared library rosidl_generator_py/champ_msgs/champ_msgs_s__rosidl_typesupport_fastrtps_c.cpython-310-x86_64-linux-gnu.so[0m
[3.005s] [100%] [32m[1mLinking C shared library rosidl_generator_py/champ_msgs/champ_msgs_s__rosidl_typesupport_c.cpython-310-x86_64-linux-gnu.so[0m
[3.030s] [100%] Built target champ_msgs__rosidl_typesupport_fastrtps_c__pyext
[3.030s] [100%] Built target champ_msgs__rosidl_typesupport_introspection_c__pyext
[3.032s] [100%] Built target champ_msgs__rosidl_typesupport_c__pyext
[3.039s] Invoked command in '/ws_gz/build/champ_msgs' returned '0': CMAKE_PREFIX_PATH=/opt/ros/humble /usr/bin/cmake --build /ws_gz/build/champ_msgs -- -j32 -l32
[3.040s] Invoking command in '/ws_gz/build/champ_msgs': CMAKE_PREFIX_PATH=/opt/ros/humble /usr/bin/cmake --install /ws_gz/build/champ_msgs
[3.045s] -- Install configuration: "Release"
[3.045s] -- Execute custom install script
[3.046s] -- Symlinking: /ws_gz/install/champ_msgs/share/ament_index/resource_index/rosidl_interfaces/champ_msgs
[3.052s] -- Symlinking: /ws_gz/install/champ_msgs/include/champ_msgs/champ_msgs/msg/contacts.h
[3.059s] -- Symlinking: /ws_gz/install/champ_msgs/include/champ_msgs/champ_msgs/msg/contacts_stamped.h
[3.069s] -- Symlinking: /ws_gz/install/champ_msgs/include/champ_msgs/champ_msgs/msg/detail/contacts__functions.h
[3.081s] -- Symlinking: /ws_gz/install/champ_msgs/include/champ_msgs/champ_msgs/msg/detail/contacts__struct.h
[3.088s] -- Symlinking: /ws_gz/install/champ_msgs/include/champ_msgs/champ_msgs/msg/detail/contacts__type_support.h
[3.101s] -- Symlinking: /ws_gz/install/champ_msgs/include/champ_msgs/champ_msgs/msg/detail/contacts_stamped__functions.h
[3.115s] -- Symlinking: /ws_gz/install/champ_msgs/include/champ_msgs/champ_msgs/msg/detail/contacts_stamped__struct.h
[3.121s] -- Symlinking: /ws_gz/install/champ_msgs/include/champ_msgs/champ_msgs/msg/detail/contacts_stamped__type_support.h
[3.126s] -- Symlinking: /ws_gz/install/champ_msgs/include/champ_msgs/champ_msgs/msg/detail/imu__functions.h
[3.130s] -- Symlinking: /ws_gz/install/champ_msgs/include/champ_msgs/champ_msgs/msg/detail/imu__struct.h
[3.140s] -- Symlinking: /ws_gz/install/champ_msgs/include/champ_msgs/champ_msgs/msg/detail/imu__type_support.h
[3.153s] -- Symlinking: /ws_gz/install/champ_msgs/include/champ_msgs/champ_msgs/msg/detail/joints__functions.h
[3.169s] -- Symlinking: /ws_gz/install/champ_msgs/include/champ_msgs/champ_msgs/msg/detail/joints__struct.h
[3.184s] -- Symlinking: /ws_gz/install/champ_msgs/include/champ_msgs/champ_msgs/msg/detail/joints__type_support.h
[3.194s] -- Symlinking: /ws_gz/install/champ_msgs/include/champ_msgs/champ_msgs/msg/detail/pid__functions.h
[3.204s] -- Symlinking: /ws_gz/install/champ_msgs/include/champ_msgs/champ_msgs/msg/detail/pid__struct.h
[3.210s] -- Symlinking: /ws_gz/install/champ_msgs/include/champ_msgs/champ_msgs/msg/detail/pid__type_support.h
[3.221s] -- Symlinking: /ws_gz/install/champ_msgs/include/champ_msgs/champ_msgs/msg/detail/point__functions.h
[3.233s] -- Symlinking: /ws_gz/install/champ_msgs/include/champ_msgs/champ_msgs/msg/detail/point__struct.h
[3.241s] -- Symlinking: /ws_gz/install/champ_msgs/include/champ_msgs/champ_msgs/msg/detail/point__type_support.h
[3.251s] -- Symlinking: /ws_gz/install/champ_msgs/include/champ_msgs/champ_msgs/msg/detail/point_array__functions.h
[3.263s] -- Symlinking: /ws_gz/install/champ_msgs/include/champ_msgs/champ_msgs/msg/detail/point_array__struct.h
[3.273s] -- Symlinking: /ws_gz/install/champ_msgs/include/champ_msgs/champ_msgs/msg/detail/point_array__type_support.h
[3.280s] -- Symlinking: /ws_gz/install/champ_msgs/include/champ_msgs/champ_msgs/msg/detail/pose__functions.h
[3.286s] -- Symlinking: /ws_gz/install/champ_msgs/include/champ_msgs/champ_msgs/msg/detail/pose__struct.h
[3.292s] -- Symlinking: /ws_gz/install/champ_msgs/include/champ_msgs/champ_msgs/msg/detail/pose__type_support.h
[3.302s] -- Symlinking: /ws_gz/install/champ_msgs/include/champ_msgs/champ_msgs/msg/detail/velocities__functions.h
[3.310s] -- Symlinking: /ws_gz/install/champ_msgs/include/champ_msgs/champ_msgs/msg/detail/velocities__struct.h
[3.318s] -- Symlinking: /ws_gz/install/champ_msgs/include/champ_msgs/champ_msgs/msg/detail/velocities__type_support.h
[3.328s] -- Symlinking: /ws_gz/install/champ_msgs/include/champ_msgs/champ_msgs/msg/imu.h
[3.338s] -- Symlinking: /ws_gz/install/champ_msgs/include/champ_msgs/champ_msgs/msg/joints.h
[3.347s] -- Symlinking: /ws_gz/install/champ_msgs/include/champ_msgs/champ_msgs/msg/pid.h
[3.362s] -- Symlinking: /ws_gz/install/champ_msgs/include/champ_msgs/champ_msgs/msg/point.h
[3.379s] -- Symlinking: /ws_gz/install/champ_msgs/include/champ_msgs/champ_msgs/msg/point_array.h
[3.394s] -- Symlinking: /ws_gz/install/champ_msgs/include/champ_msgs/champ_msgs/msg/pose.h
[3.412s] -- Symlinking: /ws_gz/install/champ_msgs/include/champ_msgs/champ_msgs/msg/rosidl_generator_c__visibility_control.h
[3.427s] -- Symlinking: /ws_gz/install/champ_msgs/include/champ_msgs/champ_msgs/msg/velocities.h
[3.444s] -- Symlinking: /ws_gz/install/champ_msgs/share/champ_msgs/environment/library_path.sh
[3.459s] -- Symlinking: /ws_gz/install/champ_msgs/share/champ_msgs/environment/library_path.dsv
[3.470s] -- Symlinking: /ws_gz/install/champ_msgs/include/champ_msgs/champ_msgs/msg/detail/contacts__rosidl_typesupport_fastrtps_c.h
[3.485s] -- Symlinking: /ws_gz/install/champ_msgs/include/champ_msgs/champ_msgs/msg/detail/contacts_stamped__rosidl_typesupport_fastrtps_c.h
[3.494s] -- Symlinking: /ws_gz/install/champ_msgs/include/champ_msgs/champ_msgs/msg/detail/imu__rosidl_typesupport_fastrtps_c.h
[3.503s] -- Symlinking: /ws_gz/install/champ_msgs/include/champ_msgs/champ_msgs/msg/detail/joints__rosidl_typesupport_fastrtps_c.h
[3.515s] -- Symlinking: /ws_gz/install/champ_msgs/include/champ_msgs/champ_msgs/msg/detail/pid__rosidl_typesupport_fastrtps_c.h
[3.529s] -- Symlinking: /ws_gz/install/champ_msgs/include/champ_msgs/champ_msgs/msg/detail/point__rosidl_typesupport_fastrtps_c.h
[3.535s] -- Symlinking: /ws_gz/install/champ_msgs/include/champ_msgs/champ_msgs/msg/detail/point_array__rosidl_typesupport_fastrtps_c.h
[3.542s] -- Symlinking: /ws_gz/install/champ_msgs/include/champ_msgs/champ_msgs/msg/detail/pose__rosidl_typesupport_fastrtps_c.h
[3.550s] -- Symlinking: /ws_gz/install/champ_msgs/include/champ_msgs/champ_msgs/msg/detail/velocities__rosidl_typesupport_fastrtps_c.h
[3.559s] -- Symlinking: /ws_gz/install/champ_msgs/include/champ_msgs/champ_msgs/msg/rosidl_typesupport_fastrtps_c__visibility_control.h
[3.563s] -- Symlinking: /ws_gz/install/champ_msgs/include/champ_msgs/champ_msgs/msg/detail/contacts__rosidl_typesupport_introspection_c.h
[3.568s] -- Symlinking: /ws_gz/install/champ_msgs/include/champ_msgs/champ_msgs/msg/detail/contacts_stamped__rosidl_typesupport_introspection_c.h
[3.573s] -- Symlinking: /ws_gz/install/champ_msgs/include/champ_msgs/champ_msgs/msg/detail/imu__rosidl_typesupport_introspection_c.h
[3.577s] -- Symlinking: /ws_gz/install/champ_msgs/include/champ_msgs/champ_msgs/msg/detail/joints__rosidl_typesupport_introspection_c.h
[3.582s] -- Symlinking: /ws_gz/install/champ_msgs/include/champ_msgs/champ_msgs/msg/detail/pid__rosidl_typesupport_introspection_c.h
[3.587s] -- Symlinking: /ws_gz/install/champ_msgs/include/champ_msgs/champ_msgs/msg/detail/point__rosidl_typesupport_introspection_c.h
[3.592s] -- Symlinking: /ws_gz/install/champ_msgs/include/champ_msgs/champ_msgs/msg/detail/point_array__rosidl_typesupport_introspection_c.h
[3.597s] -- Symlinking: /ws_gz/install/champ_msgs/include/champ_msgs/champ_msgs/msg/detail/pose__rosidl_typesupport_introspection_c.h
[3.601s] -- Symlinking: /ws_gz/install/champ_msgs/include/champ_msgs/champ_msgs/msg/detail/velocities__rosidl_typesupport_introspection_c.h
[3.606s] -- Symlinking: /ws_gz/install/champ_msgs/include/champ_msgs/champ_msgs/msg/rosidl_typesupport_introspection_c__visibility_control.h
[3.610s] -- Symlinking: /ws_gz/install/champ_msgs/include/champ_msgs/champ_msgs/msg/contacts.hpp
[3.615s] -- Symlinking: /ws_gz/install/champ_msgs/include/champ_msgs/champ_msgs/msg/contacts_stamped.hpp
[3.621s] -- Symlinking: /ws_gz/install/champ_msgs/include/champ_msgs/champ_msgs/msg/detail/contacts__builder.hpp
[3.626s] -- Symlinking: /ws_gz/install/champ_msgs/include/champ_msgs/champ_msgs/msg/detail/contacts__struct.hpp
[3.631s] -- Symlinking: /ws_gz/install/champ_msgs/include/champ_msgs/champ_msgs/msg/detail/contacts__traits.hpp
[3.637s] -- Symlinking: /ws_gz/install/champ_msgs/include/champ_msgs/champ_msgs/msg/detail/contacts__type_support.hpp
[3.646s] -- Symlinking: /ws_gz/install/champ_msgs/include/champ_msgs/champ_msgs/msg/detail/contacts_stamped__builder.hpp
[3.656s] -- Symlinking: /ws_gz/install/champ_msgs/include/champ_msgs/champ_msgs/msg/detail/contacts_stamped__struct.hpp
[3.662s] -- Symlinking: /ws_gz/install/champ_msgs/include/champ_msgs/champ_msgs/msg/detail/contacts_stamped__traits.hpp
[3.669s] -- Symlinking: /ws_gz/install/champ_msgs/include/champ_msgs/champ_msgs/msg/detail/contacts_stamped__type_support.hpp
[3.680s] -- Symlinking: /ws_gz/install/champ_msgs/include/champ_msgs/champ_msgs/msg/detail/imu__builder.hpp
[3.692s] -- Symlinking: /ws_gz/install/champ_msgs/include/champ_msgs/champ_msgs/msg/detail/imu__struct.hpp
[3.696s] -- Symlinking: /ws_gz/install/champ_msgs/include/champ_msgs/champ_msgs/msg/detail/imu__traits.hpp
[3.702s] -- Symlinking: /ws_gz/install/champ_msgs/include/champ_msgs/champ_msgs/msg/detail/imu__type_support.hpp
[3.708s] -- Symlinking: /ws_gz/install/champ_msgs/include/champ_msgs/champ_msgs/msg/detail/joints__builder.hpp
[3.718s] -- Symlinking: /ws_gz/install/champ_msgs/include/champ_msgs/champ_msgs/msg/detail/joints__struct.hpp
[3.725s] -- Symlinking: /ws_gz/install/champ_msgs/include/champ_msgs/champ_msgs/msg/detail/joints__traits.hpp
[3.732s] -- Symlinking: /ws_gz/install/champ_msgs/include/champ_msgs/champ_msgs/msg/detail/joints__type_support.hpp
[3.741s] -- Symlinking: /ws_gz/install/champ_msgs/include/champ_msgs/champ_msgs/msg/detail/pid__builder.hpp
[3.749s] -- Symlinking: /ws_gz/install/champ_msgs/include/champ_msgs/champ_msgs/msg/detail/pid__struct.hpp
[3.758s] -- Symlinking: /ws_gz/install/champ_msgs/include/champ_msgs/champ_msgs/msg/detail/pid__traits.hpp
[3.764s] -- Symlinking: /ws_gz/install/champ_msgs/include/champ_msgs/champ_msgs/msg/detail/pid__type_support.hpp
[3.772s] -- Symlinking: /ws_gz/install/champ_msgs/include/champ_msgs/champ_msgs/msg/detail/point__builder.hpp
[3.787s] -- Symlinking: /ws_gz/install/champ_msgs/include/champ_msgs/champ_msgs/msg/detail/point__struct.hpp
[3.793s] -- Symlinking: /ws_gz/install/champ_msgs/include/champ_msgs/champ_msgs/msg/detail/point__traits.hpp
[3.798s] -- Symlinking: /ws_gz/install/champ_msgs/include/champ_msgs/champ_msgs/msg/detail/point__type_support.hpp
[3.802s] -- Symlinking: /ws_gz/install/champ_msgs/include/champ_msgs/champ_msgs/msg/detail/point_array__builder.hpp
[3.808s] -- Symlinking: /ws_gz/install/champ_msgs/include/champ_msgs/champ_msgs/msg/detail/point_array__struct.hpp
[3.812s] -- Symlinking: /ws_gz/install/champ_msgs/include/champ_msgs/champ_msgs/msg/detail/point_array__traits.hpp
[3.817s] -- Symlinking: /ws_gz/install/champ_msgs/include/champ_msgs/champ_msgs/msg/detail/point_array__type_support.hpp
[3.821s] -- Symlinking: /ws_gz/install/champ_msgs/include/champ_msgs/champ_msgs/msg/detail/pose__builder.hpp
[3.825s] -- Symlinking: /ws_gz/install/champ_msgs/include/champ_msgs/champ_msgs/msg/detail/pose__struct.hpp
[3.830s] -- Symlinking: /ws_gz/install/champ_msgs/include/champ_msgs/champ_msgs/msg/detail/pose__traits.hpp
[3.834s] -- Symlinking: /ws_gz/install/champ_msgs/include/champ_msgs/champ_msgs/msg/detail/pose__type_support.hpp
[3.839s] -- Symlinking: /ws_gz/install/champ_msgs/include/champ_msgs/champ_msgs/msg/detail/velocities__builder.hpp
[3.847s] -- Symlinking: /ws_gz/install/champ_msgs/include/champ_msgs/champ_msgs/msg/detail/velocities__struct.hpp
[3.854s] -- Symlinking: /ws_gz/install/champ_msgs/include/champ_msgs/champ_msgs/msg/detail/velocities__traits.hpp
[3.869s] -- Symlinking: /ws_gz/install/champ_msgs/include/champ_msgs/champ_msgs/msg/detail/velocities__type_support.hpp
[3.884s] -- Symlinking: /ws_gz/install/champ_msgs/include/champ_msgs/champ_msgs/msg/imu.hpp
[3.889s] -- Symlinking: /ws_gz/install/champ_msgs/include/champ_msgs/champ_msgs/msg/joints.hpp
[3.897s] -- Symlinking: /ws_gz/install/champ_msgs/include/champ_msgs/champ_msgs/msg/pid.hpp
[3.904s] -- Symlinking: /ws_gz/install/champ_msgs/include/champ_msgs/champ_msgs/msg/point.hpp
[3.908s] -- Symlinking: /ws_gz/install/champ_msgs/include/champ_msgs/champ_msgs/msg/point_array.hpp
[3.913s] -- Symlinking: /ws_gz/install/champ_msgs/include/champ_msgs/champ_msgs/msg/pose.hpp
[3.918s] -- Symlinking: /ws_gz/install/champ_msgs/include/champ_msgs/champ_msgs/msg/rosidl_generator_cpp__visibility_control.hpp
[3.922s] -- Symlinking: /ws_gz/install/champ_msgs/include/champ_msgs/champ_msgs/msg/velocities.hpp
[3.927s] -- Symlinking: /ws_gz/install/champ_msgs/include/champ_msgs/champ_msgs/msg/detail/contacts__rosidl_typesupport_fastrtps_cpp.hpp
[3.932s] -- Symlinking: /ws_gz/install/champ_msgs/include/champ_msgs/champ_msgs/msg/detail/contacts_stamped__rosidl_typesupport_fastrtps_cpp.hpp
[3.937s] -- Symlinking: /ws_gz/install/champ_msgs/include/champ_msgs/champ_msgs/msg/detail/imu__rosidl_typesupport_fastrtps_cpp.hpp
[3.942s] -- Symlinking: /ws_gz/install/champ_msgs/include/champ_msgs/champ_msgs/msg/detail/joints__rosidl_typesupport_fastrtps_cpp.hpp
[3.947s] -- Symlinking: /ws_gz/install/champ_msgs/include/champ_msgs/champ_msgs/msg/detail/pid__rosidl_typesupport_fastrtps_cpp.hpp
[3.950s] -- Symlinking: /ws_gz/install/champ_msgs/include/champ_msgs/champ_msgs/msg/detail/point__rosidl_typesupport_fastrtps_cpp.hpp
[3.955s] -- Symlinking: /ws_gz/install/champ_msgs/include/champ_msgs/champ_msgs/msg/detail/point_array__rosidl_typesupport_fastrtps_cpp.hpp
[3.961s] -- Symlinking: /ws_gz/install/champ_msgs/include/champ_msgs/champ_msgs/msg/detail/pose__rosidl_typesupport_fastrtps_cpp.hpp
[3.968s] -- Symlinking: /ws_gz/install/champ_msgs/include/champ_msgs/champ_msgs/msg/detail/velocities__rosidl_typesupport_fastrtps_cpp.hpp
[3.973s] -- Symlinking: /ws_gz/install/champ_msgs/include/champ_msgs/champ_msgs/msg/rosidl_typesupport_fastrtps_cpp__visibility_control.h
[3.981s] -- Symlinking: /ws_gz/install/champ_msgs/include/champ_msgs/champ_msgs/msg/detail/contacts__rosidl_typesupport_introspection_cpp.hpp
[3.991s] -- Symlinking: /ws_gz/install/champ_msgs/include/champ_msgs/champ_msgs/msg/detail/contacts_stamped__rosidl_typesupport_introspection_cpp.hpp
[4.003s] -- Symlinking: /ws_gz/install/champ_msgs/include/champ_msgs/champ_msgs/msg/detail/imu__rosidl_typesupport_introspection_cpp.hpp
[4.009s] -- Symlinking: /ws_gz/install/champ_msgs/include/champ_msgs/champ_msgs/msg/detail/joints__rosidl_typesupport_introspection_cpp.hpp
[4.020s] -- Symlinking: /ws_gz/install/champ_msgs/include/champ_msgs/champ_msgs/msg/detail/pid__rosidl_typesupport_introspection_cpp.hpp
[4.032s] -- Symlinking: /ws_gz/install/champ_msgs/include/champ_msgs/champ_msgs/msg/detail/point__rosidl_typesupport_introspection_cpp.hpp
[4.042s] -- Symlinking: /ws_gz/install/champ_msgs/include/champ_msgs/champ_msgs/msg/detail/point_array__rosidl_typesupport_introspection_cpp.hpp
[4.048s] -- Symlinking: /ws_gz/install/champ_msgs/include/champ_msgs/champ_msgs/msg/detail/pose__rosidl_typesupport_introspection_cpp.hpp
[4.055s] -- Symlinking: /ws_gz/install/champ_msgs/include/champ_msgs/champ_msgs/msg/detail/velocities__rosidl_typesupport_introspection_cpp.hpp
[4.062s] -- Symlinking: /ws_gz/install/champ_msgs/share/champ_msgs/environment/pythonpath.sh
[4.070s] -- Symlinking: /ws_gz/install/champ_msgs/share/champ_msgs/environment/pythonpath.dsv
[4.075s] -- Symlinking: /ws_gz/install/champ_msgs/local/lib/python3.10/dist-packages/champ_msgs-0.1.0-py3.10.egg-info/PKG-INFO
[4.079s] -- Symlinking: /ws_gz/install/champ_msgs/local/lib/python3.10/dist-packages/champ_msgs-0.1.0-py3.10.egg-info/SOURCES.txt
[4.083s] -- Symlinking: /ws_gz/install/champ_msgs/local/lib/python3.10/dist-packages/champ_msgs-0.1.0-py3.10.egg-info/dependency_links.txt
[4.088s] -- Symlinking: /ws_gz/install/champ_msgs/local/lib/python3.10/dist-packages/champ_msgs-0.1.0-py3.10.egg-info/top_level.txt
[4.096s] -- Symlinking: /ws_gz/install/champ_msgs/local/lib/python3.10/dist-packages/champ_msgs/__init__.py
[4.100s] -- Symlinking: /ws_gz/install/champ_msgs/local/lib/python3.10/dist-packages/champ_msgs/_champ_msgs_s.ep.rosidl_typesupport_c.c
[4.105s] -- Symlinking: /ws_gz/install/champ_msgs/local/lib/python3.10/dist-packages/champ_msgs/_champ_msgs_s.ep.rosidl_typesupport_fastrtps_c.c
[4.110s] -- Symlinking: /ws_gz/install/champ_msgs/local/lib/python3.10/dist-packages/champ_msgs/_champ_msgs_s.ep.rosidl_typesupport_introspection_c.c
[4.116s] -- Symlinking: /ws_gz/install/champ_msgs/local/lib/python3.10/dist-packages/champ_msgs/champ_msgs_s__rosidl_typesupport_c.cpython-310-x86_64-linux-gnu.so
[4.125s] -- Symlinking: /ws_gz/install/champ_msgs/local/lib/python3.10/dist-packages/champ_msgs/champ_msgs_s__rosidl_typesupport_fastrtps_c.cpython-310-x86_64-linux-gnu.so
[4.135s] -- Symlinking: /ws_gz/install/champ_msgs/local/lib/python3.10/dist-packages/champ_msgs/champ_msgs_s__rosidl_typesupport_introspection_c.cpython-310-x86_64-linux-gnu.so
[4.140s] -- Symlinking: /ws_gz/install/champ_msgs/local/lib/python3.10/dist-packages/champ_msgs/libchamp_msgs__rosidl_generator_py.so
[4.144s] -- Symlinking: /ws_gz/install/champ_msgs/local/lib/python3.10/dist-packages/champ_msgs/msg/__init__.py
[4.149s] -- Symlinking: /ws_gz/install/champ_msgs/local/lib/python3.10/dist-packages/champ_msgs/msg/_contacts.py
[4.155s] -- Symlinking: /ws_gz/install/champ_msgs/local/lib/python3.10/dist-packages/champ_msgs/msg/_contacts_s.c
[4.162s] -- Symlinking: /ws_gz/install/champ_msgs/local/lib/python3.10/dist-packages/champ_msgs/msg/_contacts_stamped.py
[4.167s] -- Symlinking: /ws_gz/install/champ_msgs/local/lib/python3.10/dist-packages/champ_msgs/msg/_contacts_stamped_s.c
[4.173s] -- Symlinking: /ws_gz/install/champ_msgs/local/lib/python3.10/dist-packages/champ_msgs/msg/_imu.py
[4.176s] -- Symlinking: /ws_gz/install/champ_msgs/local/lib/python3.10/dist-packages/champ_msgs/msg/_imu_s.c
[4.180s] -- Symlinking: /ws_gz/install/champ_msgs/local/lib/python3.10/dist-packages/champ_msgs/msg/_joints.py
[4.185s] -- Symlinking: /ws_gz/install/champ_msgs/local/lib/python3.10/dist-packages/champ_msgs/msg/_joints_s.c
[4.190s] -- Symlinking: /ws_gz/install/champ_msgs/local/lib/python3.10/dist-packages/champ_msgs/msg/_pid.py
[4.196s] -- Symlinking: /ws_gz/install/champ_msgs/local/lib/python3.10/dist-packages/champ_msgs/msg/_pid_s.c
[4.200s] -- Symlinking: /ws_gz/install/champ_msgs/local/lib/python3.10/dist-packages/champ_msgs/msg/_point.py
[4.206s] -- Symlinking: /ws_gz/install/champ_msgs/local/lib/python3.10/dist-packages/champ_msgs/msg/_point_array.py
[4.211s] -- Symlinking: /ws_gz/install/champ_msgs/local/lib/python3.10/dist-packages/champ_msgs/msg/_point_array_s.c
[4.215s] -- Symlinking: /ws_gz/install/champ_msgs/local/lib/python3.10/dist-packages/champ_msgs/msg/_point_s.c
[4.220s] -- Symlinking: /ws_gz/install/champ_msgs/local/lib/python3.10/dist-packages/champ_msgs/msg/_pose.py
[4.228s] -- Symlinking: /ws_gz/install/champ_msgs/local/lib/python3.10/dist-packages/champ_msgs/msg/_pose_s.c
[4.235s] -- Symlinking: /ws_gz/install/champ_msgs/local/lib/python3.10/dist-packages/champ_msgs/msg/_velocities.py
[4.241s] -- Symlinking: /ws_gz/install/champ_msgs/local/lib/python3.10/dist-packages/champ_msgs/msg/_velocities_s.c
[4.250s] -- Up-to-date symlink: /ws_gz/install/champ_msgs/local/lib/python3.10/dist-packages/champ_msgs/champ_msgs_s__rosidl_typesupport_fastrtps_c.cpython-310-x86_64-linux-gnu.so
[4.250s] -- Up-to-date symlink: /ws_gz/install/champ_msgs/local/lib/python3.10/dist-packages/champ_msgs/champ_msgs_s__rosidl_typesupport_introspection_c.cpython-310-x86_64-linux-gnu.so
[4.250s] -- Up-to-date symlink: /ws_gz/install/champ_msgs/local/lib/python3.10/dist-packages/champ_msgs/champ_msgs_s__rosidl_typesupport_c.cpython-310-x86_64-linux-gnu.so
[4.250s] -- Symlinking: /ws_gz/install/champ_msgs/share/ament_index/resource_index/rust_packages/champ_msgs
[4.261s] -- Symlinking: /ws_gz/install/champ_msgs/share/champ_msgs/rust/Cargo.toml
[4.267s] -- Symlinking: /ws_gz/install/champ_msgs/share/champ_msgs/rust/build.rs
[4.271s] -- Symlinking: /ws_gz/install/champ_msgs/share/champ_msgs/rust/src/lib.rs
[4.276s] -- Symlinking: /ws_gz/install/champ_msgs/share/champ_msgs/rust/src/msg.rs
[4.280s] -- Symlinking: /ws_gz/install/champ_msgs/share/champ_msgs/rust/src/msg/rmw.rs
[4.284s] -- Symlinking: /ws_gz/install/champ_msgs/share/champ_msgs/msg/Velocities.idl
[4.289s] -- Symlinking: /ws_gz/install/champ_msgs/share/champ_msgs/msg/PID.idl
[4.294s] -- Symlinking: /ws_gz/install/champ_msgs/share/champ_msgs/msg/Imu.idl
[4.299s] -- Symlinking: /ws_gz/install/champ_msgs/share/champ_msgs/msg/Point.idl
[4.304s] -- Symlinking: /ws_gz/install/champ_msgs/share/champ_msgs/msg/PointArray.idl
[4.309s] -- Symlinking: /ws_gz/install/champ_msgs/share/champ_msgs/msg/Joints.idl
[4.316s] -- Symlinking: /ws_gz/install/champ_msgs/share/champ_msgs/msg/Contacts.idl
[4.324s] -- Symlinking: /ws_gz/install/champ_msgs/share/champ_msgs/msg/ContactsStamped.idl
[4.330s] -- Symlinking: /ws_gz/install/champ_msgs/share/champ_msgs/msg/Pose.idl
[4.336s] -- Symlinking: /ws_gz/install/champ_msgs/share/champ_msgs/msg/Velocities.msg
[4.340s] -- Symlinking: /ws_gz/install/champ_msgs/share/champ_msgs/msg/PID.msg
[4.345s] -- Symlinking: /ws_gz/install/champ_msgs/share/champ_msgs/msg/Imu.msg
[4.349s] -- Symlinking: /ws_gz/install/champ_msgs/share/champ_msgs/msg/Point.msg
[4.355s] -- Symlinking: /ws_gz/install/champ_msgs/share/champ_msgs/msg/PointArray.msg
[4.360s] -- Symlinking: /ws_gz/install/champ_msgs/share/champ_msgs/msg/Joints.msg
[4.365s] -- Symlinking: /ws_gz/install/champ_msgs/share/champ_msgs/msg/Contacts.msg
[4.369s] -- Symlinking: /ws_gz/install/champ_msgs/share/champ_msgs/msg/ContactsStamped.msg
[4.373s] -- Symlinking: /ws_gz/install/champ_msgs/share/champ_msgs/msg/Pose.msg
[4.377s] -- Symlinking: /ws_gz/install/champ_msgs/share/ament_index/resource_index/package_run_dependencies/champ_msgs
[4.382s] -- Symlinking: /ws_gz/install/champ_msgs/share/ament_index/resource_index/parent_prefix_path/champ_msgs
[4.387s] -- Symlinking: /ws_gz/install/champ_msgs/share/champ_msgs/environment/ament_prefix_path.sh
[4.392s] -- Symlinking: /ws_gz/install/champ_msgs/share/champ_msgs/environment/ament_prefix_path.dsv
[4.397s] -- Symlinking: /ws_gz/install/champ_msgs/share/champ_msgs/environment/path.sh
[4.402s] -- Symlinking: /ws_gz/install/champ_msgs/share/champ_msgs/environment/path.dsv
[4.407s] -- Symlinking: /ws_gz/install/champ_msgs/share/champ_msgs/local_setup.bash
[4.416s] -- Symlinking: /ws_gz/install/champ_msgs/share/champ_msgs/local_setup.sh
[4.425s] -- Symlinking: /ws_gz/install/champ_msgs/share/champ_msgs/local_setup.zsh
[4.432s] -- Symlinking: /ws_gz/install/champ_msgs/share/champ_msgs/local_setup.dsv
[4.438s] -- Symlinking: /ws_gz/install/champ_msgs/share/champ_msgs/package.dsv
[4.447s] -- Symlinking: /ws_gz/install/champ_msgs/share/ament_index/resource_index/packages/champ_msgs
[4.456s] -- Symlinking: /ws_gz/install/champ_msgs/share/champ_msgs/cmake/rosidl_cmake-extras.cmake
[4.461s] -- Symlinking: /ws_gz/install/champ_msgs/share/champ_msgs/cmake/ament_cmake_export_dependencies-extras.cmake
[4.467s] -- Symlinking: /ws_gz/install/champ_msgs/share/champ_msgs/cmake/ament_cmake_export_include_directories-extras.cmake
[4.476s] -- Symlinking: /ws_gz/install/champ_msgs/share/champ_msgs/cmake/ament_cmake_export_libraries-extras.cmake
[4.486s] -- Symlinking: /ws_gz/install/champ_msgs/share/champ_msgs/cmake/ament_cmake_export_targets-extras.cmake
[4.493s] -- Symlinking: /ws_gz/install/champ_msgs/share/champ_msgs/cmake/rosidl_cmake_export_typesupport_targets-extras.cmake
[4.500s] -- Symlinking: /ws_gz/install/champ_msgs/share/champ_msgs/cmake/rosidl_cmake_export_typesupport_libraries-extras.cmake
[4.509s] -- Symlinking: /ws_gz/install/champ_msgs/share/champ_msgs/cmake/champ_msgsConfig.cmake
[4.520s] -- Symlinking: /ws_gz/install/champ_msgs/share/champ_msgs/cmake/champ_msgsConfig-version.cmake
[4.524s] -- Symlinking: /ws_gz/install/champ_msgs/share/champ_msgs/package.xml
[4.529s] -- Installing: /ws_gz/install/champ_msgs/lib/libchamp_msgs__rosidl_generator_c.so
[4.529s] -- Set runtime path of "/ws_gz/install/champ_msgs/lib/libchamp_msgs__rosidl_generator_c.so" to ""
[4.529s] -- Installing: /ws_gz/install/champ_msgs/lib/libchamp_msgs__rosidl_typesupport_fastrtps_c.so
[4.530s] -- Set runtime path of "/ws_gz/install/champ_msgs/lib/libchamp_msgs__rosidl_typesupport_fastrtps_c.so" to ""
[4.530s] -- Installing: /ws_gz/install/champ_msgs/lib/libchamp_msgs__rosidl_typesupport_introspection_c.so
[4.530s] -- Set runtime path of "/ws_gz/install/champ_msgs/lib/libchamp_msgs__rosidl_typesupport_introspection_c.so" to ""
[4.530s] -- Installing: /ws_gz/install/champ_msgs/lib/libchamp_msgs__rosidl_typesupport_c.so
[4.530s] -- Set runtime path of "/ws_gz/install/champ_msgs/lib/libchamp_msgs__rosidl_typesupport_c.so" to ""
[4.530s] -- Installing: /ws_gz/install/champ_msgs/lib/libchamp_msgs__rosidl_typesupport_fastrtps_cpp.so
[4.530s] -- Set runtime path of "/ws_gz/install/champ_msgs/lib/libchamp_msgs__rosidl_typesupport_fastrtps_cpp.so" to ""
[4.530s] -- Installing: /ws_gz/install/champ_msgs/lib/libchamp_msgs__rosidl_typesupport_introspection_cpp.so
[4.530s] -- Set runtime path of "/ws_gz/install/champ_msgs/lib/libchamp_msgs__rosidl_typesupport_introspection_cpp.so" to ""
[4.530s] -- Installing: /ws_gz/install/champ_msgs/lib/libchamp_msgs__rosidl_typesupport_cpp.so
[4.530s] -- Set runtime path of "/ws_gz/install/champ_msgs/lib/libchamp_msgs__rosidl_typesupport_cpp.so" to ""
[4.565s] Listing '/ws_gz/install/champ_msgs/local/lib/python3.10/dist-packages/champ_msgs'...
[4.565s] Compiling '/ws_gz/install/champ_msgs/local/lib/python3.10/dist-packages/champ_msgs/__init__.py'...
[4.565s] Listing '/ws_gz/install/champ_msgs/local/lib/python3.10/dist-packages/champ_msgs/msg'...
[4.565s] Compiling '/ws_gz/install/champ_msgs/local/lib/python3.10/dist-packages/champ_msgs/msg/__init__.py'...
[4.565s] Compiling '/ws_gz/install/champ_msgs/local/lib/python3.10/dist-packages/champ_msgs/msg/_contacts.py'...
[4.565s] Compiling '/ws_gz/install/champ_msgs/local/lib/python3.10/dist-packages/champ_msgs/msg/_contacts_stamped.py'...
[4.565s] Compiling '/ws_gz/install/champ_msgs/local/lib/python3.10/dist-packages/champ_msgs/msg/_imu.py'...
[4.565s] Compiling '/ws_gz/install/champ_msgs/local/lib/python3.10/dist-packages/champ_msgs/msg/_joints.py'...
[4.565s] Compiling '/ws_gz/install/champ_msgs/local/lib/python3.10/dist-packages/champ_msgs/msg/_pid.py'...
[4.565s] Compiling '/ws_gz/install/champ_msgs/local/lib/python3.10/dist-packages/champ_msgs/msg/_point.py'...
[4.565s] Compiling '/ws_gz/install/champ_msgs/local/lib/python3.10/dist-packages/champ_msgs/msg/_point_array.py'...
[4.565s] Compiling '/ws_gz/install/champ_msgs/local/lib/python3.10/dist-packages/champ_msgs/msg/_pose.py'...
[4.565s] Compiling '/ws_gz/install/champ_msgs/local/lib/python3.10/dist-packages/champ_msgs/msg/_velocities.py'...
[4.567s] -- Installing: /ws_gz/install/champ_msgs/lib/libchamp_msgs__rosidl_generator_py.so
[4.567s] -- Set runtime path of "/ws_gz/install/champ_msgs/lib/libchamp_msgs__rosidl_generator_py.so" to ""
[4.567s] -- Installing: /ws_gz/install/champ_msgs/share/champ_msgs/cmake/export_champ_msgs__rosidl_generator_cExport.cmake
[4.567s] -- Installing: /ws_gz/install/champ_msgs/share/champ_msgs/cmake/export_champ_msgs__rosidl_generator_cExport-release.cmake
[4.567s] -- Installing: /ws_gz/install/champ_msgs/share/champ_msgs/cmake/export_champ_msgs__rosidl_typesupport_fastrtps_cExport.cmake
[4.567s] -- Installing: /ws_gz/install/champ_msgs/share/champ_msgs/cmake/export_champ_msgs__rosidl_typesupport_fastrtps_cExport-release.cmake
[4.567s] -- Installing: /ws_gz/install/champ_msgs/share/champ_msgs/cmake/champ_msgs__rosidl_typesupport_introspection_cExport.cmake
[4.567s] -- Installing: /ws_gz/install/champ_msgs/share/champ_msgs/cmake/champ_msgs__rosidl_typesupport_introspection_cExport-release.cmake
[4.568s] -- Installing: /ws_gz/install/champ_msgs/share/champ_msgs/cmake/champ_msgs__rosidl_typesupport_cExport.cmake
[4.568s] -- Installing: /ws_gz/install/champ_msgs/share/champ_msgs/cmake/champ_msgs__rosidl_typesupport_cExport-release.cmake
[4.568s] -- Installing: /ws_gz/install/champ_msgs/share/champ_msgs/cmake/export_champ_msgs__rosidl_generator_cppExport.cmake
[4.568s] -- Installing: /ws_gz/install/champ_msgs/share/champ_msgs/cmake/export_champ_msgs__rosidl_typesupport_fastrtps_cppExport.cmake
[4.568s] -- Installing: /ws_gz/install/champ_msgs/share/champ_msgs/cmake/export_champ_msgs__rosidl_typesupport_fastrtps_cppExport-release.cmake
[4.568s] -- Installing: /ws_gz/install/champ_msgs/share/champ_msgs/cmake/champ_msgs__rosidl_typesupport_introspection_cppExport.cmake
[4.568s] -- Installing: /ws_gz/install/champ_msgs/share/champ_msgs/cmake/champ_msgs__rosidl_typesupport_introspection_cppExport-release.cmake
[4.568s] -- Installing: /ws_gz/install/champ_msgs/share/champ_msgs/cmake/champ_msgs__rosidl_typesupport_cppExport.cmake
[4.568s] -- Installing: /ws_gz/install/champ_msgs/share/champ_msgs/cmake/champ_msgs__rosidl_typesupport_cppExport-release.cmake
[4.568s] -- Installing: /ws_gz/install/champ_msgs/share/champ_msgs/cmake/export_champ_msgs__rosidl_generator_pyExport.cmake
[4.568s] -- Installing: /ws_gz/install/champ_msgs/share/champ_msgs/cmake/export_champ_msgs__rosidl_generator_pyExport-release.cmake
[4.569s] Invoked command in '/ws_gz/build/champ_msgs' returned '0': CMAKE_PREFIX_PATH=/opt/ros/humble /usr/bin/cmake --install /ws_gz/build/champ_msgs
