[0.009s] Invoking command in '/ws_gz/build/champ_description': CMAKE_PREFIX_PATH=/opt/ros/humble /usr/bin/cmake /ws_gz/src/gz_quadbot/champ/champ_description -DCMAKE_BUILD_TYPE=Release -DAMENT_CMAKE_SYMLINK_INSTALL=1 -DCMAKE_INSTALL_PREFIX=/ws_gz/install/champ_description
[0.046s] -- The C compiler identification is GNU 13.4.0
[0.081s] -- The CXX compiler identification is GNU 13.4.0
[0.087s] -- Detecting C compiler ABI info
[0.136s] -- Detecting C compiler ABI info - done
[0.141s] -- Check for working C compiler: /usr/bin/cc - skipped
[0.141s] -- Detecting C compile features
[0.141s] -- Detecting C compile features - done
[0.143s] -- Detecting CXX compiler ABI info
[0.195s] -- Detecting CXX compiler ABI info - done
[0.201s] -- Check for working CXX compiler: /usr/bin/c++ - skipped
[0.201s] -- Detecting CXX compile features
[0.201s] -- Detecting CXX compile features - done
[0.203s] -- Found ament_cmake: 1.3.14 (/opt/ros/humble/share/ament_cmake/cmake)
[0.301s] -- Found Python3: /usr/bin/python3 (found version "3.10.12") found components: Interpreter 
[0.337s] -- Override CMake install command with custom implementation using symlinks instead of copying resources
[0.358s] -- Found ament_lint_auto: 0.12.15 (/opt/ros/humble/share/ament_lint_auto/cmake)
[0.397s] -- Configuring done
[0.398s] -- Generating done
[0.398s] -- Build files have been written to: /ws_gz/build/champ_description
[0.401s] Invoked command in '/ws_gz/build/champ_description' returned '0': CMAKE_PREFIX_PATH=/opt/ros/humble /usr/bin/cmake /ws_gz/src/gz_quadbot/champ/champ_description -DCMAKE_BUILD_TYPE=Release -DAMENT_CMAKE_SYMLINK_INSTALL=1 -DCMAKE_INSTALL_PREFIX=/ws_gz/install/champ_description
[0.402s] Invoking command in '/ws_gz/build/champ_description': CMAKE_PREFIX_PATH=/opt/ros/humble /usr/bin/cmake --build /ws_gz/build/champ_description -- -j32 -l32
[0.425s] Invoked command in '/ws_gz/build/champ_description' returned '0': CMAKE_PREFIX_PATH=/opt/ros/humble /usr/bin/cmake --build /ws_gz/build/champ_description -- -j32 -l32
[0.426s] Invoking command in '/ws_gz/build/champ_description': CMAKE_PREFIX_PATH=/opt/ros/humble /usr/bin/cmake --install /ws_gz/build/champ_description
[0.430s] -- Install configuration: "Release"
[0.430s] -- Execute custom install script
[0.430s] -- Symlinking: /ws_gz/install/champ_description/share/champ_description/launch/description.launch
[0.436s] -- Symlinking: /ws_gz/install/champ_description/share/champ_description/launch/description.launch.py
[0.441s] -- Symlinking: /ws_gz/install/champ_description/share/champ_description/launch/view_urdf.launch
[0.447s] -- Symlinking: /ws_gz/install/champ_description/share/champ_description/rviz/urdf_viewer.rviz
[0.451s] -- Symlinking: /ws_gz/install/champ_description/share/champ_description/meshes/arm/base.stl
[0.457s] -- Symlinking: /ws_gz/install/champ_description/share/champ_description/meshes/arm/lower_arm.stl
[0.462s] -- Symlinking: /ws_gz/install/champ_description/share/champ_description/meshes/arm/upper_arm.stl
[0.467s] -- Symlinking: /ws_gz/install/champ_description/share/champ_description/meshes/arm/wrist1.stl
[0.473s] -- Symlinking: /ws_gz/install/champ_description/share/champ_description/meshes/arm/wrist2.stl
[0.478s] -- Symlinking: /ws_gz/install/champ_description/share/champ_description/meshes/asus_camera_simple.dae
[0.484s] -- Symlinking: /ws_gz/install/champ_description/share/champ_description/meshes/base.stl
[0.489s] -- Symlinking: /ws_gz/install/champ_description/share/champ_description/meshes/base_simple.stl
[0.494s] -- Symlinking: /ws_gz/install/champ_description/share/champ_description/meshes/hip.stl
[0.499s] -- Symlinking: /ws_gz/install/champ_description/share/champ_description/meshes/hokuyo_utm_30lx.dae
[0.505s] -- Symlinking: /ws_gz/install/champ_description/share/champ_description/meshes/lower_leg.stl
[0.510s] -- Symlinking: /ws_gz/install/champ_description/share/champ_description/meshes/lower_leg_simple.stl
[0.515s] -- Symlinking: /ws_gz/install/champ_description/share/champ_description/meshes/upper_leg.stl
[0.520s] -- Symlinking: /ws_gz/install/champ_description/share/champ_description/meshes/upper_leg_simple.stl
[0.526s] -- Symlinking: /ws_gz/install/champ_description/share/champ_description/urdf/accessories.urdf.xacro
[0.532s] -- Symlinking: /ws_gz/install/champ_description/share/champ_description/urdf/asus_camera.urdf.xacro
[0.537s] -- Symlinking: /ws_gz/install/champ_description/share/champ_description/urdf/champ.urdf
[0.542s] -- Symlinking: /ws_gz/install/champ_description/share/champ_description/urdf/champ.urdf.xacro
[0.547s] -- Symlinking: /ws_gz/install/champ_description/share/champ_description/urdf/champ_arm.urdf
[0.552s] -- Symlinking: /ws_gz/install/champ_description/share/champ_description/urdf/champ_velodyne.urdf
[0.556s] -- Symlinking: /ws_gz/install/champ_description/share/champ_description/urdf/gen_urdf
[0.562s] -- Symlinking: /ws_gz/install/champ_description/share/champ_description/urdf/hokuyo_utm30lx.urdf.xacro
[0.565s] -- Symlinking: /ws_gz/install/champ_description/share/champ_description/urdf/leg.urdf.xacro
[0.571s] -- Symlinking: /ws_gz/install/champ_description/share/champ_description/urdf/properties.urdf.xacro
[0.576s] -- Symlinking: /ws_gz/install/champ_description/share/ament_index/resource_index/package_run_dependencies/champ_description
[0.580s] -- Symlinking: /ws_gz/install/champ_description/share/ament_index/resource_index/parent_prefix_path/champ_description
[0.586s] -- Symlinking: /ws_gz/install/champ_description/share/champ_description/environment/ament_prefix_path.sh
[0.591s] -- Symlinking: /ws_gz/install/champ_description/share/champ_description/environment/ament_prefix_path.dsv
[0.597s] -- Symlinking: /ws_gz/install/champ_description/share/champ_description/environment/path.sh
[0.602s] -- Symlinking: /ws_gz/install/champ_description/share/champ_description/environment/path.dsv
[0.607s] -- Symlinking: /ws_gz/install/champ_description/share/champ_description/local_setup.bash
[0.611s] -- Symlinking: /ws_gz/install/champ_description/share/champ_description/local_setup.sh
[0.615s] -- Symlinking: /ws_gz/install/champ_description/share/champ_description/local_setup.zsh
[0.619s] -- Symlinking: /ws_gz/install/champ_description/share/champ_description/local_setup.dsv
[0.623s] -- Symlinking: /ws_gz/install/champ_description/share/champ_description/package.dsv
[0.627s] -- Symlinking: /ws_gz/install/champ_description/share/ament_index/resource_index/packages/champ_description
[0.633s] -- Symlinking: /ws_gz/install/champ_description/share/champ_description/cmake/champ_descriptionConfig.cmake
[0.637s] -- Symlinking: /ws_gz/install/champ_description/share/champ_description/cmake/champ_descriptionConfig-version.cmake
[0.642s] -- Symlinking: /ws_gz/install/champ_description/share/champ_description/package.xml
[0.649s] Invoked command in '/ws_gz/build/champ_description' returned '0': CMAKE_PREFIX_PATH=/opt/ros/humble /usr/bin/cmake --install /ws_gz/build/champ_description
