[0.029s] Invoking command in '/root/dddmr_navigation/build/mapping_panel': CMAKE_PREFIX_PATH=/opt/ros/humble /usr/bin/cmake /root/dddmr_navigation/src/dddmr_rviz_tools/mapping_panel -DCMAKE_BUILD_TYPE=Release -DAMENT_CMAKE_SYMLINK_INSTALL=1 -DCMAKE_INSTALL_PREFIX=/root/dddmr_navigation/install/mapping_panel
[0.071s] -- The CXX compiler identification is GNU 13.4.0
[0.078s] -- Detecting CXX compiler ABI info
[0.142s] -- Detecting CXX compiler ABI info - done
[0.152s] -- Check for working CXX compiler: /usr/bin/c++ - skipped
[0.152s] -- Detecting CXX compile features
[0.152s] -- Detecting CXX compile features - done
[0.155s] -- Found ament_cmake: 1.3.14 (/opt/ros/humble/share/ament_cmake/cmake)
[0.309s] -- Found Python3: /usr/bin/python3 (found version "3.10.12") found components: Interpreter 
[0.374s] -- Override CMake install command with custom implementation using symlinks instead of copying resources
[0.398s] -- Found rviz_ogre_vendor: 11.2.26 (/opt/ros/humble/share/rviz_ogre_vendor/cmake)
[0.400s] -- Setting OGRE_DIR to: '/opt/ros/humble/share/rviz_ogre_vendor/cmake/../../../opt/rviz_ogre_vendor/lib/OGRE/cmake'
[0.400s] -- Found OGRE
[0.400s] --   static     : OFF
[0.400s] --   components : HLMS;MeshLodGenerator;Overlay;Paging;Property;RTShaderSystem;Terrain;Volume
[0.400s] --   plugins    : Plugin_BSPSceneManager;Plugin_OctreeSceneManager;Plugin_PCZSceneManager;Plugin_ParticleFX;RenderSystem_GL;RenderSystem_GL3Plus;Codec_STBI
[0.400s] --   media      : /opt/ros/humble/opt/rviz_ogre_vendor/share/OGRE/Media
[0.400s] -- OGRE_LIBRARIES: OgreHLMS;OgreMeshLodGenerator;OgreOverlay;OgrePaging;OgreProperty;OgreRTShaderSystem;OgreTerrain;OgreVolume;OgreMain
[0.401s] -- OGRE_LIBRARY_DIRS: /opt/ros/humble/opt/rviz_ogre_vendor/lib
[0.401s] -- OGRE_PLUGINS: Plugin_BSPSceneManager;Plugin_OctreeSceneManager;Plugin_PCZSceneManager;Plugin_ParticleFX;RenderSystem_GL;RenderSystem_GL3Plus;Codec_STBI
[0.401s] -- OGRE_PLUGIN_DIR: /opt/ros/humble/opt/rviz_ogre_vendor/lib/OGRE
[0.401s] -- rviz_ogre_vendor::OgreOverlay for IMPORTED_LOCATION_RELEASE: /opt/ros/humble/opt/rviz_ogre_vendor/lib/libOgreOverlay.so
[0.401s] -- rviz_ogre_vendor::OgreOverlay for IMPORTED_LOCATION_DEBUG: /opt/ros/humble/opt/rviz_ogre_vendor/lib/libOgreOverlay.so
[0.401s] -- rviz_ogre_vendor::OgreMain for IMPORTED_LOCATION_RELEASE: /opt/ros/humble/opt/rviz_ogre_vendor/lib/libOgreMain.so
[0.401s] -- rviz_ogre_vendor::OgreMain for IMPORTED_LOCATION_DEBUG: /opt/ros/humble/opt/rviz_ogre_vendor/lib/libOgreMain.so
[0.426s] -- Found ZLIB: /usr/lib/x86_64-linux-gnu/libz.so (found version "1.2.11") 
[0.429s] -- Found OpenGL: /usr/lib/x86_64-linux-gnu/libOpenGL.so   
[0.504s] -- Found X11: /usr/include   
[0.505s] -- Looking for XOpenDisplay in /usr/lib/x86_64-linux-gnu/libX11.so;/usr/lib/x86_64-linux-gnu/libXext.so
[0.588s] -- Looking for XOpenDisplay in /usr/lib/x86_64-linux-gnu/libX11.so;/usr/lib/x86_64-linux-gnu/libXext.so - found
[0.588s] -- Looking for gethostbyname
[0.674s] -- Looking for gethostbyname - found
[0.674s] -- Looking for connect
[0.755s] -- Looking for connect - found
[0.755s] -- Looking for remove
[0.836s] -- Looking for remove - found
[0.836s] -- Looking for shmat
[0.921s] -- Looking for shmat - found
[0.921s] -- Looking for IceConnectionNumber in ICE
[1.013s] -- Looking for IceConnectionNumber in ICE - found
[1.031s] -- Found pluginlib: 5.1.4 (/opt/ros/humble/share/pluginlib/cmake)
[1.089s] -- Found rclcpp: 16.0.19 (/opt/ros/humble/share/rclcpp/cmake)
[1.123s] -- Found rosidl_generator_c: 3.1.8 (/opt/ros/humble/share/rosidl_generator_c/cmake)
[1.129s] -- Found rosidl_adapter: 3.1.8 (/opt/ros/humble/share/rosidl_adapter/cmake)
[1.141s] -- Found rosidl_generator_cpp: 3.1.8 (/opt/ros/humble/share/rosidl_generator_cpp/cmake)
[1.160s] -- Using all available rosidl_typesupport_c: rosidl_typesupport_fastrtps_c;rosidl_typesupport_introspection_c
[1.180s] -- Using all available rosidl_typesupport_cpp: rosidl_typesupport_fastrtps_cpp;rosidl_typesupport_introspection_cpp
[1.242s] -- Found rmw_implementation_cmake: 6.1.2 (/opt/ros/humble/share/rmw_implementation_cmake/cmake)
[1.245s] -- Found rmw_fastrtps_cpp: 6.2.10 (/opt/ros/humble/share/rmw_fastrtps_cpp/cmake)
[1.275s] -- Found TinyXML2 via Config file: TinyXML2_DIR-NOTFOUND
[1.324s] -- Found OpenSSL: /usr/lib/x86_64-linux-gnu/libcrypto.so (found version "3.0.2")  
[1.327s] -- Found TinyXML2 via Config file: TinyXML2_DIR-NOTFOUND
[1.341s] -- Found FastRTPS: /opt/ros/humble/include  
[1.345s] -- Found TinyXML2 via Config file: TinyXML2_DIR-NOTFOUND
[1.353s] -- Found TinyXML2 via Config file: TinyXML2_DIR-NOTFOUND
[1.366s] -- Using RMW implementation 'rmw_fastrtps_cpp' as default
[1.375s] -- Looking for C++ include pthread.h
[1.480s] -- Looking for C++ include pthread.h - found
[1.480s] -- Performing Test CMAKE_HAVE_LIBC_PTHREAD
[1.596s] -- Performing Test CMAKE_HAVE_LIBC_PTHREAD - Success
[1.596s] -- Found Threads: TRUE  
[1.675s] -- Found rviz_assimp_vendor: 11.2.26 (/opt/ros/humble/share/rviz_assimp_vendor/cmake)
[1.675s] -- Setting assimp_DIR to: '/opt/ros/humble/share/rviz_assimp_vendor/cmake/../../../opt/rviz_assimp_vendor/lib/cmake/assimp-4.1'
[1.681s] -- Found rviz_rendering: 11.2.26 (/opt/ros/humble/share/rviz_rendering/cmake)
[1.780s] -- library: /usr/lib/x86_64-linux-gnu/libcurl.so
[1.784s] -- Found rviz_common: 11.2.26 (/opt/ros/humble/share/rviz_common/cmake)
[1.862s] -- Found Eigen3: TRUE (found version "3.4.0") 
[1.862s] -- Ensuring Eigen3 include directory is part of orocos-kdl CMake target
[2.008s] -- Found pcl_conversions: 2.4.5 (/opt/ros/humble/share/pcl_conversions/cmake)
[2.052s] -- Checking for module 'eigen3'
[2.064s] --   Found eigen3, version 3.4.0
[2.097s] -- Found Eigen: /usr/include/eigen3 (Required is at least version "3.1") 
[2.097s] -- Eigen found (include: /usr/include/eigen3, version: 3.4.0)
[2.144s] -- Checking for module 'flann'
[2.157s] --   Found flann, version 1.9.1
[2.194s] -- Found FLANN: /usr/lib/x86_64-linux-gnu/libflann_cpp.so  
[2.194s] -- FLANN found (include: /usr/include, lib: /usr/lib/x86_64-linux-gnu/libflann_cpp.so)
[2.483s] -- Checking for module 'libusb-1.0'
[2.495s] --   Found libusb-1.0, version 1.0.25
[2.524s] -- Found libusb: /usr/lib/x86_64-linux-gnu/libusb-1.0.so  
[2.525s] -- OpenNI found (version: 1.5.4.0, include: /usr/include/ni, lib: /usr/lib/libOpenNI.so;libusb::libusb)
[2.572s] -- OpenNI2 found (version: 2.2.0.33, include: /usr/include/openni2, lib: /usr/lib/x86_64-linux-gnu/libOpenNI2.so;libusb::libusb)
[2.717s] -- Eigen found (include: /usr/include/eigen3, version: 3.4.0)
[2.723s] -- OpenNI found (version: 1.5.4.0, include: /usr/include/ni, lib: /usr/lib/libOpenNI.so;libusb::libusb)
[2.729s] -- OpenNI2 found (version: 2.2.0.33, include: /usr/include/openni2, lib: /usr/lib/x86_64-linux-gnu/libOpenNI2.so;libusb::libusb)
[2.858s] -- Found Qhull version 8.0.2
[2.998s] -- OpenNI found (version: 1.5.4.0, include: /usr/include/ni, lib: /usr/lib/libOpenNI.so;libusb::libusb)
[3.122s] -- Found PCL_COMMON: /usr/lib/x86_64-linux-gnu/libpcl_common.so  
[3.122s] -- Found PCL_KDTREE: /usr/lib/x86_64-linux-gnu/libpcl_kdtree.so  
[3.123s] -- Found PCL_OCTREE: /usr/lib/x86_64-linux-gnu/libpcl_octree.so  
[3.124s] -- Found PCL_SEARCH: /usr/lib/x86_64-linux-gnu/libpcl_search.so  
[3.124s] -- Found PCL_SAMPLE_CONSENSUS: /usr/lib/x86_64-linux-gnu/libpcl_sample_consensus.so  
[3.125s] -- Found PCL_FILTERS: /usr/lib/x86_64-linux-gnu/libpcl_filters.so  
[3.125s] -- Found PCL_2D: /usr/include/pcl-1.12  
[3.125s] -- Found PCL_GEOMETRY: /usr/include/pcl-1.12  
[3.126s] -- Found PCL_IO: /usr/lib/x86_64-linux-gnu/libpcl_io.so  
[3.127s] -- Found PCL_FEATURES: /usr/lib/x86_64-linux-gnu/libpcl_features.so  
[3.127s] -- Found PCL_ML: /usr/lib/x86_64-linux-gnu/libpcl_ml.so  
[3.128s] -- Found PCL_SEGMENTATION: /usr/lib/x86_64-linux-gnu/libpcl_segmentation.so  
[3.129s] -- Found PCL_VISUALIZATION: /usr/lib/x86_64-linux-gnu/libpcl_visualization.so  
[3.129s] -- Found PCL_SURFACE: /usr/lib/x86_64-linux-gnu/libpcl_surface.so  
[3.131s] -- Found PCL_REGISTRATION: /usr/lib/x86_64-linux-gnu/libpcl_registration.so  
[3.132s] -- Found PCL_KEYPOINTS: /usr/lib/x86_64-linux-gnu/libpcl_keypoints.so  
[3.133s] -- Found PCL_TRACKING: /usr/lib/x86_64-linux-gnu/libpcl_tracking.so  
[3.133s] -- Found PCL_RECOGNITION: /usr/lib/x86_64-linux-gnu/libpcl_recognition.so  
[3.134s] -- Found PCL_STEREO: /usr/lib/x86_64-linux-gnu/libpcl_stereo.so  
[3.135s] -- Found PCL_APPS: /usr/lib/x86_64-linux-gnu/libpcl_apps.so  
[3.135s] -- Found PCL_IN_HAND_SCANNER: /usr/include/pcl-1.12  
[3.135s] -- Found PCL_MODELER: /usr/include/pcl-1.12  
[3.136s] -- Found PCL_POINT_CLOUD_EDITOR: /usr/include/pcl-1.12  
[3.136s] -- Found PCL_OUTOFCORE: /usr/lib/x86_64-linux-gnu/libpcl_outofcore.so  
[3.137s] -- Found PCL_PEOPLE: /usr/lib/x86_64-linux-gnu/libpcl_people.so  
[3.138s] [33mCMake Warning (dev) at CMakeLists.txt:31 (find_package):
[3.139s]   Policy CMP0074 is not set: find_package uses <PackageName>_ROOT variables.
[3.139s]   Run "cmake --help-policy CMP0074" for policy details.  Use the cmake_policy
[3.139s]   command to set the policy and suppress this warning.
[3.139s] 
[3.139s]   CMake variable PCL_ROOT is set to:
[3.139s] 
[3.139s]     /usr
[3.139s] 
[3.139s]   For compatibility, CMake is ignoring the variable.
[3.139s] This warning is for project developers.  Use -Wno-dev to suppress it.
[3.139s] [0m
[3.213s] -- Configuring done
[3.260s] -- Generating done
[3.270s] -- Build files have been written to: /root/dddmr_navigation/build/mapping_panel
