[0.006s] Invoking command in '/ws_gz/build/champ_gazebo': AMENT_PREFIX_PATH=/ws_gz/install/champ_msgs:/ws_gz/install/champ:${AMENT_PREFIX_PATH} CMAKE_PREFIX_PATH=/ws_gz/install/champ_msgs:/ws_gz/install/champ:/opt/ros/humble LD_LIBRARY_PATH=/ws_gz/install/champ_msgs/lib:${LD_LIBRARY_PATH} PYTHONPATH=/ws_gz/install/champ_msgs/local/lib/python3.10/dist-packages:${PYTHONPATH} /usr/bin/cmake --build /ws_gz/build/champ_gazebo -- -j32 -l32
[0.060s] [100%] Built target contact_sensor
[0.068s] Invoked command in '/ws_gz/build/champ_gazebo' returned '0': AMENT_PREFIX_PATH=/ws_gz/install/champ_msgs:/ws_gz/install/champ:${AMENT_PREFIX_PATH} CMAKE_PREFIX_PATH=/ws_gz/install/champ_msgs:/ws_gz/install/champ:/opt/ros/humble LD_LIBRARY_PATH=/ws_gz/install/champ_msgs/lib:${LD_LIBRARY_PATH} PYTHONPATH=/ws_gz/install/champ_msgs/local/lib/python3.10/dist-packages:${PYTHONPATH} /usr/bin/cmake --build /ws_gz/build/champ_gazebo -- -j32 -l32
[0.069s] Invoking command in '/ws_gz/build/champ_gazebo': AMENT_PREFIX_PATH=/ws_gz/install/champ_msgs:/ws_gz/install/champ:${AMENT_PREFIX_PATH} CMAKE_PREFIX_PATH=/ws_gz/install/champ_msgs:/ws_gz/install/champ:/opt/ros/humble LD_LIBRARY_PATH=/ws_gz/install/champ_msgs/lib:${LD_LIBRARY_PATH} PYTHONPATH=/ws_gz/install/champ_msgs/local/lib/python3.10/dist-packages:${PYTHONPATH} /usr/bin/cmake --install /ws_gz/build/champ_gazebo
[0.074s] -- Install configuration: "Release"
[0.075s] -- Execute custom install script
[0.075s] -- Up-to-date symlink: /ws_gz/install/champ_gazebo/bin/imu_sensor.py
[0.075s] -- Up-to-date symlink: /ws_gz/install/champ_gazebo/bin/odometry_tf.py
[0.075s] -- Up-to-date symlink: /ws_gz/install/champ_gazebo/bin/odometry.py
[0.075s] -- Up-to-date symlink: /ws_gz/install/champ_gazebo/lib/champ_gazebo/contact_sensor
[0.075s] -- Up-to-date symlink: /ws_gz/install/champ_gazebo/share/champ_gazebo/launch/gazebo.launch
[0.075s] -- Up-to-date symlink: /ws_gz/install/champ_gazebo/share/champ_gazebo/launch/gazebo.launch.py
[0.076s] -- Up-to-date symlink: /ws_gz/install/champ_gazebo/share/champ_gazebo/launch/spawn_robot.launch
[0.076s] -- Up-to-date symlink: /ws_gz/install/champ_gazebo/share/champ_gazebo/launch/spawn_world.launch
[0.076s] -- Up-to-date symlink: /ws_gz/install/champ_gazebo/share/champ_gazebo/config/gazebo.yaml
[0.076s] -- Up-to-date symlink: /ws_gz/install/champ_gazebo/share/champ_gazebo/config/ros_control.yaml
[0.076s] -- Up-to-date symlink: /ws_gz/install/champ_gazebo/share/champ_gazebo/worlds/default.world
[0.076s] -- Up-to-date symlink: /ws_gz/install/champ_gazebo/share/champ_gazebo/worlds/outdoor.world
[0.076s] -- Up-to-date symlink: /ws_gz/install/champ_gazebo/share/champ_gazebo/worlds/playground.world
[0.076s] -- Up-to-date symlink: /ws_gz/install/champ_gazebo/share/ament_index/resource_index/package_run_dependencies/champ_gazebo
[0.076s] -- Up-to-date symlink: /ws_gz/install/champ_gazebo/share/ament_index/resource_index/parent_prefix_path/champ_gazebo
[0.077s] -- Up-to-date symlink: /ws_gz/install/champ_gazebo/share/champ_gazebo/environment/ament_prefix_path.sh
[0.077s] -- Up-to-date symlink: /ws_gz/install/champ_gazebo/share/champ_gazebo/environment/ament_prefix_path.dsv
[0.077s] -- Up-to-date symlink: /ws_gz/install/champ_gazebo/share/champ_gazebo/environment/path.sh
[0.077s] -- Up-to-date symlink: /ws_gz/install/champ_gazebo/share/champ_gazebo/environment/path.dsv
[0.077s] -- Up-to-date symlink: /ws_gz/install/champ_gazebo/share/champ_gazebo/local_setup.bash
[0.077s] -- Up-to-date symlink: /ws_gz/install/champ_gazebo/share/champ_gazebo/local_setup.sh
[0.077s] -- Up-to-date symlink: /ws_gz/install/champ_gazebo/share/champ_gazebo/local_setup.zsh
[0.077s] -- Up-to-date symlink: /ws_gz/install/champ_gazebo/share/champ_gazebo/local_setup.dsv
[0.077s] -- Symlinking: /ws_gz/install/champ_gazebo/share/champ_gazebo/package.dsv
[0.082s] -- Up-to-date symlink: /ws_gz/install/champ_gazebo/share/ament_index/resource_index/packages/champ_gazebo
[0.082s] -- Up-to-date symlink: /ws_gz/install/champ_gazebo/share/champ_gazebo/cmake/ament_cmake_export_include_directories-extras.cmake
[0.083s] -- Up-to-date symlink: /ws_gz/install/champ_gazebo/share/champ_gazebo/cmake/ament_cmake_export_dependencies-extras.cmake
[0.083s] -- Up-to-date symlink: /ws_gz/install/champ_gazebo/share/champ_gazebo/cmake/champ_gazeboConfig.cmake
[0.083s] -- Up-to-date symlink: /ws_gz/install/champ_gazebo/share/champ_gazebo/cmake/champ_gazeboConfig-version.cmake
[0.083s] -- Up-to-date symlink: /ws_gz/install/champ_gazebo/share/champ_gazebo/package.xml
[0.084s] Invoked command in '/ws_gz/build/champ_gazebo' returned '0': AMENT_PREFIX_PATH=/ws_gz/install/champ_msgs:/ws_gz/install/champ:${AMENT_PREFIX_PATH} CMAKE_PREFIX_PATH=/ws_gz/install/champ_msgs:/ws_gz/install/champ:/opt/ros/humble LD_LIBRARY_PATH=/ws_gz/install/champ_msgs/lib:${LD_LIBRARY_PATH} PYTHONPATH=/ws_gz/install/champ_msgs/local/lib/python3.10/dist-packages:${PYTHONPATH} /usr/bin/cmake --install /ws_gz/build/champ_gazebo
