[01m[K/root/dddmr_navigation/src/dddmr_lego_loam/lego_loam_bor/src/featureAssociation.cpp:[m[K In destructor ‘[01m[Kvirtual FeatureAssociation::[01;32m[K~FeatureAssociation[m[K()[m[K’:
[01m[K/root/dddmr_navigation/src/dddmr_lego_loam/lego_loam_bor/src/featureAssociation.cpp:117:22:[m[K [01;35m[Kwarning: [m[Kconverting to ‘[01m[Kgeometry_msgs::msg::TransformStamped[m[K’ {aka ‘[01m[Kgeometry_msgs::msg::TransformStamped_<std::allocator<void> >[m[K’} from initializer list would use explicit constructor ‘[01m[Kgeometry_msgs::msg::TransformStamped_<ContainerAllocator>::[01;32m[KTransformStamped_[m[K(rosidl_runtime_cpp::MessageInitialization) [35m[K[with ContainerAllocator = std::allocator<void>][m[K[m[K’
  117 |   [01;35m[K_input_channel.send({})[m[K;
      |   [01;35m[K~~~~~~~~~~~~~~~~~~~^~~~[m[K
[01m[K/root/dddmr_navigation/src/dddmr_lego_loam/lego_loam_bor/src/featureAssociation.cpp:117:22:[m[K [01;36m[Knote: [m[Kin C++11 and above a default constructor can be explicit
[01m[K/root/dddmr_navigation/src/dddmr_lego_loam/lego_loam_bor/src/featureAssociation.cpp:117:22:[m[K [01;35m[Kwarning: [m[Kconverting to ‘[01m[Kgeometry_msgs::msg::TransformStamped[m[K’ {aka ‘[01m[Kgeometry_msgs::msg::TransformStamped_<std::allocator<void> >[m[K’} from initializer list would use explicit constructor ‘[01m[Kgeometry_msgs::msg::TransformStamped_<ContainerAllocator>::[01;32m[KTransformStamped_[m[K(rosidl_runtime_cpp::MessageInitialization) [35m[K[with ContainerAllocator = std::allocator<void>][m[K[m[K’
[01m[K/root/dddmr_navigation/src/dddmr_lego_loam/lego_loam_bor/src/featureAssociation.cpp:117:22:[m[K [01;36m[Knote: [m[Kin C++11 and above a default constructor can be explicit
[01m[K/root/dddmr_navigation/src/dddmr_lego_loam/lego_loam_bor/src/featureAssociation.cpp:117:22:[m[K [01;35m[Kwarning: [m[Kconverting to ‘[01m[Kgeometry_msgs::msg::TransformStamped[m[K’ {aka ‘[01m[Kgeometry_msgs::msg::TransformStamped_<std::allocator<void> >[m[K’} from initializer list would use explicit constructor ‘[01m[Kgeometry_msgs::msg::TransformStamped_<ContainerAllocator>::[01;32m[KTransformStamped_[m[K(rosidl_runtime_cpp::MessageInitialization) [35m[K[with ContainerAllocator = std::allocator<void>][m[K[m[K’
[01m[K/root/dddmr_navigation/src/dddmr_lego_loam/lego_loam_bor/src/featureAssociation.cpp:117:22:[m[K [01;36m[Knote: [m[Kin C++11 and above a default constructor can be explicit
[01m[K/root/dddmr_navigation/src/dddmr_lego_loam/lego_loam_bor/src/featureAssociation.cpp:117:22:[m[K [01;35m[Kwarning: [m[Kconverting to ‘[01m[Kcloud_msgs::msg::CloudInfo[m[K’ {aka ‘[01m[Kcloud_msgs::msg::CloudInfo_<std::allocator<void> >[m[K’} from initializer list would use explicit constructor ‘[01m[Kcloud_msgs::msg::CloudInfo_<ContainerAllocator>::[01;32m[KCloudInfo_[m[K(rosidl_runtime_cpp::MessageInitialization) [35m[K[with ContainerAllocator = std::allocator<void>][m[K[m[K’
[01m[K/root/dddmr_navigation/src/dddmr_lego_loam/lego_loam_bor/src/featureAssociation.cpp:117:22:[m[K [01;36m[Knote: [m[Kin C++11 and above a default constructor can be explicit
[01m[K/root/dddmr_navigation/src/dddmr_lego_loam/lego_loam_bor/src/mapOptimization.cpp:[m[K In destructor ‘[01m[Kvirtual MapOptimization::[01;32m[K~MapOptimization[m[K()[m[K’:
[01m[K/root/dddmr_navigation/src/dddmr_lego_loam/lego_loam_bor/src/mapOptimization.cpp:353:22:[m[K [01;35m[Kwarning: [m[Kconverting to ‘[01m[Kgeometry_msgs::msg::TransformStamped[m[K’ {aka ‘[01m[Kgeometry_msgs::msg::TransformStamped_<std::allocator<void> >[m[K’} from initializer list would use explicit constructor ‘[01m[Kgeometry_msgs::msg::TransformStamped_<ContainerAllocator>::[01;32m[KTransformStamped_[m[K(rosidl_runtime_cpp::MessageInitialization) [35m[K[with ContainerAllocator = std::allocator<void>][m[K[m[K’
  353 |   [01;35m[K_input_channel.send({})[m[K;
      |   [01;35m[K~~~~~~~~~~~~~~~~~~~^~~~[m[K
[01m[K/root/dddmr_navigation/src/dddmr_lego_loam/lego_loam_bor/src/mapOptimization.cpp:353:22:[m[K [01;36m[Knote: [m[Kin C++11 and above a default constructor can be explicit
[01m[K/root/dddmr_navigation/src/dddmr_lego_loam/lego_loam_bor/src/mapOptimization.cpp:353:22:[m[K [01;35m[Kwarning: [m[Kconverting to ‘[01m[Kgeometry_msgs::msg::TransformStamped[m[K’ {aka ‘[01m[Kgeometry_msgs::msg::TransformStamped_<std::allocator<void> >[m[K’} from initializer list would use explicit constructor ‘[01m[Kgeometry_msgs::msg::TransformStamped_<ContainerAllocator>::[01;32m[KTransformStamped_[m[K(rosidl_runtime_cpp::MessageInitialization) [35m[K[with ContainerAllocator = std::allocator<void>][m[K[m[K’
[01m[K/root/dddmr_navigation/src/dddmr_lego_loam/lego_loam_bor/src/mapOptimization.cpp:353:22:[m[K [01;36m[Knote: [m[Kin C++11 and above a default constructor can be explicit
[01m[K/root/dddmr_navigation/src/dddmr_lego_loam/lego_loam_bor/src/mapOptimization.cpp:353:22:[m[K [01;35m[Kwarning: [m[Kconverting to ‘[01m[Kgeometry_msgs::msg::TransformStamped[m[K’ {aka ‘[01m[Kgeometry_msgs::msg::TransformStamped_<std::allocator<void> >[m[K’} from initializer list would use explicit constructor ‘[01m[Kgeometry_msgs::msg::TransformStamped_<ContainerAllocator>::[01;32m[KTransformStamped_[m[K(rosidl_runtime_cpp::MessageInitialization) [35m[K[with ContainerAllocator = std::allocator<void>][m[K[m[K’
[01m[K/root/dddmr_navigation/src/dddmr_lego_loam/lego_loam_bor/src/mapOptimization.cpp:353:22:[m[K [01;36m[Knote: [m[Kin C++11 and above a default constructor can be explicit
[01m[K/root/dddmr_navigation/src/dddmr_lego_loam/lego_loam_bor/src/mapOptimization.cpp:353:22:[m[K [01;35m[Kwarning: [m[Kconverting to ‘[01m[Knav_msgs::msg::Odometry[m[K’ {aka ‘[01m[Knav_msgs::msg::Odometry_<std::allocator<void> >[m[K’} from initializer list would use explicit constructor ‘[01m[Knav_msgs::msg::Odometry_<ContainerAllocator>::[01;32m[KOdometry_[m[K(rosidl_runtime_cpp::MessageInitialization) [35m[K[with ContainerAllocator = std::allocator<void>][m[K[m[K’
[01m[K/root/dddmr_navigation/src/dddmr_lego_loam/lego_loam_bor/src/mapOptimization.cpp:353:22:[m[K [01;36m[Knote: [m[Kin C++11 and above a default constructor can be explicit
[01m[K/root/dddmr_navigation/src/dddmr_lego_loam/lego_loam_bor/src/mapOptimization.cpp:353:22:[m[K [01;35m[Kwarning: [m[Kconverting to ‘[01m[Knav_msgs::msg::Odometry[m[K’ {aka ‘[01m[Knav_msgs::msg::Odometry_<std::allocator<void> >[m[K’} from initializer list would use explicit constructor ‘[01m[Knav_msgs::msg::Odometry_<ContainerAllocator>::[01;32m[KOdometry_[m[K(rosidl_runtime_cpp::MessageInitialization) [35m[K[with ContainerAllocator = std::allocator<void>][m[K[m[K’
[01m[K/root/dddmr_navigation/src/dddmr_lego_loam/lego_loam_bor/src/mapOptimization.cpp:353:22:[m[K [01;36m[Knote: [m[Kin C++11 and above a default constructor can be explicit
/usr/bin/ld: warning: libpcl_io_ply.so.1.12, needed by /usr/lib/x86_64-linux-gnu/libpcl_io.so, may conflict with libpcl_io_ply.so.1.15
