[35m[1mConsolidate compiler generated dependencies of target opt_icp_gn[0m
[35m[1mConsolidate compiler generated dependencies of target pointcloud2occupancy[0m
[  3%] [32mBuilding CXX object CMakeFiles/feature_association.dir/src/featureAssociation.cpp.o[0m
[  6%] [32mBuilding CXX object CMakeFiles/lego_loam_map_visualization.dir/src/utils/lego_loam_map_visualization.cpp.o[0m
[ 10%] [32mBuilding CXX object CMakeFiles/image_projection.dir/src/imageProjection.cpp.o[0m
[ 16%] Built target opt_icp_gn
[ 23%] Built target pointcloud2occupancy
[ 26%] [32mBuilding CXX object CMakeFiles/optimized_icp_gn_playground.dir/src/opt_icp_gn/optimized_ICP_GN_playground.cpp.o[0m
[ 30%] [32mBuilding CXX object CMakeFiles/map_optimization.dir/src/mapOptimization.cpp.o[0m
[ 33%] [32mBuilding CXX object CMakeFiles/pose_graph_editor.dir/src/pose_graph_editor/pose_graph_editor.cpp.o[0m
[ 36%] [32m[1mLinking CXX executable optimized_icp_gn_playground[0m
[ 36%] Built target optimized_icp_gn_playground
[ 40%] [32m[1mLinking CXX shared library liblego_loam_map_visualization.so[0m
[ 43%] [32m[1mLinking CXX shared library libimage_projection.so[0m
[ 43%] Built target image_projection
[ 43%] Built target lego_loam_map_visualization
[ 46%] [32m[1mLinking CXX shared library libpose_graph_editor.so[0m
[ 46%] Built target pose_graph_editor
[35m[1mConsolidate compiler generated dependencies of target pose_graph_merge_editor[0m
[ 50%] [32mBuilding CXX object CMakeFiles/pose_graph_merge_editor.dir/src/pose_graph_editor/pose_graph_merge_editor.cpp.o[0m
[ 53%] [32m[1mLinking CXX shared library libfeature_association.so[0m
[ 53%] Built target feature_association
[35m[1mConsolidate compiler generated dependencies of target mcl_feature[0m
[ 56%] [32mBuilding CXX object CMakeFiles/mcl_feature.dir/src/mcl_feature_node.cpp.o[0m
[ 60%] [32m[1mLinking CXX shared library libmap_optimization.so[0m
[ 60%] Built target map_optimization
[35m[1mConsolidate compiler generated dependencies of target interactive_pose_graph_editor[0m
[ 63%] [32mBuilding CXX object CMakeFiles/interactive_pose_graph_editor.dir/src/interactive_pose_graph_editor.cpp.o[0m
[ 66%] [32m[1mLinking CXX executable mcl_feature[0m
[ 66%] Built target mcl_feature
[ 70%] [32m[1mLinking CXX shared library libpose_graph_merge_editor.so[0m
[ 70%] Built target pose_graph_merge_editor
[35m[1mConsolidate compiler generated dependencies of target pose_graph_editor_node[0m
[ 73%] [32mBuilding CXX object CMakeFiles/pose_graph_editor_node.dir/src/pose_graph_editor/pose_graph_editor_node.cpp.o[0m
[ 76%] [32m[1mLinking CXX shared library libinteractive_pose_graph_editor.so[0m
[ 76%] Built target interactive_pose_graph_editor
[35m[1mConsolidate compiler generated dependencies of target lego_loam[0m
[35m[1mConsolidate compiler generated dependencies of target lego_loam_bag[0m
[35m[1mConsolidate compiler generated dependencies of target lego_loam_bag_lidar2depthimg_node[0m
[ 80%] [32mBuilding CXX object CMakeFiles/lego_loam.dir/src/lego_loam_node.cpp.o[0m
[ 83%] [32mBuilding CXX object CMakeFiles/lego_loam_bag.dir/src/lego_loam_bag_node.cpp.o[0m
[ 86%] [32mBuilding CXX object CMakeFiles/lego_loam_bag_lidar2depthimg_node.dir/src/utils/lego_loam_bag_lidar2depthimg_node.cpp.o[0m
[ 90%] [32m[1mLinking CXX executable pose_graph_editor_node[0m
[ 90%] Built target pose_graph_editor_node
[ 93%] [32m[1mLinking CXX executable lego_loam[0m
[ 93%] Built target lego_loam
[ 96%] [32m[1mLinking CXX executable lego_loam_bag_lidar2depthimg_node[0m
[100%] [32m[1mLinking CXX executable lego_loam_bag[0m
[100%] Built target lego_loam_bag_lidar2depthimg_node
[100%] Built target lego_loam_bag
-- Install configuration: ""
-- Execute custom install script
-- Up-to-date symlink: /root/dddmr_navigation/install/lego_loam_bor/lib/libopt_icp_gn.so
-- Up-to-date symlink: /root/dddmr_navigation/install/lego_loam_bor/lib/libimage_projection.so
-- Up-to-date symlink: /root/dddmr_navigation/install/lego_loam_bor/lib/libfeature_association.so
-- Up-to-date symlink: /root/dddmr_navigation/install/lego_loam_bor/lib/libmap_optimization.so
-- Up-to-date symlink: /root/dddmr_navigation/install/lego_loam_bor/lib/liblego_loam_map_visualization.so
-- Up-to-date symlink: /root/dddmr_navigation/install/lego_loam_bor/lib/libpose_graph_editor.so
-- Up-to-date symlink: /root/dddmr_navigation/install/lego_loam_bor/lib/libinteractive_pose_graph_editor.so
-- Up-to-date symlink: /root/dddmr_navigation/install/lego_loam_bor/lib/lego_loam_bor/mcl_feature
-- Up-to-date symlink: /root/dddmr_navigation/install/lego_loam_bor/lib/lego_loam_bor/lego_loam
-- Up-to-date symlink: /root/dddmr_navigation/install/lego_loam_bor/lib/lego_loam_bor/lego_loam_bag
-- Up-to-date symlink: /root/dddmr_navigation/install/lego_loam_bor/lib/lego_loam_bor/pose_graph_editor_node
-- Up-to-date symlink: /root/dddmr_navigation/install/lego_loam_bor/lib/lego_loam_bor/pointcloud2occupancy
-- Up-to-date symlink: /root/dddmr_navigation/install/lego_loam_bor/lib/lego_loam_bor/optimized_icp_gn_playground
-- Up-to-date symlink: /root/dddmr_navigation/install/lego_loam_bor/lib/lego_loam_bor/lego_loam_bag_lidar2depthimg_node
-- Up-to-date symlink: /root/dddmr_navigation/install/lego_loam_bor/include//channel.h
-- Up-to-date symlink: /root/dddmr_navigation/install/lego_loam_bor/include//featureAssociation.h
-- Up-to-date symlink: /root/dddmr_navigation/install/lego_loam_bor/include//imageProjection.h
-- Up-to-date symlink: /root/dddmr_navigation/install/lego_loam_bor/include//interactive_pose_graph_editor.h
-- Up-to-date symlink: /root/dddmr_navigation/install/lego_loam_bor/include//lego_loam_map_visualization.hpp
-- Up-to-date symlink: /root/dddmr_navigation/install/lego_loam_bor/include//mapOptimization.h
-- Up-to-date symlink: /root/dddmr_navigation/install/lego_loam_bor/include//opt_icp_gn/common.h
-- Up-to-date symlink: /root/dddmr_navigation/install/lego_loam_bor/include//opt_icp_gn/optimized_ICP_GN.h
-- Up-to-date symlink: /root/dddmr_navigation/install/lego_loam_bor/include//transforms.hpp
-- Up-to-date symlink: /root/dddmr_navigation/install/lego_loam_bor/include//utility.h
-- Up-to-date symlink: /root/dddmr_navigation/install/lego_loam_bor/include//yolo_ros2_image_sub.h
-- Up-to-date symlink: /root/dddmr_navigation/install/lego_loam_bor/share/lego_loam_bor//launch/lego_loam.launch
-- Up-to-date symlink: /root/dddmr_navigation/install/lego_loam_bor/share/lego_loam_bor//launch/lego_loam_bag.launch
-- Up-to-date symlink: /root/dddmr_navigation/install/lego_loam_bor/share/lego_loam_bor//launch/lego_loam_bag_airy.launch
-- Up-to-date symlink: /root/dddmr_navigation/install/lego_loam_bor/share/lego_loam_bor//launch/lego_loam_bag_go2.launch
-- Up-to-date symlink: /root/dddmr_navigation/install/lego_loam_bor/share/lego_loam_bor//launch/lego_loam_bag_lidar2depthimg.launch
-- Up-to-date symlink: /root/dddmr_navigation/install/lego_loam_bor/share/lego_loam_bor//launch/lego_loam_bag_mid360.launch
-- Up-to-date symlink: /root/dddmr_navigation/install/lego_loam_bor/share/lego_loam_bor//launch/lego_loam_bag_yolo.launch
-- Up-to-date symlink: /root/dddmr_navigation/install/lego_loam_bor/share/lego_loam_bor//launch/mcl_feature.launch
-- Up-to-date symlink: /root/dddmr_navigation/install/lego_loam_bor/share/lego_loam_bor//launch/optimized-icp_gn_playground.launch
-- Up-to-date symlink: /root/dddmr_navigation/install/lego_loam_bor/share/lego_loam_bor//launch/pose_graph_editor.launch
-- Up-to-date symlink: /root/dddmr_navigation/install/lego_loam_bor/share/lego_loam_bor//launch/yolo_image_sub_test.launch
-- Up-to-date symlink: /root/dddmr_navigation/install/lego_loam_bor/share/lego_loam_bor//config/loam_bag_airy_config.yaml
-- Up-to-date symlink: /root/dddmr_navigation/install/lego_loam_bor/share/lego_loam_bor//config/loam_bag_c16_config.yaml
-- Up-to-date symlink: /root/dddmr_navigation/install/lego_loam_bor/share/lego_loam_bor//config/loam_bag_go2_config.yaml
-- Up-to-date symlink: /root/dddmr_navigation/install/lego_loam_bor/share/lego_loam_bor//config/loam_bag_lidar2depthimg_config.yaml
-- Up-to-date symlink: /root/dddmr_navigation/install/lego_loam_bor/share/lego_loam_bor//config/loam_bag_mid360_config.yaml
-- Up-to-date symlink: /root/dddmr_navigation/install/lego_loam_bor/share/lego_loam_bor//config/loam_bag_yolo_config.yaml
-- Up-to-date symlink: /root/dddmr_navigation/install/lego_loam_bor/share/lego_loam_bor//config/loam_c16_config.yaml
-- Up-to-date symlink: /root/dddmr_navigation/install/lego_loam_bor/share/lego_loam_bor//config/mcl_c16_config.yaml
-- Up-to-date symlink: /root/dddmr_navigation/install/lego_loam_bor/share/lego_loam_bor//rviz/lego_loam.rviz
-- Up-to-date symlink: /root/dddmr_navigation/install/lego_loam_bor/share/lego_loam_bor//rviz/lego_loam_airy.rviz
-- Up-to-date symlink: /root/dddmr_navigation/install/lego_loam_bor/share/lego_loam_bor//rviz/lego_loam_yolo.rviz
-- Up-to-date symlink: /root/dddmr_navigation/install/lego_loam_bor/share/lego_loam_bor//rviz/optimized_icp_gn_playground.rviz
-- Up-to-date symlink: /root/dddmr_navigation/install/lego_loam_bor/share/lego_loam_bor//rviz/pose_graph_editor.rviz
-- Up-to-date symlink: /root/dddmr_navigation/install/lego_loam_bor/share/lego_loam_bor//rviz/yolo_image_sub_test.rviz
-- Up-to-date symlink: /root/dddmr_navigation/install/lego_loam_bor/share/lego_loam_bor//pcd/feature.pcd
-- Up-to-date symlink: /root/dddmr_navigation/install/lego_loam_bor/share/lego_loam_bor//engine/onnx2trt.bash
-- Up-to-date symlink: /root/dddmr_navigation/install/lego_loam_bor/share/lego_loam_bor//engine/yolo11n_dddmr.onnx
-- Up-to-date symlink: /root/dddmr_navigation/install/lego_loam_bor/share/lego_loam_bor/environment/library_path.sh
-- Up-to-date symlink: /root/dddmr_navigation/install/lego_loam_bor/share/lego_loam_bor/environment/library_path.dsv
-- Up-to-date symlink: /root/dddmr_navigation/install/lego_loam_bor/share/ament_index/resource_index/package_run_dependencies/lego_loam_bor
-- Up-to-date symlink: /root/dddmr_navigation/install/lego_loam_bor/share/ament_index/resource_index/parent_prefix_path/lego_loam_bor
-- Up-to-date symlink: /root/dddmr_navigation/install/lego_loam_bor/share/lego_loam_bor/environment/ament_prefix_path.sh
-- Up-to-date symlink: /root/dddmr_navigation/install/lego_loam_bor/share/lego_loam_bor/environment/ament_prefix_path.dsv
-- Up-to-date symlink: /root/dddmr_navigation/install/lego_loam_bor/share/lego_loam_bor/environment/path.sh
-- Up-to-date symlink: /root/dddmr_navigation/install/lego_loam_bor/share/lego_loam_bor/environment/path.dsv
-- Up-to-date symlink: /root/dddmr_navigation/install/lego_loam_bor/share/lego_loam_bor/local_setup.bash
-- Up-to-date symlink: /root/dddmr_navigation/install/lego_loam_bor/share/lego_loam_bor/local_setup.sh
-- Up-to-date symlink: /root/dddmr_navigation/install/lego_loam_bor/share/lego_loam_bor/local_setup.zsh
-- Up-to-date symlink: /root/dddmr_navigation/install/lego_loam_bor/share/lego_loam_bor/local_setup.dsv
-- Symlinking: /root/dddmr_navigation/install/lego_loam_bor/share/lego_loam_bor/package.dsv
-- Up-to-date symlink: /root/dddmr_navigation/install/lego_loam_bor/share/ament_index/resource_index/packages/lego_loam_bor
-- Up-to-date symlink: /root/dddmr_navigation/install/lego_loam_bor/share/lego_loam_bor/cmake/ament_cmake_export_include_directories-extras.cmake
-- Up-to-date symlink: /root/dddmr_navigation/install/lego_loam_bor/share/lego_loam_bor/cmake/ament_cmake_export_libraries-extras.cmake
-- Up-to-date symlink: /root/dddmr_navigation/install/lego_loam_bor/share/lego_loam_bor/cmake/ament_cmake_export_dependencies-extras.cmake
-- Up-to-date symlink: /root/dddmr_navigation/install/lego_loam_bor/share/lego_loam_bor/cmake/lego_loam_borConfig.cmake
-- Up-to-date symlink: /root/dddmr_navigation/install/lego_loam_bor/share/lego_loam_bor/cmake/lego_loam_borConfig-version.cmake
-- Up-to-date symlink: /root/dddmr_navigation/install/lego_loam_bor/share/lego_loam_bor/package.xml
