[0.012s] Invoking command in '/ws_gz/build/champ_navigation': CMAKE_PREFIX_PATH=/opt/ros/humble /usr/bin/cmake /ws_gz/src/gz_quadbot/champ/champ_navigation -DCMAKE_BUILD_TYPE=Release -DAMENT_CMAKE_SYMLINK_INSTALL=1 -DCMAKE_INSTALL_PREFIX=/ws_gz/install/champ_navigation
[0.022s] -- Found ament_cmake: 1.3.14 (/opt/ros/humble/share/ament_cmake/cmake)
[0.114s] -- Override CMake install command with custom implementation using symlinks instead of copying resources
[0.153s] -- Configuring done
[0.156s] -- Generating done
[0.158s] -- Build files have been written to: /ws_gz/build/champ_navigation
[0.160s] Invoked command in '/ws_gz/build/champ_navigation' returned '0': CMAKE_PREFIX_PATH=/opt/ros/humble /usr/bin/cmake /ws_gz/src/gz_quadbot/champ/champ_navigation -DCMAKE_BUILD_TYPE=Release -DAMENT_CMAKE_SYMLINK_INSTALL=1 -DCMAKE_INSTALL_PREFIX=/ws_gz/install/champ_navigation
[0.160s] Invoking command in '/ws_gz/build/champ_navigation': CMAKE_PREFIX_PATH=/opt/ros/humble /usr/bin/cmake --build /ws_gz/build/champ_navigation -- -j32 -l32
[0.185s] Invoked command in '/ws_gz/build/champ_navigation' returned '0': CMAKE_PREFIX_PATH=/opt/ros/humble /usr/bin/cmake --build /ws_gz/build/champ_navigation -- -j32 -l32
[0.186s] Invoking command in '/ws_gz/build/champ_navigation': CMAKE_PREFIX_PATH=/opt/ros/humble /usr/bin/cmake --install /ws_gz/build/champ_navigation
[0.191s] -- Install configuration: "Release"
[0.191s] -- Execute custom install script
[0.191s] -- Up-to-date symlink: /ws_gz/install/champ_navigation/share/champ_navigation/launch/navigate.launch.py
[0.192s] -- Up-to-date symlink: /ws_gz/install/champ_navigation/share/champ_navigation/launch/slam.launch.py
[0.192s] -- Up-to-date symlink: /ws_gz/install/champ_navigation/share/champ_navigation/rviz/navigation.rviz
[0.192s] -- Up-to-date symlink: /ws_gz/install/champ_navigation/share/champ_navigation/rviz/navigation_minimal.rviz
[0.192s] -- Up-to-date symlink: /ws_gz/install/champ_navigation/share/champ_navigation/rviz/slam.rviz
[0.192s] -- Up-to-date symlink: /ws_gz/install/champ_navigation/share/ament_index/resource_index/package_run_dependencies/champ_navigation
[0.192s] -- Up-to-date symlink: /ws_gz/install/champ_navigation/share/ament_index/resource_index/parent_prefix_path/champ_navigation
[0.192s] -- Up-to-date symlink: /ws_gz/install/champ_navigation/share/champ_navigation/environment/ament_prefix_path.sh
[0.192s] -- Up-to-date symlink: /ws_gz/install/champ_navigation/share/champ_navigation/environment/ament_prefix_path.dsv
[0.192s] -- Up-to-date symlink: /ws_gz/install/champ_navigation/share/champ_navigation/environment/path.sh
[0.193s] -- Up-to-date symlink: /ws_gz/install/champ_navigation/share/champ_navigation/environment/path.dsv
[0.193s] -- Up-to-date symlink: /ws_gz/install/champ_navigation/share/champ_navigation/local_setup.bash
[0.193s] -- Up-to-date symlink: /ws_gz/install/champ_navigation/share/champ_navigation/local_setup.sh
[0.193s] -- Up-to-date symlink: /ws_gz/install/champ_navigation/share/champ_navigation/local_setup.zsh
[0.193s] -- Up-to-date symlink: /ws_gz/install/champ_navigation/share/champ_navigation/local_setup.dsv
[0.193s] -- Symlinking: /ws_gz/install/champ_navigation/share/champ_navigation/package.dsv
[0.199s] -- Up-to-date symlink: /ws_gz/install/champ_navigation/share/ament_index/resource_index/packages/champ_navigation
[0.199s] -- Up-to-date symlink: /ws_gz/install/champ_navigation/share/champ_navigation/cmake/champ_navigationConfig.cmake
[0.199s] -- Up-to-date symlink: /ws_gz/install/champ_navigation/share/champ_navigation/cmake/champ_navigationConfig-version.cmake
[0.199s] -- Up-to-date symlink: /ws_gz/install/champ_navigation/share/champ_navigation/package.xml
[0.216s] Invoked command in '/ws_gz/build/champ_navigation' returned '0': CMAKE_PREFIX_PATH=/opt/ros/humble /usr/bin/cmake --install /ws_gz/build/champ_navigation
