[0.016s] Invoking command in '/root/dddmr_navigation/build/local_planner': AMENT_PREFIX_PATH=/root/dddmr_navigation/install/trajectory_generators:/root/dddmr_navigation/install/mpc_critics:/root/dddmr_navigation/install/perception_3d:/root/dddmr_navigation/install/dddmr_sys_core:/root/dddmr_navigation/install/base_trajectory:${AMENT_PREFIX_PATH} CMAKE_PREFIX_PATH=/root/dddmr_navigation/install/trajectory_generators:/root/dddmr_navigation/install/mpc_critics:/root/dddmr_navigation/install/perception_3d:/root/dddmr_navigation/install/dddmr_sys_core:/root/dddmr_navigation/install/base_trajectory:/opt/ros/humble LD_LIBRARY_PATH=/root/dddmr_navigation/install/trajectory_generators/lib:/root/dddmr_navigation/install/mpc_critics/lib:/root/dddmr_navigation/install/perception_3d/lib:/root/dddmr_navigation/install/dddmr_sys_core/lib:/root/dddmr_navigation/install/base_trajectory/lib:${LD_LIBRARY_PATH} PYTHONPATH=/root/dddmr_navigation/install/dddmr_sys_core/local/lib/python3.10/dist-packages:${PYTHONPATH} /usr/bin/cmake --build /root/dddmr_navigation/build/local_planner -- -j28 -l28
[0.053s] [35m[1mConsolidate compiler generated dependencies of target local_planner[0m
[0.076s] [ 33%] Built target local_planner
[0.087s] [35m[1mConsolidate compiler generated dependencies of target local_planner_play_ground_node[0m
[0.090s] [35m[1mConsolidate compiler generated dependencies of target local_planner_node[0m
[0.106s] [ 66%] Built target local_planner_play_ground_node
[0.109s] [100%] Built target local_planner_node
[0.118s] Invoked command in '/root/dddmr_navigation/build/local_planner' returned '0': AMENT_PREFIX_PATH=/root/dddmr_navigation/install/trajectory_generators:/root/dddmr_navigation/install/mpc_critics:/root/dddmr_navigation/install/perception_3d:/root/dddmr_navigation/install/dddmr_sys_core:/root/dddmr_navigation/install/base_trajectory:${AMENT_PREFIX_PATH} CMAKE_PREFIX_PATH=/root/dddmr_navigation/install/trajectory_generators:/root/dddmr_navigation/install/mpc_critics:/root/dddmr_navigation/install/perception_3d:/root/dddmr_navigation/install/dddmr_sys_core:/root/dddmr_navigation/install/base_trajectory:/opt/ros/humble LD_LIBRARY_PATH=/root/dddmr_navigation/install/trajectory_generators/lib:/root/dddmr_navigation/install/mpc_critics/lib:/root/dddmr_navigation/install/perception_3d/lib:/root/dddmr_navigation/install/dddmr_sys_core/lib:/root/dddmr_navigation/install/base_trajectory/lib:${LD_LIBRARY_PATH} PYTHONPATH=/root/dddmr_navigation/install/dddmr_sys_core/local/lib/python3.10/dist-packages:${PYTHONPATH} /usr/bin/cmake --build /root/dddmr_navigation/build/local_planner -- -j28 -l28
[0.119s] Invoking command in '/root/dddmr_navigation/build/local_planner': AMENT_PREFIX_PATH=/root/dddmr_navigation/install/trajectory_generators:/root/dddmr_navigation/install/mpc_critics:/root/dddmr_navigation/install/perception_3d:/root/dddmr_navigation/install/dddmr_sys_core:/root/dddmr_navigation/install/base_trajectory:${AMENT_PREFIX_PATH} CMAKE_PREFIX_PATH=/root/dddmr_navigation/install/trajectory_generators:/root/dddmr_navigation/install/mpc_critics:/root/dddmr_navigation/install/perception_3d:/root/dddmr_navigation/install/dddmr_sys_core:/root/dddmr_navigation/install/base_trajectory:/opt/ros/humble LD_LIBRARY_PATH=/root/dddmr_navigation/install/trajectory_generators/lib:/root/dddmr_navigation/install/mpc_critics/lib:/root/dddmr_navigation/install/perception_3d/lib:/root/dddmr_navigation/install/dddmr_sys_core/lib:/root/dddmr_navigation/install/base_trajectory/lib:${LD_LIBRARY_PATH} PYTHONPATH=/root/dddmr_navigation/install/dddmr_sys_core/local/lib/python3.10/dist-packages:${PYTHONPATH} /usr/bin/cmake --install /root/dddmr_navigation/build/local_planner
[0.124s] -- Install configuration: ""
[0.125s] -- Execute custom install script
[0.125s] -- Up-to-date symlink: /root/dddmr_navigation/install/local_planner/lib/liblocal_planner.so
[0.126s] -- Up-to-date symlink: /root/dddmr_navigation/install/local_planner/lib/local_planner/local_planner_node
[0.126s] -- Up-to-date symlink: /root/dddmr_navigation/install/local_planner/lib/local_planner/local_planner_play_ground_node
[0.126s] -- Up-to-date symlink: /root/dddmr_navigation/install/local_planner/include//local_planner/local_planner.h
[0.126s] -- Up-to-date symlink: /root/dddmr_navigation/install/local_planner/share/local_planner//launch/local_planner_play_ground.launch
[0.126s] -- Up-to-date symlink: /root/dddmr_navigation/install/local_planner/share/local_planner//config/local_planner_play_ground.yaml
[0.127s] -- Up-to-date symlink: /root/dddmr_navigation/install/local_planner/share/local_planner//rviz/local_planner_play_ground.rviz
[0.127s] -- Up-to-date symlink: /root/dddmr_navigation/install/local_planner/share/local_planner/environment/library_path.sh
[0.127s] -- Up-to-date symlink: /root/dddmr_navigation/install/local_planner/share/local_planner/environment/library_path.dsv
[0.127s] -- Up-to-date symlink: /root/dddmr_navigation/install/local_planner/share/ament_index/resource_index/package_run_dependencies/local_planner
[0.127s] -- Up-to-date symlink: /root/dddmr_navigation/install/local_planner/share/ament_index/resource_index/parent_prefix_path/local_planner
[0.127s] -- Up-to-date symlink: /root/dddmr_navigation/install/local_planner/share/local_planner/environment/ament_prefix_path.sh
[0.127s] -- Up-to-date symlink: /root/dddmr_navigation/install/local_planner/share/local_planner/environment/ament_prefix_path.dsv
[0.127s] -- Up-to-date symlink: /root/dddmr_navigation/install/local_planner/share/local_planner/environment/path.sh
[0.127s] -- Up-to-date symlink: /root/dddmr_navigation/install/local_planner/share/local_planner/environment/path.dsv
[0.128s] -- Up-to-date symlink: /root/dddmr_navigation/install/local_planner/share/local_planner/local_setup.bash
[0.128s] -- Up-to-date symlink: /root/dddmr_navigation/install/local_planner/share/local_planner/local_setup.sh
[0.128s] -- Up-to-date symlink: /root/dddmr_navigation/install/local_planner/share/local_planner/local_setup.zsh
[0.128s] -- Up-to-date symlink: /root/dddmr_navigation/install/local_planner/share/local_planner/local_setup.dsv
[0.128s] -- Symlinking: /root/dddmr_navigation/install/local_planner/share/local_planner/package.dsv
[0.133s] -- Up-to-date symlink: /root/dddmr_navigation/install/local_planner/share/ament_index/resource_index/packages/local_planner
[0.133s] -- Up-to-date symlink: /root/dddmr_navigation/install/local_planner/share/local_planner/cmake/ament_cmake_export_include_directories-extras.cmake
[0.133s] -- Up-to-date symlink: /root/dddmr_navigation/install/local_planner/share/local_planner/cmake/ament_cmake_export_libraries-extras.cmake
[0.133s] -- Up-to-date symlink: /root/dddmr_navigation/install/local_planner/share/local_planner/cmake/ament_cmake_export_dependencies-extras.cmake
[0.134s] -- Up-to-date symlink: /root/dddmr_navigation/install/local_planner/share/local_planner/cmake/local_plannerConfig.cmake
[0.134s] -- Up-to-date symlink: /root/dddmr_navigation/install/local_planner/share/local_planner/cmake/local_plannerConfig-version.cmake
[0.134s] -- Up-to-date symlink: /root/dddmr_navigation/install/local_planner/share/local_planner/package.xml
[0.136s] Invoked command in '/root/dddmr_navigation/build/local_planner' returned '0': AMENT_PREFIX_PATH=/root/dddmr_navigation/install/trajectory_generators:/root/dddmr_navigation/install/mpc_critics:/root/dddmr_navigation/install/perception_3d:/root/dddmr_navigation/install/dddmr_sys_core:/root/dddmr_navigation/install/base_trajectory:${AMENT_PREFIX_PATH} CMAKE_PREFIX_PATH=/root/dddmr_navigation/install/trajectory_generators:/root/dddmr_navigation/install/mpc_critics:/root/dddmr_navigation/install/perception_3d:/root/dddmr_navigation/install/dddmr_sys_core:/root/dddmr_navigation/install/base_trajectory:/opt/ros/humble LD_LIBRARY_PATH=/root/dddmr_navigation/install/trajectory_generators/lib:/root/dddmr_navigation/install/mpc_critics/lib:/root/dddmr_navigation/install/perception_3d/lib:/root/dddmr_navigation/install/dddmr_sys_core/lib:/root/dddmr_navigation/install/base_trajectory/lib:${LD_LIBRARY_PATH} PYTHONPATH=/root/dddmr_navigation/install/dddmr_sys_core/local/lib/python3.10/dist-packages:${PYTHONPATH} /usr/bin/cmake --install /root/dddmr_navigation/build/local_planner
