[0.036s] Invoking command in '/root/dddmr_navigation/build/dddmr_fastlio_adapter': CMAKE_PREFIX_PATH=${CMAKE_PREFIX_PATH}:/opt/ros/humble /usr/bin/cmake /root/dddmr_navigation/src/dddmr_fastlio_adapter -DAMENT_CMAKE_SYMLINK_INSTALL=1 -DCMAKE_INSTALL_PREFIX=/root/dddmr_navigation/install/dddmr_fastlio_adapter
[0.058s] -- Found ament_cmake: 1.3.14 (/opt/ros/humble/share/ament_cmake/cmake)
[0.129s] -- Override CMake install command with custom implementation using symlinks instead of copying resources
[0.134s] -- Found rclcpp: 16.0.19 (/opt/ros/humble/share/rclcpp/cmake)
[0.151s] -- Found rosidl_generator_c: 3.1.8 (/opt/ros/humble/share/rosidl_generator_c/cmake)
[0.152s] -- Found rosidl_adapter: 3.1.8 (/opt/ros/humble/share/rosidl_adapter/cmake)
[0.156s] -- Found rosidl_generator_cpp: 3.1.8 (/opt/ros/humble/share/rosidl_generator_cpp/cmake)
[0.162s] -- Using all available rosidl_typesupport_c: rosidl_typesupport_fastrtps_c;rosidl_typesupport_introspection_c
[0.170s] -- Using all available rosidl_typesupport_cpp: rosidl_typesupport_fastrtps_cpp;rosidl_typesupport_introspection_cpp
[0.189s] -- Found rmw_implementation_cmake: 6.1.2 (/opt/ros/humble/share/rmw_implementation_cmake/cmake)
[0.190s] -- Found rmw_fastrtps_cpp: 6.2.10 (/opt/ros/humble/share/rmw_fastrtps_cpp/cmake)
[0.269s] -- Using RMW implementation 'rmw_fastrtps_cpp' as default
[0.306s] -- Found std_srvs: 4.9.1 (/opt/ros/humble/share/std_srvs/cmake)
[0.318s] -- Found sensor_msgs: 4.9.1 (/opt/ros/humble/share/sensor_msgs/cmake)
[0.344s] -- Found nav_msgs: 4.9.1 (/opt/ros/humble/share/nav_msgs/cmake)
[0.359s] -- Found tf2: 0.25.20 (/opt/ros/humble/share/tf2/cmake)
[0.363s] -- Found tf2_ros: 0.25.20 (/opt/ros/humble/share/tf2_ros/cmake)
[0.435s] -- Found tf2_geometry_msgs: 0.25.20 (/opt/ros/humble/share/tf2_geometry_msgs/cmake)
[0.438s] -- Found eigen3_cmake_module: 0.1.1 (/opt/ros/humble/share/eigen3_cmake_module/cmake)
[0.439s] -- Found Eigen3: TRUE (found version "3.4.0") 
[0.439s] -- Ensuring Eigen3 include directory is part of orocos-kdl CMake target
[0.441s] -- Found tf2_eigen: 0.25.20 (/opt/ros/humble/share/tf2_eigen/cmake)
[0.453s] -- Eigen found (include: /usr/include/eigen3, version: 3.4.0)
[0.471s] -- OpenNI found (version: 1.5.4.0, include: /usr/include/ni, lib: /usr/lib/libOpenNI.so;libusb::libusb)
[0.477s] -- OpenNI2 found (version: 2.2.0.33, include: /usr/include/openni2, lib: /usr/lib/x86_64-linux-gnu/libOpenNI2.so;libusb::libusb)
[0.477s] [0m** WARNING ** io features related to pcap will be disabled[0m
[0.477s] [0m** WARNING ** io features related to png will be disabled[0m
[0.629s] -- Found Eigen3: /usr/include/eigen3 (found version "3.4.0") 
[0.715s] -- Eigen found (include: /usr/include/eigen3, version: 3.4.0)
[0.733s] -- FLANN found (include: /usr/include, lib: /usr/lib/x86_64-linux-gnu/libflann_cpp.so)
[0.733s] -- looking for PCL_COMMON
[0.734s] -- looking for PCL_OCTREE
[0.734s] -- looking for PCL_IO
[0.734s] -- looking for PCL_KDTREE
[0.735s] -- looking for PCL_SEARCH
[0.735s] -- looking for PCL_SAMPLE_CONSENSUS
[0.736s] -- looking for PCL_FILTERS
[0.736s] -- Found pcl_conversions: 2.4.5 (/opt/ros/humble/share/pcl_conversions/cmake)
[0.818s] -- Configuring done
[0.848s] -- Generating done
[0.854s] -- Build files have been written to: /root/dddmr_navigation/build/dddmr_fastlio_adapter
[0.866s] Invoked command in '/root/dddmr_navigation/build/dddmr_fastlio_adapter' returned '0': CMAKE_PREFIX_PATH=${CMAKE_PREFIX_PATH}:/opt/ros/humble /usr/bin/cmake /root/dddmr_navigation/src/dddmr_fastlio_adapter -DAMENT_CMAKE_SYMLINK_INSTALL=1 -DCMAKE_INSTALL_PREFIX=/root/dddmr_navigation/install/dddmr_fastlio_adapter
[0.868s] Invoking command in '/root/dddmr_navigation/build/dddmr_fastlio_adapter': CMAKE_PREFIX_PATH=${CMAKE_PREFIX_PATH}:/opt/ros/humble /usr/bin/cmake --build /root/dddmr_navigation/build/dddmr_fastlio_adapter -- -j28 -l28
[0.907s] [35m[1mConsolidate compiler generated dependencies of target fastlio_dddmr_adapter_node[0m
[0.926s] [100%] Built target fastlio_dddmr_adapter_node
[0.934s] Invoked command in '/root/dddmr_navigation/build/dddmr_fastlio_adapter' returned '0': CMAKE_PREFIX_PATH=${CMAKE_PREFIX_PATH}:/opt/ros/humble /usr/bin/cmake --build /root/dddmr_navigation/build/dddmr_fastlio_adapter -- -j28 -l28
[0.935s] Invoking command in '/root/dddmr_navigation/build/dddmr_fastlio_adapter': CMAKE_PREFIX_PATH=${CMAKE_PREFIX_PATH}:/opt/ros/humble /usr/bin/cmake --install /root/dddmr_navigation/build/dddmr_fastlio_adapter
[0.943s] -- Install configuration: "Release"
[0.943s] -- Execute custom install script
[0.943s] -- Up-to-date symlink: /root/dddmr_navigation/install/dddmr_fastlio_adapter/lib/dddmr_fastlio_adapter/fastlio_dddmr_adapter_node
[0.944s] -- Up-to-date symlink: /root/dddmr_navigation/install/dddmr_fastlio_adapter/share/dddmr_fastlio_adapter/config/livox_mid360_dddmr_adapter.yaml
[0.944s] -- Up-to-date symlink: /root/dddmr_navigation/install/dddmr_fastlio_adapter/share/ament_index/resource_index/package_run_dependencies/dddmr_fastlio_adapter
[0.944s] -- Up-to-date symlink: /root/dddmr_navigation/install/dddmr_fastlio_adapter/share/ament_index/resource_index/parent_prefix_path/dddmr_fastlio_adapter
[0.944s] -- Up-to-date symlink: /root/dddmr_navigation/install/dddmr_fastlio_adapter/share/dddmr_fastlio_adapter/environment/ament_prefix_path.sh
[0.944s] -- Up-to-date symlink: /root/dddmr_navigation/install/dddmr_fastlio_adapter/share/dddmr_fastlio_adapter/environment/ament_prefix_path.dsv
[0.944s] -- Up-to-date symlink: /root/dddmr_navigation/install/dddmr_fastlio_adapter/share/dddmr_fastlio_adapter/environment/path.sh
[0.945s] -- Up-to-date symlink: /root/dddmr_navigation/install/dddmr_fastlio_adapter/share/dddmr_fastlio_adapter/environment/path.dsv
[0.945s] -- Up-to-date symlink: /root/dddmr_navigation/install/dddmr_fastlio_adapter/share/dddmr_fastlio_adapter/local_setup.bash
[0.945s] -- Up-to-date symlink: /root/dddmr_navigation/install/dddmr_fastlio_adapter/share/dddmr_fastlio_adapter/local_setup.sh
[0.945s] -- Up-to-date symlink: /root/dddmr_navigation/install/dddmr_fastlio_adapter/share/dddmr_fastlio_adapter/local_setup.zsh
[0.945s] -- Up-to-date symlink: /root/dddmr_navigation/install/dddmr_fastlio_adapter/share/dddmr_fastlio_adapter/local_setup.dsv
[0.945s] -- Symlinking: /root/dddmr_navigation/install/dddmr_fastlio_adapter/share/dddmr_fastlio_adapter/package.dsv
[0.953s] -- Up-to-date symlink: /root/dddmr_navigation/install/dddmr_fastlio_adapter/share/ament_index/resource_index/packages/dddmr_fastlio_adapter
[0.953s] -- Up-to-date symlink: /root/dddmr_navigation/install/dddmr_fastlio_adapter/share/dddmr_fastlio_adapter/cmake/ament_cmake_export_dependencies-extras.cmake
[0.953s] -- Up-to-date symlink: /root/dddmr_navigation/install/dddmr_fastlio_adapter/share/dddmr_fastlio_adapter/cmake/dddmr_fastlio_adapterConfig.cmake
[0.953s] -- Up-to-date symlink: /root/dddmr_navigation/install/dddmr_fastlio_adapter/share/dddmr_fastlio_adapter/cmake/dddmr_fastlio_adapterConfig-version.cmake
[0.953s] -- Up-to-date symlink: /root/dddmr_navigation/install/dddmr_fastlio_adapter/share/dddmr_fastlio_adapter/package.xml
[0.955s] Invoked command in '/root/dddmr_navigation/build/dddmr_fastlio_adapter' returned '0': CMAKE_PREFIX_PATH=${CMAKE_PREFIX_PATH}:/opt/ros/humble /usr/bin/cmake --install /root/dddmr_navigation/build/dddmr_fastlio_adapter
