[0.013s] Invoking command in '/ws_gz/build/champ_msgs': CMAKE_PREFIX_PATH=/opt/ros/humble /usr/bin/cmake /ws_gz/src/gz_quadbot/champ/champ_msgs -DCMAKE_BUILD_TYPE=Release -DAMENT_CMAKE_SYMLINK_INSTALL=1 -DCMAKE_INSTALL_PREFIX=/ws_gz/install/champ_msgs
[0.026s] -- Found ament_cmake: 1.3.14 (/opt/ros/humble/share/ament_cmake/cmake)
[0.096s] -- Override CMake install command with custom implementation using symlinks instead of copying resources
[0.106s] -- Found rosidl_default_generators: 1.2.1 (/opt/ros/humble/share/rosidl_default_generators/cmake)
[0.108s] -- Using all available rosidl_typesupport_c: rosidl_typesupport_fastrtps_c;rosidl_typesupport_introspection_c
[0.111s] -- Found rosidl_adapter: 3.1.8 (/opt/ros/humble/share/rosidl_adapter/cmake)
[0.141s] -- Using all available rosidl_typesupport_cpp: rosidl_typesupport_fastrtps_cpp;rosidl_typesupport_introspection_cpp
[0.165s] -- Found std_msgs: 4.9.1 (/opt/ros/humble/share/std_msgs/cmake)
[0.185s] -- Found geometry_msgs: 4.9.1 (/opt/ros/humble/share/geometry_msgs/cmake)
[0.380s] -- Found ament_cmake_ros: 0.10.0 (/opt/ros/humble/share/ament_cmake_ros/cmake)
[0.544s] -- Using all available rosidl_typesupport_c: rosidl_typesupport_fastrtps_c;rosidl_typesupport_introspection_c
[0.737s] -- Using all available rosidl_typesupport_cpp: rosidl_typesupport_fastrtps_cpp;rosidl_typesupport_introspection_cpp
[0.750s] -- Found python_cmake_module: 0.10.0 (/opt/ros/humble/share/python_cmake_module/cmake)
[0.767s] -- Using PYTHON_EXECUTABLE: /usr/bin/python3
[0.767s] -- Using PYTHON_INCLUDE_DIRS: /usr/include/python3.10
[0.767s] -- Using PYTHON_LIBRARIES: /usr/lib/x86_64-linux-gnu/libpython3.10.so
[0.839s] -- Found ament_lint_auto: 0.12.15 (/opt/ros/humble/share/ament_lint_auto/cmake)
[0.846s] -- Configuring done
[0.875s] -- Generating done
[0.881s] -- Build files have been written to: /ws_gz/build/champ_msgs
[0.885s] Invoked command in '/ws_gz/build/champ_msgs' returned '0': CMAKE_PREFIX_PATH=/opt/ros/humble /usr/bin/cmake /ws_gz/src/gz_quadbot/champ/champ_msgs -DCMAKE_BUILD_TYPE=Release -DAMENT_CMAKE_SYMLINK_INSTALL=1 -DCMAKE_INSTALL_PREFIX=/ws_gz/install/champ_msgs
[0.886s] Invoking command in '/ws_gz/build/champ_msgs': CMAKE_PREFIX_PATH=/opt/ros/humble /usr/bin/cmake --build /ws_gz/build/champ_msgs -- -j32 -l32
[0.915s] [35m[1mConsolidate compiler generated dependencies of target champ_msgs__rosidl_generator_c[0m
[0.920s] [  1%] Built target champ_msgs__rs
[0.921s] [  2%] Built target champ_msgs__cpp
[0.925s] [  2%] Built target ament_cmake_python_symlink_champ_msgs
[0.929s] [35m[1mConsolidate compiler generated dependencies of target champ_msgs__rosidl_typesupport_cpp[0m
[0.930s] [35m[1mConsolidate compiler generated dependencies of target champ_msgs__rosidl_typesupport_introspection_cpp[0m
[0.930s] [35m[1mConsolidate compiler generated dependencies of target champ_msgs__rosidl_typesupport_fastrtps_cpp[0m
[0.930s] [ 13%] Built target champ_msgs__rosidl_generator_c
[0.937s] [35m[1mConsolidate compiler generated dependencies of target champ_msgs__rosidl_typesupport_introspection_c[0m
[0.938s] [35m[1mConsolidate compiler generated dependencies of target champ_msgs__rosidl_typesupport_c[0m
[0.940s] [35m[1mConsolidate compiler generated dependencies of target champ_msgs__rosidl_typesupport_fastrtps_c[0m
[0.944s] [ 25%] Built target champ_msgs__rosidl_typesupport_cpp
[0.944s] [ 36%] Built target champ_msgs__rosidl_typesupport_introspection_c
[0.945s] [ 59%] Built target champ_msgs__rosidl_typesupport_fastrtps_cpp
[0.945s] [ 59%] Built target champ_msgs__rosidl_typesupport_introspection_cpp
[0.947s] [ 70%] Built target champ_msgs__rosidl_typesupport_c
[0.953s] [ 82%] Built target champ_msgs__rosidl_typesupport_fastrtps_c
[0.966s] [ 82%] Built target champ_msgs
[0.979s] [ 83%] Built target champ_msgs__py
[0.988s] [35m[1mConsolidate compiler generated dependencies of target champ_msgs__rosidl_generator_py[0m
[1.005s] [ 93%] Built target champ_msgs__rosidl_generator_py
[1.012s] [35m[1mConsolidate compiler generated dependencies of target champ_msgs__rosidl_typesupport_introspection_c__pyext[0m
[1.012s] [35m[1mConsolidate compiler generated dependencies of target champ_msgs__rosidl_typesupport_fastrtps_c__pyext[0m
[1.012s] [35m[1mConsolidate compiler generated dependencies of target champ_msgs__rosidl_typesupport_c__pyext[0m
[1.020s] [ 95%] Built target champ_msgs__rosidl_typesupport_c__pyext
[1.021s] [ 97%] Built target champ_msgs__rosidl_typesupport_fastrtps_c__pyext
[1.021s] [100%] Built target champ_msgs__rosidl_typesupport_introspection_c__pyext
[1.022s] running egg_info
[1.022s] writing champ_msgs.egg-info/PKG-INFO
[1.023s] writing dependency_links to champ_msgs.egg-info/dependency_links.txt
[1.023s] writing top-level names to champ_msgs.egg-info/top_level.txt
[1.024s] reading manifest file 'champ_msgs.egg-info/SOURCES.txt'
[1.024s] writing manifest file 'champ_msgs.egg-info/SOURCES.txt'
[1.038s] [100%] Built target ament_cmake_python_build_champ_msgs_egg
[1.045s] Invoked command in '/ws_gz/build/champ_msgs' returned '0': CMAKE_PREFIX_PATH=/opt/ros/humble /usr/bin/cmake --build /ws_gz/build/champ_msgs -- -j32 -l32
[1.047s] Invoking command in '/ws_gz/build/champ_msgs': CMAKE_PREFIX_PATH=/opt/ros/humble /usr/bin/cmake --install /ws_gz/build/champ_msgs
[1.051s] -- Install configuration: "Release"
[1.051s] -- Execute custom install script
[1.052s] -- Up-to-date symlink: /ws_gz/install/champ_msgs/share/ament_index/resource_index/rosidl_interfaces/champ_msgs
[1.052s] -- Up-to-date symlink: /ws_gz/install/champ_msgs/include/champ_msgs/champ_msgs/msg/contacts.h
[1.052s] -- Up-to-date symlink: /ws_gz/install/champ_msgs/include/champ_msgs/champ_msgs/msg/contacts_stamped.h
[1.052s] -- Up-to-date symlink: /ws_gz/install/champ_msgs/include/champ_msgs/champ_msgs/msg/detail/contacts__functions.h
[1.052s] -- Up-to-date symlink: /ws_gz/install/champ_msgs/include/champ_msgs/champ_msgs/msg/detail/contacts__struct.h
[1.052s] -- Up-to-date symlink: /ws_gz/install/champ_msgs/include/champ_msgs/champ_msgs/msg/detail/contacts__type_support.h
[1.052s] -- Up-to-date symlink: /ws_gz/install/champ_msgs/include/champ_msgs/champ_msgs/msg/detail/contacts_stamped__functions.h
[1.052s] -- Up-to-date symlink: /ws_gz/install/champ_msgs/include/champ_msgs/champ_msgs/msg/detail/contacts_stamped__struct.h
[1.052s] -- Up-to-date symlink: /ws_gz/install/champ_msgs/include/champ_msgs/champ_msgs/msg/detail/contacts_stamped__type_support.h
[1.052s] -- Up-to-date symlink: /ws_gz/install/champ_msgs/include/champ_msgs/champ_msgs/msg/detail/imu__functions.h
[1.052s] -- Up-to-date symlink: /ws_gz/install/champ_msgs/include/champ_msgs/champ_msgs/msg/detail/imu__struct.h
[1.053s] -- Up-to-date symlink: /ws_gz/install/champ_msgs/include/champ_msgs/champ_msgs/msg/detail/imu__type_support.h
[1.053s] -- Up-to-date symlink: /ws_gz/install/champ_msgs/include/champ_msgs/champ_msgs/msg/detail/joints__functions.h
[1.053s] -- Up-to-date symlink: /ws_gz/install/champ_msgs/include/champ_msgs/champ_msgs/msg/detail/joints__struct.h
[1.053s] -- Up-to-date symlink: /ws_gz/install/champ_msgs/include/champ_msgs/champ_msgs/msg/detail/joints__type_support.h
[1.053s] -- Up-to-date symlink: /ws_gz/install/champ_msgs/include/champ_msgs/champ_msgs/msg/detail/pid__functions.h
[1.053s] -- Up-to-date symlink: /ws_gz/install/champ_msgs/include/champ_msgs/champ_msgs/msg/detail/pid__struct.h
[1.053s] -- Up-to-date symlink: /ws_gz/install/champ_msgs/include/champ_msgs/champ_msgs/msg/detail/pid__type_support.h
[1.053s] -- Up-to-date symlink: /ws_gz/install/champ_msgs/include/champ_msgs/champ_msgs/msg/detail/point__functions.h
[1.053s] -- Up-to-date symlink: /ws_gz/install/champ_msgs/include/champ_msgs/champ_msgs/msg/detail/point__struct.h
[1.053s] -- Up-to-date symlink: /ws_gz/install/champ_msgs/include/champ_msgs/champ_msgs/msg/detail/point__type_support.h
[1.053s] -- Up-to-date symlink: /ws_gz/install/champ_msgs/include/champ_msgs/champ_msgs/msg/detail/point_array__functions.h
[1.053s] -- Up-to-date symlink: /ws_gz/install/champ_msgs/include/champ_msgs/champ_msgs/msg/detail/point_array__struct.h
[1.053s] -- Up-to-date symlink: /ws_gz/install/champ_msgs/include/champ_msgs/champ_msgs/msg/detail/point_array__type_support.h
[1.053s] -- Up-to-date symlink: /ws_gz/install/champ_msgs/include/champ_msgs/champ_msgs/msg/detail/pose__functions.h
[1.053s] -- Up-to-date symlink: /ws_gz/install/champ_msgs/include/champ_msgs/champ_msgs/msg/detail/pose__struct.h
[1.053s] -- Up-to-date symlink: /ws_gz/install/champ_msgs/include/champ_msgs/champ_msgs/msg/detail/pose__type_support.h
[1.053s] -- Up-to-date symlink: /ws_gz/install/champ_msgs/include/champ_msgs/champ_msgs/msg/detail/velocities__functions.h
[1.054s] -- Up-to-date symlink: /ws_gz/install/champ_msgs/include/champ_msgs/champ_msgs/msg/detail/velocities__struct.h
[1.054s] -- Up-to-date symlink: /ws_gz/install/champ_msgs/include/champ_msgs/champ_msgs/msg/detail/velocities__type_support.h
[1.054s] -- Up-to-date symlink: /ws_gz/install/champ_msgs/include/champ_msgs/champ_msgs/msg/imu.h
[1.054s] -- Up-to-date symlink: /ws_gz/install/champ_msgs/include/champ_msgs/champ_msgs/msg/joints.h
[1.054s] -- Up-to-date symlink: /ws_gz/install/champ_msgs/include/champ_msgs/champ_msgs/msg/pid.h
[1.054s] -- Up-to-date symlink: /ws_gz/install/champ_msgs/include/champ_msgs/champ_msgs/msg/point.h
[1.054s] -- Up-to-date symlink: /ws_gz/install/champ_msgs/include/champ_msgs/champ_msgs/msg/point_array.h
[1.054s] -- Up-to-date symlink: /ws_gz/install/champ_msgs/include/champ_msgs/champ_msgs/msg/pose.h
[1.054s] -- Up-to-date symlink: /ws_gz/install/champ_msgs/include/champ_msgs/champ_msgs/msg/rosidl_generator_c__visibility_control.h
[1.054s] -- Up-to-date symlink: /ws_gz/install/champ_msgs/include/champ_msgs/champ_msgs/msg/velocities.h
[1.054s] -- Up-to-date symlink: /ws_gz/install/champ_msgs/share/champ_msgs/environment/library_path.sh
[1.054s] -- Up-to-date symlink: /ws_gz/install/champ_msgs/share/champ_msgs/environment/library_path.dsv
[1.054s] -- Up-to-date symlink: /ws_gz/install/champ_msgs/include/champ_msgs/champ_msgs/msg/detail/contacts__rosidl_typesupport_fastrtps_c.h
[1.054s] -- Up-to-date symlink: /ws_gz/install/champ_msgs/include/champ_msgs/champ_msgs/msg/detail/contacts_stamped__rosidl_typesupport_fastrtps_c.h
[1.054s] -- Up-to-date symlink: /ws_gz/install/champ_msgs/include/champ_msgs/champ_msgs/msg/detail/imu__rosidl_typesupport_fastrtps_c.h
[1.054s] -- Up-to-date symlink: /ws_gz/install/champ_msgs/include/champ_msgs/champ_msgs/msg/detail/joints__rosidl_typesupport_fastrtps_c.h
[1.054s] -- Up-to-date symlink: /ws_gz/install/champ_msgs/include/champ_msgs/champ_msgs/msg/detail/pid__rosidl_typesupport_fastrtps_c.h
[1.054s] -- Up-to-date symlink: /ws_gz/install/champ_msgs/include/champ_msgs/champ_msgs/msg/detail/point__rosidl_typesupport_fastrtps_c.h
[1.055s] -- Up-to-date symlink: /ws_gz/install/champ_msgs/include/champ_msgs/champ_msgs/msg/detail/point_array__rosidl_typesupport_fastrtps_c.h
[1.055s] -- Up-to-date symlink: /ws_gz/install/champ_msgs/include/champ_msgs/champ_msgs/msg/detail/pose__rosidl_typesupport_fastrtps_c.h
[1.055s] -- Up-to-date symlink: /ws_gz/install/champ_msgs/include/champ_msgs/champ_msgs/msg/detail/velocities__rosidl_typesupport_fastrtps_c.h
[1.055s] -- Up-to-date symlink: /ws_gz/install/champ_msgs/include/champ_msgs/champ_msgs/msg/rosidl_typesupport_fastrtps_c__visibility_control.h
[1.055s] -- Up-to-date symlink: /ws_gz/install/champ_msgs/include/champ_msgs/champ_msgs/msg/detail/contacts__rosidl_typesupport_introspection_c.h
[1.055s] -- Up-to-date symlink: /ws_gz/install/champ_msgs/include/champ_msgs/champ_msgs/msg/detail/contacts_stamped__rosidl_typesupport_introspection_c.h
[1.055s] -- Up-to-date symlink: /ws_gz/install/champ_msgs/include/champ_msgs/champ_msgs/msg/detail/imu__rosidl_typesupport_introspection_c.h
[1.055s] -- Up-to-date symlink: /ws_gz/install/champ_msgs/include/champ_msgs/champ_msgs/msg/detail/joints__rosidl_typesupport_introspection_c.h
[1.055s] -- Up-to-date symlink: /ws_gz/install/champ_msgs/include/champ_msgs/champ_msgs/msg/detail/pid__rosidl_typesupport_introspection_c.h
[1.055s] -- Up-to-date symlink: /ws_gz/install/champ_msgs/include/champ_msgs/champ_msgs/msg/detail/point__rosidl_typesupport_introspection_c.h
[1.055s] -- Up-to-date symlink: /ws_gz/install/champ_msgs/include/champ_msgs/champ_msgs/msg/detail/point_array__rosidl_typesupport_introspection_c.h
[1.055s] -- Up-to-date symlink: /ws_gz/install/champ_msgs/include/champ_msgs/champ_msgs/msg/detail/pose__rosidl_typesupport_introspection_c.h
[1.055s] -- Up-to-date symlink: /ws_gz/install/champ_msgs/include/champ_msgs/champ_msgs/msg/detail/velocities__rosidl_typesupport_introspection_c.h
[1.055s] -- Up-to-date symlink: /ws_gz/install/champ_msgs/include/champ_msgs/champ_msgs/msg/rosidl_typesupport_introspection_c__visibility_control.h
[1.055s] -- Up-to-date symlink: /ws_gz/install/champ_msgs/include/champ_msgs/champ_msgs/msg/contacts.hpp
[1.055s] -- Up-to-date symlink: /ws_gz/install/champ_msgs/include/champ_msgs/champ_msgs/msg/contacts_stamped.hpp
[1.056s] -- Up-to-date symlink: /ws_gz/install/champ_msgs/include/champ_msgs/champ_msgs/msg/detail/contacts__builder.hpp
[1.056s] -- Up-to-date symlink: /ws_gz/install/champ_msgs/include/champ_msgs/champ_msgs/msg/detail/contacts__struct.hpp
[1.056s] -- Up-to-date symlink: /ws_gz/install/champ_msgs/include/champ_msgs/champ_msgs/msg/detail/contacts__traits.hpp
[1.056s] -- Up-to-date symlink: /ws_gz/install/champ_msgs/include/champ_msgs/champ_msgs/msg/detail/contacts__type_support.hpp
[1.056s] -- Up-to-date symlink: /ws_gz/install/champ_msgs/include/champ_msgs/champ_msgs/msg/detail/contacts_stamped__builder.hpp
[1.056s] -- Up-to-date symlink: /ws_gz/install/champ_msgs/include/champ_msgs/champ_msgs/msg/detail/contacts_stamped__struct.hpp
[1.056s] -- Up-to-date symlink: /ws_gz/install/champ_msgs/include/champ_msgs/champ_msgs/msg/detail/contacts_stamped__traits.hpp
[1.056s] -- Up-to-date symlink: /ws_gz/install/champ_msgs/include/champ_msgs/champ_msgs/msg/detail/contacts_stamped__type_support.hpp
[1.056s] -- Up-to-date symlink: /ws_gz/install/champ_msgs/include/champ_msgs/champ_msgs/msg/detail/imu__builder.hpp
[1.056s] -- Up-to-date symlink: /ws_gz/install/champ_msgs/include/champ_msgs/champ_msgs/msg/detail/imu__struct.hpp
[1.056s] -- Up-to-date symlink: /ws_gz/install/champ_msgs/include/champ_msgs/champ_msgs/msg/detail/imu__traits.hpp
[1.056s] -- Up-to-date symlink: /ws_gz/install/champ_msgs/include/champ_msgs/champ_msgs/msg/detail/imu__type_support.hpp
[1.056s] -- Up-to-date symlink: /ws_gz/install/champ_msgs/include/champ_msgs/champ_msgs/msg/detail/joints__builder.hpp
[1.056s] -- Up-to-date symlink: /ws_gz/install/champ_msgs/include/champ_msgs/champ_msgs/msg/detail/joints__struct.hpp
[1.056s] -- Up-to-date symlink: /ws_gz/install/champ_msgs/include/champ_msgs/champ_msgs/msg/detail/joints__traits.hpp
[1.056s] -- Up-to-date symlink: /ws_gz/install/champ_msgs/include/champ_msgs/champ_msgs/msg/detail/joints__type_support.hpp
[1.057s] -- Up-to-date symlink: /ws_gz/install/champ_msgs/include/champ_msgs/champ_msgs/msg/detail/pid__builder.hpp
[1.057s] -- Up-to-date symlink: /ws_gz/install/champ_msgs/include/champ_msgs/champ_msgs/msg/detail/pid__struct.hpp
[1.057s] -- Up-to-date symlink: /ws_gz/install/champ_msgs/include/champ_msgs/champ_msgs/msg/detail/pid__traits.hpp
[1.057s] -- Up-to-date symlink: /ws_gz/install/champ_msgs/include/champ_msgs/champ_msgs/msg/detail/pid__type_support.hpp
[1.057s] -- Up-to-date symlink: /ws_gz/install/champ_msgs/include/champ_msgs/champ_msgs/msg/detail/point__builder.hpp
[1.057s] -- Up-to-date symlink: /ws_gz/install/champ_msgs/include/champ_msgs/champ_msgs/msg/detail/point__struct.hpp
[1.057s] -- Up-to-date symlink: /ws_gz/install/champ_msgs/include/champ_msgs/champ_msgs/msg/detail/point__traits.hpp
[1.057s] -- Up-to-date symlink: /ws_gz/install/champ_msgs/include/champ_msgs/champ_msgs/msg/detail/point__type_support.hpp
[1.057s] -- Up-to-date symlink: /ws_gz/install/champ_msgs/include/champ_msgs/champ_msgs/msg/detail/point_array__builder.hpp
[1.057s] -- Up-to-date symlink: /ws_gz/install/champ_msgs/include/champ_msgs/champ_msgs/msg/detail/point_array__struct.hpp
[1.057s] -- Up-to-date symlink: /ws_gz/install/champ_msgs/include/champ_msgs/champ_msgs/msg/detail/point_array__traits.hpp
[1.057s] -- Up-to-date symlink: /ws_gz/install/champ_msgs/include/champ_msgs/champ_msgs/msg/detail/point_array__type_support.hpp
[1.057s] -- Up-to-date symlink: /ws_gz/install/champ_msgs/include/champ_msgs/champ_msgs/msg/detail/pose__builder.hpp
[1.057s] -- Up-to-date symlink: /ws_gz/install/champ_msgs/include/champ_msgs/champ_msgs/msg/detail/pose__struct.hpp
[1.057s] -- Up-to-date symlink: /ws_gz/install/champ_msgs/include/champ_msgs/champ_msgs/msg/detail/pose__traits.hpp
[1.057s] -- Up-to-date symlink: /ws_gz/install/champ_msgs/include/champ_msgs/champ_msgs/msg/detail/pose__type_support.hpp
[1.057s] -- Up-to-date symlink: /ws_gz/install/champ_msgs/include/champ_msgs/champ_msgs/msg/detail/velocities__builder.hpp
[1.058s] -- Up-to-date symlink: /ws_gz/install/champ_msgs/include/champ_msgs/champ_msgs/msg/detail/velocities__struct.hpp
[1.058s] -- Up-to-date symlink: /ws_gz/install/champ_msgs/include/champ_msgs/champ_msgs/msg/detail/velocities__traits.hpp
[1.058s] -- Up-to-date symlink: /ws_gz/install/champ_msgs/include/champ_msgs/champ_msgs/msg/detail/velocities__type_support.hpp
[1.058s] -- Up-to-date symlink: /ws_gz/install/champ_msgs/include/champ_msgs/champ_msgs/msg/imu.hpp
[1.058s] -- Up-to-date symlink: /ws_gz/install/champ_msgs/include/champ_msgs/champ_msgs/msg/joints.hpp
[1.058s] -- Up-to-date symlink: /ws_gz/install/champ_msgs/include/champ_msgs/champ_msgs/msg/pid.hpp
[1.058s] -- Up-to-date symlink: /ws_gz/install/champ_msgs/include/champ_msgs/champ_msgs/msg/point.hpp
[1.058s] -- Up-to-date symlink: /ws_gz/install/champ_msgs/include/champ_msgs/champ_msgs/msg/point_array.hpp
[1.058s] -- Up-to-date symlink: /ws_gz/install/champ_msgs/include/champ_msgs/champ_msgs/msg/pose.hpp
[1.058s] -- Up-to-date symlink: /ws_gz/install/champ_msgs/include/champ_msgs/champ_msgs/msg/rosidl_generator_cpp__visibility_control.hpp
[1.058s] -- Up-to-date symlink: /ws_gz/install/champ_msgs/include/champ_msgs/champ_msgs/msg/velocities.hpp
[1.058s] -- Up-to-date symlink: /ws_gz/install/champ_msgs/include/champ_msgs/champ_msgs/msg/detail/contacts__rosidl_typesupport_fastrtps_cpp.hpp
[1.058s] -- Up-to-date symlink: /ws_gz/install/champ_msgs/include/champ_msgs/champ_msgs/msg/detail/contacts_stamped__rosidl_typesupport_fastrtps_cpp.hpp
[1.058s] -- Up-to-date symlink: /ws_gz/install/champ_msgs/include/champ_msgs/champ_msgs/msg/detail/imu__rosidl_typesupport_fastrtps_cpp.hpp
[1.058s] -- Up-to-date symlink: /ws_gz/install/champ_msgs/include/champ_msgs/champ_msgs/msg/detail/joints__rosidl_typesupport_fastrtps_cpp.hpp
[1.059s] -- Up-to-date symlink: /ws_gz/install/champ_msgs/include/champ_msgs/champ_msgs/msg/detail/pid__rosidl_typesupport_fastrtps_cpp.hpp
[1.059s] -- Up-to-date symlink: /ws_gz/install/champ_msgs/include/champ_msgs/champ_msgs/msg/detail/point__rosidl_typesupport_fastrtps_cpp.hpp
[1.059s] -- Up-to-date symlink: /ws_gz/install/champ_msgs/include/champ_msgs/champ_msgs/msg/detail/point_array__rosidl_typesupport_fastrtps_cpp.hpp
[1.059s] -- Up-to-date symlink: /ws_gz/install/champ_msgs/include/champ_msgs/champ_msgs/msg/detail/pose__rosidl_typesupport_fastrtps_cpp.hpp
[1.059s] -- Up-to-date symlink: /ws_gz/install/champ_msgs/include/champ_msgs/champ_msgs/msg/detail/velocities__rosidl_typesupport_fastrtps_cpp.hpp
[1.059s] -- Up-to-date symlink: /ws_gz/install/champ_msgs/include/champ_msgs/champ_msgs/msg/rosidl_typesupport_fastrtps_cpp__visibility_control.h
[1.059s] -- Up-to-date symlink: /ws_gz/install/champ_msgs/include/champ_msgs/champ_msgs/msg/detail/contacts__rosidl_typesupport_introspection_cpp.hpp
[1.059s] -- Up-to-date symlink: /ws_gz/install/champ_msgs/include/champ_msgs/champ_msgs/msg/detail/contacts_stamped__rosidl_typesupport_introspection_cpp.hpp
[1.059s] -- Up-to-date symlink: /ws_gz/install/champ_msgs/include/champ_msgs/champ_msgs/msg/detail/imu__rosidl_typesupport_introspection_cpp.hpp
[1.059s] -- Up-to-date symlink: /ws_gz/install/champ_msgs/include/champ_msgs/champ_msgs/msg/detail/joints__rosidl_typesupport_introspection_cpp.hpp
[1.059s] -- Up-to-date symlink: /ws_gz/install/champ_msgs/include/champ_msgs/champ_msgs/msg/detail/pid__rosidl_typesupport_introspection_cpp.hpp
[1.059s] -- Up-to-date symlink: /ws_gz/install/champ_msgs/include/champ_msgs/champ_msgs/msg/detail/point__rosidl_typesupport_introspection_cpp.hpp
[1.059s] -- Up-to-date symlink: /ws_gz/install/champ_msgs/include/champ_msgs/champ_msgs/msg/detail/point_array__rosidl_typesupport_introspection_cpp.hpp
[1.059s] -- Up-to-date symlink: /ws_gz/install/champ_msgs/include/champ_msgs/champ_msgs/msg/detail/pose__rosidl_typesupport_introspection_cpp.hpp
[1.059s] -- Up-to-date symlink: /ws_gz/install/champ_msgs/include/champ_msgs/champ_msgs/msg/detail/velocities__rosidl_typesupport_introspection_cpp.hpp
[1.059s] -- Up-to-date symlink: /ws_gz/install/champ_msgs/share/champ_msgs/environment/pythonpath.sh
[1.059s] -- Up-to-date symlink: /ws_gz/install/champ_msgs/share/champ_msgs/environment/pythonpath.dsv
[1.060s] -- Up-to-date symlink: /ws_gz/install/champ_msgs/local/lib/python3.10/dist-packages/champ_msgs-0.1.0-py3.10.egg-info/PKG-INFO
[1.060s] -- Up-to-date symlink: /ws_gz/install/champ_msgs/local/lib/python3.10/dist-packages/champ_msgs-0.1.0-py3.10.egg-info/SOURCES.txt
[1.060s] -- Up-to-date symlink: /ws_gz/install/champ_msgs/local/lib/python3.10/dist-packages/champ_msgs-0.1.0-py3.10.egg-info/dependency_links.txt
[1.060s] -- Up-to-date symlink: /ws_gz/install/champ_msgs/local/lib/python3.10/dist-packages/champ_msgs-0.1.0-py3.10.egg-info/top_level.txt
[1.060s] -- Up-to-date symlink: /ws_gz/install/champ_msgs/local/lib/python3.10/dist-packages/champ_msgs/__init__.py
[1.060s] -- Up-to-date symlink: /ws_gz/install/champ_msgs/local/lib/python3.10/dist-packages/champ_msgs/_champ_msgs_s.ep.rosidl_typesupport_c.c
[1.060s] -- Up-to-date symlink: /ws_gz/install/champ_msgs/local/lib/python3.10/dist-packages/champ_msgs/_champ_msgs_s.ep.rosidl_typesupport_fastrtps_c.c
[1.060s] -- Up-to-date symlink: /ws_gz/install/champ_msgs/local/lib/python3.10/dist-packages/champ_msgs/_champ_msgs_s.ep.rosidl_typesupport_introspection_c.c
[1.060s] -- Up-to-date symlink: /ws_gz/install/champ_msgs/local/lib/python3.10/dist-packages/champ_msgs/champ_msgs_s__rosidl_typesupport_c.cpython-310-x86_64-linux-gnu.so
[1.060s] -- Up-to-date symlink: /ws_gz/install/champ_msgs/local/lib/python3.10/dist-packages/champ_msgs/champ_msgs_s__rosidl_typesupport_fastrtps_c.cpython-310-x86_64-linux-gnu.so
[1.060s] -- Up-to-date symlink: /ws_gz/install/champ_msgs/local/lib/python3.10/dist-packages/champ_msgs/champ_msgs_s__rosidl_typesupport_introspection_c.cpython-310-x86_64-linux-gnu.so
[1.060s] -- Up-to-date symlink: /ws_gz/install/champ_msgs/local/lib/python3.10/dist-packages/champ_msgs/libchamp_msgs__rosidl_generator_py.so
[1.060s] -- Up-to-date symlink: /ws_gz/install/champ_msgs/local/lib/python3.10/dist-packages/champ_msgs/msg/__init__.py
[1.060s] -- Up-to-date symlink: /ws_gz/install/champ_msgs/local/lib/python3.10/dist-packages/champ_msgs/msg/_contacts.py
[1.060s] -- Up-to-date symlink: /ws_gz/install/champ_msgs/local/lib/python3.10/dist-packages/champ_msgs/msg/_contacts_s.c
[1.060s] -- Up-to-date symlink: /ws_gz/install/champ_msgs/local/lib/python3.10/dist-packages/champ_msgs/msg/_contacts_stamped.py
[1.061s] -- Up-to-date symlink: /ws_gz/install/champ_msgs/local/lib/python3.10/dist-packages/champ_msgs/msg/_contacts_stamped_s.c
[1.061s] -- Up-to-date symlink: /ws_gz/install/champ_msgs/local/lib/python3.10/dist-packages/champ_msgs/msg/_imu.py
[1.061s] -- Up-to-date symlink: /ws_gz/install/champ_msgs/local/lib/python3.10/dist-packages/champ_msgs/msg/_imu_s.c
[1.061s] -- Up-to-date symlink: /ws_gz/install/champ_msgs/local/lib/python3.10/dist-packages/champ_msgs/msg/_joints.py
[1.061s] -- Up-to-date symlink: /ws_gz/install/champ_msgs/local/lib/python3.10/dist-packages/champ_msgs/msg/_joints_s.c
[1.061s] -- Up-to-date symlink: /ws_gz/install/champ_msgs/local/lib/python3.10/dist-packages/champ_msgs/msg/_pid.py
[1.061s] -- Up-to-date symlink: /ws_gz/install/champ_msgs/local/lib/python3.10/dist-packages/champ_msgs/msg/_pid_s.c
[1.061s] -- Up-to-date symlink: /ws_gz/install/champ_msgs/local/lib/python3.10/dist-packages/champ_msgs/msg/_point.py
[1.061s] -- Up-to-date symlink: /ws_gz/install/champ_msgs/local/lib/python3.10/dist-packages/champ_msgs/msg/_point_array.py
[1.061s] -- Up-to-date symlink: /ws_gz/install/champ_msgs/local/lib/python3.10/dist-packages/champ_msgs/msg/_point_array_s.c
[1.061s] -- Up-to-date symlink: /ws_gz/install/champ_msgs/local/lib/python3.10/dist-packages/champ_msgs/msg/_point_s.c
[1.061s] -- Up-to-date symlink: /ws_gz/install/champ_msgs/local/lib/python3.10/dist-packages/champ_msgs/msg/_pose.py
[1.061s] -- Up-to-date symlink: /ws_gz/install/champ_msgs/local/lib/python3.10/dist-packages/champ_msgs/msg/_pose_s.c
[1.061s] -- Up-to-date symlink: /ws_gz/install/champ_msgs/local/lib/python3.10/dist-packages/champ_msgs/msg/_velocities.py
[1.061s] -- Up-to-date symlink: /ws_gz/install/champ_msgs/local/lib/python3.10/dist-packages/champ_msgs/msg/_velocities_s.c
[1.061s] -- Up-to-date symlink: /ws_gz/install/champ_msgs/local/lib/python3.10/dist-packages/champ_msgs/champ_msgs_s__rosidl_typesupport_fastrtps_c.cpython-310-x86_64-linux-gnu.so
[1.061s] -- Up-to-date symlink: /ws_gz/install/champ_msgs/local/lib/python3.10/dist-packages/champ_msgs/champ_msgs_s__rosidl_typesupport_introspection_c.cpython-310-x86_64-linux-gnu.so
[1.061s] -- Up-to-date symlink: /ws_gz/install/champ_msgs/local/lib/python3.10/dist-packages/champ_msgs/champ_msgs_s__rosidl_typesupport_c.cpython-310-x86_64-linux-gnu.so
[1.061s] -- Up-to-date symlink: /ws_gz/install/champ_msgs/share/ament_index/resource_index/rust_packages/champ_msgs
[1.061s] -- Up-to-date symlink: /ws_gz/install/champ_msgs/share/champ_msgs/rust/Cargo.toml
[1.062s] -- Up-to-date symlink: /ws_gz/install/champ_msgs/share/champ_msgs/rust/build.rs
[1.062s] -- Up-to-date symlink: /ws_gz/install/champ_msgs/share/champ_msgs/rust/src/lib.rs
[1.062s] -- Up-to-date symlink: /ws_gz/install/champ_msgs/share/champ_msgs/rust/src/msg.rs
[1.062s] -- Up-to-date symlink: /ws_gz/install/champ_msgs/share/champ_msgs/rust/src/msg/rmw.rs
[1.062s] -- Up-to-date symlink: /ws_gz/install/champ_msgs/share/champ_msgs/msg/Velocities.idl
[1.062s] -- Up-to-date symlink: /ws_gz/install/champ_msgs/share/champ_msgs/msg/PID.idl
[1.062s] -- Up-to-date symlink: /ws_gz/install/champ_msgs/share/champ_msgs/msg/Imu.idl
[1.062s] -- Up-to-date symlink: /ws_gz/install/champ_msgs/share/champ_msgs/msg/Point.idl
[1.062s] -- Up-to-date symlink: /ws_gz/install/champ_msgs/share/champ_msgs/msg/PointArray.idl
[1.062s] -- Up-to-date symlink: /ws_gz/install/champ_msgs/share/champ_msgs/msg/Joints.idl
[1.062s] -- Up-to-date symlink: /ws_gz/install/champ_msgs/share/champ_msgs/msg/Contacts.idl
[1.062s] -- Up-to-date symlink: /ws_gz/install/champ_msgs/share/champ_msgs/msg/ContactsStamped.idl
[1.062s] -- Up-to-date symlink: /ws_gz/install/champ_msgs/share/champ_msgs/msg/Pose.idl
[1.062s] -- Up-to-date symlink: /ws_gz/install/champ_msgs/share/champ_msgs/msg/Velocities.msg
[1.062s] -- Up-to-date symlink: /ws_gz/install/champ_msgs/share/champ_msgs/msg/PID.msg
[1.062s] -- Up-to-date symlink: /ws_gz/install/champ_msgs/share/champ_msgs/msg/Imu.msg
[1.062s] -- Up-to-date symlink: /ws_gz/install/champ_msgs/share/champ_msgs/msg/Point.msg
[1.062s] -- Up-to-date symlink: /ws_gz/install/champ_msgs/share/champ_msgs/msg/PointArray.msg
[1.062s] -- Up-to-date symlink: /ws_gz/install/champ_msgs/share/champ_msgs/msg/Joints.msg
[1.062s] -- Up-to-date symlink: /ws_gz/install/champ_msgs/share/champ_msgs/msg/Contacts.msg
[1.062s] -- Up-to-date symlink: /ws_gz/install/champ_msgs/share/champ_msgs/msg/ContactsStamped.msg
[1.063s] -- Up-to-date symlink: /ws_gz/install/champ_msgs/share/champ_msgs/msg/Pose.msg
[1.063s] -- Up-to-date symlink: /ws_gz/install/champ_msgs/share/ament_index/resource_index/package_run_dependencies/champ_msgs
[1.063s] -- Up-to-date symlink: /ws_gz/install/champ_msgs/share/ament_index/resource_index/parent_prefix_path/champ_msgs
[1.063s] -- Up-to-date symlink: /ws_gz/install/champ_msgs/share/champ_msgs/environment/ament_prefix_path.sh
[1.063s] -- Up-to-date symlink: /ws_gz/install/champ_msgs/share/champ_msgs/environment/ament_prefix_path.dsv
[1.063s] -- Up-to-date symlink: /ws_gz/install/champ_msgs/share/champ_msgs/environment/path.sh
[1.063s] -- Up-to-date symlink: /ws_gz/install/champ_msgs/share/champ_msgs/environment/path.dsv
[1.063s] -- Up-to-date symlink: /ws_gz/install/champ_msgs/share/champ_msgs/local_setup.bash
[1.063s] -- Up-to-date symlink: /ws_gz/install/champ_msgs/share/champ_msgs/local_setup.sh
[1.063s] -- Up-to-date symlink: /ws_gz/install/champ_msgs/share/champ_msgs/local_setup.zsh
[1.063s] -- Up-to-date symlink: /ws_gz/install/champ_msgs/share/champ_msgs/local_setup.dsv
[1.063s] -- Symlinking: /ws_gz/install/champ_msgs/share/champ_msgs/package.dsv
[1.066s] -- Up-to-date symlink: /ws_gz/install/champ_msgs/share/ament_index/resource_index/packages/champ_msgs
[1.066s] -- Up-to-date symlink: /ws_gz/install/champ_msgs/share/champ_msgs/cmake/rosidl_cmake-extras.cmake
[1.066s] -- Up-to-date symlink: /ws_gz/install/champ_msgs/share/champ_msgs/cmake/ament_cmake_export_dependencies-extras.cmake
[1.066s] -- Up-to-date symlink: /ws_gz/install/champ_msgs/share/champ_msgs/cmake/ament_cmake_export_include_directories-extras.cmake
[1.066s] -- Up-to-date symlink: /ws_gz/install/champ_msgs/share/champ_msgs/cmake/ament_cmake_export_libraries-extras.cmake
[1.066s] -- Up-to-date symlink: /ws_gz/install/champ_msgs/share/champ_msgs/cmake/ament_cmake_export_targets-extras.cmake
[1.067s] -- Up-to-date symlink: /ws_gz/install/champ_msgs/share/champ_msgs/cmake/rosidl_cmake_export_typesupport_targets-extras.cmake
[1.067s] -- Up-to-date symlink: /ws_gz/install/champ_msgs/share/champ_msgs/cmake/rosidl_cmake_export_typesupport_libraries-extras.cmake
[1.067s] -- Up-to-date symlink: /ws_gz/install/champ_msgs/share/champ_msgs/cmake/champ_msgsConfig.cmake
[1.067s] -- Up-to-date symlink: /ws_gz/install/champ_msgs/share/champ_msgs/cmake/champ_msgsConfig-version.cmake
[1.067s] -- Up-to-date symlink: /ws_gz/install/champ_msgs/share/champ_msgs/package.xml
[1.067s] -- Up-to-date: /ws_gz/install/champ_msgs/lib/libchamp_msgs__rosidl_generator_c.so
[1.067s] -- Up-to-date: /ws_gz/install/champ_msgs/lib/libchamp_msgs__rosidl_typesupport_fastrtps_c.so
[1.068s] -- Up-to-date: /ws_gz/install/champ_msgs/lib/libchamp_msgs__rosidl_typesupport_introspection_c.so
[1.068s] -- Up-to-date: /ws_gz/install/champ_msgs/lib/libchamp_msgs__rosidl_typesupport_c.so
[1.068s] -- Up-to-date: /ws_gz/install/champ_msgs/lib/libchamp_msgs__rosidl_typesupport_fastrtps_cpp.so
[1.069s] -- Up-to-date: /ws_gz/install/champ_msgs/lib/libchamp_msgs__rosidl_typesupport_introspection_cpp.so
[1.069s] -- Up-to-date: /ws_gz/install/champ_msgs/lib/libchamp_msgs__rosidl_typesupport_cpp.so
[1.094s] Listing '/ws_gz/install/champ_msgs/local/lib/python3.10/dist-packages/champ_msgs'...
[1.094s] Compiling '/ws_gz/install/champ_msgs/local/lib/python3.10/dist-packages/champ_msgs/__init__.py'...
[1.094s] Listing '/ws_gz/install/champ_msgs/local/lib/python3.10/dist-packages/champ_msgs/msg'...
[1.097s] -- Up-to-date: /ws_gz/install/champ_msgs/lib/libchamp_msgs__rosidl_generator_py.so
[1.097s] -- Up-to-date: /ws_gz/install/champ_msgs/share/champ_msgs/cmake/export_champ_msgs__rosidl_generator_cExport.cmake
[1.097s] -- Up-to-date: /ws_gz/install/champ_msgs/share/champ_msgs/cmake/export_champ_msgs__rosidl_generator_cExport-release.cmake
[1.097s] -- Up-to-date: /ws_gz/install/champ_msgs/share/champ_msgs/cmake/export_champ_msgs__rosidl_typesupport_fastrtps_cExport.cmake
[1.097s] -- Up-to-date: /ws_gz/install/champ_msgs/share/champ_msgs/cmake/export_champ_msgs__rosidl_typesupport_fastrtps_cExport-release.cmake
[1.097s] -- Up-to-date: /ws_gz/install/champ_msgs/share/champ_msgs/cmake/champ_msgs__rosidl_typesupport_introspection_cExport.cmake
[1.097s] -- Up-to-date: /ws_gz/install/champ_msgs/share/champ_msgs/cmake/champ_msgs__rosidl_typesupport_introspection_cExport-release.cmake
[1.097s] -- Up-to-date: /ws_gz/install/champ_msgs/share/champ_msgs/cmake/champ_msgs__rosidl_typesupport_cExport.cmake
[1.097s] -- Up-to-date: /ws_gz/install/champ_msgs/share/champ_msgs/cmake/champ_msgs__rosidl_typesupport_cExport-release.cmake
[1.098s] -- Up-to-date: /ws_gz/install/champ_msgs/share/champ_msgs/cmake/export_champ_msgs__rosidl_generator_cppExport.cmake
[1.098s] -- Up-to-date: /ws_gz/install/champ_msgs/share/champ_msgs/cmake/export_champ_msgs__rosidl_typesupport_fastrtps_cppExport.cmake
[1.098s] -- Up-to-date: /ws_gz/install/champ_msgs/share/champ_msgs/cmake/export_champ_msgs__rosidl_typesupport_fastrtps_cppExport-release.cmake
[1.098s] -- Up-to-date: /ws_gz/install/champ_msgs/share/champ_msgs/cmake/champ_msgs__rosidl_typesupport_introspection_cppExport.cmake
[1.098s] -- Up-to-date: /ws_gz/install/champ_msgs/share/champ_msgs/cmake/champ_msgs__rosidl_typesupport_introspection_cppExport-release.cmake
[1.098s] -- Up-to-date: /ws_gz/install/champ_msgs/share/champ_msgs/cmake/champ_msgs__rosidl_typesupport_cppExport.cmake
[1.098s] -- Up-to-date: /ws_gz/install/champ_msgs/share/champ_msgs/cmake/champ_msgs__rosidl_typesupport_cppExport-release.cmake
[1.098s] -- Up-to-date: /ws_gz/install/champ_msgs/share/champ_msgs/cmake/export_champ_msgs__rosidl_generator_pyExport.cmake
[1.098s] -- Up-to-date: /ws_gz/install/champ_msgs/share/champ_msgs/cmake/export_champ_msgs__rosidl_generator_pyExport-release.cmake
[1.100s] Invoked command in '/ws_gz/build/champ_msgs' returned '0': CMAKE_PREFIX_PATH=/opt/ros/humble /usr/bin/cmake --install /ws_gz/build/champ_msgs
