[0.036s] Invoking command in '/root/dddmr_navigation/build/dddmr_odom_3d': CMAKE_PREFIX_PATH=${CMAKE_PREFIX_PATH}:/opt/ros/humble /usr/bin/cmake /root/dddmr_navigation/src/dddmr_odom_3d -DAMENT_CMAKE_SYMLINK_INSTALL=1 -DCMAKE_INSTALL_PREFIX=/root/dddmr_navigation/install/dddmr_odom_3d
[0.057s] -- Found ament_cmake: 1.3.14 (/opt/ros/humble/share/ament_cmake/cmake)
[0.160s] -- Override CMake install command with custom implementation using symlinks instead of copying resources
[0.167s] -- Found rclcpp: 16.0.19 (/opt/ros/humble/share/rclcpp/cmake)
[0.192s] -- Found rosidl_generator_c: 3.1.8 (/opt/ros/humble/share/rosidl_generator_c/cmake)
[0.194s] -- Found rosidl_adapter: 3.1.8 (/opt/ros/humble/share/rosidl_adapter/cmake)
[0.200s] -- Found rosidl_generator_cpp: 3.1.8 (/opt/ros/humble/share/rosidl_generator_cpp/cmake)
[0.209s] -- Using all available rosidl_typesupport_c: rosidl_typesupport_fastrtps_c;rosidl_typesupport_introspection_c
[0.220s] -- Using all available rosidl_typesupport_cpp: rosidl_typesupport_fastrtps_cpp;rosidl_typesupport_introspection_cpp
[0.250s] -- Found rmw_implementation_cmake: 6.1.2 (/opt/ros/humble/share/rmw_implementation_cmake/cmake)
[0.252s] -- Found rmw_fastrtps_cpp: 6.2.10 (/opt/ros/humble/share/rmw_fastrtps_cpp/cmake)
[0.345s] -- Using RMW implementation 'rmw_fastrtps_cpp' as default
[0.373s] -- Found rclcpp_action: 16.0.19 (/opt/ros/humble/share/rclcpp_action/cmake)
[0.390s] -- Found rclcpp_lifecycle: 16.0.19 (/opt/ros/humble/share/rclcpp_lifecycle/cmake)
[0.399s] -- Found rclcpp_components: 16.0.19 (/opt/ros/humble/share/rclcpp_components/cmake)
[0.410s] -- Found std_srvs: 4.9.1 (/opt/ros/humble/share/std_srvs/cmake)
[0.416s] -- Found sensor_msgs: 4.9.1 (/opt/ros/humble/share/sensor_msgs/cmake)
[0.433s] -- Found nav_msgs: 4.9.1 (/opt/ros/humble/share/nav_msgs/cmake)
[0.442s] -- Found visualization_msgs: 4.9.1 (/opt/ros/humble/share/visualization_msgs/cmake)
[0.454s] -- Found message_filters: 4.3.16 (/opt/ros/humble/share/message_filters/cmake)
[0.455s] -- Found tf2_ros: 0.25.20 (/opt/ros/humble/share/tf2_ros/cmake)
[0.473s] -- Found tf2_geometry_msgs: 0.25.20 (/opt/ros/humble/share/tf2_geometry_msgs/cmake)
[0.475s] -- Found eigen3_cmake_module: 0.1.1 (/opt/ros/humble/share/eigen3_cmake_module/cmake)
[0.476s] -- Ensuring Eigen3 include directory is part of orocos-kdl CMake target
[0.477s] -- Found tf2_eigen: 0.25.20 (/opt/ros/humble/share/tf2_eigen/cmake)
[0.478s] -- Found pluginlib: 5.1.4 (/opt/ros/humble/share/pluginlib/cmake)
[0.538s] -- Configuring done
[0.553s] -- Generating done
[0.559s] -- Build files have been written to: /root/dddmr_navigation/build/dddmr_odom_3d
[0.568s] Invoked command in '/root/dddmr_navigation/build/dddmr_odom_3d' returned '0': CMAKE_PREFIX_PATH=${CMAKE_PREFIX_PATH}:/opt/ros/humble /usr/bin/cmake /root/dddmr_navigation/src/dddmr_odom_3d -DAMENT_CMAKE_SYMLINK_INSTALL=1 -DCMAKE_INSTALL_PREFIX=/root/dddmr_navigation/install/dddmr_odom_3d
[0.570s] Invoking command in '/root/dddmr_navigation/build/dddmr_odom_3d': CMAKE_PREFIX_PATH=${CMAKE_PREFIX_PATH}:/opt/ros/humble /usr/bin/cmake --build /root/dddmr_navigation/build/dddmr_odom_3d -- -j28 -l28
[0.598s] [35m[1mConsolidate compiler generated dependencies of target odom_3d[0m
[0.611s] [100%] Built target odom_3d
[0.620s] Invoked command in '/root/dddmr_navigation/build/dddmr_odom_3d' returned '0': CMAKE_PREFIX_PATH=${CMAKE_PREFIX_PATH}:/opt/ros/humble /usr/bin/cmake --build /root/dddmr_navigation/build/dddmr_odom_3d -- -j28 -l28
[0.621s] Invoking command in '/root/dddmr_navigation/build/dddmr_odom_3d': CMAKE_PREFIX_PATH=${CMAKE_PREFIX_PATH}:/opt/ros/humble /usr/bin/cmake --install /root/dddmr_navigation/build/dddmr_odom_3d
[0.626s] -- Install configuration: "Release"
[0.626s] -- Execute custom install script
[0.626s] -- Up-to-date symlink: /root/dddmr_navigation/install/dddmr_odom_3d/lib/dddmr_odom_3d/odom_3d
[0.626s] -- Up-to-date symlink: /root/dddmr_navigation/install/dddmr_odom_3d/include//odom_3d.h
[0.627s] -- Up-to-date symlink: /root/dddmr_navigation/install/dddmr_odom_3d/share/dddmr_odom_3d//launch/example_odom_3d_launch.py
[0.627s] -- Up-to-date symlink: /root/dddmr_navigation/install/dddmr_odom_3d/share/dddmr_odom_3d//rviz/odom_3d_example_.rviz
[0.627s] -- Up-to-date symlink: /root/dddmr_navigation/install/dddmr_odom_3d/share/dddmr_odom_3d//bag_files/rosbag2_odom2d_imu/metadata.yaml
[0.627s] -- Up-to-date symlink: /root/dddmr_navigation/install/dddmr_odom_3d/share/dddmr_odom_3d//bag_files/rosbag2_odom2d_imu/rosbag2_2025_06_28-22_48_31_0.db3
[0.627s] -- Up-to-date symlink: /root/dddmr_navigation/install/dddmr_odom_3d/share/ament_index/resource_index/package_run_dependencies/dddmr_odom_3d
[0.627s] -- Up-to-date symlink: /root/dddmr_navigation/install/dddmr_odom_3d/share/ament_index/resource_index/parent_prefix_path/dddmr_odom_3d
[0.627s] -- Up-to-date symlink: /root/dddmr_navigation/install/dddmr_odom_3d/share/dddmr_odom_3d/environment/ament_prefix_path.sh
[0.627s] -- Up-to-date symlink: /root/dddmr_navigation/install/dddmr_odom_3d/share/dddmr_odom_3d/environment/ament_prefix_path.dsv
[0.627s] -- Up-to-date symlink: /root/dddmr_navigation/install/dddmr_odom_3d/share/dddmr_odom_3d/environment/path.sh
[0.627s] -- Up-to-date symlink: /root/dddmr_navigation/install/dddmr_odom_3d/share/dddmr_odom_3d/environment/path.dsv
[0.628s] -- Up-to-date symlink: /root/dddmr_navigation/install/dddmr_odom_3d/share/dddmr_odom_3d/local_setup.bash
[0.628s] -- Up-to-date symlink: /root/dddmr_navigation/install/dddmr_odom_3d/share/dddmr_odom_3d/local_setup.sh
[0.628s] -- Up-to-date symlink: /root/dddmr_navigation/install/dddmr_odom_3d/share/dddmr_odom_3d/local_setup.zsh
[0.628s] -- Up-to-date symlink: /root/dddmr_navigation/install/dddmr_odom_3d/share/dddmr_odom_3d/local_setup.dsv
[0.628s] -- Symlinking: /root/dddmr_navigation/install/dddmr_odom_3d/share/dddmr_odom_3d/package.dsv
[0.637s] -- Up-to-date symlink: /root/dddmr_navigation/install/dddmr_odom_3d/share/ament_index/resource_index/packages/dddmr_odom_3d
[0.637s] -- Up-to-date symlink: /root/dddmr_navigation/install/dddmr_odom_3d/share/dddmr_odom_3d/cmake/ament_cmake_export_include_directories-extras.cmake
[0.638s] -- Up-to-date symlink: /root/dddmr_navigation/install/dddmr_odom_3d/share/dddmr_odom_3d/cmake/ament_cmake_export_dependencies-extras.cmake
[0.638s] -- Up-to-date symlink: /root/dddmr_navigation/install/dddmr_odom_3d/share/dddmr_odom_3d/cmake/dddmr_odom_3dConfig.cmake
[0.638s] -- Up-to-date symlink: /root/dddmr_navigation/install/dddmr_odom_3d/share/dddmr_odom_3d/cmake/dddmr_odom_3dConfig-version.cmake
[0.638s] -- Up-to-date symlink: /root/dddmr_navigation/install/dddmr_odom_3d/share/dddmr_odom_3d/package.xml
[0.645s] Invoked command in '/root/dddmr_navigation/build/dddmr_odom_3d' returned '0': CMAKE_PREFIX_PATH=${CMAKE_PREFIX_PATH}:/opt/ros/humble /usr/bin/cmake --install /root/dddmr_navigation/build/dddmr_odom_3d
