[0.039s] Invoking command in '/root/dddmr_navigation/build/dddmr_odom_3d': CMAKE_PREFIX_PATH=${CMAKE_PREFIX_PATH}:/opt/ros/humble /usr/bin/cmake /root/dddmr_navigation/src/dddmr_odom_3d -DAMENT_CMAKE_SYMLINK_INSTALL=1 -DCMAKE_INSTALL_PREFIX=/root/dddmr_navigation/install/dddmr_odom_3d
[0.061s] -- Found ament_cmake: 1.3.14 (/opt/ros/humble/share/ament_cmake/cmake)
[0.147s] -- Override CMake install command with custom implementation using symlinks instead of copying resources
[0.155s] -- Found rclcpp: 16.0.19 (/opt/ros/humble/share/rclcpp/cmake)
[0.184s] -- Found rosidl_generator_c: 3.1.8 (/opt/ros/humble/share/rosidl_generator_c/cmake)
[0.186s] -- Found rosidl_adapter: 3.1.8 (/opt/ros/humble/share/rosidl_adapter/cmake)
[0.190s] -- Found rosidl_generator_cpp: 3.1.8 (/opt/ros/humble/share/rosidl_generator_cpp/cmake)
[0.198s] -- Using all available rosidl_typesupport_c: rosidl_typesupport_fastrtps_c;rosidl_typesupport_introspection_c
[0.208s] -- Using all available rosidl_typesupport_cpp: rosidl_typesupport_fastrtps_cpp;rosidl_typesupport_introspection_cpp
[0.236s] -- Found rmw_implementation_cmake: 6.1.2 (/opt/ros/humble/share/rmw_implementation_cmake/cmake)
[0.237s] -- Found rmw_fastrtps_cpp: 6.2.10 (/opt/ros/humble/share/rmw_fastrtps_cpp/cmake)
[0.351s] -- Using RMW implementation 'rmw_fastrtps_cpp' as default
[0.418s] -- Found rclcpp_action: 16.0.19 (/opt/ros/humble/share/rclcpp_action/cmake)
[0.458s] -- Found rclcpp_lifecycle: 16.0.19 (/opt/ros/humble/share/rclcpp_lifecycle/cmake)
[0.480s] -- Found rclcpp_components: 16.0.19 (/opt/ros/humble/share/rclcpp_components/cmake)
[0.507s] -- Found std_srvs: 4.9.1 (/opt/ros/humble/share/std_srvs/cmake)
[0.520s] -- Found sensor_msgs: 4.9.1 (/opt/ros/humble/share/sensor_msgs/cmake)
[0.563s] -- Found nav_msgs: 4.9.1 (/opt/ros/humble/share/nav_msgs/cmake)
[0.588s] -- Found visualization_msgs: 4.9.1 (/opt/ros/humble/share/visualization_msgs/cmake)
[0.618s] -- Found message_filters: 4.3.16 (/opt/ros/humble/share/message_filters/cmake)
[0.622s] -- Found tf2_ros: 0.25.20 (/opt/ros/humble/share/tf2_ros/cmake)
[0.667s] -- Found tf2_geometry_msgs: 0.25.20 (/opt/ros/humble/share/tf2_geometry_msgs/cmake)
[0.671s] -- Found eigen3_cmake_module: 0.1.1 (/opt/ros/humble/share/eigen3_cmake_module/cmake)
[0.673s] -- Ensuring Eigen3 include directory is part of orocos-kdl CMake target
[0.675s] -- Found tf2_eigen: 0.25.20 (/opt/ros/humble/share/tf2_eigen/cmake)
[0.678s] -- Found pluginlib: 5.1.4 (/opt/ros/humble/share/pluginlib/cmake)
[0.797s] -- Configuring done
[0.818s] -- Generating done
[0.823s] -- Build files have been written to: /root/dddmr_navigation/build/dddmr_odom_3d
[0.831s] Invoked command in '/root/dddmr_navigation/build/dddmr_odom_3d' returned '0': CMAKE_PREFIX_PATH=${CMAKE_PREFIX_PATH}:/opt/ros/humble /usr/bin/cmake /root/dddmr_navigation/src/dddmr_odom_3d -DAMENT_CMAKE_SYMLINK_INSTALL=1 -DCMAKE_INSTALL_PREFIX=/root/dddmr_navigation/install/dddmr_odom_3d
[0.834s] Invoking command in '/root/dddmr_navigation/build/dddmr_odom_3d': CMAKE_PREFIX_PATH=${CMAKE_PREFIX_PATH}:/opt/ros/humble /usr/bin/cmake --build /root/dddmr_navigation/build/dddmr_odom_3d -- -j28 -l28
[0.878s] [35m[1mConsolidate compiler generated dependencies of target odom_3d[0m
[0.896s] [100%] Built target odom_3d
[0.907s] Invoked command in '/root/dddmr_navigation/build/dddmr_odom_3d' returned '0': CMAKE_PREFIX_PATH=${CMAKE_PREFIX_PATH}:/opt/ros/humble /usr/bin/cmake --build /root/dddmr_navigation/build/dddmr_odom_3d -- -j28 -l28
[0.908s] Invoking command in '/root/dddmr_navigation/build/dddmr_odom_3d': CMAKE_PREFIX_PATH=${CMAKE_PREFIX_PATH}:/opt/ros/humble /usr/bin/cmake --install /root/dddmr_navigation/build/dddmr_odom_3d
[0.920s] -- Install configuration: "Release"
[0.921s] -- Execute custom install script
[0.921s] -- Up-to-date symlink: /root/dddmr_navigation/install/dddmr_odom_3d/lib/dddmr_odom_3d/odom_3d
[0.921s] -- Up-to-date symlink: /root/dddmr_navigation/install/dddmr_odom_3d/include//odom_3d.h
[0.921s] -- Up-to-date symlink: /root/dddmr_navigation/install/dddmr_odom_3d/share/dddmr_odom_3d//launch/example_odom_3d_launch.py
[0.922s] -- Up-to-date symlink: /root/dddmr_navigation/install/dddmr_odom_3d/share/dddmr_odom_3d//rviz/odom_3d_example_.rviz
[0.922s] -- Up-to-date symlink: /root/dddmr_navigation/install/dddmr_odom_3d/share/dddmr_odom_3d//bag_files/rosbag2_odom2d_imu/metadata.yaml
[0.922s] -- Up-to-date symlink: /root/dddmr_navigation/install/dddmr_odom_3d/share/dddmr_odom_3d//bag_files/rosbag2_odom2d_imu/rosbag2_2025_06_28-22_48_31_0.db3
[0.922s] -- Up-to-date symlink: /root/dddmr_navigation/install/dddmr_odom_3d/share/ament_index/resource_index/package_run_dependencies/dddmr_odom_3d
[0.922s] -- Up-to-date symlink: /root/dddmr_navigation/install/dddmr_odom_3d/share/ament_index/resource_index/parent_prefix_path/dddmr_odom_3d
[0.922s] -- Up-to-date symlink: /root/dddmr_navigation/install/dddmr_odom_3d/share/dddmr_odom_3d/environment/ament_prefix_path.sh
[0.922s] -- Up-to-date symlink: /root/dddmr_navigation/install/dddmr_odom_3d/share/dddmr_odom_3d/environment/ament_prefix_path.dsv
[0.922s] -- Up-to-date symlink: /root/dddmr_navigation/install/dddmr_odom_3d/share/dddmr_odom_3d/environment/path.sh
[0.922s] -- Up-to-date symlink: /root/dddmr_navigation/install/dddmr_odom_3d/share/dddmr_odom_3d/environment/path.dsv
[0.922s] -- Up-to-date symlink: /root/dddmr_navigation/install/dddmr_odom_3d/share/dddmr_odom_3d/local_setup.bash
[0.922s] -- Up-to-date symlink: /root/dddmr_navigation/install/dddmr_odom_3d/share/dddmr_odom_3d/local_setup.sh
[0.922s] -- Up-to-date symlink: /root/dddmr_navigation/install/dddmr_odom_3d/share/dddmr_odom_3d/local_setup.zsh
[0.922s] -- Up-to-date symlink: /root/dddmr_navigation/install/dddmr_odom_3d/share/dddmr_odom_3d/local_setup.dsv
[0.922s] -- Symlinking: /root/dddmr_navigation/install/dddmr_odom_3d/share/dddmr_odom_3d/package.dsv
[0.934s] -- Up-to-date symlink: /root/dddmr_navigation/install/dddmr_odom_3d/share/ament_index/resource_index/packages/dddmr_odom_3d
[0.934s] -- Up-to-date symlink: /root/dddmr_navigation/install/dddmr_odom_3d/share/dddmr_odom_3d/cmake/ament_cmake_export_include_directories-extras.cmake
[0.935s] -- Up-to-date symlink: /root/dddmr_navigation/install/dddmr_odom_3d/share/dddmr_odom_3d/cmake/ament_cmake_export_dependencies-extras.cmake
[0.935s] -- Up-to-date symlink: /root/dddmr_navigation/install/dddmr_odom_3d/share/dddmr_odom_3d/cmake/dddmr_odom_3dConfig.cmake
[0.935s] -- Up-to-date symlink: /root/dddmr_navigation/install/dddmr_odom_3d/share/dddmr_odom_3d/cmake/dddmr_odom_3dConfig-version.cmake
[0.935s] -- Up-to-date symlink: /root/dddmr_navigation/install/dddmr_odom_3d/share/dddmr_odom_3d/package.xml
[0.938s] Invoked command in '/root/dddmr_navigation/build/dddmr_odom_3d' returned '0': CMAKE_PREFIX_PATH=${CMAKE_PREFIX_PATH}:/opt/ros/humble /usr/bin/cmake --install /root/dddmr_navigation/build/dddmr_odom_3d
