[0.408s] Invoking command in '/root/dddmr_navigation/build/map_editor_panel': CMAKE_PREFIX_PATH=${CMAKE_PREFIX_PATH}:/opt/ros/humble /usr/bin/cmake /root/dddmr_navigation/src/dddmr_rviz_tools/map_editor_panel -DCMAKE_INSTALL_PREFIX=/root/dddmr_navigation/install/map_editor_panel
[0.566s] -- Found ament_cmake: 1.3.14 (/opt/ros/humble/share/ament_cmake/cmake)
[1.433s] -- Override CMake install command with custom implementation using symlinks instead of copying resources
[1.491s] -- Found rviz_ogre_vendor: 11.2.26 (/opt/ros/humble/share/rviz_ogre_vendor/cmake)
[1.492s] -- Setting OGRE_DIR to: '/opt/ros/humble/share/rviz_ogre_vendor/cmake/../../../opt/rviz_ogre_vendor/lib/OGRE/cmake'
[1.506s] -- Found OGRE
[1.507s] --   static     : OFF
[1.508s] --   components : HLMS;MeshLodGenerator;Overlay;Paging;Property;RTShaderSystem;Terrain;Volume
[1.508s] --   plugins    : Plugin_BSPSceneManager;Plugin_OctreeSceneManager;Plugin_PCZSceneManager;Plugin_ParticleFX;RenderSystem_GL;RenderSystem_GL3Plus;Codec_STBI
[1.508s] --   media      : /opt/ros/humble/opt/rviz_ogre_vendor/share/OGRE/Media
[1.509s] -- OGRE_LIBRARIES: OgreHLMS;OgreMeshLodGenerator;OgreOverlay;OgrePaging;OgreProperty;OgreRTShaderSystem;OgreTerrain;OgreVolume;OgreMain
[1.509s] -- OGRE_LIBRARY_DIRS: /opt/ros/humble/opt/rviz_ogre_vendor/lib
[1.510s] -- OGRE_PLUGINS: Plugin_BSPSceneManager;Plugin_OctreeSceneManager;Plugin_PCZSceneManager;Plugin_ParticleFX;RenderSystem_GL;RenderSystem_GL3Plus;Codec_STBI
[1.510s] -- OGRE_PLUGIN_DIR: /opt/ros/humble/opt/rviz_ogre_vendor/lib/OGRE
[1.510s] -- rviz_ogre_vendor::OgreOverlay for IMPORTED_LOCATION_RELEASE: /opt/ros/humble/opt/rviz_ogre_vendor/lib/libOgreOverlay.so
[1.511s] -- rviz_ogre_vendor::OgreOverlay for IMPORTED_LOCATION_DEBUG: /opt/ros/humble/opt/rviz_ogre_vendor/lib/libOgreOverlay.so
[1.512s] -- rviz_ogre_vendor::OgreMain for IMPORTED_LOCATION_RELEASE: /opt/ros/humble/opt/rviz_ogre_vendor/lib/libOgreMain.so
[1.512s] -- rviz_ogre_vendor::OgreMain for IMPORTED_LOCATION_DEBUG: /opt/ros/humble/opt/rviz_ogre_vendor/lib/libOgreMain.so
[1.913s] -- Found pluginlib: 5.1.4 (/opt/ros/humble/share/pluginlib/cmake)
[2.095s] -- Found rclcpp: 16.0.19 (/opt/ros/humble/share/rclcpp/cmake)
[2.222s] -- Found rosidl_generator_c: 3.1.8 (/opt/ros/humble/share/rosidl_generator_c/cmake)
[2.240s] -- Found rosidl_adapter: 3.1.8 (/opt/ros/humble/share/rosidl_adapter/cmake)
[2.284s] -- Found rosidl_generator_cpp: 3.1.8 (/opt/ros/humble/share/rosidl_generator_cpp/cmake)
[2.350s] -- Using all available rosidl_typesupport_c: rosidl_typesupport_fastrtps_c;rosidl_typesupport_introspection_c
[2.422s] -- Using all available rosidl_typesupport_cpp: rosidl_typesupport_fastrtps_cpp;rosidl_typesupport_introspection_cpp
[2.639s] -- Found rmw_implementation_cmake: 6.1.2 (/opt/ros/humble/share/rmw_implementation_cmake/cmake)
[2.653s] -- Found rmw_fastrtps_cpp: 6.2.10 (/opt/ros/humble/share/rmw_fastrtps_cpp/cmake)
[2.780s] -- Found TinyXML2 via Config file: TinyXML2_DIR-NOTFOUND
[2.848s] -- Found TinyXML2 via Config file: TinyXML2_DIR-NOTFOUND
[2.947s] -- Found TinyXML2 via Config file: TinyXML2_DIR-NOTFOUND
[3.013s] -- Found TinyXML2 via Config file: TinyXML2_DIR-NOTFOUND
[3.083s] -- Using RMW implementation 'rmw_fastrtps_cpp' as default
[3.448s] -- Found rviz_assimp_vendor: 11.2.26 (/opt/ros/humble/share/rviz_assimp_vendor/cmake)
[3.448s] -- Setting assimp_DIR to: '/opt/ros/humble/share/rviz_assimp_vendor/cmake/../../../opt/rviz_assimp_vendor/lib/cmake/assimp-4.1'
[3.481s] -- Found rviz_rendering: 11.2.26 (/opt/ros/humble/share/rviz_rendering/cmake)
[3.735s] -- library: /usr/lib/x86_64-linux-gnu/libcurl.so
[3.755s] -- Found rviz_common: 11.2.26 (/opt/ros/humble/share/rviz_common/cmake)
[4.044s] -- Ensuring Eigen3 include directory is part of orocos-kdl CMake target
[4.681s] -- Found pcl_conversions: 2.4.5 (/opt/ros/humble/share/pcl_conversions/cmake)
[4.921s] -- Eigen found (include: /usr/include/eigen3, version: 3.4.0)
[5.171s] -- FLANN found (include: /usr/include, lib: /usr/lib/x86_64-linux-gnu/libflann_cpp.so)
[6.630s] -- OpenNI found (version: 1.5.4.0, include: /usr/include/ni, lib: /usr/lib/libOpenNI.so;libusb::libusb)
[6.677s] -- OpenNI2 found (version: 2.2.0.33, include: /usr/include/openni2, lib: /usr/lib/x86_64-linux-gnu/libOpenNI2.so;libusb::libusb)
[7.812s] -- Eigen found (include: /usr/include/eigen3, version: 3.4.0)
[7.858s] -- OpenNI found (version: 1.5.4.0, include: /usr/include/ni, lib: /usr/lib/libOpenNI.so;libusb::libusb)
[7.906s] -- OpenNI2 found (version: 2.2.0.33, include: /usr/include/openni2, lib: /usr/lib/x86_64-linux-gnu/libOpenNI2.so;libusb::libusb)
[8.950s] -- Found Qhull version 8.0.2
[10.064s] -- OpenNI found (version: 1.5.4.0, include: /usr/include/ni, lib: /usr/lib/libOpenNI.so;libusb::libusb)
[11.221s] [33mCMake Warning (dev) at CMakeLists.txt:31 (find_package):
[11.221s]   Policy CMP0074 is not set: find_package uses <PackageName>_ROOT variables.
[11.222s]   Run "cmake --help-policy CMP0074" for policy details.  Use the cmake_policy
[11.222s]   command to set the policy and suppress this warning.
[11.223s] 
[11.224s]   CMake variable PCL_ROOT is set to:
[11.224s] 
[11.225s]     /usr
[11.225s] 
[11.226s]   For compatibility, CMake is ignoring the variable.
[11.226s] This warning is for project developers.  Use -Wno-dev to suppress it.
[11.227s] [0m
[11.920s] -- Configuring done
[12.386s] -- Generating done
[12.472s] -- Build files have been written to: /root/dddmr_navigation/build/map_editor_panel
[12.550s] Invoked command in '/root/dddmr_navigation/build/map_editor_panel' returned '0': CMAKE_PREFIX_PATH=${CMAKE_PREFIX_PATH}:/opt/ros/humble /usr/bin/cmake /root/dddmr_navigation/src/dddmr_rviz_tools/map_editor_panel -DCMAKE_INSTALL_PREFIX=/root/dddmr_navigation/install/map_editor_panel
[12.568s] Invoking command in '/root/dddmr_navigation/build/map_editor_panel': CMAKE_PREFIX_PATH=${CMAKE_PREFIX_PATH}:/opt/ros/humble /usr/bin/cmake --build /root/dddmr_navigation/build/map_editor_panel -- -j28 -l28
[12.943s] [ 20%] [34m[1mAutomatic UIC for target map_editor_panel[0m
[13.122s] [ 20%] Built target map_editor_panel_autogen
[13.239s] [35m[1mConsolidate compiler generated dependencies of target map_editor_panel[0m
[13.503s] [100%] Built target map_editor_panel
[13.576s] Invoked command in '/root/dddmr_navigation/build/map_editor_panel' returned '0': CMAKE_PREFIX_PATH=${CMAKE_PREFIX_PATH}:/opt/ros/humble /usr/bin/cmake --build /root/dddmr_navigation/build/map_editor_panel -- -j28 -l28
[13.582s] Invoking command in '/root/dddmr_navigation/build/map_editor_panel': CMAKE_PREFIX_PATH=${CMAKE_PREFIX_PATH}:/opt/ros/humble /usr/bin/cmake --install /root/dddmr_navigation/build/map_editor_panel
[13.647s] -- Install configuration: "Release"
[13.653s] -- Execute custom install script
[13.654s] -- Up-to-date symlink: /root/dddmr_navigation/install/map_editor_panel/share/map_editor_panel//plugin_description.xml
[13.655s] -- Up-to-date symlink: /root/dddmr_navigation/install/map_editor_panel/share/map_editor_panel/environment/library_path.sh
[13.657s] -- Up-to-date symlink: /root/dddmr_navigation/install/map_editor_panel/share/map_editor_panel/environment/library_path.dsv
[13.658s] -- Up-to-date symlink: /root/dddmr_navigation/install/map_editor_panel/include/map_editor_panel/map_editor_panel.h
[13.660s] -- Up-to-date symlink: /root/dddmr_navigation/install/map_editor_panel/share/ament_index/resource_index/package_run_dependencies/map_editor_panel
[13.662s] -- Up-to-date symlink: /root/dddmr_navigation/install/map_editor_panel/share/ament_index/resource_index/parent_prefix_path/map_editor_panel
[13.664s] -- Up-to-date symlink: /root/dddmr_navigation/install/map_editor_panel/share/map_editor_panel/environment/ament_prefix_path.sh
[13.666s] -- Up-to-date symlink: /root/dddmr_navigation/install/map_editor_panel/share/map_editor_panel/environment/ament_prefix_path.dsv
[13.668s] -- Up-to-date symlink: /root/dddmr_navigation/install/map_editor_panel/share/map_editor_panel/environment/path.sh
[13.668s] -- Up-to-date symlink: /root/dddmr_navigation/install/map_editor_panel/share/map_editor_panel/environment/path.dsv
[13.669s] -- Up-to-date symlink: /root/dddmr_navigation/install/map_editor_panel/share/map_editor_panel/local_setup.bash
[13.669s] -- Up-to-date symlink: /root/dddmr_navigation/install/map_editor_panel/share/map_editor_panel/local_setup.sh
[13.674s] -- Up-to-date symlink: /root/dddmr_navigation/install/map_editor_panel/share/map_editor_panel/local_setup.zsh
[13.676s] -- Up-to-date symlink: /root/dddmr_navigation/install/map_editor_panel/share/map_editor_panel/local_setup.dsv
[13.677s] -- Symlinking: /root/dddmr_navigation/install/map_editor_panel/share/map_editor_panel/package.dsv
[13.724s] -- Up-to-date symlink: /root/dddmr_navigation/install/map_editor_panel/share/ament_index/resource_index/packages/map_editor_panel
[13.724s] -- Up-to-date symlink: /root/dddmr_navigation/install/map_editor_panel/share/ament_index/resource_index/rviz_common__pluginlib__plugin/map_editor_panel
[13.725s] -- Up-to-date symlink: /root/dddmr_navigation/install/map_editor_panel/share/map_editor_panel/cmake/ament_cmake_export_targets-extras.cmake
[13.725s] -- Up-to-date symlink: /root/dddmr_navigation/install/map_editor_panel/share/map_editor_panel/cmake/ament_cmake_export_dependencies-extras.cmake
[13.728s] -- Up-to-date symlink: /root/dddmr_navigation/install/map_editor_panel/share/map_editor_panel/cmake/ament_cmake_export_include_directories-extras.cmake
[13.731s] -- Up-to-date symlink: /root/dddmr_navigation/install/map_editor_panel/share/map_editor_panel/cmake/ament_cmake_export_libraries-extras.cmake
[13.733s] -- Up-to-date symlink: /root/dddmr_navigation/install/map_editor_panel/share/map_editor_panel/cmake/map_editor_panelConfig.cmake
[13.734s] -- Up-to-date symlink: /root/dddmr_navigation/install/map_editor_panel/share/map_editor_panel/cmake/map_editor_panelConfig-version.cmake
[13.737s] -- Up-to-date symlink: /root/dddmr_navigation/install/map_editor_panel/share/map_editor_panel/package.xml
[13.738s] -- Up-to-date: /root/dddmr_navigation/install/map_editor_panel/lib/libmap_editor_panel.so
[13.742s] -- Up-to-date: /root/dddmr_navigation/install/map_editor_panel/share/map_editor_panel/cmake/map_editor_panelExport.cmake
[13.744s] -- Up-to-date: /root/dddmr_navigation/install/map_editor_panel/share/map_editor_panel/cmake/map_editor_panelExport-release.cmake
[13.914s] Invoked command in '/root/dddmr_navigation/build/map_editor_panel' returned '0': CMAKE_PREFIX_PATH=${CMAKE_PREFIX_PATH}:/opt/ros/humble /usr/bin/cmake --install /root/dddmr_navigation/build/map_editor_panel
