[ 50%] Built target scan_context_lib
Consolidate compiler generated dependencies of target sc_pgo_node
[ 75%] Building CXX object CMakeFiles/sc_pgo_node.dir/src/sc_pgo_node.cpp.o
In file included from /opt/ros/humble/include/rclcpp/rclcpp/logging.hpp:24,
                 from /opt/ros/humble/include/rclcpp/rclcpp/client.hpp:40,
                 from /opt/ros/humble/include/rclcpp/rclcpp/callback_group.hpp:24,
                 from /opt/ros/humble/include/rclcpp/rclcpp/any_executable.hpp:20,
                 from /opt/ros/humble/include/rclcpp/rclcpp/memory_strategy.hpp:25,
                 from /opt/ros/humble/include/rclcpp/rclcpp/memory_strategies.hpp:18,
                 from /opt/ros/humble/include/rclcpp/rclcpp/executor_options.hpp:20,
                 from /opt/ros/humble/include/rclcpp/rclcpp/executor.hpp:37,
                 from /opt/ros/humble/include/rclcpp/rclcpp/executors/multi_threaded_executor.hpp:25,
                 from /opt/ros/humble/include/rclcpp/rclcpp/executors.hpp:21,
                 from /opt/ros/humble/include/rclcpp/rclcpp/rclcpp.hpp:155,
                 from /root/dddmr_navigation/src/dddmr_sc_pgo/src/sc_pgo_node.cpp:18:
/root/dddmr_navigation/src/dddmr_sc_pgo/src/sc_pgo_node.cpp: In member function ‘void SC_PGO_Node::addLoopFactor(int, int)’:
/root/dddmr_navigation/src/dddmr_sc_pgo/src/sc_pgo_node.cpp:528:47: error: ‘loop_noise’ was not declared in this scope; did you mean ‘loop_noise_base’?
  528 |             prev_id, curr_id, icp_mean_error, loop_noise);
      |                                               ^~~~~~~~~~
gmake[2]: *** [CMakeFiles/sc_pgo_node.dir/build.make:76: CMakeFiles/sc_pgo_node.dir/src/sc_pgo_node.cpp.o] Error 1
gmake[1]: *** [CMakeFiles/Makefile2:165: CMakeFiles/sc_pgo_node.dir/all] Error 2
gmake: *** [Makefile:146: all] Error 2
