[0.036s] Invoking command in '/root/dddmr_navigation/build/map_editor_panel': CMAKE_PREFIX_PATH=${CMAKE_PREFIX_PATH}:/opt/ros/humble /usr/bin/cmake /root/dddmr_navigation/src/dddmr_rviz_tools/map_editor_panel -DAMENT_CMAKE_SYMLINK_INSTALL=1 -DCMAKE_INSTALL_PREFIX=/root/dddmr_navigation/install/map_editor_panel
[0.049s] -- Found ament_cmake: 1.3.14 (/opt/ros/humble/share/ament_cmake/cmake)
[0.157s] -- Override CMake install command with custom implementation using symlinks instead of copying resources
[0.162s] -- Found rviz_ogre_vendor: 11.2.26 (/opt/ros/humble/share/rviz_ogre_vendor/cmake)
[0.162s] -- Setting OGRE_DIR to: '/opt/ros/humble/share/rviz_ogre_vendor/cmake/../../../opt/rviz_ogre_vendor/lib/OGRE/cmake'
[0.163s] -- Found OGRE
[0.163s] --   static     : OFF
[0.163s] --   components : HLMS;MeshLodGenerator;Overlay;Paging;Property;RTShaderSystem;Terrain;Volume
[0.163s] --   plugins    : Plugin_BSPSceneManager;Plugin_OctreeSceneManager;Plugin_PCZSceneManager;Plugin_ParticleFX;RenderSystem_GL;RenderSystem_GL3Plus;Codec_STBI
[0.163s] --   media      : /opt/ros/humble/opt/rviz_ogre_vendor/share/OGRE/Media
[0.163s] -- OGRE_LIBRARIES: OgreHLMS;OgreMeshLodGenerator;OgreOverlay;OgrePaging;OgreProperty;OgreRTShaderSystem;OgreTerrain;OgreVolume;OgreMain
[0.163s] -- OGRE_LIBRARY_DIRS: /opt/ros/humble/opt/rviz_ogre_vendor/lib
[0.163s] -- OGRE_PLUGINS: Plugin_BSPSceneManager;Plugin_OctreeSceneManager;Plugin_PCZSceneManager;Plugin_ParticleFX;RenderSystem_GL;RenderSystem_GL3Plus;Codec_STBI
[0.163s] -- OGRE_PLUGIN_DIR: /opt/ros/humble/opt/rviz_ogre_vendor/lib/OGRE
[0.163s] -- rviz_ogre_vendor::OgreOverlay for IMPORTED_LOCATION_RELEASE: /opt/ros/humble/opt/rviz_ogre_vendor/lib/libOgreOverlay.so
[0.163s] -- rviz_ogre_vendor::OgreOverlay for IMPORTED_LOCATION_DEBUG: /opt/ros/humble/opt/rviz_ogre_vendor/lib/libOgreOverlay.so
[0.163s] -- rviz_ogre_vendor::OgreMain for IMPORTED_LOCATION_RELEASE: /opt/ros/humble/opt/rviz_ogre_vendor/lib/libOgreMain.so
[0.163s] -- rviz_ogre_vendor::OgreMain for IMPORTED_LOCATION_DEBUG: /opt/ros/humble/opt/rviz_ogre_vendor/lib/libOgreMain.so
[0.197s] -- Found pluginlib: 5.1.4 (/opt/ros/humble/share/pluginlib/cmake)
[0.213s] -- Found rclcpp: 16.0.19 (/opt/ros/humble/share/rclcpp/cmake)
[0.223s] -- Found rosidl_generator_c: 3.1.8 (/opt/ros/humble/share/rosidl_generator_c/cmake)
[0.225s] -- Found rosidl_adapter: 3.1.8 (/opt/ros/humble/share/rosidl_adapter/cmake)
[0.229s] -- Found rosidl_generator_cpp: 3.1.8 (/opt/ros/humble/share/rosidl_generator_cpp/cmake)
[0.234s] -- Using all available rosidl_typesupport_c: rosidl_typesupport_fastrtps_c;rosidl_typesupport_introspection_c
[0.240s] -- Using all available rosidl_typesupport_cpp: rosidl_typesupport_fastrtps_cpp;rosidl_typesupport_introspection_cpp
[0.260s] -- Found rmw_implementation_cmake: 6.1.2 (/opt/ros/humble/share/rmw_implementation_cmake/cmake)
[0.262s] -- Found rmw_fastrtps_cpp: 6.2.10 (/opt/ros/humble/share/rmw_fastrtps_cpp/cmake)
[0.273s] -- Found TinyXML2 via Config file: TinyXML2_DIR-NOTFOUND
[0.279s] -- Found TinyXML2 via Config file: TinyXML2_DIR-NOTFOUND
[0.286s] -- Found TinyXML2 via Config file: TinyXML2_DIR-NOTFOUND
[0.293s] -- Found TinyXML2 via Config file: TinyXML2_DIR-NOTFOUND
[0.301s] -- Using RMW implementation 'rmw_fastrtps_cpp' as default
[0.330s] -- Found rviz_assimp_vendor: 11.2.26 (/opt/ros/humble/share/rviz_assimp_vendor/cmake)
[0.330s] -- Setting assimp_DIR to: '/opt/ros/humble/share/rviz_assimp_vendor/cmake/../../../opt/rviz_assimp_vendor/lib/cmake/assimp-4.1'
[0.333s] -- Found rviz_rendering: 11.2.26 (/opt/ros/humble/share/rviz_rendering/cmake)
[0.356s] -- library: /usr/lib/x86_64-linux-gnu/libcurl.so
[0.358s] -- Found rviz_common: 11.2.26 (/opt/ros/humble/share/rviz_common/cmake)
[0.387s] -- Ensuring Eigen3 include directory is part of orocos-kdl CMake target
[0.450s] -- Found pcl_conversions: 2.4.5 (/opt/ros/humble/share/pcl_conversions/cmake)
[0.470s] -- Eigen found (include: /usr/include/eigen3, version: 3.4.0)
[0.494s] -- FLANN found (include: /usr/include, lib: /usr/lib/x86_64-linux-gnu/libflann_cpp.so)
[0.648s] -- OpenNI found (version: 1.5.4.0, include: /usr/include/ni, lib: /usr/lib/libOpenNI.so;libusb::libusb)
[0.655s] -- OpenNI2 found (version: 2.2.0.33, include: /usr/include/openni2, lib: /usr/lib/x86_64-linux-gnu/libOpenNI2.so;libusb::libusb)
[0.768s] -- Eigen found (include: /usr/include/eigen3, version: 3.4.0)
[0.772s] -- OpenNI found (version: 1.5.4.0, include: /usr/include/ni, lib: /usr/lib/libOpenNI.so;libusb::libusb)
[0.777s] -- OpenNI2 found (version: 2.2.0.33, include: /usr/include/openni2, lib: /usr/lib/x86_64-linux-gnu/libOpenNI2.so;libusb::libusb)
[0.885s] -- Found Qhull version 8.0.2
[1.003s] -- OpenNI found (version: 1.5.4.0, include: /usr/include/ni, lib: /usr/lib/libOpenNI.so;libusb::libusb)
[1.144s] [33mCMake Warning (dev) at CMakeLists.txt:31 (find_package):
[1.144s]   Policy CMP0074 is not set: find_package uses <PackageName>_ROOT variables.
[1.144s]   Run "cmake --help-policy CMP0074" for policy details.  Use the cmake_policy
[1.144s]   command to set the policy and suppress this warning.
[1.144s] 
[1.144s]   CMake variable PCL_ROOT is set to:
[1.144s] 
[1.144s]     /usr
[1.144s] 
[1.144s]   For compatibility, CMake is ignoring the variable.
[1.144s] This warning is for project developers.  Use -Wno-dev to suppress it.
[1.145s] [0m
[1.207s] -- Configuring done
[1.268s] -- Generating done
[1.278s] -- Build files have been written to: /root/dddmr_navigation/build/map_editor_panel
[1.291s] Invoked command in '/root/dddmr_navigation/build/map_editor_panel' returned '0': CMAKE_PREFIX_PATH=${CMAKE_PREFIX_PATH}:/opt/ros/humble /usr/bin/cmake /root/dddmr_navigation/src/dddmr_rviz_tools/map_editor_panel -DAMENT_CMAKE_SYMLINK_INSTALL=1 -DCMAKE_INSTALL_PREFIX=/root/dddmr_navigation/install/map_editor_panel
[1.291s] Invoking command in '/root/dddmr_navigation/build/map_editor_panel': CMAKE_PREFIX_PATH=${CMAKE_PREFIX_PATH}:/opt/ros/humble /usr/bin/cmake --build /root/dddmr_navigation/build/map_editor_panel -- -j28 -l28
[1.328s] [ 20%] [34m[1mAutomatic UIC for target map_editor_panel[0m
[1.345s] [ 20%] Built target map_editor_panel_autogen
[1.360s] [35m[1mConsolidate compiler generated dependencies of target map_editor_panel[0m
[1.391s] [100%] Built target map_editor_panel
[1.400s] Invoked command in '/root/dddmr_navigation/build/map_editor_panel' returned '0': CMAKE_PREFIX_PATH=${CMAKE_PREFIX_PATH}:/opt/ros/humble /usr/bin/cmake --build /root/dddmr_navigation/build/map_editor_panel -- -j28 -l28
[1.402s] Invoking command in '/root/dddmr_navigation/build/map_editor_panel': CMAKE_PREFIX_PATH=${CMAKE_PREFIX_PATH}:/opt/ros/humble /usr/bin/cmake --install /root/dddmr_navigation/build/map_editor_panel
[1.407s] -- Install configuration: "Release"
[1.407s] -- Execute custom install script
[1.407s] -- Up-to-date symlink: /root/dddmr_navigation/install/map_editor_panel/share/map_editor_panel//plugin_description.xml
[1.407s] -- Up-to-date symlink: /root/dddmr_navigation/install/map_editor_panel/share/map_editor_panel/environment/library_path.sh
[1.408s] -- Up-to-date symlink: /root/dddmr_navigation/install/map_editor_panel/share/map_editor_panel/environment/library_path.dsv
[1.409s] -- Up-to-date symlink: /root/dddmr_navigation/install/map_editor_panel/include/map_editor_panel/map_editor_panel.h
[1.409s] -- Up-to-date symlink: /root/dddmr_navigation/install/map_editor_panel/share/ament_index/resource_index/package_run_dependencies/map_editor_panel
[1.409s] -- Up-to-date symlink: /root/dddmr_navigation/install/map_editor_panel/share/ament_index/resource_index/parent_prefix_path/map_editor_panel
[1.409s] -- Up-to-date symlink: /root/dddmr_navigation/install/map_editor_panel/share/map_editor_panel/environment/ament_prefix_path.sh
[1.409s] -- Up-to-date symlink: /root/dddmr_navigation/install/map_editor_panel/share/map_editor_panel/environment/ament_prefix_path.dsv
[1.409s] -- Up-to-date symlink: /root/dddmr_navigation/install/map_editor_panel/share/map_editor_panel/environment/path.sh
[1.409s] -- Up-to-date symlink: /root/dddmr_navigation/install/map_editor_panel/share/map_editor_panel/environment/path.dsv
[1.409s] -- Up-to-date symlink: /root/dddmr_navigation/install/map_editor_panel/share/map_editor_panel/local_setup.bash
[1.410s] -- Up-to-date symlink: /root/dddmr_navigation/install/map_editor_panel/share/map_editor_panel/local_setup.sh
[1.410s] -- Up-to-date symlink: /root/dddmr_navigation/install/map_editor_panel/share/map_editor_panel/local_setup.zsh
[1.410s] -- Up-to-date symlink: /root/dddmr_navigation/install/map_editor_panel/share/map_editor_panel/local_setup.dsv
[1.410s] -- Symlinking: /root/dddmr_navigation/install/map_editor_panel/share/map_editor_panel/package.dsv
[1.418s] -- Up-to-date symlink: /root/dddmr_navigation/install/map_editor_panel/share/ament_index/resource_index/packages/map_editor_panel
[1.418s] -- Up-to-date symlink: /root/dddmr_navigation/install/map_editor_panel/share/ament_index/resource_index/rviz_common__pluginlib__plugin/map_editor_panel
[1.418s] -- Up-to-date symlink: /root/dddmr_navigation/install/map_editor_panel/share/map_editor_panel/cmake/ament_cmake_export_targets-extras.cmake
[1.418s] -- Up-to-date symlink: /root/dddmr_navigation/install/map_editor_panel/share/map_editor_panel/cmake/ament_cmake_export_dependencies-extras.cmake
[1.418s] -- Up-to-date symlink: /root/dddmr_navigation/install/map_editor_panel/share/map_editor_panel/cmake/ament_cmake_export_include_directories-extras.cmake
[1.418s] -- Up-to-date symlink: /root/dddmr_navigation/install/map_editor_panel/share/map_editor_panel/cmake/ament_cmake_export_libraries-extras.cmake
[1.419s] -- Up-to-date symlink: /root/dddmr_navigation/install/map_editor_panel/share/map_editor_panel/cmake/map_editor_panelConfig.cmake
[1.419s] -- Up-to-date symlink: /root/dddmr_navigation/install/map_editor_panel/share/map_editor_panel/cmake/map_editor_panelConfig-version.cmake
[1.419s] -- Up-to-date symlink: /root/dddmr_navigation/install/map_editor_panel/share/map_editor_panel/package.xml
[1.419s] -- Up-to-date: /root/dddmr_navigation/install/map_editor_panel/lib/libmap_editor_panel.so
[1.420s] -- Up-to-date: /root/dddmr_navigation/install/map_editor_panel/share/map_editor_panel/cmake/map_editor_panelExport.cmake
[1.420s] -- Up-to-date: /root/dddmr_navigation/install/map_editor_panel/share/map_editor_panel/cmake/map_editor_panelExport-release.cmake
[1.422s] Invoked command in '/root/dddmr_navigation/build/map_editor_panel' returned '0': CMAKE_PREFIX_PATH=${CMAKE_PREFIX_PATH}:/opt/ros/humble /usr/bin/cmake --install /root/dddmr_navigation/build/map_editor_panel
