-- The C compiler identification is GNU 13.4.0
-- The CXX compiler identification is GNU 13.4.0
-- Detecting C compiler ABI info
-- Detecting C compiler ABI info - done
-- Check for working C compiler: /usr/bin/cc - skipped
-- Detecting C compile features
-- Detecting C compile features - done
-- Detecting CXX compiler ABI info
-- Detecting CXX compiler ABI info - done
-- Check for working CXX compiler: /usr/bin/c++ - skipped
-- Detecting CXX compile features
-- Detecting CXX compile features - done
-- Found ament_cmake: 1.3.14 (/opt/ros/humble/share/ament_cmake/cmake)
-- Found Python3: /usr/bin/python3 (found version "3.10.12") found components: Interpreter 
-- Override CMake install command with custom implementation using symlinks instead of copying resources
-- Found rclcpp: 16.0.19 (/opt/ros/humble/share/rclcpp/cmake)
-- Found rosidl_generator_c: 3.1.8 (/opt/ros/humble/share/rosidl_generator_c/cmake)
-- Found rosidl_adapter: 3.1.8 (/opt/ros/humble/share/rosidl_adapter/cmake)
-- Found rosidl_generator_cpp: 3.1.8 (/opt/ros/humble/share/rosidl_generator_cpp/cmake)
-- Using all available rosidl_typesupport_c: rosidl_typesupport_fastrtps_c;rosidl_typesupport_introspection_c
-- Using all available rosidl_typesupport_cpp: rosidl_typesupport_fastrtps_cpp;rosidl_typesupport_introspection_cpp
-- Found rmw_implementation_cmake: 6.1.2 (/opt/ros/humble/share/rmw_implementation_cmake/cmake)
-- Found rmw_fastrtps_cpp: 6.2.10 (/opt/ros/humble/share/rmw_fastrtps_cpp/cmake)
-- Found OpenSSL: /usr/lib/x86_64-linux-gnu/libcrypto.so (found version "3.0.2")  
-- Found FastRTPS: /opt/ros/humble/include  
-- Using RMW implementation 'rmw_fastrtps_cpp' as default
-- Looking for pthread.h
-- Looking for pthread.h - found
-- Performing Test CMAKE_HAVE_LIBC_PTHREAD
-- Performing Test CMAKE_HAVE_LIBC_PTHREAD - Success
-- Found Threads: TRUE  
-- Found rclcpp_action: 16.0.19 (/opt/ros/humble/share/rclcpp_action/cmake)
-- Found rclcpp_lifecycle: 16.0.19 (/opt/ros/humble/share/rclcpp_lifecycle/cmake)
-- Found rclcpp_components: 16.0.19 (/opt/ros/humble/share/rclcpp_components/cmake)
-- Found std_srvs: 4.9.1 (/opt/ros/humble/share/std_srvs/cmake)
-- Found sensor_msgs: 4.9.1 (/opt/ros/humble/share/sensor_msgs/cmake)
-- Found nav_msgs: 4.9.1 (/opt/ros/humble/share/nav_msgs/cmake)
-- Found visualization_msgs: 4.9.1 (/opt/ros/humble/share/visualization_msgs/cmake)
-- Found message_filters: 4.3.16 (/opt/ros/humble/share/message_filters/cmake)
-- Found tf2_ros: 0.25.20 (/opt/ros/humble/share/tf2_ros/cmake)
-- Found tf2_geometry_msgs: 0.25.20 (/opt/ros/humble/share/tf2_geometry_msgs/cmake)
-- Found eigen3_cmake_module: 0.1.1 (/opt/ros/humble/share/eigen3_cmake_module/cmake)
-- Found Eigen3: TRUE (found version "3.4.0") 
-- Ensuring Eigen3 include directory is part of orocos-kdl CMake target
-- Found tf2_eigen: 0.25.20 (/opt/ros/humble/share/tf2_eigen/cmake)
-- Found angles: 1.15.0 (/opt/ros/humble/share/angles/cmake)
-- Found pluginlib: 5.1.4 (/opt/ros/humble/share/pluginlib/cmake)
-- Found pcl_conversions: 2.4.5 (/opt/ros/humble/share/pcl_conversions/cmake)
-- Checking for module 'eigen3'
--   Found eigen3, version 3.4.0
-- Found Eigen: /usr/include/eigen3 (Required is at least version "3.1") 
-- Eigen found (include: /usr/include/eigen3, version: 3.4.0)
-- Checking for module 'flann'
--   Found flann, version 1.9.1
-- Found FLANN: /usr/lib/x86_64-linux-gnu/libflann_cpp.so  
-- FLANN found (include: /usr/include, lib: /usr/lib/x86_64-linux-gnu/libflann_cpp.so)
-- Checking for module 'libusb-1.0'
--   Found libusb-1.0, version 1.0.25
-- Found libusb: /usr/lib/x86_64-linux-gnu/libusb-1.0.so  
-- OpenNI found (version: 1.5.4.0, include: /usr/include/ni, lib: /usr/lib/libOpenNI.so;libusb::libusb)
-- OpenNI2 found (version: 2.2.0.33, include: /usr/include/openni2, lib: /usr/lib/x86_64-linux-gnu/libOpenNI2.so;libusb::libusb)
-- Eigen found (include: /usr/include/eigen3, version: 3.4.0)
-- OpenNI found (version: 1.5.4.0, include: /usr/include/ni, lib: /usr/lib/libOpenNI.so;libusb::libusb)
-- OpenNI2 found (version: 2.2.0.33, include: /usr/include/openni2, lib: /usr/lib/x86_64-linux-gnu/libOpenNI2.so;libusb::libusb)
-- Found Qhull version 8.0.2
-- OpenNI found (version: 1.5.4.0, include: /usr/include/ni, lib: /usr/lib/libOpenNI.so;libusb::libusb)
-- Found PCL_COMMON: /usr/lib/x86_64-linux-gnu/libpcl_common.so  
-- Found PCL_KDTREE: /usr/lib/x86_64-linux-gnu/libpcl_kdtree.so  
-- Found PCL_OCTREE: /usr/lib/x86_64-linux-gnu/libpcl_octree.so  
-- Found PCL_SEARCH: /usr/lib/x86_64-linux-gnu/libpcl_search.so  
-- Found PCL_SAMPLE_CONSENSUS: /usr/lib/x86_64-linux-gnu/libpcl_sample_consensus.so  
-- Found PCL_FILTERS: /usr/lib/x86_64-linux-gnu/libpcl_filters.so  
-- Found PCL_2D: /usr/include/pcl-1.12  
-- Found PCL_GEOMETRY: /usr/include/pcl-1.12  
-- Found PCL_IO: /usr/lib/x86_64-linux-gnu/libpcl_io.so  
-- Found PCL_FEATURES: /usr/lib/x86_64-linux-gnu/libpcl_features.so  
-- Found PCL_ML: /usr/lib/x86_64-linux-gnu/libpcl_ml.so  
-- Found PCL_SEGMENTATION: /usr/lib/x86_64-linux-gnu/libpcl_segmentation.so  
-- Found PCL_VISUALIZATION: /usr/lib/x86_64-linux-gnu/libpcl_visualization.so  
-- Found PCL_SURFACE: /usr/lib/x86_64-linux-gnu/libpcl_surface.so  
-- Found PCL_REGISTRATION: /usr/lib/x86_64-linux-gnu/libpcl_registration.so  
-- Found PCL_KEYPOINTS: /usr/lib/x86_64-linux-gnu/libpcl_keypoints.so  
-- Found PCL_TRACKING: /usr/lib/x86_64-linux-gnu/libpcl_tracking.so  
-- Found PCL_RECOGNITION: /usr/lib/x86_64-linux-gnu/libpcl_recognition.so  
-- Found PCL_STEREO: /usr/lib/x86_64-linux-gnu/libpcl_stereo.so  
-- Found PCL_APPS: /usr/lib/x86_64-linux-gnu/libpcl_apps.so  
-- Found PCL_IN_HAND_SCANNER: /usr/include/pcl-1.12  
-- Found PCL_MODELER: /usr/include/pcl-1.12  
-- Found PCL_POINT_CLOUD_EDITOR: /usr/include/pcl-1.12  
-- Found PCL_OUTOFCORE: /usr/lib/x86_64-linux-gnu/libpcl_outofcore.so  
-- Found PCL_PEOPLE: /usr/lib/x86_64-linux-gnu/libpcl_people.so  
-- Found base_trajectory: 0.0.0 (/root/dddmr_navigation/install/base_trajectory/share/base_trajectory/cmake)
-- Found perception_3d: 2.5.0 (/root/dddmr_navigation/install/perception_3d/share/perception_3d/cmake)
-- Found mpc_critics: 1.0.0 (/root/dddmr_navigation/install/mpc_critics/share/mpc_critics/cmake)
-- Found trajectory_generators: 1.0.0 (/root/dddmr_navigation/install/trajectory_generators/share/trajectory_generators/cmake)
-- Found dddmr_sys_core: 1.0.0 (/root/dddmr_navigation/install/dddmr_sys_core/share/dddmr_sys_core/cmake)
-- Configuring done
-- Generating done
-- Build files have been written to: /root/dddmr_navigation/build/recovery_behaviors
[ 10%] [32mBuilding CXX object CMakeFiles/robot_behavior.dir/src/robot_behavior.cpp.o[0m
[ 20%] [32m[1mLinking CXX shared library librobot_behavior.so[0m
[ 20%] Built target robot_behavior
[ 30%] [32mBuilding CXX object CMakeFiles/stacked_robot_behavior.dir/src/stacked_robot_behavior.cpp.o[0m
[ 40%] [32m[1mLinking CXX shared library libstacked_robot_behavior.so[0m
[ 40%] Built target stacked_robot_behavior
[ 50%] [32mBuilding CXX object CMakeFiles/recovery_behaviors_ros.dir/src/recovery_behaviors_ros.cpp.o[0m
[ 60%] [32m[1mLinking CXX shared library librecovery_behaviors_ros.so[0m
[ 60%] Built target recovery_behaviors_ros
[ 70%] [32mBuilding CXX object CMakeFiles/recovery_behaviors_node.dir/src/recovery_behaviors_node.cpp.o[0m
[ 80%] [32mBuilding CXX object CMakeFiles/behaviors.dir/behaviors/rotate_inplace_behavior.cpp.o[0m
[ 90%] [32m[1mLinking CXX executable recovery_behaviors_node[0m
[ 90%] Built target recovery_behaviors_node
[100%] [32m[1mLinking CXX shared library libbehaviors.so[0m
[100%] Built target behaviors
-- Install configuration: ""
-- Execute custom install script
-- Symlinking: /root/dddmr_navigation/install/recovery_behaviors/lib/librobot_behavior.so
-- Symlinking: /root/dddmr_navigation/install/recovery_behaviors/lib/libstacked_robot_behavior.so
-- Symlinking: /root/dddmr_navigation/install/recovery_behaviors/lib/librecovery_behaviors_ros.so
-- Symlinking: /root/dddmr_navigation/install/recovery_behaviors/lib/libbehaviors.so
-- Symlinking: /root/dddmr_navigation/install/recovery_behaviors/lib/recovery_behaviors/recovery_behaviors_node
-- Symlinking: /root/dddmr_navigation/install/recovery_behaviors/include//recovery_behaviors/recovery_behaviors_ros.h
-- Symlinking: /root/dddmr_navigation/install/recovery_behaviors/include//recovery_behaviors/recovery_behaviors_shared_data.h
-- Symlinking: /root/dddmr_navigation/install/recovery_behaviors/include//recovery_behaviors/robot_behavior.h
-- Symlinking: /root/dddmr_navigation/install/recovery_behaviors/include//recovery_behaviors/rotate_inplace_behavior.h
-- Symlinking: /root/dddmr_navigation/install/recovery_behaviors/include//recovery_behaviors/stacked_robot_behavior.h
-- Symlinking: /root/dddmr_navigation/install/recovery_behaviors/share/recovery_behaviors//launch/recovery_behaviors.launch
-- Symlinking: /root/dddmr_navigation/install/recovery_behaviors/share/recovery_behaviors//config/recovery_behaviors.yaml
-- Symlinking: /root/dddmr_navigation/install/recovery_behaviors/lib/recovery_behaviors/example_client.py
-- Symlinking: /root/dddmr_navigation/install/recovery_behaviors/share/recovery_behaviors/recovery_behaviors.xml
-- Symlinking: /root/dddmr_navigation/install/recovery_behaviors/share/recovery_behaviors/environment/library_path.sh
-- Symlinking: /root/dddmr_navigation/install/recovery_behaviors/share/recovery_behaviors/environment/library_path.dsv
-- Up-to-date symlink: /root/dddmr_navigation/install/recovery_behaviors/share/recovery_behaviors//recovery_behaviors.xml
-- Symlinking: /root/dddmr_navigation/install/recovery_behaviors/share/ament_index/resource_index/package_run_dependencies/recovery_behaviors
-- Symlinking: /root/dddmr_navigation/install/recovery_behaviors/share/ament_index/resource_index/parent_prefix_path/recovery_behaviors
-- Symlinking: /root/dddmr_navigation/install/recovery_behaviors/share/recovery_behaviors/environment/ament_prefix_path.sh
-- Symlinking: /root/dddmr_navigation/install/recovery_behaviors/share/recovery_behaviors/environment/ament_prefix_path.dsv
-- Symlinking: /root/dddmr_navigation/install/recovery_behaviors/share/recovery_behaviors/environment/path.sh
-- Symlinking: /root/dddmr_navigation/install/recovery_behaviors/share/recovery_behaviors/environment/path.dsv
-- Symlinking: /root/dddmr_navigation/install/recovery_behaviors/share/recovery_behaviors/local_setup.bash
-- Symlinking: /root/dddmr_navigation/install/recovery_behaviors/share/recovery_behaviors/local_setup.sh
-- Symlinking: /root/dddmr_navigation/install/recovery_behaviors/share/recovery_behaviors/local_setup.zsh
-- Symlinking: /root/dddmr_navigation/install/recovery_behaviors/share/recovery_behaviors/local_setup.dsv
-- Symlinking: /root/dddmr_navigation/install/recovery_behaviors/share/recovery_behaviors/package.dsv
-- Symlinking: /root/dddmr_navigation/install/recovery_behaviors/share/ament_index/resource_index/packages/recovery_behaviors
-- Symlinking: /root/dddmr_navigation/install/recovery_behaviors/share/ament_index/resource_index/recovery_behaviors__pluginlib__plugin/recovery_behaviors
-- Symlinking: /root/dddmr_navigation/install/recovery_behaviors/share/recovery_behaviors/cmake/ament_cmake_export_include_directories-extras.cmake
-- Symlinking: /root/dddmr_navigation/install/recovery_behaviors/share/recovery_behaviors/cmake/ament_cmake_export_libraries-extras.cmake
-- Symlinking: /root/dddmr_navigation/install/recovery_behaviors/share/recovery_behaviors/cmake/ament_cmake_export_dependencies-extras.cmake
-- Symlinking: /root/dddmr_navigation/install/recovery_behaviors/share/recovery_behaviors/cmake/recovery_behaviorsConfig.cmake
-- Symlinking: /root/dddmr_navigation/install/recovery_behaviors/share/recovery_behaviors/cmake/recovery_behaviorsConfig-version.cmake
-- Symlinking: /root/dddmr_navigation/install/recovery_behaviors/share/recovery_behaviors/package.xml
