[0.015s] Invoking command in '/root/dddmr_navigation/build/recovery_behaviors': AMENT_PREFIX_PATH=/root/dddmr_navigation/install/trajectory_generators:/root/dddmr_navigation/install/mpc_critics:/root/dddmr_navigation/install/perception_3d:/root/dddmr_navigation/install/dddmr_sys_core:/root/dddmr_navigation/install/base_trajectory:${AMENT_PREFIX_PATH} CMAKE_PREFIX_PATH=/root/dddmr_navigation/install/trajectory_generators:/root/dddmr_navigation/install/mpc_critics:/root/dddmr_navigation/install/perception_3d:/root/dddmr_navigation/install/dddmr_sys_core:/root/dddmr_navigation/install/base_trajectory:/root/livox_ws/install/livox_ros_driver2:/opt/ros/humble LD_LIBRARY_PATH=/root/dddmr_navigation/install/trajectory_generators/lib:/root/dddmr_navigation/install/mpc_critics/lib:/root/dddmr_navigation/install/perception_3d/lib:/root/dddmr_navigation/install/dddmr_sys_core/lib:/root/dddmr_navigation/install/base_trajectory/lib:${LD_LIBRARY_PATH} PYTHONPATH=/root/dddmr_navigation/install/dddmr_sys_core/local/lib/python3.10/dist-packages:${PYTHONPATH} /usr/bin/cmake /root/dddmr_navigation/src/dddmr_local_planner/recovery_behaviors -DAMENT_CMAKE_SYMLINK_INSTALL=1 -DCMAKE_INSTALL_PREFIX=/root/dddmr_navigation/install/recovery_behaviors
[0.061s] -- The C compiler identification is GNU 13.4.0
[0.106s] -- The CXX compiler identification is GNU 13.4.0
[0.112s] -- Detecting C compiler ABI info
[0.164s] -- Detecting C compiler ABI info - done
[0.170s] -- Check for working C compiler: /usr/bin/cc - skipped
[0.170s] -- Detecting C compile features
[0.170s] -- Detecting C compile features - done
[0.172s] -- Detecting CXX compiler ABI info
[0.236s] -- Detecting CXX compiler ABI info - done
[0.242s] -- Check for working CXX compiler: /usr/bin/c++ - skipped
[0.243s] -- Detecting CXX compile features
[0.243s] -- Detecting CXX compile features - done
[0.245s] -- Found ament_cmake: 1.3.14 (/opt/ros/humble/share/ament_cmake/cmake)
[0.367s] -- Found Python3: /usr/bin/python3 (found version "3.10.12") found components: Interpreter 
[0.428s] -- Override CMake install command with custom implementation using symlinks instead of copying resources
[0.451s] -- Found rclcpp: 16.0.19 (/opt/ros/humble/share/rclcpp/cmake)
[0.483s] -- Found rosidl_generator_c: 3.1.8 (/opt/ros/humble/share/rosidl_generator_c/cmake)
[0.487s] -- Found rosidl_adapter: 3.1.8 (/opt/ros/humble/share/rosidl_adapter/cmake)
[0.493s] -- Found rosidl_generator_cpp: 3.1.8 (/opt/ros/humble/share/rosidl_generator_cpp/cmake)
[0.501s] -- Using all available rosidl_typesupport_c: rosidl_typesupport_fastrtps_c;rosidl_typesupport_introspection_c
[0.513s] -- Using all available rosidl_typesupport_cpp: rosidl_typesupport_fastrtps_cpp;rosidl_typesupport_introspection_cpp
[0.545s] -- Found rmw_implementation_cmake: 6.1.2 (/opt/ros/humble/share/rmw_implementation_cmake/cmake)
[0.547s] -- Found rmw_fastrtps_cpp: 6.2.10 (/opt/ros/humble/share/rmw_fastrtps_cpp/cmake)
[0.619s] -- Found OpenSSL: /usr/lib/x86_64-linux-gnu/libcrypto.so (found version "3.0.2")  
[0.641s] -- Found FastRTPS: /opt/ros/humble/include  
[0.679s] -- Using RMW implementation 'rmw_fastrtps_cpp' as default
[0.685s] -- Looking for pthread.h
[0.739s] -- Looking for pthread.h - found
[0.739s] -- Performing Test CMAKE_HAVE_LIBC_PTHREAD
[0.798s] -- Performing Test CMAKE_HAVE_LIBC_PTHREAD - Success
[0.799s] -- Found Threads: TRUE  
[0.837s] -- Found rclcpp_action: 16.0.19 (/opt/ros/humble/share/rclcpp_action/cmake)
[0.865s] -- Found rclcpp_lifecycle: 16.0.19 (/opt/ros/humble/share/rclcpp_lifecycle/cmake)
[0.881s] -- Found rclcpp_components: 16.0.19 (/opt/ros/humble/share/rclcpp_components/cmake)
[0.907s] -- Found std_srvs: 4.9.1 (/opt/ros/humble/share/std_srvs/cmake)
[0.914s] -- Found sensor_msgs: 4.9.1 (/opt/ros/humble/share/sensor_msgs/cmake)
[0.939s] -- Found nav_msgs: 4.9.1 (/opt/ros/humble/share/nav_msgs/cmake)
[0.952s] -- Found visualization_msgs: 4.9.1 (/opt/ros/humble/share/visualization_msgs/cmake)
[0.966s] -- Found message_filters: 4.3.16 (/opt/ros/humble/share/message_filters/cmake)
[0.969s] -- Found tf2_ros: 0.25.20 (/opt/ros/humble/share/tf2_ros/cmake)
[0.995s] -- Found tf2_geometry_msgs: 0.25.20 (/opt/ros/humble/share/tf2_geometry_msgs/cmake)
[1.006s] -- Found eigen3_cmake_module: 0.1.1 (/opt/ros/humble/share/eigen3_cmake_module/cmake)
[1.007s] -- Found Eigen3: TRUE (found version "3.4.0") 
[1.007s] -- Ensuring Eigen3 include directory is part of orocos-kdl CMake target
[1.009s] -- Found tf2_eigen: 0.25.20 (/opt/ros/humble/share/tf2_eigen/cmake)
[1.012s] -- Found angles: 1.15.0 (/opt/ros/humble/share/angles/cmake)
[1.014s] -- Found pluginlib: 5.1.4 (/opt/ros/humble/share/pluginlib/cmake)
[1.027s] -- Found pcl_conversions: 2.4.5 (/opt/ros/humble/share/pcl_conversions/cmake)
[1.053s] -- Checking for module 'eigen3'
[1.065s] --   Found eigen3, version 3.4.0
[1.091s] -- Found Eigen: /usr/include/eigen3 (Required is at least version "3.1") 
[1.092s] -- Eigen found (include: /usr/include/eigen3, version: 3.4.0)
[1.123s] -- Checking for module 'flann'
[1.133s] --   Found flann, version 1.9.1
[1.164s] -- Found FLANN: /usr/lib/x86_64-linux-gnu/libflann_cpp.so  
[1.165s] -- FLANN found (include: /usr/include, lib: /usr/lib/x86_64-linux-gnu/libflann_cpp.so)
[1.858s] -- Checking for module 'libusb-1.0'
[1.871s] --   Found libusb-1.0, version 1.0.25
[1.900s] -- Found libusb: /usr/lib/x86_64-linux-gnu/libusb-1.0.so  
[1.901s] -- OpenNI found (version: 1.5.4.0, include: /usr/include/ni, lib: /usr/lib/libOpenNI.so;libusb::libusb)
[1.946s] -- OpenNI2 found (version: 2.2.0.33, include: /usr/include/openni2, lib: /usr/lib/x86_64-linux-gnu/libOpenNI2.so;libusb::libusb)
[2.056s] -- Eigen found (include: /usr/include/eigen3, version: 3.4.0)
[2.062s] -- OpenNI found (version: 1.5.4.0, include: /usr/include/ni, lib: /usr/lib/libOpenNI.so;libusb::libusb)
[2.066s] -- OpenNI2 found (version: 2.2.0.33, include: /usr/include/openni2, lib: /usr/lib/x86_64-linux-gnu/libOpenNI2.so;libusb::libusb)
[2.174s] -- Found Qhull version 8.0.2
[2.277s] -- OpenNI found (version: 1.5.4.0, include: /usr/include/ni, lib: /usr/lib/libOpenNI.so;libusb::libusb)
[2.378s] -- Found PCL_COMMON: /usr/lib/x86_64-linux-gnu/libpcl_common.so  
[2.379s] -- Found PCL_KDTREE: /usr/lib/x86_64-linux-gnu/libpcl_kdtree.so  
[2.379s] -- Found PCL_OCTREE: /usr/lib/x86_64-linux-gnu/libpcl_octree.so  
[2.380s] -- Found PCL_SEARCH: /usr/lib/x86_64-linux-gnu/libpcl_search.so  
[2.380s] -- Found PCL_SAMPLE_CONSENSUS: /usr/lib/x86_64-linux-gnu/libpcl_sample_consensus.so  
[2.381s] -- Found PCL_FILTERS: /usr/lib/x86_64-linux-gnu/libpcl_filters.so  
[2.381s] -- Found PCL_2D: /usr/include/pcl-1.12  
[2.381s] -- Found PCL_GEOMETRY: /usr/include/pcl-1.12  
[2.382s] -- Found PCL_IO: /usr/lib/x86_64-linux-gnu/libpcl_io.so  
[2.382s] -- Found PCL_FEATURES: /usr/lib/x86_64-linux-gnu/libpcl_features.so  
[2.383s] -- Found PCL_ML: /usr/lib/x86_64-linux-gnu/libpcl_ml.so  
[2.383s] -- Found PCL_SEGMENTATION: /usr/lib/x86_64-linux-gnu/libpcl_segmentation.so  
[2.384s] -- Found PCL_VISUALIZATION: /usr/lib/x86_64-linux-gnu/libpcl_visualization.so  
[2.384s] -- Found PCL_SURFACE: /usr/lib/x86_64-linux-gnu/libpcl_surface.so  
[2.385s] -- Found PCL_REGISTRATION: /usr/lib/x86_64-linux-gnu/libpcl_registration.so  
[2.386s] -- Found PCL_KEYPOINTS: /usr/lib/x86_64-linux-gnu/libpcl_keypoints.so  
[2.387s] -- Found PCL_TRACKING: /usr/lib/x86_64-linux-gnu/libpcl_tracking.so  
[2.388s] -- Found PCL_RECOGNITION: /usr/lib/x86_64-linux-gnu/libpcl_recognition.so  
[2.388s] -- Found PCL_STEREO: /usr/lib/x86_64-linux-gnu/libpcl_stereo.so  
[2.389s] -- Found PCL_APPS: /usr/lib/x86_64-linux-gnu/libpcl_apps.so  
[2.389s] -- Found PCL_IN_HAND_SCANNER: /usr/include/pcl-1.12  
[2.389s] -- Found PCL_MODELER: /usr/include/pcl-1.12  
[2.390s] -- Found PCL_POINT_CLOUD_EDITOR: /usr/include/pcl-1.12  
[2.390s] -- Found PCL_OUTOFCORE: /usr/lib/x86_64-linux-gnu/libpcl_outofcore.so  
[2.391s] -- Found PCL_PEOPLE: /usr/lib/x86_64-linux-gnu/libpcl_people.so  
[2.397s] -- Found base_trajectory: 0.0.0 (/root/dddmr_navigation/install/base_trajectory/share/base_trajectory/cmake)
[2.405s] -- Found perception_3d: 2.5.0 (/root/dddmr_navigation/install/perception_3d/share/perception_3d/cmake)
[2.417s] -- Found mpc_critics: 1.0.0 (/root/dddmr_navigation/install/mpc_critics/share/mpc_critics/cmake)
[2.432s] -- Found trajectory_generators: 1.0.0 (/root/dddmr_navigation/install/trajectory_generators/share/trajectory_generators/cmake)
[2.446s] -- Found dddmr_sys_core: 1.0.0 (/root/dddmr_navigation/install/dddmr_sys_core/share/dddmr_sys_core/cmake)
[2.471s] [33mCMake Warning (dev) at CMakeLists.txt:30 (find_package):
[2.471s]   Policy CMP0074 is not set: find_package uses <PackageName>_ROOT variables.
[2.471s]   Run "cmake --help-policy CMP0074" for policy details.  Use the cmake_policy
[2.471s]   command to set the policy and suppress this warning.
[2.471s] 
[2.471s]   CMake variable PCL_ROOT is set to:
[2.471s] 
[2.471s]     /usr
[2.471s] 
[2.471s]   For compatibility, CMake is ignoring the variable.
[2.471s] This warning is for project developers.  Use -Wno-dev to suppress it.
[2.471s] [0m
[5.379s] -- Configuring done
[5.546s] -- Generating done
[5.571s] -- Build files have been written to: /root/dddmr_navigation/build/recovery_behaviors
[5.584s] Invoked command in '/root/dddmr_navigation/build/recovery_behaviors' returned '0': AMENT_PREFIX_PATH=/root/dddmr_navigation/install/trajectory_generators:/root/dddmr_navigation/install/mpc_critics:/root/dddmr_navigation/install/perception_3d:/root/dddmr_navigation/install/dddmr_sys_core:/root/dddmr_navigation/install/base_trajectory:${AMENT_PREFIX_PATH} CMAKE_PREFIX_PATH=/root/dddmr_navigation/install/trajectory_generators:/root/dddmr_navigation/install/mpc_critics:/root/dddmr_navigation/install/perception_3d:/root/dddmr_navigation/install/dddmr_sys_core:/root/dddmr_navigation/install/base_trajectory:/root/livox_ws/install/livox_ros_driver2:/opt/ros/humble LD_LIBRARY_PATH=/root/dddmr_navigation/install/trajectory_generators/lib:/root/dddmr_navigation/install/mpc_critics/lib:/root/dddmr_navigation/install/perception_3d/lib:/root/dddmr_navigation/install/dddmr_sys_core/lib:/root/dddmr_navigation/install/base_trajectory/lib:${LD_LIBRARY_PATH} PYTHONPATH=/root/dddmr_navigation/install/dddmr_sys_core/local/lib/python3.10/dist-packages:${PYTHONPATH} /usr/bin/cmake /root/dddmr_navigation/src/dddmr_local_planner/recovery_behaviors -DAMENT_CMAKE_SYMLINK_INSTALL=1 -DCMAKE_INSTALL_PREFIX=/root/dddmr_navigation/install/recovery_behaviors
[5.586s] Invoking command in '/root/dddmr_navigation/build/recovery_behaviors': AMENT_PREFIX_PATH=/root/dddmr_navigation/install/trajectory_generators:/root/dddmr_navigation/install/mpc_critics:/root/dddmr_navigation/install/perception_3d:/root/dddmr_navigation/install/dddmr_sys_core:/root/dddmr_navigation/install/base_trajectory:${AMENT_PREFIX_PATH} CMAKE_PREFIX_PATH=/root/dddmr_navigation/install/trajectory_generators:/root/dddmr_navigation/install/mpc_critics:/root/dddmr_navigation/install/perception_3d:/root/dddmr_navigation/install/dddmr_sys_core:/root/dddmr_navigation/install/base_trajectory:/root/livox_ws/install/livox_ros_driver2:/opt/ros/humble LD_LIBRARY_PATH=/root/dddmr_navigation/install/trajectory_generators/lib:/root/dddmr_navigation/install/mpc_critics/lib:/root/dddmr_navigation/install/perception_3d/lib:/root/dddmr_navigation/install/dddmr_sys_core/lib:/root/dddmr_navigation/install/base_trajectory/lib:${LD_LIBRARY_PATH} PYTHONPATH=/root/dddmr_navigation/install/dddmr_sys_core/local/lib/python3.10/dist-packages:${PYTHONPATH} /usr/bin/cmake --build /root/dddmr_navigation/build/recovery_behaviors -- -j28 -l28
[5.627s] [ 10%] [32mBuilding CXX object CMakeFiles/robot_behavior.dir/src/robot_behavior.cpp.o[0m
[10.950s] [ 20%] [32m[1mLinking CXX shared library librobot_behavior.so[0m
[107.010s] [ 20%] Built target robot_behavior
[107.023s] [ 30%] [32mBuilding CXX object CMakeFiles/stacked_robot_behavior.dir/src/stacked_robot_behavior.cpp.o[0m
[111.572s] [ 40%] [32m[1mLinking CXX shared library libstacked_robot_behavior.so[0m
[118.425s] [ 40%] Built target stacked_robot_behavior
[118.438s] [ 50%] [32mBuilding CXX object CMakeFiles/recovery_behaviors_ros.dir/src/recovery_behaviors_ros.cpp.o[0m
[127.609s] [ 60%] [32m[1mLinking CXX shared library librecovery_behaviors_ros.so[0m
[128.335s] [ 60%] Built target recovery_behaviors_ros
[128.348s] [ 70%] [32mBuilding CXX object CMakeFiles/recovery_behaviors_node.dir/src/recovery_behaviors_node.cpp.o[0m
[128.350s] [ 80%] [32mBuilding CXX object CMakeFiles/behaviors.dir/behaviors/rotate_inplace_behavior.cpp.o[0m
[133.471s] [ 90%] [32m[1mLinking CXX executable recovery_behaviors_node[0m
[134.056s] [ 90%] Built target recovery_behaviors_node
[135.054s] [100%] [32m[1mLinking CXX shared library libbehaviors.so[0m
[135.513s] [100%] Built target behaviors
[135.551s] Invoked command in '/root/dddmr_navigation/build/recovery_behaviors' returned '0': AMENT_PREFIX_PATH=/root/dddmr_navigation/install/trajectory_generators:/root/dddmr_navigation/install/mpc_critics:/root/dddmr_navigation/install/perception_3d:/root/dddmr_navigation/install/dddmr_sys_core:/root/dddmr_navigation/install/base_trajectory:${AMENT_PREFIX_PATH} CMAKE_PREFIX_PATH=/root/dddmr_navigation/install/trajectory_generators:/root/dddmr_navigation/install/mpc_critics:/root/dddmr_navigation/install/perception_3d:/root/dddmr_navigation/install/dddmr_sys_core:/root/dddmr_navigation/install/base_trajectory:/root/livox_ws/install/livox_ros_driver2:/opt/ros/humble LD_LIBRARY_PATH=/root/dddmr_navigation/install/trajectory_generators/lib:/root/dddmr_navigation/install/mpc_critics/lib:/root/dddmr_navigation/install/perception_3d/lib:/root/dddmr_navigation/install/dddmr_sys_core/lib:/root/dddmr_navigation/install/base_trajectory/lib:${LD_LIBRARY_PATH} PYTHONPATH=/root/dddmr_navigation/install/dddmr_sys_core/local/lib/python3.10/dist-packages:${PYTHONPATH} /usr/bin/cmake --build /root/dddmr_navigation/build/recovery_behaviors -- -j28 -l28
[135.552s] Invoking command in '/root/dddmr_navigation/build/recovery_behaviors': AMENT_PREFIX_PATH=/root/dddmr_navigation/install/trajectory_generators:/root/dddmr_navigation/install/mpc_critics:/root/dddmr_navigation/install/perception_3d:/root/dddmr_navigation/install/dddmr_sys_core:/root/dddmr_navigation/install/base_trajectory:${AMENT_PREFIX_PATH} CMAKE_PREFIX_PATH=/root/dddmr_navigation/install/trajectory_generators:/root/dddmr_navigation/install/mpc_critics:/root/dddmr_navigation/install/perception_3d:/root/dddmr_navigation/install/dddmr_sys_core:/root/dddmr_navigation/install/base_trajectory:/root/livox_ws/install/livox_ros_driver2:/opt/ros/humble LD_LIBRARY_PATH=/root/dddmr_navigation/install/trajectory_generators/lib:/root/dddmr_navigation/install/mpc_critics/lib:/root/dddmr_navigation/install/perception_3d/lib:/root/dddmr_navigation/install/dddmr_sys_core/lib:/root/dddmr_navigation/install/base_trajectory/lib:${LD_LIBRARY_PATH} PYTHONPATH=/root/dddmr_navigation/install/dddmr_sys_core/local/lib/python3.10/dist-packages:${PYTHONPATH} /usr/bin/cmake --install /root/dddmr_navigation/build/recovery_behaviors
[135.557s] -- Install configuration: ""
[135.558s] -- Execute custom install script
[135.558s] -- Symlinking: /root/dddmr_navigation/install/recovery_behaviors/lib/librobot_behavior.so
[135.564s] -- Symlinking: /root/dddmr_navigation/install/recovery_behaviors/lib/libstacked_robot_behavior.so
[135.569s] -- Symlinking: /root/dddmr_navigation/install/recovery_behaviors/lib/librecovery_behaviors_ros.so
[135.574s] -- Symlinking: /root/dddmr_navigation/install/recovery_behaviors/lib/libbehaviors.so
[135.578s] -- Symlinking: /root/dddmr_navigation/install/recovery_behaviors/lib/recovery_behaviors/recovery_behaviors_node
[135.582s] -- Symlinking: /root/dddmr_navigation/install/recovery_behaviors/include//recovery_behaviors/recovery_behaviors_ros.h
[135.589s] -- Symlinking: /root/dddmr_navigation/install/recovery_behaviors/include//recovery_behaviors/recovery_behaviors_shared_data.h
[135.594s] -- Symlinking: /root/dddmr_navigation/install/recovery_behaviors/include//recovery_behaviors/robot_behavior.h
[135.599s] -- Symlinking: /root/dddmr_navigation/install/recovery_behaviors/include//recovery_behaviors/rotate_inplace_behavior.h
[135.604s] -- Symlinking: /root/dddmr_navigation/install/recovery_behaviors/include//recovery_behaviors/stacked_robot_behavior.h
[135.610s] -- Symlinking: /root/dddmr_navigation/install/recovery_behaviors/share/recovery_behaviors//launch/recovery_behaviors.launch
[135.615s] -- Symlinking: /root/dddmr_navigation/install/recovery_behaviors/share/recovery_behaviors//config/recovery_behaviors.yaml
[135.621s] -- Symlinking: /root/dddmr_navigation/install/recovery_behaviors/lib/recovery_behaviors/example_client.py
[135.628s] -- Symlinking: /root/dddmr_navigation/install/recovery_behaviors/share/recovery_behaviors/recovery_behaviors.xml
[135.634s] -- Symlinking: /root/dddmr_navigation/install/recovery_behaviors/share/recovery_behaviors/environment/library_path.sh
[135.639s] -- Symlinking: /root/dddmr_navigation/install/recovery_behaviors/share/recovery_behaviors/environment/library_path.dsv
[135.646s] -- Up-to-date symlink: /root/dddmr_navigation/install/recovery_behaviors/share/recovery_behaviors//recovery_behaviors.xml
[135.646s] -- Symlinking: /root/dddmr_navigation/install/recovery_behaviors/share/ament_index/resource_index/package_run_dependencies/recovery_behaviors
[135.652s] -- Symlinking: /root/dddmr_navigation/install/recovery_behaviors/share/ament_index/resource_index/parent_prefix_path/recovery_behaviors
[135.658s] -- Symlinking: /root/dddmr_navigation/install/recovery_behaviors/share/recovery_behaviors/environment/ament_prefix_path.sh
[135.663s] -- Symlinking: /root/dddmr_navigation/install/recovery_behaviors/share/recovery_behaviors/environment/ament_prefix_path.dsv
[135.668s] -- Symlinking: /root/dddmr_navigation/install/recovery_behaviors/share/recovery_behaviors/environment/path.sh
[135.672s] -- Symlinking: /root/dddmr_navigation/install/recovery_behaviors/share/recovery_behaviors/environment/path.dsv
[135.677s] -- Symlinking: /root/dddmr_navigation/install/recovery_behaviors/share/recovery_behaviors/local_setup.bash
[135.681s] -- Symlinking: /root/dddmr_navigation/install/recovery_behaviors/share/recovery_behaviors/local_setup.sh
[135.686s] -- Symlinking: /root/dddmr_navigation/install/recovery_behaviors/share/recovery_behaviors/local_setup.zsh
[135.690s] -- Symlinking: /root/dddmr_navigation/install/recovery_behaviors/share/recovery_behaviors/local_setup.dsv
[135.695s] -- Symlinking: /root/dddmr_navigation/install/recovery_behaviors/share/recovery_behaviors/package.dsv
[135.700s] -- Symlinking: /root/dddmr_navigation/install/recovery_behaviors/share/ament_index/resource_index/packages/recovery_behaviors
[135.705s] -- Symlinking: /root/dddmr_navigation/install/recovery_behaviors/share/ament_index/resource_index/recovery_behaviors__pluginlib__plugin/recovery_behaviors
[135.711s] -- Symlinking: /root/dddmr_navigation/install/recovery_behaviors/share/recovery_behaviors/cmake/ament_cmake_export_include_directories-extras.cmake
[135.716s] -- Symlinking: /root/dddmr_navigation/install/recovery_behaviors/share/recovery_behaviors/cmake/ament_cmake_export_libraries-extras.cmake
[135.723s] -- Symlinking: /root/dddmr_navigation/install/recovery_behaviors/share/recovery_behaviors/cmake/ament_cmake_export_dependencies-extras.cmake
[135.728s] -- Symlinking: /root/dddmr_navigation/install/recovery_behaviors/share/recovery_behaviors/cmake/recovery_behaviorsConfig.cmake
[135.732s] -- Symlinking: /root/dddmr_navigation/install/recovery_behaviors/share/recovery_behaviors/cmake/recovery_behaviorsConfig-version.cmake
[135.737s] -- Symlinking: /root/dddmr_navigation/install/recovery_behaviors/share/recovery_behaviors/package.xml
[135.743s] Invoked command in '/root/dddmr_navigation/build/recovery_behaviors' returned '0': AMENT_PREFIX_PATH=/root/dddmr_navigation/install/trajectory_generators:/root/dddmr_navigation/install/mpc_critics:/root/dddmr_navigation/install/perception_3d:/root/dddmr_navigation/install/dddmr_sys_core:/root/dddmr_navigation/install/base_trajectory:${AMENT_PREFIX_PATH} CMAKE_PREFIX_PATH=/root/dddmr_navigation/install/trajectory_generators:/root/dddmr_navigation/install/mpc_critics:/root/dddmr_navigation/install/perception_3d:/root/dddmr_navigation/install/dddmr_sys_core:/root/dddmr_navigation/install/base_trajectory:/root/livox_ws/install/livox_ros_driver2:/opt/ros/humble LD_LIBRARY_PATH=/root/dddmr_navigation/install/trajectory_generators/lib:/root/dddmr_navigation/install/mpc_critics/lib:/root/dddmr_navigation/install/perception_3d/lib:/root/dddmr_navigation/install/dddmr_sys_core/lib:/root/dddmr_navigation/install/base_trajectory/lib:${LD_LIBRARY_PATH} PYTHONPATH=/root/dddmr_navigation/install/dddmr_sys_core/local/lib/python3.10/dist-packages:${PYTHONPATH} /usr/bin/cmake --install /root/dddmr_navigation/build/recovery_behaviors
