[0.468s] Invoking command in '/root/dddmr_navigation/build/cloud_msgs': CMAKE_PREFIX_PATH=${CMAKE_PREFIX_PATH}:/opt/ros/humble /usr/bin/cmake /root/dddmr_navigation/src/dddmr_lego_loam/cloud_msgs -DCMAKE_INSTALL_PREFIX=/root/dddmr_navigation/install/cloud_msgs
[0.765s] -- Found std_msgs: 4.9.1 (/opt/ros/humble/share/std_msgs/cmake)
[1.605s] -- Override CMake install command with custom implementation using symlinks instead of copying resources
[1.839s] -- Found rosidl_generator_c: 3.1.8 (/opt/ros/humble/share/rosidl_generator_c/cmake)
[1.862s] -- Found rosidl_adapter: 3.1.8 (/opt/ros/humble/share/rosidl_adapter/cmake)
[1.911s] -- Found rosidl_generator_cpp: 3.1.8 (/opt/ros/humble/share/rosidl_generator_cpp/cmake)
[1.997s] -- Using all available rosidl_typesupport_c: rosidl_typesupport_fastrtps_c;rosidl_typesupport_introspection_c
[2.106s] -- Using all available rosidl_typesupport_cpp: rosidl_typesupport_fastrtps_cpp;rosidl_typesupport_introspection_cpp
[2.302s] -- Found rclcpp: 16.0.19 (/opt/ros/humble/share/rclcpp/cmake)
[2.515s] -- Found rmw_implementation_cmake: 6.1.2 (/opt/ros/humble/share/rmw_implementation_cmake/cmake)
[2.532s] -- Found rmw_fastrtps_cpp: 6.2.10 (/opt/ros/humble/share/rmw_fastrtps_cpp/cmake)
[3.589s] -- Using RMW implementation 'rmw_fastrtps_cpp' as default
[3.851s] -- Found nav_msgs: 4.9.1 (/opt/ros/humble/share/nav_msgs/cmake)
[4.033s] -- Found rosidl_default_generators: 1.2.1 (/opt/ros/humble/share/rosidl_default_generators/cmake)
[6.307s] -- Found ament_cmake_ros: 0.10.0 (/opt/ros/humble/share/ament_cmake_ros/cmake)
[9.517s] -- Using all available rosidl_typesupport_c: rosidl_typesupport_fastrtps_c;rosidl_typesupport_introspection_c
[10.849s] -- Using all available rosidl_typesupport_cpp: rosidl_typesupport_fastrtps_cpp;rosidl_typesupport_introspection_cpp
[11.022s] -- Found python_cmake_module: 0.10.0 (/opt/ros/humble/share/python_cmake_module/cmake)
[11.174s] -- Using PYTHON_EXECUTABLE: /usr/bin/python3
[11.175s] -- Using PYTHON_INCLUDE_DIRS: /usr/include/python3.10
[11.175s] -- Using PYTHON_LIBRARIES: /usr/lib/x86_64-linux-gnu/libpython3.10.so
[12.336s] -- Configuring done
[12.640s] -- Generating done
[12.749s] -- Build files have been written to: /root/dddmr_navigation/build/cloud_msgs
[12.815s] Invoked command in '/root/dddmr_navigation/build/cloud_msgs' returned '0': CMAKE_PREFIX_PATH=${CMAKE_PREFIX_PATH}:/opt/ros/humble /usr/bin/cmake /root/dddmr_navigation/src/dddmr_lego_loam/cloud_msgs -DCMAKE_INSTALL_PREFIX=/root/dddmr_navigation/install/cloud_msgs
[12.825s] Invoking command in '/root/dddmr_navigation/build/cloud_msgs': CMAKE_PREFIX_PATH=${CMAKE_PREFIX_PATH}:/opt/ros/humble /usr/bin/cmake --build /root/dddmr_navigation/build/cloud_msgs -- -j28 -l28
[13.110s] [35m[1mConsolidate compiler generated dependencies of target cloud_msgs__rosidl_generator_c[0m
[13.170s] [  3%] Built target cloud_msgs__rs
[13.188s] [ 12%] Built target cloud_msgs__rosidl_generator_c
[13.193s] [ 15%] Built target cloud_msgs__cpp
[13.253s] [ 15%] Built target ament_cmake_python_symlink_cloud_msgs
[13.285s] [35m[1mConsolidate compiler generated dependencies of target cloud_msgs__rosidl_typesupport_c[0m
[13.286s] [35m[1mConsolidate compiler generated dependencies of target cloud_msgs__rosidl_typesupport_introspection_cpp[0m
[13.287s] [35m[1mConsolidate compiler generated dependencies of target cloud_msgs__rosidl_typesupport_fastrtps_c[0m
[13.288s] [35m[1mConsolidate compiler generated dependencies of target cloud_msgs__rosidl_typesupport_cpp[0m
[13.289s] [35m[1mConsolidate compiler generated dependencies of target cloud_msgs__rosidl_typesupport_introspection_c[0m
[13.330s] [35m[1mConsolidate compiler generated dependencies of target cloud_msgs__rosidl_typesupport_fastrtps_cpp[0m
[13.366s] [ 25%] Built target cloud_msgs__rosidl_typesupport_c
[13.377s] [ 34%] Built target cloud_msgs__rosidl_typesupport_fastrtps_c
[13.389s] [ 43%] Built target cloud_msgs__rosidl_typesupport_introspection_c
[13.389s] [ 53%] Built target cloud_msgs__rosidl_typesupport_cpp
[13.391s] [ 62%] Built target cloud_msgs__rosidl_typesupport_introspection_cpp
[13.432s] [ 71%] Built target cloud_msgs__rosidl_typesupport_fastrtps_cpp
[13.580s] [ 71%] Built target cloud_msgs
[13.747s] [ 75%] Built target cloud_msgs__py
[13.807s] [35m[1mConsolidate compiler generated dependencies of target cloud_msgs__rosidl_generator_py[0m
[13.919s] [ 81%] Built target cloud_msgs__rosidl_generator_py
[13.983s] [35m[1mConsolidate compiler generated dependencies of target cloud_msgs__rosidl_typesupport_fastrtps_c__pyext[0m
[13.990s] [35m[1mConsolidate compiler generated dependencies of target cloud_msgs__rosidl_typesupport_c__pyext[0m
[13.995s] [35m[1mConsolidate compiler generated dependencies of target cloud_msgs__rosidl_typesupport_introspection_c__pyext[0m
[14.085s] [ 87%] Built target cloud_msgs__rosidl_typesupport_introspection_c__pyext
[14.087s] [100%] Built target cloud_msgs__rosidl_typesupport_fastrtps_c__pyext
[14.088s] [100%] Built target cloud_msgs__rosidl_typesupport_c__pyext
[15.096s] running egg_info
[15.100s] writing cloud_msgs.egg-info/PKG-INFO
[15.101s] writing dependency_links to cloud_msgs.egg-info/dependency_links.txt
[15.102s] writing top-level names to cloud_msgs.egg-info/top_level.txt
[15.115s] reading manifest file 'cloud_msgs.egg-info/SOURCES.txt'
[15.119s] writing manifest file 'cloud_msgs.egg-info/SOURCES.txt'
[15.289s] [100%] Built target ament_cmake_python_build_cloud_msgs_egg
[15.367s] Invoked command in '/root/dddmr_navigation/build/cloud_msgs' returned '0': CMAKE_PREFIX_PATH=${CMAKE_PREFIX_PATH}:/opt/ros/humble /usr/bin/cmake --build /root/dddmr_navigation/build/cloud_msgs -- -j28 -l28
[15.377s] Invoking command in '/root/dddmr_navigation/build/cloud_msgs': CMAKE_PREFIX_PATH=${CMAKE_PREFIX_PATH}:/opt/ros/humble /usr/bin/cmake --install /root/dddmr_navigation/build/cloud_msgs
[15.427s] -- Install configuration: "Release"
[15.431s] -- Execute custom install script
[15.432s] -- Up-to-date symlink: /root/dddmr_navigation/install/cloud_msgs/share/ament_index/resource_index/rosidl_interfaces/cloud_msgs
[15.434s] -- Up-to-date symlink: /root/dddmr_navigation/install/cloud_msgs/include/cloud_msgs/cloud_msgs/msg/cloud_info.h
[15.435s] -- Up-to-date symlink: /root/dddmr_navigation/install/cloud_msgs/include/cloud_msgs/cloud_msgs/msg/detail/cloud_info__functions.h
[15.436s] -- Up-to-date symlink: /root/dddmr_navigation/install/cloud_msgs/include/cloud_msgs/cloud_msgs/msg/detail/cloud_info__struct.h
[15.437s] -- Up-to-date symlink: /root/dddmr_navigation/install/cloud_msgs/include/cloud_msgs/cloud_msgs/msg/detail/cloud_info__type_support.h
[15.437s] -- Up-to-date symlink: /root/dddmr_navigation/install/cloud_msgs/include/cloud_msgs/cloud_msgs/msg/rosidl_generator_c__visibility_control.h
[15.439s] -- Up-to-date symlink: /root/dddmr_navigation/install/cloud_msgs/share/cloud_msgs/environment/library_path.sh
[15.439s] -- Up-to-date symlink: /root/dddmr_navigation/install/cloud_msgs/share/cloud_msgs/environment/library_path.dsv
[15.442s] -- Up-to-date symlink: /root/dddmr_navigation/install/cloud_msgs/include/cloud_msgs/cloud_msgs/msg/detail/cloud_info__rosidl_typesupport_fastrtps_c.h
[15.442s] -- Up-to-date symlink: /root/dddmr_navigation/install/cloud_msgs/include/cloud_msgs/cloud_msgs/msg/rosidl_typesupport_fastrtps_c__visibility_control.h
[15.443s] -- Up-to-date symlink: /root/dddmr_navigation/install/cloud_msgs/include/cloud_msgs/cloud_msgs/msg/cloud_info.hpp
[15.445s] -- Up-to-date symlink: /root/dddmr_navigation/install/cloud_msgs/include/cloud_msgs/cloud_msgs/msg/detail/cloud_info__builder.hpp
[15.445s] -- Up-to-date symlink: /root/dddmr_navigation/install/cloud_msgs/include/cloud_msgs/cloud_msgs/msg/detail/cloud_info__struct.hpp
[15.446s] -- Up-to-date symlink: /root/dddmr_navigation/install/cloud_msgs/include/cloud_msgs/cloud_msgs/msg/detail/cloud_info__traits.hpp
[15.447s] -- Up-to-date symlink: /root/dddmr_navigation/install/cloud_msgs/include/cloud_msgs/cloud_msgs/msg/detail/cloud_info__type_support.hpp
[15.447s] -- Up-to-date symlink: /root/dddmr_navigation/install/cloud_msgs/include/cloud_msgs/cloud_msgs/msg/rosidl_generator_cpp__visibility_control.hpp
[15.448s] -- Up-to-date symlink: /root/dddmr_navigation/install/cloud_msgs/include/cloud_msgs/cloud_msgs/msg/detail/cloud_info__rosidl_typesupport_fastrtps_cpp.hpp
[15.449s] -- Up-to-date symlink: /root/dddmr_navigation/install/cloud_msgs/include/cloud_msgs/cloud_msgs/msg/rosidl_typesupport_fastrtps_cpp__visibility_control.h
[15.450s] -- Up-to-date symlink: /root/dddmr_navigation/install/cloud_msgs/include/cloud_msgs/cloud_msgs/msg/detail/cloud_info__rosidl_typesupport_introspection_c.h
[15.451s] -- Up-to-date symlink: /root/dddmr_navigation/install/cloud_msgs/include/cloud_msgs/cloud_msgs/msg/rosidl_typesupport_introspection_c__visibility_control.h
[15.452s] -- Up-to-date symlink: /root/dddmr_navigation/install/cloud_msgs/include/cloud_msgs/cloud_msgs/msg/detail/cloud_info__rosidl_typesupport_introspection_cpp.hpp
[15.454s] -- Up-to-date symlink: /root/dddmr_navigation/install/cloud_msgs/share/cloud_msgs/environment/pythonpath.sh
[15.455s] -- Up-to-date symlink: /root/dddmr_navigation/install/cloud_msgs/share/cloud_msgs/environment/pythonpath.dsv
[15.456s] -- Up-to-date symlink: /root/dddmr_navigation/install/cloud_msgs/local/lib/python3.10/dist-packages/cloud_msgs-0.0.0-py3.10.egg-info/PKG-INFO
[15.458s] -- Up-to-date symlink: /root/dddmr_navigation/install/cloud_msgs/local/lib/python3.10/dist-packages/cloud_msgs-0.0.0-py3.10.egg-info/SOURCES.txt
[15.458s] -- Up-to-date symlink: /root/dddmr_navigation/install/cloud_msgs/local/lib/python3.10/dist-packages/cloud_msgs-0.0.0-py3.10.egg-info/dependency_links.txt
[15.459s] -- Up-to-date symlink: /root/dddmr_navigation/install/cloud_msgs/local/lib/python3.10/dist-packages/cloud_msgs-0.0.0-py3.10.egg-info/top_level.txt
[15.460s] -- Up-to-date symlink: /root/dddmr_navigation/install/cloud_msgs/local/lib/python3.10/dist-packages/cloud_msgs/__init__.py
[15.463s] -- Up-to-date symlink: /root/dddmr_navigation/install/cloud_msgs/local/lib/python3.10/dist-packages/cloud_msgs/_cloud_msgs_s.ep.rosidl_typesupport_c.c
[15.464s] -- Up-to-date symlink: /root/dddmr_navigation/install/cloud_msgs/local/lib/python3.10/dist-packages/cloud_msgs/_cloud_msgs_s.ep.rosidl_typesupport_fastrtps_c.c
[15.465s] -- Up-to-date symlink: /root/dddmr_navigation/install/cloud_msgs/local/lib/python3.10/dist-packages/cloud_msgs/_cloud_msgs_s.ep.rosidl_typesupport_introspection_c.c
[15.466s] -- Up-to-date symlink: /root/dddmr_navigation/install/cloud_msgs/local/lib/python3.10/dist-packages/cloud_msgs/cloud_msgs_s__rosidl_typesupport_c.cpython-310-x86_64-linux-gnu.so
[15.466s] -- Up-to-date symlink: /root/dddmr_navigation/install/cloud_msgs/local/lib/python3.10/dist-packages/cloud_msgs/cloud_msgs_s__rosidl_typesupport_fastrtps_c.cpython-310-x86_64-linux-gnu.so
[15.467s] -- Up-to-date symlink: /root/dddmr_navigation/install/cloud_msgs/local/lib/python3.10/dist-packages/cloud_msgs/cloud_msgs_s__rosidl_typesupport_introspection_c.cpython-310-x86_64-linux-gnu.so
[15.468s] -- Up-to-date symlink: /root/dddmr_navigation/install/cloud_msgs/local/lib/python3.10/dist-packages/cloud_msgs/libcloud_msgs__rosidl_generator_py.so
[15.469s] -- Up-to-date symlink: /root/dddmr_navigation/install/cloud_msgs/local/lib/python3.10/dist-packages/cloud_msgs/msg/__init__.py
[15.470s] -- Up-to-date symlink: /root/dddmr_navigation/install/cloud_msgs/local/lib/python3.10/dist-packages/cloud_msgs/msg/_cloud_info.py
[15.470s] -- Up-to-date symlink: /root/dddmr_navigation/install/cloud_msgs/local/lib/python3.10/dist-packages/cloud_msgs/msg/_cloud_info_s.c
[15.471s] -- Up-to-date symlink: /root/dddmr_navigation/install/cloud_msgs/local/lib/python3.10/dist-packages/cloud_msgs/cloud_msgs_s__rosidl_typesupport_fastrtps_c.cpython-310-x86_64-linux-gnu.so
[15.472s] -- Up-to-date symlink: /root/dddmr_navigation/install/cloud_msgs/local/lib/python3.10/dist-packages/cloud_msgs/cloud_msgs_s__rosidl_typesupport_introspection_c.cpython-310-x86_64-linux-gnu.so
[15.472s] -- Up-to-date symlink: /root/dddmr_navigation/install/cloud_msgs/local/lib/python3.10/dist-packages/cloud_msgs/cloud_msgs_s__rosidl_typesupport_c.cpython-310-x86_64-linux-gnu.so
[15.473s] -- Up-to-date symlink: /root/dddmr_navigation/install/cloud_msgs/share/ament_index/resource_index/rust_packages/cloud_msgs
[15.474s] -- Up-to-date symlink: /root/dddmr_navigation/install/cloud_msgs/share/cloud_msgs/rust/Cargo.toml
[15.474s] -- Up-to-date symlink: /root/dddmr_navigation/install/cloud_msgs/share/cloud_msgs/rust/build.rs
[15.476s] -- Up-to-date symlink: /root/dddmr_navigation/install/cloud_msgs/share/cloud_msgs/rust/src/lib.rs
[15.477s] -- Up-to-date symlink: /root/dddmr_navigation/install/cloud_msgs/share/cloud_msgs/rust/src/msg.rs
[15.477s] -- Up-to-date symlink: /root/dddmr_navigation/install/cloud_msgs/share/cloud_msgs/rust/src/msg/rmw.rs
[15.478s] -- Up-to-date symlink: /root/dddmr_navigation/install/cloud_msgs/share/cloud_msgs/msg/CloudInfo.idl
[15.479s] -- Up-to-date symlink: /root/dddmr_navigation/install/cloud_msgs/share/cloud_msgs/msg/CloudInfo.msg
[15.481s] -- Up-to-date symlink: /root/dddmr_navigation/install/cloud_msgs/share/ament_index/resource_index/package_run_dependencies/cloud_msgs
[15.482s] -- Up-to-date symlink: /root/dddmr_navigation/install/cloud_msgs/share/ament_index/resource_index/parent_prefix_path/cloud_msgs
[15.483s] -- Up-to-date symlink: /root/dddmr_navigation/install/cloud_msgs/share/cloud_msgs/environment/ament_prefix_path.sh
[15.483s] -- Up-to-date symlink: /root/dddmr_navigation/install/cloud_msgs/share/cloud_msgs/environment/ament_prefix_path.dsv
[15.484s] -- Up-to-date symlink: /root/dddmr_navigation/install/cloud_msgs/share/cloud_msgs/environment/path.sh
[15.484s] -- Up-to-date symlink: /root/dddmr_navigation/install/cloud_msgs/share/cloud_msgs/environment/path.dsv
[15.485s] -- Up-to-date symlink: /root/dddmr_navigation/install/cloud_msgs/share/cloud_msgs/local_setup.bash
[15.486s] -- Up-to-date symlink: /root/dddmr_navigation/install/cloud_msgs/share/cloud_msgs/local_setup.sh
[15.486s] -- Up-to-date symlink: /root/dddmr_navigation/install/cloud_msgs/share/cloud_msgs/local_setup.zsh
[15.487s] -- Up-to-date symlink: /root/dddmr_navigation/install/cloud_msgs/share/cloud_msgs/local_setup.dsv
[15.488s] -- Symlinking: /root/dddmr_navigation/install/cloud_msgs/share/cloud_msgs/package.dsv
[15.543s] -- Up-to-date symlink: /root/dddmr_navigation/install/cloud_msgs/share/ament_index/resource_index/packages/cloud_msgs
[15.544s] -- Up-to-date symlink: /root/dddmr_navigation/install/cloud_msgs/share/cloud_msgs/cmake/rosidl_cmake-extras.cmake
[15.545s] -- Up-to-date symlink: /root/dddmr_navigation/install/cloud_msgs/share/cloud_msgs/cmake/ament_cmake_export_dependencies-extras.cmake
[15.546s] -- Up-to-date symlink: /root/dddmr_navigation/install/cloud_msgs/share/cloud_msgs/cmake/ament_cmake_export_include_directories-extras.cmake
[15.548s] -- Up-to-date symlink: /root/dddmr_navigation/install/cloud_msgs/share/cloud_msgs/cmake/ament_cmake_export_libraries-extras.cmake
[15.549s] -- Up-to-date symlink: /root/dddmr_navigation/install/cloud_msgs/share/cloud_msgs/cmake/ament_cmake_export_targets-extras.cmake
[15.550s] -- Up-to-date symlink: /root/dddmr_navigation/install/cloud_msgs/share/cloud_msgs/cmake/rosidl_cmake_export_typesupport_targets-extras.cmake
[15.550s] -- Up-to-date symlink: /root/dddmr_navigation/install/cloud_msgs/share/cloud_msgs/cmake/rosidl_cmake_export_typesupport_libraries-extras.cmake
[15.551s] -- Up-to-date symlink: /root/dddmr_navigation/install/cloud_msgs/share/cloud_msgs/cmake/cloud_msgsConfig.cmake
[15.551s] -- Up-to-date symlink: /root/dddmr_navigation/install/cloud_msgs/share/cloud_msgs/cmake/cloud_msgsConfig-version.cmake
[15.551s] -- Up-to-date symlink: /root/dddmr_navigation/install/cloud_msgs/share/cloud_msgs/package.xml
[15.552s] -- Up-to-date: /root/dddmr_navigation/install/cloud_msgs/lib/libcloud_msgs__rosidl_generator_c.so
[15.553s] -- Up-to-date: /root/dddmr_navigation/install/cloud_msgs/lib/libcloud_msgs__rosidl_typesupport_fastrtps_c.so
[15.554s] -- Up-to-date: /root/dddmr_navigation/install/cloud_msgs/lib/libcloud_msgs__rosidl_typesupport_fastrtps_cpp.so
[15.556s] -- Up-to-date: /root/dddmr_navigation/install/cloud_msgs/lib/libcloud_msgs__rosidl_typesupport_introspection_c.so
[15.558s] -- Up-to-date: /root/dddmr_navigation/install/cloud_msgs/lib/libcloud_msgs__rosidl_typesupport_c.so
[15.559s] -- Up-to-date: /root/dddmr_navigation/install/cloud_msgs/lib/libcloud_msgs__rosidl_typesupport_introspection_cpp.so
[15.560s] -- Up-to-date: /root/dddmr_navigation/install/cloud_msgs/lib/libcloud_msgs__rosidl_typesupport_cpp.so
[15.828s] Listing '/root/dddmr_navigation/install/cloud_msgs/local/lib/python3.10/dist-packages/cloud_msgs'...
[15.830s] Compiling '/root/dddmr_navigation/install/cloud_msgs/local/lib/python3.10/dist-packages/cloud_msgs/__init__.py'...
[15.832s] Listing '/root/dddmr_navigation/install/cloud_msgs/local/lib/python3.10/dist-packages/cloud_msgs/msg'...
[15.865s] -- Up-to-date: /root/dddmr_navigation/install/cloud_msgs/lib/libcloud_msgs__rosidl_generator_py.so
[15.868s] -- Up-to-date: /root/dddmr_navigation/install/cloud_msgs/share/cloud_msgs/cmake/export_cloud_msgs__rosidl_generator_cExport.cmake
[15.868s] -- Up-to-date: /root/dddmr_navigation/install/cloud_msgs/share/cloud_msgs/cmake/export_cloud_msgs__rosidl_generator_cExport-release.cmake
[15.869s] -- Up-to-date: /root/dddmr_navigation/install/cloud_msgs/share/cloud_msgs/cmake/export_cloud_msgs__rosidl_typesupport_fastrtps_cExport.cmake
[15.874s] -- Up-to-date: /root/dddmr_navigation/install/cloud_msgs/share/cloud_msgs/cmake/export_cloud_msgs__rosidl_typesupport_fastrtps_cExport-release.cmake
[15.875s] -- Up-to-date: /root/dddmr_navigation/install/cloud_msgs/share/cloud_msgs/cmake/export_cloud_msgs__rosidl_generator_cppExport.cmake
[15.875s] -- Up-to-date: /root/dddmr_navigation/install/cloud_msgs/share/cloud_msgs/cmake/export_cloud_msgs__rosidl_typesupport_fastrtps_cppExport.cmake
[15.876s] -- Up-to-date: /root/dddmr_navigation/install/cloud_msgs/share/cloud_msgs/cmake/export_cloud_msgs__rosidl_typesupport_fastrtps_cppExport-release.cmake
[15.877s] -- Up-to-date: /root/dddmr_navigation/install/cloud_msgs/share/cloud_msgs/cmake/cloud_msgs__rosidl_typesupport_introspection_cExport.cmake
[15.877s] -- Up-to-date: /root/dddmr_navigation/install/cloud_msgs/share/cloud_msgs/cmake/cloud_msgs__rosidl_typesupport_introspection_cExport-release.cmake
[15.879s] -- Up-to-date: /root/dddmr_navigation/install/cloud_msgs/share/cloud_msgs/cmake/cloud_msgs__rosidl_typesupport_cExport.cmake
[15.880s] -- Up-to-date: /root/dddmr_navigation/install/cloud_msgs/share/cloud_msgs/cmake/cloud_msgs__rosidl_typesupport_cExport-release.cmake
[15.882s] -- Up-to-date: /root/dddmr_navigation/install/cloud_msgs/share/cloud_msgs/cmake/cloud_msgs__rosidl_typesupport_introspection_cppExport.cmake
[15.887s] -- Up-to-date: /root/dddmr_navigation/install/cloud_msgs/share/cloud_msgs/cmake/cloud_msgs__rosidl_typesupport_introspection_cppExport-release.cmake
[15.887s] -- Up-to-date: /root/dddmr_navigation/install/cloud_msgs/share/cloud_msgs/cmake/cloud_msgs__rosidl_typesupport_cppExport.cmake
[15.890s] -- Up-to-date: /root/dddmr_navigation/install/cloud_msgs/share/cloud_msgs/cmake/cloud_msgs__rosidl_typesupport_cppExport-release.cmake
[15.897s] -- Up-to-date: /root/dddmr_navigation/install/cloud_msgs/share/cloud_msgs/cmake/export_cloud_msgs__rosidl_generator_pyExport.cmake
[15.899s] -- Up-to-date: /root/dddmr_navigation/install/cloud_msgs/share/cloud_msgs/cmake/export_cloud_msgs__rosidl_generator_pyExport-release.cmake
[15.934s] Invoked command in '/root/dddmr_navigation/build/cloud_msgs' returned '0': CMAKE_PREFIX_PATH=${CMAKE_PREFIX_PATH}:/opt/ros/humble /usr/bin/cmake --install /root/dddmr_navigation/build/cloud_msgs
