[0.010s] Invoking command in '/ws_gz/build/champ_config': CMAKE_PREFIX_PATH=/opt/ros/humble /usr/bin/cmake /ws_gz/src/gz_quadbot/champ/champ_config -DCMAKE_BUILD_TYPE=Release -DAMENT_CMAKE_SYMLINK_INSTALL=1 -DCMAKE_INSTALL_PREFIX=/ws_gz/install/champ_config
[0.049s] -- The C compiler identification is GNU 13.4.0
[0.085s] -- The CXX compiler identification is GNU 13.4.0
[0.090s] -- Detecting C compiler ABI info
[0.135s] -- Detecting C compiler ABI info - done
[0.141s] -- Check for working C compiler: /usr/bin/cc - skipped
[0.141s] -- Detecting C compile features
[0.141s] -- Detecting C compile features - done
[0.143s] -- Detecting CXX compiler ABI info
[0.194s] -- Detecting CXX compiler ABI info - done
[0.200s] -- Check for working CXX compiler: /usr/bin/c++ - skipped
[0.200s] -- Detecting CXX compile features
[0.201s] -- Detecting CXX compile features - done
[0.202s] -- Found ament_cmake: 1.3.14 (/opt/ros/humble/share/ament_cmake/cmake)
[0.303s] -- Found Python3: /usr/bin/python3 (found version "3.10.12") found components: Interpreter 
[0.341s] -- Override CMake install command with custom implementation using symlinks instead of copying resources
[0.389s] -- Configuring done
[0.391s] -- Generating done
[0.391s] -- Build files have been written to: /ws_gz/build/champ_config
[0.394s] Invoked command in '/ws_gz/build/champ_config' returned '0': CMAKE_PREFIX_PATH=/opt/ros/humble /usr/bin/cmake /ws_gz/src/gz_quadbot/champ/champ_config -DCMAKE_BUILD_TYPE=Release -DAMENT_CMAKE_SYMLINK_INSTALL=1 -DCMAKE_INSTALL_PREFIX=/ws_gz/install/champ_config
[0.395s] Invoking command in '/ws_gz/build/champ_config': CMAKE_PREFIX_PATH=/opt/ros/humble /usr/bin/cmake --build /ws_gz/build/champ_config -- -j32 -l32
[0.422s] Invoked command in '/ws_gz/build/champ_config' returned '0': CMAKE_PREFIX_PATH=/opt/ros/humble /usr/bin/cmake --build /ws_gz/build/champ_config -- -j32 -l32
[0.423s] Invoking command in '/ws_gz/build/champ_config': CMAKE_PREFIX_PATH=/opt/ros/humble /usr/bin/cmake --install /ws_gz/build/champ_config
[0.427s] -- Install configuration: "Release"
[0.427s] -- Execute custom install script
[0.427s] -- Symlinking: /ws_gz/install/champ_config/share/champ_config/launch/bringup.launch.py
[0.433s] -- Symlinking: /ws_gz/install/champ_config/share/champ_config/launch/gazebo.launch.py
[0.437s] -- Symlinking: /ws_gz/install/champ_config/share/champ_config/launch/navigate.launch.py
[0.442s] -- Symlinking: /ws_gz/install/champ_config/share/champ_config/launch/slam.launch.py
[0.448s] -- Symlinking: /ws_gz/install/champ_config/share/champ_config/config/autonomy/navigation.yaml
[0.454s] -- Symlinking: /ws_gz/install/champ_config/share/champ_config/config/autonomy/slam.yaml
[0.459s] -- Symlinking: /ws_gz/install/champ_config/share/champ_config/config/gait/gait.yaml
[0.463s] -- Symlinking: /ws_gz/install/champ_config/share/champ_config/config/joints/joints.yaml
[0.468s] -- Symlinking: /ws_gz/install/champ_config/share/champ_config/config/links/links.yaml
[0.474s] -- Symlinking: /ws_gz/install/champ_config/share/champ_config/maps/map.pgm
[0.479s] -- Symlinking: /ws_gz/install/champ_config/share/champ_config/maps/map.yaml
[0.484s] -- Symlinking: /ws_gz/install/champ_config/share/champ_config/maps/playground.pgm
[0.489s] -- Symlinking: /ws_gz/install/champ_config/share/champ_config/maps/playground.yaml
[0.495s] -- Symlinking: /ws_gz/install/champ_config/share/champ_config/worlds/default.world
[0.500s] -- Symlinking: /ws_gz/install/champ_config/share/champ_config/worlds/outdoor.world
[0.505s] -- Symlinking: /ws_gz/install/champ_config/share/champ_config/worlds/playground.world
[0.510s] -- Symlinking: /ws_gz/install/champ_config/share/ament_index/resource_index/package_run_dependencies/champ_config
[0.515s] -- Symlinking: /ws_gz/install/champ_config/share/ament_index/resource_index/parent_prefix_path/champ_config
[0.521s] -- Symlinking: /ws_gz/install/champ_config/share/champ_config/environment/ament_prefix_path.sh
[0.525s] -- Symlinking: /ws_gz/install/champ_config/share/champ_config/environment/ament_prefix_path.dsv
[0.530s] -- Symlinking: /ws_gz/install/champ_config/share/champ_config/environment/path.sh
[0.536s] -- Symlinking: /ws_gz/install/champ_config/share/champ_config/environment/path.dsv
[0.541s] -- Symlinking: /ws_gz/install/champ_config/share/champ_config/local_setup.bash
[0.547s] -- Symlinking: /ws_gz/install/champ_config/share/champ_config/local_setup.sh
[0.552s] -- Symlinking: /ws_gz/install/champ_config/share/champ_config/local_setup.zsh
[0.557s] -- Symlinking: /ws_gz/install/champ_config/share/champ_config/local_setup.dsv
[0.562s] -- Symlinking: /ws_gz/install/champ_config/share/champ_config/package.dsv
[0.568s] -- Symlinking: /ws_gz/install/champ_config/share/ament_index/resource_index/packages/champ_config
[0.573s] -- Symlinking: /ws_gz/install/champ_config/share/champ_config/cmake/champ_configConfig.cmake
[0.578s] -- Symlinking: /ws_gz/install/champ_config/share/champ_config/cmake/champ_configConfig-version.cmake
[0.583s] -- Symlinking: /ws_gz/install/champ_config/share/champ_config/package.xml
[0.589s] Invoked command in '/ws_gz/build/champ_config' returned '0': CMAKE_PREFIX_PATH=/opt/ros/humble /usr/bin/cmake --install /ws_gz/build/champ_config
