[0.039s] Invoking command in '/root/dddmr_navigation/build/pose_graph_editor_panel': CMAKE_PREFIX_PATH=${CMAKE_PREFIX_PATH}:/opt/ros/humble /usr/bin/cmake /root/dddmr_navigation/src/dddmr_rviz_tools/pose_graph_editor_panel -DAMENT_CMAKE_SYMLINK_INSTALL=1 -DCMAKE_INSTALL_PREFIX=/root/dddmr_navigation/install/pose_graph_editor_panel
[0.045s] -- Found ament_cmake: 1.3.14 (/opt/ros/humble/share/ament_cmake/cmake)
[0.128s] -- Override CMake install command with custom implementation using symlinks instead of copying resources
[0.132s] -- Found rviz_ogre_vendor: 11.2.26 (/opt/ros/humble/share/rviz_ogre_vendor/cmake)
[0.132s] -- Setting OGRE_DIR to: '/opt/ros/humble/share/rviz_ogre_vendor/cmake/../../../opt/rviz_ogre_vendor/lib/OGRE/cmake'
[0.133s] -- Found OGRE
[0.133s] --   static     : OFF
[0.133s] --   components : HLMS;MeshLodGenerator;Overlay;Paging;Property;RTShaderSystem;Terrain;Volume
[0.133s] --   plugins    : Plugin_BSPSceneManager;Plugin_OctreeSceneManager;Plugin_PCZSceneManager;Plugin_ParticleFX;RenderSystem_GL;RenderSystem_GL3Plus;Codec_STBI
[0.133s] --   media      : /opt/ros/humble/opt/rviz_ogre_vendor/share/OGRE/Media
[0.133s] -- OGRE_LIBRARIES: OgreHLMS;OgreMeshLodGenerator;OgreOverlay;OgrePaging;OgreProperty;OgreRTShaderSystem;OgreTerrain;OgreVolume;OgreMain
[0.133s] -- OGRE_LIBRARY_DIRS: /opt/ros/humble/opt/rviz_ogre_vendor/lib
[0.133s] -- OGRE_PLUGINS: Plugin_BSPSceneManager;Plugin_OctreeSceneManager;Plugin_PCZSceneManager;Plugin_ParticleFX;RenderSystem_GL;RenderSystem_GL3Plus;Codec_STBI
[0.133s] -- OGRE_PLUGIN_DIR: /opt/ros/humble/opt/rviz_ogre_vendor/lib/OGRE
[0.133s] -- rviz_ogre_vendor::OgreOverlay for IMPORTED_LOCATION_RELEASE: /opt/ros/humble/opt/rviz_ogre_vendor/lib/libOgreOverlay.so
[0.133s] -- rviz_ogre_vendor::OgreOverlay for IMPORTED_LOCATION_DEBUG: /opt/ros/humble/opt/rviz_ogre_vendor/lib/libOgreOverlay.so
[0.133s] -- rviz_ogre_vendor::OgreMain for IMPORTED_LOCATION_RELEASE: /opt/ros/humble/opt/rviz_ogre_vendor/lib/libOgreMain.so
[0.133s] -- rviz_ogre_vendor::OgreMain for IMPORTED_LOCATION_DEBUG: /opt/ros/humble/opt/rviz_ogre_vendor/lib/libOgreMain.so
[0.172s] -- Found pluginlib: 5.1.4 (/opt/ros/humble/share/pluginlib/cmake)
[0.195s] -- Found rclcpp: 16.0.19 (/opt/ros/humble/share/rclcpp/cmake)
[0.211s] -- Found rosidl_generator_c: 3.1.8 (/opt/ros/humble/share/rosidl_generator_c/cmake)
[0.214s] -- Found rosidl_adapter: 3.1.8 (/opt/ros/humble/share/rosidl_adapter/cmake)
[0.219s] -- Found rosidl_generator_cpp: 3.1.8 (/opt/ros/humble/share/rosidl_generator_cpp/cmake)
[0.228s] -- Using all available rosidl_typesupport_c: rosidl_typesupport_fastrtps_c;rosidl_typesupport_introspection_c
[0.238s] -- Using all available rosidl_typesupport_cpp: rosidl_typesupport_fastrtps_cpp;rosidl_typesupport_introspection_cpp
[0.269s] -- Found rmw_implementation_cmake: 6.1.2 (/opt/ros/humble/share/rmw_implementation_cmake/cmake)
[0.271s] -- Found rmw_fastrtps_cpp: 6.2.10 (/opt/ros/humble/share/rmw_fastrtps_cpp/cmake)
[0.288s] -- Found TinyXML2 via Config file: TinyXML2_DIR-NOTFOUND
[0.296s] -- Found TinyXML2 via Config file: TinyXML2_DIR-NOTFOUND
[0.308s] -- Found TinyXML2 via Config file: TinyXML2_DIR-NOTFOUND
[0.313s] -- Found TinyXML2 via Config file: TinyXML2_DIR-NOTFOUND
[0.320s] -- Using RMW implementation 'rmw_fastrtps_cpp' as default
[0.348s] -- Found rviz_assimp_vendor: 11.2.26 (/opt/ros/humble/share/rviz_assimp_vendor/cmake)
[0.348s] -- Setting assimp_DIR to: '/opt/ros/humble/share/rviz_assimp_vendor/cmake/../../../opt/rviz_assimp_vendor/lib/cmake/assimp-4.1'
[0.351s] -- Found rviz_rendering: 11.2.26 (/opt/ros/humble/share/rviz_rendering/cmake)
[0.373s] -- library: /usr/lib/x86_64-linux-gnu/libcurl.so
[0.375s] -- Found rviz_common: 11.2.26 (/opt/ros/humble/share/rviz_common/cmake)
[0.404s] -- Ensuring Eigen3 include directory is part of orocos-kdl CMake target
[0.505s] -- Configuring done
[0.560s] -- Generating done
[0.563s] -- Build files have been written to: /root/dddmr_navigation/build/pose_graph_editor_panel
[0.572s] Invoked command in '/root/dddmr_navigation/build/pose_graph_editor_panel' returned '0': CMAKE_PREFIX_PATH=${CMAKE_PREFIX_PATH}:/opt/ros/humble /usr/bin/cmake /root/dddmr_navigation/src/dddmr_rviz_tools/pose_graph_editor_panel -DAMENT_CMAKE_SYMLINK_INSTALL=1 -DCMAKE_INSTALL_PREFIX=/root/dddmr_navigation/install/pose_graph_editor_panel
[0.573s] Invoking command in '/root/dddmr_navigation/build/pose_graph_editor_panel': CMAKE_PREFIX_PATH=${CMAKE_PREFIX_PATH}:/opt/ros/humble /usr/bin/cmake --build /root/dddmr_navigation/build/pose_graph_editor_panel -- -j28 -l28
[0.608s] [ 20%] [34m[1mAutomatic UIC for target pose_graph_editor_panel[0m
[0.623s] [ 20%] Built target pose_graph_editor_panel_autogen
[0.633s] [35m[1mConsolidate compiler generated dependencies of target pose_graph_editor_panel[0m
[0.652s] [100%] Built target pose_graph_editor_panel
[0.660s] Invoked command in '/root/dddmr_navigation/build/pose_graph_editor_panel' returned '0': CMAKE_PREFIX_PATH=${CMAKE_PREFIX_PATH}:/opt/ros/humble /usr/bin/cmake --build /root/dddmr_navigation/build/pose_graph_editor_panel -- -j28 -l28
[0.661s] Invoking command in '/root/dddmr_navigation/build/pose_graph_editor_panel': CMAKE_PREFIX_PATH=${CMAKE_PREFIX_PATH}:/opt/ros/humble /usr/bin/cmake --install /root/dddmr_navigation/build/pose_graph_editor_panel
[0.666s] -- Install configuration: "Release"
[0.666s] -- Execute custom install script
[0.666s] -- Up-to-date symlink: /root/dddmr_navigation/install/pose_graph_editor_panel/share/pose_graph_editor_panel//plugin_description.xml
[0.667s] -- Up-to-date symlink: /root/dddmr_navigation/install/pose_graph_editor_panel/share/pose_graph_editor_panel/environment/library_path.sh
[0.667s] -- Up-to-date symlink: /root/dddmr_navigation/install/pose_graph_editor_panel/share/pose_graph_editor_panel/environment/library_path.dsv
[0.667s] -- Up-to-date symlink: /root/dddmr_navigation/install/pose_graph_editor_panel/include/pose_graph_editor_panel/pose_graph_editor_panel.h
[0.667s] -- Up-to-date symlink: /root/dddmr_navigation/install/pose_graph_editor_panel/share/ament_index/resource_index/package_run_dependencies/pose_graph_editor_panel
[0.667s] -- Up-to-date symlink: /root/dddmr_navigation/install/pose_graph_editor_panel/share/ament_index/resource_index/parent_prefix_path/pose_graph_editor_panel
[0.667s] -- Up-to-date symlink: /root/dddmr_navigation/install/pose_graph_editor_panel/share/pose_graph_editor_panel/environment/ament_prefix_path.sh
[0.667s] -- Up-to-date symlink: /root/dddmr_navigation/install/pose_graph_editor_panel/share/pose_graph_editor_panel/environment/ament_prefix_path.dsv
[0.667s] -- Up-to-date symlink: /root/dddmr_navigation/install/pose_graph_editor_panel/share/pose_graph_editor_panel/environment/path.sh
[0.667s] -- Up-to-date symlink: /root/dddmr_navigation/install/pose_graph_editor_panel/share/pose_graph_editor_panel/environment/path.dsv
[0.667s] -- Up-to-date symlink: /root/dddmr_navigation/install/pose_graph_editor_panel/share/pose_graph_editor_panel/local_setup.bash
[0.667s] -- Up-to-date symlink: /root/dddmr_navigation/install/pose_graph_editor_panel/share/pose_graph_editor_panel/local_setup.sh
[0.668s] -- Up-to-date symlink: /root/dddmr_navigation/install/pose_graph_editor_panel/share/pose_graph_editor_panel/local_setup.zsh
[0.668s] -- Up-to-date symlink: /root/dddmr_navigation/install/pose_graph_editor_panel/share/pose_graph_editor_panel/local_setup.dsv
[0.668s] -- Symlinking: /root/dddmr_navigation/install/pose_graph_editor_panel/share/pose_graph_editor_panel/package.dsv
[0.673s] -- Up-to-date symlink: /root/dddmr_navigation/install/pose_graph_editor_panel/share/ament_index/resource_index/packages/pose_graph_editor_panel
[0.673s] -- Up-to-date symlink: /root/dddmr_navigation/install/pose_graph_editor_panel/share/ament_index/resource_index/rviz_common__pluginlib__plugin/pose_graph_editor_panel
[0.673s] -- Up-to-date symlink: /root/dddmr_navigation/install/pose_graph_editor_panel/share/pose_graph_editor_panel/cmake/ament_cmake_export_targets-extras.cmake
[0.673s] -- Up-to-date symlink: /root/dddmr_navigation/install/pose_graph_editor_panel/share/pose_graph_editor_panel/cmake/ament_cmake_export_dependencies-extras.cmake
[0.673s] -- Up-to-date symlink: /root/dddmr_navigation/install/pose_graph_editor_panel/share/pose_graph_editor_panel/cmake/ament_cmake_export_include_directories-extras.cmake
[0.673s] -- Up-to-date symlink: /root/dddmr_navigation/install/pose_graph_editor_panel/share/pose_graph_editor_panel/cmake/ament_cmake_export_libraries-extras.cmake
[0.673s] -- Up-to-date symlink: /root/dddmr_navigation/install/pose_graph_editor_panel/share/pose_graph_editor_panel/cmake/pose_graph_editor_panelConfig.cmake
[0.673s] -- Up-to-date symlink: /root/dddmr_navigation/install/pose_graph_editor_panel/share/pose_graph_editor_panel/cmake/pose_graph_editor_panelConfig-version.cmake
[0.673s] -- Up-to-date symlink: /root/dddmr_navigation/install/pose_graph_editor_panel/share/pose_graph_editor_panel/package.xml
[0.674s] -- Up-to-date: /root/dddmr_navigation/install/pose_graph_editor_panel/lib/libpose_graph_editor_panel.so
[0.674s] -- Up-to-date: /root/dddmr_navigation/install/pose_graph_editor_panel/share/pose_graph_editor_panel/cmake/pose_graph_editor_panelExport.cmake
[0.674s] -- Up-to-date: /root/dddmr_navigation/install/pose_graph_editor_panel/share/pose_graph_editor_panel/cmake/pose_graph_editor_panelExport-release.cmake
[0.677s] Invoked command in '/root/dddmr_navigation/build/pose_graph_editor_panel' returned '0': CMAKE_PREFIX_PATH=${CMAKE_PREFIX_PATH}:/opt/ros/humble /usr/bin/cmake --install /root/dddmr_navigation/build/pose_graph_editor_panel
