[0.011s] Invoking command in '/ws_gz/build/champ': CMAKE_PREFIX_PATH=/opt/ros/humble /usr/bin/cmake /ws_gz/src/gz_quadbot/champ/champ -DCMAKE_BUILD_TYPE=Release -DAMENT_CMAKE_SYMLINK_INSTALL=1 -DCMAKE_INSTALL_PREFIX=/ws_gz/install/champ
[0.054s] -- The C compiler identification is GNU 13.4.0
[0.092s] -- The CXX compiler identification is GNU 13.4.0
[0.097s] -- Detecting C compiler ABI info
[0.138s] -- Detecting C compiler ABI info - done
[0.143s] -- Check for working C compiler: /usr/bin/cc - skipped
[0.144s] -- Detecting C compile features
[0.144s] -- Detecting C compile features - done
[0.146s] -- Detecting CXX compiler ABI info
[0.199s] -- Detecting CXX compiler ABI info - done
[0.205s] -- Check for working CXX compiler: /usr/bin/c++ - skipped
[0.205s] -- Detecting CXX compile features
[0.205s] -- Detecting CXX compile features - done
[0.207s] -- Found ament_cmake: 1.3.14 (/opt/ros/humble/share/ament_cmake/cmake)
[0.302s] -- Found Python3: /usr/bin/python3 (found version "3.10.12") found components: Interpreter 
[0.333s] -- Override CMake install command with custom implementation using symlinks instead of copying resources
[0.349s] -- Found rclcpp: 16.0.19 (/opt/ros/humble/share/rclcpp/cmake)
[0.374s] -- Found rosidl_generator_c: 3.1.8 (/opt/ros/humble/share/rosidl_generator_c/cmake)
[0.377s] -- Found rosidl_adapter: 3.1.8 (/opt/ros/humble/share/rosidl_adapter/cmake)
[0.381s] -- Found rosidl_generator_cpp: 3.1.8 (/opt/ros/humble/share/rosidl_generator_cpp/cmake)
[0.387s] -- Using all available rosidl_typesupport_c: rosidl_typesupport_fastrtps_c;rosidl_typesupport_introspection_c
[0.395s] -- Using all available rosidl_typesupport_cpp: rosidl_typesupport_fastrtps_cpp;rosidl_typesupport_introspection_cpp
[0.416s] -- Found rmw_implementation_cmake: 6.1.2 (/opt/ros/humble/share/rmw_implementation_cmake/cmake)
[0.417s] -- Found rmw_fastrtps_cpp: 6.2.10 (/opt/ros/humble/share/rmw_fastrtps_cpp/cmake)
[0.472s] -- Found OpenSSL: /usr/lib/x86_64-linux-gnu/libcrypto.so (found version "3.0.2")  
[0.491s] -- Found FastRTPS: /opt/ros/humble/include  
[0.530s] -- Using RMW implementation 'rmw_fastrtps_cpp' as default
[0.537s] -- Looking for pthread.h
[0.586s] -- Looking for pthread.h - found
[0.586s] -- Performing Test CMAKE_HAVE_LIBC_PTHREAD
[0.631s] -- Performing Test CMAKE_HAVE_LIBC_PTHREAD - Success
[0.632s] -- Found Threads: TRUE  
[0.673s] -- Found ament_lint_auto: 0.12.15 (/opt/ros/humble/share/ament_lint_auto/cmake)
[0.710s] -- Configuring done
[0.714s] -- Generating done
[0.715s] -- Build files have been written to: /ws_gz/build/champ
[0.722s] Invoked command in '/ws_gz/build/champ' returned '0': CMAKE_PREFIX_PATH=/opt/ros/humble /usr/bin/cmake /ws_gz/src/gz_quadbot/champ/champ -DCMAKE_BUILD_TYPE=Release -DAMENT_CMAKE_SYMLINK_INSTALL=1 -DCMAKE_INSTALL_PREFIX=/ws_gz/install/champ
[0.722s] Invoking command in '/ws_gz/build/champ': CMAKE_PREFIX_PATH=/opt/ros/humble /usr/bin/cmake --build /ws_gz/build/champ -- -j32 -l32
[0.746s] Invoked command in '/ws_gz/build/champ' returned '0': CMAKE_PREFIX_PATH=/opt/ros/humble /usr/bin/cmake --build /ws_gz/build/champ -- -j32 -l32
[0.747s] Invoking command in '/ws_gz/build/champ': CMAKE_PREFIX_PATH=/opt/ros/humble /usr/bin/cmake --install /ws_gz/build/champ
[0.751s] -- Install configuration: "Release"
[0.751s] -- Execute custom install script
[0.753s] -- Symlinking: /ws_gz/install/champ/include/champ/LICENSE
[0.757s] -- Symlinking: /ws_gz/install/champ/include/champ/README.md
[0.761s] -- Symlinking: /ws_gz/install/champ/include/champ/bla/basic_linear_algebra.h
[0.766s] -- Symlinking: /ws_gz/install/champ/include/champ/bla/memory_delegate.h
[0.771s] -- Symlinking: /ws_gz/install/champ/include/champ/body_controller/body_controller.h
[0.776s] -- Symlinking: /ws_gz/install/champ/include/champ/geometry/geometry.h
[0.780s] -- Symlinking: /ws_gz/install/champ/include/champ/kinematics/kinematics.h
[0.784s] -- Symlinking: /ws_gz/install/champ/include/champ/leg_controller/leg_controller.h
[0.789s] -- Symlinking: /ws_gz/install/champ/include/champ/leg_controller/phase_generator.h
[0.794s] -- Symlinking: /ws_gz/install/champ/include/champ/leg_controller/trajectory_planner.h
[0.799s] -- Symlinking: /ws_gz/install/champ/include/champ/macros/macros.h
[0.804s] -- Symlinking: /ws_gz/install/champ/include/champ/odometry/odometry.h
[0.809s] -- Symlinking: /ws_gz/install/champ/include/champ/quadruped_base/quadruped_base.h
[0.814s] -- Symlinking: /ws_gz/install/champ/include/champ/quadruped_base/quadruped_components.h
[0.818s] -- Symlinking: /ws_gz/install/champ/include/champ/quadruped_base/quadruped_joint.h
[0.822s] -- Symlinking: /ws_gz/install/champ/include/champ/quadruped_base/quadruped_leg.h
[0.826s] -- Symlinking: /ws_gz/install/champ/include/champ/utils/urdf_loader.h
[0.831s] -- Symlinking: /ws_gz/install/champ/include/champ/utils/xmlrpc_helpers.h
[0.836s] -- Symlinking: /ws_gz/install/champ/share/ament_index/resource_index/package_run_dependencies/champ
[0.841s] -- Symlinking: /ws_gz/install/champ/share/ament_index/resource_index/parent_prefix_path/champ
[0.846s] -- Symlinking: /ws_gz/install/champ/share/champ/environment/ament_prefix_path.sh
[0.850s] -- Symlinking: /ws_gz/install/champ/share/champ/environment/ament_prefix_path.dsv
[0.855s] -- Symlinking: /ws_gz/install/champ/share/champ/environment/path.sh
[0.858s] -- Symlinking: /ws_gz/install/champ/share/champ/environment/path.dsv
[0.864s] -- Symlinking: /ws_gz/install/champ/share/champ/local_setup.bash
[0.869s] -- Symlinking: /ws_gz/install/champ/share/champ/local_setup.sh
[0.874s] -- Symlinking: /ws_gz/install/champ/share/champ/local_setup.zsh
[0.879s] -- Symlinking: /ws_gz/install/champ/share/champ/local_setup.dsv
[0.883s] -- Symlinking: /ws_gz/install/champ/share/champ/package.dsv
[0.888s] -- Symlinking: /ws_gz/install/champ/share/ament_index/resource_index/packages/champ
[0.892s] -- Symlinking: /ws_gz/install/champ/share/champ/cmake/ament_cmake_export_include_directories-extras.cmake
[0.898s] -- Symlinking: /ws_gz/install/champ/share/champ/cmake/champConfig.cmake
[0.903s] -- Symlinking: /ws_gz/install/champ/share/champ/cmake/champConfig-version.cmake
[0.908s] -- Symlinking: /ws_gz/install/champ/share/champ/package.xml
[0.914s] Invoked command in '/ws_gz/build/champ' returned '0': CMAKE_PREFIX_PATH=/opt/ros/humble /usr/bin/cmake --install /ws_gz/build/champ
