-- Found ament_cmake: 1.3.14 (/opt/ros/humble/share/ament_cmake/cmake)
-- Override CMake install command with custom implementation using symlinks instead of copying resources
-- Found rclcpp: 16.0.19 (/opt/ros/humble/share/rclcpp/cmake)
-- Found rosidl_generator_c: 3.1.8 (/opt/ros/humble/share/rosidl_generator_c/cmake)
-- Found rosidl_adapter: 3.1.8 (/opt/ros/humble/share/rosidl_adapter/cmake)
-- Found rosidl_generator_cpp: 3.1.8 (/opt/ros/humble/share/rosidl_generator_cpp/cmake)
-- Using all available rosidl_typesupport_c: rosidl_typesupport_fastrtps_c;rosidl_typesupport_introspection_c
-- Using all available rosidl_typesupport_cpp: rosidl_typesupport_fastrtps_cpp;rosidl_typesupport_introspection_cpp
-- Found rmw_implementation_cmake: 6.1.2 (/opt/ros/humble/share/rmw_implementation_cmake/cmake)
-- Found rmw_fastrtps_cpp: 6.2.10 (/opt/ros/humble/share/rmw_fastrtps_cpp/cmake)
-- Using RMW implementation 'rmw_fastrtps_cpp' as default
-- Found std_srvs: 4.9.1 (/opt/ros/humble/share/std_srvs/cmake)
-- Found sensor_msgs: 4.9.1 (/opt/ros/humble/share/sensor_msgs/cmake)
-- Found nav_msgs: 4.9.1 (/opt/ros/humble/share/nav_msgs/cmake)
-- Found tf2: 0.25.20 (/opt/ros/humble/share/tf2/cmake)
-- Found tf2_ros: 0.25.20 (/opt/ros/humble/share/tf2_ros/cmake)
-- Found tf2_geometry_msgs: 0.25.20 (/opt/ros/humble/share/tf2_geometry_msgs/cmake)
-- Found eigen3_cmake_module: 0.1.1 (/opt/ros/humble/share/eigen3_cmake_module/cmake)
-- Found Eigen3: TRUE (found version "3.4.0") 
-- Ensuring Eigen3 include directory is part of orocos-kdl CMake target
-- Found tf2_eigen: 0.25.20 (/opt/ros/humble/share/tf2_eigen/cmake)
-- Eigen found (include: /usr/include/eigen3, version: 3.4.0)
-- OpenNI found (version: 1.5.4.0, include: /usr/include/ni, lib: /usr/lib/libOpenNI.so;libusb::libusb)
-- OpenNI2 found (version: 2.2.0.33, include: /usr/include/openni2, lib: /usr/lib/x86_64-linux-gnu/libOpenNI2.so;libusb::libusb)
[0m** WARNING ** io features related to pcap will be disabled[0m
[0m** WARNING ** io features related to png will be disabled[0m
-- Found Eigen3: /usr/include/eigen3 (found version "3.4.0") 
-- Eigen found (include: /usr/include/eigen3, version: 3.4.0)
-- FLANN found (include: /usr/include, lib: /usr/lib/x86_64-linux-gnu/libflann_cpp.so)
-- looking for PCL_COMMON
-- looking for PCL_OCTREE
-- looking for PCL_IO
-- looking for PCL_KDTREE
-- looking for PCL_SEARCH
-- looking for PCL_SAMPLE_CONSENSUS
-- looking for PCL_FILTERS
-- Found pcl_conversions: 2.4.5 (/opt/ros/humble/share/pcl_conversions/cmake)
-- Configuring done
-- Generating done
-- Build files have been written to: /root/dddmr_navigation/build/dddmr_fastlio_adapter
[ 50%] [32mBuilding CXX object CMakeFiles/fastlio_dddmr_adapter_node.dir/src/fastlio_dddmr_adapter_node.cpp.o[0m
[100%] [32m[1mLinking CXX executable fastlio_dddmr_adapter_node[0m
[100%] Built target fastlio_dddmr_adapter_node
-- Install configuration: "Release"
-- Execute custom install script
-- Symlinking: /root/dddmr_navigation/install/dddmr_fastlio_adapter/lib/dddmr_fastlio_adapter/fastlio_dddmr_adapter_node
-- Symlinking: /root/dddmr_navigation/install/dddmr_fastlio_adapter/share/dddmr_fastlio_adapter/config/livox_mid360_dddmr_adapter.yaml
-- Symlinking: /root/dddmr_navigation/install/dddmr_fastlio_adapter/share/ament_index/resource_index/package_run_dependencies/dddmr_fastlio_adapter
-- Symlinking: /root/dddmr_navigation/install/dddmr_fastlio_adapter/share/ament_index/resource_index/parent_prefix_path/dddmr_fastlio_adapter
-- Symlinking: /root/dddmr_navigation/install/dddmr_fastlio_adapter/share/dddmr_fastlio_adapter/environment/ament_prefix_path.sh
-- Symlinking: /root/dddmr_navigation/install/dddmr_fastlio_adapter/share/dddmr_fastlio_adapter/environment/ament_prefix_path.dsv
-- Symlinking: /root/dddmr_navigation/install/dddmr_fastlio_adapter/share/dddmr_fastlio_adapter/environment/path.sh
-- Symlinking: /root/dddmr_navigation/install/dddmr_fastlio_adapter/share/dddmr_fastlio_adapter/environment/path.dsv
-- Symlinking: /root/dddmr_navigation/install/dddmr_fastlio_adapter/share/dddmr_fastlio_adapter/local_setup.bash
-- Symlinking: /root/dddmr_navigation/install/dddmr_fastlio_adapter/share/dddmr_fastlio_adapter/local_setup.sh
-- Symlinking: /root/dddmr_navigation/install/dddmr_fastlio_adapter/share/dddmr_fastlio_adapter/local_setup.zsh
-- Symlinking: /root/dddmr_navigation/install/dddmr_fastlio_adapter/share/dddmr_fastlio_adapter/local_setup.dsv
-- Symlinking: /root/dddmr_navigation/install/dddmr_fastlio_adapter/share/dddmr_fastlio_adapter/package.dsv
-- Symlinking: /root/dddmr_navigation/install/dddmr_fastlio_adapter/share/ament_index/resource_index/packages/dddmr_fastlio_adapter
-- Symlinking: /root/dddmr_navigation/install/dddmr_fastlio_adapter/share/dddmr_fastlio_adapter/cmake/ament_cmake_export_dependencies-extras.cmake
-- Symlinking: /root/dddmr_navigation/install/dddmr_fastlio_adapter/share/dddmr_fastlio_adapter/cmake/dddmr_fastlio_adapterConfig.cmake
-- Symlinking: /root/dddmr_navigation/install/dddmr_fastlio_adapter/share/dddmr_fastlio_adapter/cmake/dddmr_fastlio_adapterConfig-version.cmake
-- Symlinking: /root/dddmr_navigation/install/dddmr_fastlio_adapter/share/dddmr_fastlio_adapter/package.xml
