[0.039s] Invoking command in '/root/dddmr_navigation/build/dddmr_fastlio_adapter': CMAKE_PREFIX_PATH=${CMAKE_PREFIX_PATH}:/opt/ros/humble /usr/bin/cmake /root/dddmr_navigation/src/dddmr_fastlio_adapter -DAMENT_CMAKE_SYMLINK_INSTALL=1 -DCMAKE_INSTALL_PREFIX=/root/dddmr_navigation/install/dddmr_fastlio_adapter
[0.062s] -- Found ament_cmake: 1.3.14 (/opt/ros/humble/share/ament_cmake/cmake)
[0.156s] -- Override CMake install command with custom implementation using symlinks instead of copying resources
[0.164s] -- Found rclcpp: 16.0.19 (/opt/ros/humble/share/rclcpp/cmake)
[0.184s] -- Found rosidl_generator_c: 3.1.8 (/opt/ros/humble/share/rosidl_generator_c/cmake)
[0.186s] -- Found rosidl_adapter: 3.1.8 (/opt/ros/humble/share/rosidl_adapter/cmake)
[0.191s] -- Found rosidl_generator_cpp: 3.1.8 (/opt/ros/humble/share/rosidl_generator_cpp/cmake)
[0.198s] -- Using all available rosidl_typesupport_c: rosidl_typesupport_fastrtps_c;rosidl_typesupport_introspection_c
[0.208s] -- Using all available rosidl_typesupport_cpp: rosidl_typesupport_fastrtps_cpp;rosidl_typesupport_introspection_cpp
[0.235s] -- Found rmw_implementation_cmake: 6.1.2 (/opt/ros/humble/share/rmw_implementation_cmake/cmake)
[0.236s] -- Found rmw_fastrtps_cpp: 6.2.10 (/opt/ros/humble/share/rmw_fastrtps_cpp/cmake)
[0.349s] -- Using RMW implementation 'rmw_fastrtps_cpp' as default
[0.404s] -- Found std_srvs: 4.9.1 (/opt/ros/humble/share/std_srvs/cmake)
[0.416s] -- Found sensor_msgs: 4.9.1 (/opt/ros/humble/share/sensor_msgs/cmake)
[0.443s] -- Found nav_msgs: 4.9.1 (/opt/ros/humble/share/nav_msgs/cmake)
[0.471s] -- Found tf2: 0.25.20 (/opt/ros/humble/share/tf2/cmake)
[0.476s] -- Found tf2_ros: 0.25.20 (/opt/ros/humble/share/tf2_ros/cmake)
[0.590s] -- Found tf2_geometry_msgs: 0.25.20 (/opt/ros/humble/share/tf2_geometry_msgs/cmake)
[0.595s] -- Found eigen3_cmake_module: 0.1.1 (/opt/ros/humble/share/eigen3_cmake_module/cmake)
[0.597s] -- Found Eigen3: TRUE (found version "3.4.0") 
[0.597s] -- Ensuring Eigen3 include directory is part of orocos-kdl CMake target
[0.599s] -- Found tf2_eigen: 0.25.20 (/opt/ros/humble/share/tf2_eigen/cmake)
[0.617s] -- Eigen found (include: /usr/include/eigen3, version: 3.4.0)
[0.645s] -- OpenNI found (version: 1.5.4.0, include: /usr/include/ni, lib: /usr/lib/libOpenNI.so;libusb::libusb)
[0.652s] -- OpenNI2 found (version: 2.2.0.33, include: /usr/include/openni2, lib: /usr/lib/x86_64-linux-gnu/libOpenNI2.so;libusb::libusb)
[0.652s] [0m** WARNING ** io features related to pcap will be disabled[0m
[0.652s] [0m** WARNING ** io features related to png will be disabled[0m
[0.858s] -- Found Eigen3: /usr/include/eigen3 (found version "3.4.0") 
[1.001s] -- Eigen found (include: /usr/include/eigen3, version: 3.4.0)
[1.028s] -- FLANN found (include: /usr/include, lib: /usr/lib/x86_64-linux-gnu/libflann_cpp.so)
[1.029s] -- looking for PCL_COMMON
[1.030s] -- looking for PCL_OCTREE
[1.030s] -- looking for PCL_IO
[1.031s] -- looking for PCL_KDTREE
[1.031s] -- looking for PCL_SEARCH
[1.032s] -- looking for PCL_SAMPLE_CONSENSUS
[1.033s] -- looking for PCL_FILTERS
[1.034s] -- Found pcl_conversions: 2.4.5 (/opt/ros/humble/share/pcl_conversions/cmake)
[1.147s] -- Configuring done
[1.184s] -- Generating done
[1.194s] -- Build files have been written to: /root/dddmr_navigation/build/dddmr_fastlio_adapter
[1.230s] Invoked command in '/root/dddmr_navigation/build/dddmr_fastlio_adapter' returned '0': CMAKE_PREFIX_PATH=${CMAKE_PREFIX_PATH}:/opt/ros/humble /usr/bin/cmake /root/dddmr_navigation/src/dddmr_fastlio_adapter -DAMENT_CMAKE_SYMLINK_INSTALL=1 -DCMAKE_INSTALL_PREFIX=/root/dddmr_navigation/install/dddmr_fastlio_adapter
[1.231s] Invoking command in '/root/dddmr_navigation/build/dddmr_fastlio_adapter': CMAKE_PREFIX_PATH=${CMAKE_PREFIX_PATH}:/opt/ros/humble /usr/bin/cmake --build /root/dddmr_navigation/build/dddmr_fastlio_adapter -- -j28 -l28
[1.293s] [ 50%] [32mBuilding CXX object CMakeFiles/fastlio_dddmr_adapter_node.dir/src/fastlio_dddmr_adapter_node.cpp.o[0m
[38.125s] [100%] [32m[1mLinking CXX executable fastlio_dddmr_adapter_node[0m
[39.086s] [100%] Built target fastlio_dddmr_adapter_node
[39.115s] Invoked command in '/root/dddmr_navigation/build/dddmr_fastlio_adapter' returned '0': CMAKE_PREFIX_PATH=${CMAKE_PREFIX_PATH}:/opt/ros/humble /usr/bin/cmake --build /root/dddmr_navigation/build/dddmr_fastlio_adapter -- -j28 -l28
[39.117s] Invoking command in '/root/dddmr_navigation/build/dddmr_fastlio_adapter': CMAKE_PREFIX_PATH=${CMAKE_PREFIX_PATH}:/opt/ros/humble /usr/bin/cmake --install /root/dddmr_navigation/build/dddmr_fastlio_adapter
[39.127s] -- Install configuration: "Release"
[39.127s] -- Execute custom install script
[39.128s] -- Symlinking: /root/dddmr_navigation/install/dddmr_fastlio_adapter/lib/dddmr_fastlio_adapter/fastlio_dddmr_adapter_node
[39.138s] -- Symlinking: /root/dddmr_navigation/install/dddmr_fastlio_adapter/share/dddmr_fastlio_adapter/config/livox_mid360_dddmr_adapter.yaml
[39.146s] -- Symlinking: /root/dddmr_navigation/install/dddmr_fastlio_adapter/share/ament_index/resource_index/package_run_dependencies/dddmr_fastlio_adapter
[39.155s] -- Symlinking: /root/dddmr_navigation/install/dddmr_fastlio_adapter/share/ament_index/resource_index/parent_prefix_path/dddmr_fastlio_adapter
[39.162s] -- Symlinking: /root/dddmr_navigation/install/dddmr_fastlio_adapter/share/dddmr_fastlio_adapter/environment/ament_prefix_path.sh
[39.171s] -- Symlinking: /root/dddmr_navigation/install/dddmr_fastlio_adapter/share/dddmr_fastlio_adapter/environment/ament_prefix_path.dsv
[39.182s] -- Symlinking: /root/dddmr_navigation/install/dddmr_fastlio_adapter/share/dddmr_fastlio_adapter/environment/path.sh
[39.190s] -- Symlinking: /root/dddmr_navigation/install/dddmr_fastlio_adapter/share/dddmr_fastlio_adapter/environment/path.dsv
[39.199s] -- Symlinking: /root/dddmr_navigation/install/dddmr_fastlio_adapter/share/dddmr_fastlio_adapter/local_setup.bash
[39.208s] -- Symlinking: /root/dddmr_navigation/install/dddmr_fastlio_adapter/share/dddmr_fastlio_adapter/local_setup.sh
[39.219s] -- Symlinking: /root/dddmr_navigation/install/dddmr_fastlio_adapter/share/dddmr_fastlio_adapter/local_setup.zsh
[39.227s] -- Symlinking: /root/dddmr_navigation/install/dddmr_fastlio_adapter/share/dddmr_fastlio_adapter/local_setup.dsv
[39.235s] -- Symlinking: /root/dddmr_navigation/install/dddmr_fastlio_adapter/share/dddmr_fastlio_adapter/package.dsv
[39.244s] -- Symlinking: /root/dddmr_navigation/install/dddmr_fastlio_adapter/share/ament_index/resource_index/packages/dddmr_fastlio_adapter
[39.255s] -- Symlinking: /root/dddmr_navigation/install/dddmr_fastlio_adapter/share/dddmr_fastlio_adapter/cmake/ament_cmake_export_dependencies-extras.cmake
[39.266s] -- Symlinking: /root/dddmr_navigation/install/dddmr_fastlio_adapter/share/dddmr_fastlio_adapter/cmake/dddmr_fastlio_adapterConfig.cmake
[39.277s] -- Symlinking: /root/dddmr_navigation/install/dddmr_fastlio_adapter/share/dddmr_fastlio_adapter/cmake/dddmr_fastlio_adapterConfig-version.cmake
[39.285s] -- Symlinking: /root/dddmr_navigation/install/dddmr_fastlio_adapter/share/dddmr_fastlio_adapter/package.xml
[39.297s] Invoked command in '/root/dddmr_navigation/build/dddmr_fastlio_adapter' returned '0': CMAKE_PREFIX_PATH=${CMAKE_PREFIX_PATH}:/opt/ros/humble /usr/bin/cmake --install /root/dddmr_navigation/build/dddmr_fastlio_adapter
