[0.037s] Invoking command in '/root/dddmr_navigation/build/fast_lio': CMAKE_PREFIX_PATH=${CMAKE_PREFIX_PATH}:/opt/ros/humble /usr/bin/cmake /root/dddmr_navigation/src/FAST_LIO -DAMENT_CMAKE_SYMLINK_INSTALL=1 -DCMAKE_INSTALL_PREFIX=/root/dddmr_navigation/install/fast_lio
[0.054s] [0mCurrent CPU archtecture: x86_64[0m
[0.054s] [0mProcesser number:  28[0m
[0.054s] [0mcore for MP: 3[0m
[0.056s] -- Found ament_cmake: 1.3.14 (/opt/ros/humble/share/ament_cmake/cmake)
[0.143s] -- Override CMake install command with custom implementation using symlinks instead of copying resources
[0.149s] -- Found rclcpp: 16.0.19 (/opt/ros/humble/share/rclcpp/cmake)
[0.177s] -- Found rosidl_generator_c: 3.1.8 (/opt/ros/humble/share/rosidl_generator_c/cmake)
[0.181s] -- Found rosidl_adapter: 3.1.8 (/opt/ros/humble/share/rosidl_adapter/cmake)
[0.187s] -- Found rosidl_generator_cpp: 3.1.8 (/opt/ros/humble/share/rosidl_generator_cpp/cmake)
[0.198s] -- Using all available rosidl_typesupport_c: rosidl_typesupport_fastrtps_c;rosidl_typesupport_introspection_c
[0.213s] -- Using all available rosidl_typesupport_cpp: rosidl_typesupport_fastrtps_cpp;rosidl_typesupport_introspection_cpp
[0.253s] -- Found rmw_implementation_cmake: 6.1.2 (/opt/ros/humble/share/rmw_implementation_cmake/cmake)
[0.255s] -- Found rmw_fastrtps_cpp: 6.2.10 (/opt/ros/humble/share/rmw_fastrtps_cpp/cmake)
[0.391s] -- Using RMW implementation 'rmw_fastrtps_cpp' as default
[0.437s] -- Found rclcpp_components: 16.0.19 (/opt/ros/humble/share/rclcpp_components/cmake)
[0.457s] -- Found geometry_msgs: 4.9.1 (/opt/ros/humble/share/geometry_msgs/cmake)
[0.470s] -- Found nav_msgs: 4.9.1 (/opt/ros/humble/share/nav_msgs/cmake)
[0.488s] -- Found sensor_msgs: 4.9.1 (/opt/ros/humble/share/sensor_msgs/cmake)
[0.505s] -- Found std_srvs: 4.9.1 (/opt/ros/humble/share/std_srvs/cmake)
[0.515s] -- Found visualization_msgs: 4.9.1 (/opt/ros/humble/share/visualization_msgs/cmake)
[0.543s] -- Found pcl_ros: 2.4.5 (/opt/ros/humble/share/pcl_ros/cmake)
[0.592s] -- Eigen found (include: /usr/include/eigen3, version: 3.4.0)
[0.634s] -- FLANN found (include: /usr/include, lib: /usr/lib/x86_64-linux-gnu/libflann_cpp.so)
[0.986s] -- OpenNI found (version: 1.5.4.0, include: /usr/include/ni, lib: /usr/lib/libOpenNI.so;libusb::libusb)
[0.993s] -- OpenNI2 found (version: 2.2.0.33, include: /usr/include/openni2, lib: /usr/lib/x86_64-linux-gnu/libOpenNI2.so;libusb::libusb)
[1.146s] -- Eigen found (include: /usr/include/eigen3, version: 3.4.0)
[1.152s] -- OpenNI found (version: 1.5.4.0, include: /usr/include/ni, lib: /usr/lib/libOpenNI.so;libusb::libusb)
[1.158s] -- OpenNI2 found (version: 2.2.0.33, include: /usr/include/openni2, lib: /usr/lib/x86_64-linux-gnu/libOpenNI2.so;libusb::libusb)
[1.336s] -- Found Qhull version 8.0.2
[1.514s] -- OpenNI found (version: 1.5.4.0, include: /usr/include/ni, lib: /usr/lib/libOpenNI.so;libusb::libusb)
[1.711s] -- Found eigen3_cmake_module: 0.1.1 (/opt/ros/humble/share/eigen3_cmake_module/cmake)
[1.713s] -- Ensuring Eigen3 include directory is part of orocos-kdl CMake target
[1.798s] -- Found livox_ros_driver2: 1.0.0 (/root/livox_ws/install/livox_ros_driver2/share/livox_ros_driver2/cmake)
[1.828s] -- Found rosidl_default_generators: 1.2.1 (/opt/ros/humble/share/rosidl_default_generators/cmake)
[1.847s] [33mCMake Warning (dev) at CMakeLists.txt:81 (find_package):
[1.847s]   Policy CMP0074 is not set: find_package uses <PackageName>_ROOT variables.
[1.847s]   Run "cmake --help-policy CMP0074" for policy details.  Use the cmake_policy
[1.847s]   command to set the policy and suppress this warning.
[1.847s] 
[1.847s]   CMake variable PCL_ROOT is set to:
[1.847s] 
[1.847s]     /usr
[1.847s] 
[1.848s]   For compatibility, CMake is ignoring the variable.
[1.848s] This warning is for project developers.  Use -Wno-dev to suppress it.
[1.848s] [0m
[1.855s] [0mEigen:/usr/include/eigen3[0m
[1.855s] -- PCL: /usr/include/pcl-1.12
[2.153s] -- Found ament_cmake_ros: 0.10.0 (/opt/ros/humble/share/ament_cmake_ros/cmake)
[2.496s] -- Using all available rosidl_typesupport_c: rosidl_typesupport_fastrtps_c;rosidl_typesupport_introspection_c
[2.624s] -- Using all available rosidl_typesupport_cpp: rosidl_typesupport_fastrtps_cpp;rosidl_typesupport_introspection_cpp
[2.647s] -- Found PythonInterp: /usr/bin/python3 (found suitable version "3.10.12", minimum required is "3.6") 
[2.648s] -- Found python_cmake_module: 0.10.0 (/opt/ros/humble/share/python_cmake_module/cmake)
[2.678s] -- Found PythonLibs: /usr/lib/x86_64-linux-gnu/libpython3.10.so (found suitable version "3.10.12", minimum required is "3.5") 
[2.678s] -- Using PYTHON_EXECUTABLE: /usr/bin/python3
[2.678s] -- Using PYTHON_INCLUDE_DIRS: /usr/include/python3.10
[2.679s] -- Using PYTHON_LIBRARIES: /usr/lib/x86_64-linux-gnu/libpython3.10.so
[2.700s] -- Found PythonExtra: .so  
[2.824s] -- Configuring done
[2.903s] -- Generating done
[2.921s] -- Build files have been written to: /root/dddmr_navigation/build/fast_lio
[2.938s] Invoked command in '/root/dddmr_navigation/build/fast_lio' returned '0': CMAKE_PREFIX_PATH=${CMAKE_PREFIX_PATH}:/opt/ros/humble /usr/bin/cmake /root/dddmr_navigation/src/FAST_LIO -DAMENT_CMAKE_SYMLINK_INSTALL=1 -DCMAKE_INSTALL_PREFIX=/root/dddmr_navigation/install/fast_lio
[2.940s] Invoking command in '/root/dddmr_navigation/build/fast_lio': CMAKE_PREFIX_PATH=${CMAKE_PREFIX_PATH}:/opt/ros/humble /usr/bin/cmake --build /root/dddmr_navigation/build/fast_lio -- -j28 -l28
[2.993s] [  2%] [34m[1mGenerating C code for ROS interfaces[0m
[3.001s] [  5%] [34m[1mGenerating Rust code for ROS interfaces[0m
[3.001s] [  8%] [34m[1mGenerating C++ code for ROS interfaces[0m
[3.009s] [  8%] Built target ament_cmake_python_symlink_fast_lio
[3.227s] running egg_info
[3.228s] creating fast_lio.egg-info
[3.228s] writing fast_lio.egg-info/PKG-INFO
[3.228s] writing dependency_links to fast_lio.egg-info/dependency_links.txt
[3.229s] writing top-level names to fast_lio.egg-info/top_level.txt
[3.229s] writing manifest file 'fast_lio.egg-info/SOURCES.txt'
[3.230s] reading manifest file 'fast_lio.egg-info/SOURCES.txt'
[3.231s] writing manifest file 'fast_lio.egg-info/SOURCES.txt'
[3.260s] [  8%] Built target ament_cmake_python_build_fast_lio_egg
[3.296s] [  8%] Built target fast_lio__cpp
[3.302s] [ 11%] [32mBuilding C object CMakeFiles/fast_lio__rosidl_generator_c.dir/rosidl_generator_c/fast_lio/msg/detail/pose6_d__functions.c.o[0m
[3.305s] [ 13%] [34m[1mGenerating C++ type support for eProsima Fast-RTPS[0m
[3.306s] [ 16%] [34m[1mGenerating C++ introspection for ROS interfaces[0m
[3.307s] [ 19%] [34m[1mGenerating C++ type support dispatch for ROS interfaces[0m
[3.403s] [ 19%] Built target fast_lio__rs
[3.411s] [ 22%] [32m[1mLinking C shared library libfast_lio__rosidl_generator_c.so[0m
[3.452s] [ 22%] Built target fast_lio__rosidl_generator_c
[3.462s] [ 25%] [34m[1mGenerating C type support dispatch for ROS interfaces[0m
[3.462s] [ 27%] [34m[1mGenerating C type support for eProsima Fast-RTPS[0m
[3.462s] [ 30%] [34m[1mGenerating C introspection for ROS interfaces[0m
[3.610s] [ 33%] [32mBuilding CXX object CMakeFiles/fast_lio__rosidl_typesupport_fastrtps_cpp.dir/rosidl_typesupport_fastrtps_cpp/fast_lio/msg/detail/dds_fastrtps/pose6_d__type_support.cpp.o[0m
[3.629s] [ 36%] [32mBuilding CXX object CMakeFiles/fast_lio__rosidl_typesupport_introspection_cpp.dir/rosidl_typesupport_introspection_cpp/fast_lio/msg/detail/pose6_d__type_support.cpp.o[0m
[3.717s] [ 38%] [32mBuilding CXX object CMakeFiles/fast_lio__rosidl_typesupport_cpp.dir/rosidl_typesupport_cpp/fast_lio/msg/pose6_d__type_support.cpp.o[0m
[3.784s] [ 41%] [32mBuilding CXX object CMakeFiles/fast_lio__rosidl_typesupport_c.dir/rosidl_typesupport_c/fast_lio/msg/pose6_d__type_support.cpp.o[0m
[3.822s] [ 44%] [32m[1mLinking CXX shared library libfast_lio__rosidl_typesupport_c.so[0m
[3.846s] [ 47%] [32mBuilding C object CMakeFiles/fast_lio__rosidl_typesupport_introspection_c.dir/rosidl_typesupport_introspection_c/fast_lio/msg/detail/pose6_d__type_support.c.o[0m
[3.871s] [ 47%] Built target fast_lio__rosidl_typesupport_c
[3.909s] [ 50%] [32mBuilding CXX object CMakeFiles/fast_lio__rosidl_typesupport_fastrtps_c.dir/rosidl_typesupport_fastrtps_c/fast_lio/msg/detail/pose6_d__type_support_c.cpp.o[0m
[3.912s] [ 52%] [32m[1mLinking C shared library libfast_lio__rosidl_typesupport_introspection_c.so[0m
[3.952s] [ 52%] Built target fast_lio__rosidl_typesupport_introspection_c
[3.972s] [ 55%] [32m[1mLinking CXX shared library libfast_lio__rosidl_typesupport_introspection_cpp.so[0m
[4.016s] [ 55%] Built target fast_lio__rosidl_typesupport_introspection_cpp
[4.018s] [ 58%] [32m[1mLinking CXX shared library libfast_lio__rosidl_typesupport_fastrtps_cpp.so[0m
[4.098s] [ 58%] Built target fast_lio__rosidl_typesupport_fastrtps_cpp
[4.136s] [ 61%] [32m[1mLinking CXX shared library libfast_lio__rosidl_typesupport_cpp.so[0m
[4.181s] [ 61%] Built target fast_lio__rosidl_typesupport_cpp
[4.203s] [ 63%] [32mBuilding CXX object CMakeFiles/fastlio_mapping.dir/src/laserMapping.cpp.o[0m
[4.205s] [ 66%] [32mBuilding CXX object CMakeFiles/fastlio_mapping.dir/src/preprocess.cpp.o[0m
[4.207s] [ 69%] [32mBuilding CXX object CMakeFiles/fastlio_mapping.dir/include/ikd-Tree/ikd_Tree.cpp.o[0m
[4.295s] [ 72%] [32m[1mLinking CXX shared library libfast_lio__rosidl_typesupport_fastrtps_c.so[0m
[4.380s] [ 72%] Built target fast_lio__rosidl_typesupport_fastrtps_c
[4.399s] [ 72%] Built target fast_lio
[4.419s] [ 75%] [34m[1mGenerating Python code for ROS interfaces[0m
[4.814s] [ 75%] Built target fast_lio__py
[4.834s] [ 77%] [32mBuilding C object CMakeFiles/fast_lio__rosidl_generator_py.dir/rosidl_generator_py/fast_lio/msg/_pose6_d_s.c.o[0m
[4.970s] [ 80%] [32m[1mLinking C shared library rosidl_generator_py/fast_lio/libfast_lio__rosidl_generator_py.so[0m
[5.010s] [ 80%] Built target fast_lio__rosidl_generator_py
[5.029s] [ 83%] [32mBuilding C object CMakeFiles/fast_lio__rosidl_typesupport_c__pyext.dir/rosidl_generator_py/fast_lio/_fast_lio_s.ep.rosidl_typesupport_c.c.o[0m
[5.030s] [ 86%] [32mBuilding C object CMakeFiles/fast_lio__rosidl_typesupport_introspection_c__pyext.dir/rosidl_generator_py/fast_lio/_fast_lio_s.ep.rosidl_typesupport_introspection_c.c.o[0m
[5.032s] [ 88%] [32mBuilding C object CMakeFiles/fast_lio__rosidl_typesupport_fastrtps_c__pyext.dir/rosidl_generator_py/fast_lio/_fast_lio_s.ep.rosidl_typesupport_fastrtps_c.c.o[0m
[5.137s] [ 91%] [32m[1mLinking C shared library rosidl_generator_py/fast_lio/fast_lio_s__rosidl_typesupport_introspection_c.cpython-310-x86_64-linux-gnu.so[0m
[5.138s] [ 94%] [32m[1mLinking C shared library rosidl_generator_py/fast_lio/fast_lio_s__rosidl_typesupport_c.cpython-310-x86_64-linux-gnu.so[0m
[5.144s] [ 97%] [32m[1mLinking C shared library rosidl_generator_py/fast_lio/fast_lio_s__rosidl_typesupport_fastrtps_c.cpython-310-x86_64-linux-gnu.so[0m
[5.172s] [ 97%] Built target fast_lio__rosidl_typesupport_c__pyext
[5.175s] [ 97%] Built target fast_lio__rosidl_typesupport_introspection_c__pyext
[5.186s] [ 97%] Built target fast_lio__rosidl_typesupport_fastrtps_c__pyext
[11.010s] In file included from [01m[K/usr/include/boost/smart_ptr/detail/sp_thread_sleep.hpp:22[m[K,
[11.010s]                  from [01m[K/usr/include/boost/smart_ptr/detail/yield_k.hpp:23[m[K,
[11.010s]                  from [01m[K/usr/include/boost/smart_ptr/detail/spinlock_gcc_atomic.hpp:14[m[K,
[11.010s]                  from [01m[K/usr/include/boost/smart_ptr/detail/spinlock.hpp:42[m[K,
[11.010s]                  from [01m[K/usr/include/boost/smart_ptr/detail/spinlock_pool.hpp:25[m[K,
[11.010s]                  from [01m[K/usr/include/boost/smart_ptr/shared_ptr.hpp:29[m[K,
[11.013s]                  from [01m[K/usr/include/boost/shared_ptr.hpp:17[m[K,
[11.013s]                  from [01m[K/usr/include/boost/date_time/microsec_time_clock.hpp:18[m[K,
[11.013s]                  from [01m[K/usr/include/boost/interprocess/detail/posix_time_types_wrk.hpp:31[m[K,
[11.013s]                  from [01m[K/usr/include/boost/interprocess/detail/os_thread_functions.hpp:36[m[K,
[11.013s]                  from [01m[K/usr/include/boost/interprocess/sync/file_lock.hpp:26[m[K,
[11.013s]                  from [01m[K/usr/include/pcl-1.12/pcl/io/pcd_io.h:46[m[K,
[11.013s]                  from [01m[K/opt/ros/humble/include/pcl_conversions/pcl_conversions/pcl_conversions.h:73[m[K,
[11.013s]                  from [01m[K/root/dddmr_navigation/src/FAST_LIO/src/IMU_Processing.hpp:18[m[K,
[11.013s]                  from [01m[K/root/dddmr_navigation/src/FAST_LIO/src/laserMapping.cpp:47[m[K:
[11.014s] [01m[K/usr/include/boost/bind.hpp:36:1:[m[K [01;36m[Knote: [m[K‘[01m[K#pragma message: The practice of declaring the Bind placeholders (_1, _2, ...) in the global namespace is deprecated. Please use <boost/bind/bind.hpp> + using namespace boost::placeholders, or define BOOST_BIND_GLOBAL_PLACEHOLDERS to retain the current behavior.[m[K’
[11.014s]    36 | [01;36m[KBOOST_PRAGMA_MESSAGE[m[K(
[11.014s]       | [01;36m[K^~~~~~~~~~~~~~~~~~~~[m[K
[68.142s] [100%] [32m[1mLinking CXX executable fastlio_mapping[0m
[69.051s] [100%] Built target fastlio_mapping
[69.076s] Invoked command in '/root/dddmr_navigation/build/fast_lio' returned '0': CMAKE_PREFIX_PATH=${CMAKE_PREFIX_PATH}:/opt/ros/humble /usr/bin/cmake --build /root/dddmr_navigation/build/fast_lio -- -j28 -l28
[69.077s] Invoking command in '/root/dddmr_navigation/build/fast_lio': CMAKE_PREFIX_PATH=${CMAKE_PREFIX_PATH}:/opt/ros/humble /usr/bin/cmake --install /root/dddmr_navigation/build/fast_lio
[69.085s] -- Install configuration: "Release"
[69.085s] -- Execute custom install script
[69.086s] -- Symlinking: /root/dddmr_navigation/install/fast_lio/share/ament_index/resource_index/rosidl_interfaces/fast_lio
[69.095s] -- Symlinking: /root/dddmr_navigation/install/fast_lio/include/fast_lio/fast_lio/msg/detail/pose6_d__functions.h
[69.101s] -- Symlinking: /root/dddmr_navigation/install/fast_lio/include/fast_lio/fast_lio/msg/detail/pose6_d__struct.h
[69.108s] -- Symlinking: /root/dddmr_navigation/install/fast_lio/include/fast_lio/fast_lio/msg/detail/pose6_d__type_support.h
[69.116s] -- Symlinking: /root/dddmr_navigation/install/fast_lio/include/fast_lio/fast_lio/msg/pose6_d.h
[69.125s] -- Symlinking: /root/dddmr_navigation/install/fast_lio/include/fast_lio/fast_lio/msg/rosidl_generator_c__visibility_control.h
[69.134s] -- Symlinking: /root/dddmr_navigation/install/fast_lio/share/fast_lio/environment/library_path.sh
[69.140s] -- Symlinking: /root/dddmr_navigation/install/fast_lio/share/fast_lio/environment/library_path.dsv
[69.146s] -- Symlinking: /root/dddmr_navigation/install/fast_lio/include/fast_lio/fast_lio/msg/detail/pose6_d__rosidl_typesupport_fastrtps_c.h
[69.154s] -- Symlinking: /root/dddmr_navigation/install/fast_lio/include/fast_lio/fast_lio/msg/rosidl_typesupport_fastrtps_c__visibility_control.h
[69.162s] -- Symlinking: /root/dddmr_navigation/install/fast_lio/include/fast_lio/fast_lio/msg/detail/pose6_d__builder.hpp
[69.171s] -- Symlinking: /root/dddmr_navigation/install/fast_lio/include/fast_lio/fast_lio/msg/detail/pose6_d__struct.hpp
[69.177s] -- Symlinking: /root/dddmr_navigation/install/fast_lio/include/fast_lio/fast_lio/msg/detail/pose6_d__traits.hpp
[69.184s] -- Symlinking: /root/dddmr_navigation/install/fast_lio/include/fast_lio/fast_lio/msg/detail/pose6_d__type_support.hpp
[69.192s] -- Symlinking: /root/dddmr_navigation/install/fast_lio/include/fast_lio/fast_lio/msg/pose6_d.hpp
[69.200s] -- Symlinking: /root/dddmr_navigation/install/fast_lio/include/fast_lio/fast_lio/msg/rosidl_generator_cpp__visibility_control.hpp
[69.208s] -- Symlinking: /root/dddmr_navigation/install/fast_lio/include/fast_lio/fast_lio/msg/detail/pose6_d__rosidl_typesupport_fastrtps_cpp.hpp
[69.215s] -- Symlinking: /root/dddmr_navigation/install/fast_lio/include/fast_lio/fast_lio/msg/rosidl_typesupport_fastrtps_cpp__visibility_control.h
[69.222s] -- Symlinking: /root/dddmr_navigation/install/fast_lio/include/fast_lio/fast_lio/msg/detail/pose6_d__rosidl_typesupport_introspection_c.h
[69.228s] -- Symlinking: /root/dddmr_navigation/install/fast_lio/include/fast_lio/fast_lio/msg/rosidl_typesupport_introspection_c__visibility_control.h
[69.237s] -- Symlinking: /root/dddmr_navigation/install/fast_lio/include/fast_lio/fast_lio/msg/detail/pose6_d__rosidl_typesupport_introspection_cpp.hpp
[69.243s] -- Symlinking: /root/dddmr_navigation/install/fast_lio/share/fast_lio/environment/pythonpath.sh
[69.252s] -- Symlinking: /root/dddmr_navigation/install/fast_lio/share/fast_lio/environment/pythonpath.dsv
[69.261s] -- Symlinking: /root/dddmr_navigation/install/fast_lio/local/lib/python3.10/dist-packages/fast_lio-0.0.0-py3.10.egg-info/PKG-INFO
[69.268s] -- Symlinking: /root/dddmr_navigation/install/fast_lio/local/lib/python3.10/dist-packages/fast_lio-0.0.0-py3.10.egg-info/SOURCES.txt
[69.274s] -- Symlinking: /root/dddmr_navigation/install/fast_lio/local/lib/python3.10/dist-packages/fast_lio-0.0.0-py3.10.egg-info/dependency_links.txt
[69.281s] -- Symlinking: /root/dddmr_navigation/install/fast_lio/local/lib/python3.10/dist-packages/fast_lio-0.0.0-py3.10.egg-info/top_level.txt
[69.290s] -- Symlinking: /root/dddmr_navigation/install/fast_lio/local/lib/python3.10/dist-packages/fast_lio/__init__.py
[69.299s] -- Symlinking: /root/dddmr_navigation/install/fast_lio/local/lib/python3.10/dist-packages/fast_lio/_fast_lio_s.ep.rosidl_typesupport_c.c
[69.304s] -- Symlinking: /root/dddmr_navigation/install/fast_lio/local/lib/python3.10/dist-packages/fast_lio/_fast_lio_s.ep.rosidl_typesupport_fastrtps_c.c
[69.310s] -- Symlinking: /root/dddmr_navigation/install/fast_lio/local/lib/python3.10/dist-packages/fast_lio/_fast_lio_s.ep.rosidl_typesupport_introspection_c.c
[69.319s] -- Symlinking: /root/dddmr_navigation/install/fast_lio/local/lib/python3.10/dist-packages/fast_lio/fast_lio_s__rosidl_typesupport_c.cpython-310-x86_64-linux-gnu.so
[69.325s] -- Symlinking: /root/dddmr_navigation/install/fast_lio/local/lib/python3.10/dist-packages/fast_lio/fast_lio_s__rosidl_typesupport_fastrtps_c.cpython-310-x86_64-linux-gnu.so
[69.332s] -- Symlinking: /root/dddmr_navigation/install/fast_lio/local/lib/python3.10/dist-packages/fast_lio/fast_lio_s__rosidl_typesupport_introspection_c.cpython-310-x86_64-linux-gnu.so
[69.338s] -- Symlinking: /root/dddmr_navigation/install/fast_lio/local/lib/python3.10/dist-packages/fast_lio/libfast_lio__rosidl_generator_py.so
[69.345s] -- Symlinking: /root/dddmr_navigation/install/fast_lio/local/lib/python3.10/dist-packages/fast_lio/msg/__init__.py
[69.351s] -- Symlinking: /root/dddmr_navigation/install/fast_lio/local/lib/python3.10/dist-packages/fast_lio/msg/_pose6_d.py
[69.357s] -- Symlinking: /root/dddmr_navigation/install/fast_lio/local/lib/python3.10/dist-packages/fast_lio/msg/_pose6_d_s.c
[69.366s] -- Up-to-date symlink: /root/dddmr_navigation/install/fast_lio/local/lib/python3.10/dist-packages/fast_lio/fast_lio_s__rosidl_typesupport_fastrtps_c.cpython-310-x86_64-linux-gnu.so
[69.366s] -- Up-to-date symlink: /root/dddmr_navigation/install/fast_lio/local/lib/python3.10/dist-packages/fast_lio/fast_lio_s__rosidl_typesupport_introspection_c.cpython-310-x86_64-linux-gnu.so
[69.366s] -- Up-to-date symlink: /root/dddmr_navigation/install/fast_lio/local/lib/python3.10/dist-packages/fast_lio/fast_lio_s__rosidl_typesupport_c.cpython-310-x86_64-linux-gnu.so
[69.367s] -- Symlinking: /root/dddmr_navigation/install/fast_lio/share/ament_index/resource_index/rust_packages/fast_lio
[69.375s] -- Symlinking: /root/dddmr_navigation/install/fast_lio/share/fast_lio/rust/Cargo.toml
[69.383s] -- Symlinking: /root/dddmr_navigation/install/fast_lio/share/fast_lio/rust/build.rs
[69.390s] -- Symlinking: /root/dddmr_navigation/install/fast_lio/share/fast_lio/rust/src/lib.rs
[69.400s] -- Symlinking: /root/dddmr_navigation/install/fast_lio/share/fast_lio/rust/src/msg.rs
[69.407s] -- Symlinking: /root/dddmr_navigation/install/fast_lio/share/fast_lio/rust/src/msg/rmw.rs
[69.415s] -- Symlinking: /root/dddmr_navigation/install/fast_lio/share/fast_lio/msg/Pose6D.idl
[69.422s] -- Symlinking: /root/dddmr_navigation/install/fast_lio/share/fast_lio/msg/Pose6D.msg
[69.429s] -- Symlinking: /root/dddmr_navigation/install/fast_lio/lib/fast_lio/fastlio_mapping
[69.435s] -- Symlinking: /root/dddmr_navigation/install/fast_lio/share/fast_lio/config/avia.yaml
[69.444s] -- Symlinking: /root/dddmr_navigation/install/fast_lio/share/fast_lio/config/horizon.yaml
[69.453s] -- Symlinking: /root/dddmr_navigation/install/fast_lio/share/fast_lio/config/mid360.yaml
[69.462s] -- Symlinking: /root/dddmr_navigation/install/fast_lio/share/fast_lio/config/ouster64.yaml
[69.469s] -- Symlinking: /root/dddmr_navigation/install/fast_lio/share/fast_lio/config/velodyne.yaml
[69.478s] -- Symlinking: /root/dddmr_navigation/install/fast_lio/share/fast_lio/launch/__pycache__/mapping.launch.cpython-310.pyc
[69.486s] -- Symlinking: /root/dddmr_navigation/install/fast_lio/share/fast_lio/launch/gdb_debug_example.launch
[69.492s] -- Symlinking: /root/dddmr_navigation/install/fast_lio/share/fast_lio/launch/mapping.launch.py
[69.499s] -- Symlinking: /root/dddmr_navigation/install/fast_lio/share/fast_lio/rviz/fastlio.rviz
[69.506s] -- Symlinking: /root/dddmr_navigation/install/fast_lio/share/ament_index/resource_index/package_run_dependencies/fast_lio
[69.513s] -- Symlinking: /root/dddmr_navigation/install/fast_lio/share/ament_index/resource_index/parent_prefix_path/fast_lio
[69.521s] -- Symlinking: /root/dddmr_navigation/install/fast_lio/share/fast_lio/environment/ament_prefix_path.sh
[69.528s] -- Symlinking: /root/dddmr_navigation/install/fast_lio/share/fast_lio/environment/ament_prefix_path.dsv
[69.534s] -- Symlinking: /root/dddmr_navigation/install/fast_lio/share/fast_lio/environment/path.sh
[69.540s] -- Symlinking: /root/dddmr_navigation/install/fast_lio/share/fast_lio/environment/path.dsv
[69.549s] -- Symlinking: /root/dddmr_navigation/install/fast_lio/share/fast_lio/local_setup.bash
[69.556s] -- Symlinking: /root/dddmr_navigation/install/fast_lio/share/fast_lio/local_setup.sh
[69.564s] -- Symlinking: /root/dddmr_navigation/install/fast_lio/share/fast_lio/local_setup.zsh
[69.570s] -- Symlinking: /root/dddmr_navigation/install/fast_lio/share/fast_lio/local_setup.dsv
[69.577s] -- Symlinking: /root/dddmr_navigation/install/fast_lio/share/fast_lio/package.dsv
[69.584s] -- Symlinking: /root/dddmr_navigation/install/fast_lio/share/ament_index/resource_index/packages/fast_lio
[69.590s] -- Symlinking: /root/dddmr_navigation/install/fast_lio/share/fast_lio/cmake/rosidl_cmake-extras.cmake
[69.598s] -- Symlinking: /root/dddmr_navigation/install/fast_lio/share/fast_lio/cmake/ament_cmake_export_include_directories-extras.cmake
[69.606s] -- Symlinking: /root/dddmr_navigation/install/fast_lio/share/fast_lio/cmake/ament_cmake_export_libraries-extras.cmake
[69.615s] -- Symlinking: /root/dddmr_navigation/install/fast_lio/share/fast_lio/cmake/ament_cmake_export_targets-extras.cmake
[69.624s] -- Symlinking: /root/dddmr_navigation/install/fast_lio/share/fast_lio/cmake/rosidl_cmake_export_typesupport_targets-extras.cmake
[69.630s] -- Symlinking: /root/dddmr_navigation/install/fast_lio/share/fast_lio/cmake/ament_cmake_export_dependencies-extras.cmake
[69.638s] -- Symlinking: /root/dddmr_navigation/install/fast_lio/share/fast_lio/cmake/rosidl_cmake_export_typesupport_libraries-extras.cmake
[69.647s] -- Symlinking: /root/dddmr_navigation/install/fast_lio/share/fast_lio/cmake/fast_lioConfig.cmake
[69.655s] -- Symlinking: /root/dddmr_navigation/install/fast_lio/share/fast_lio/cmake/fast_lioConfig-version.cmake
[69.661s] -- Symlinking: /root/dddmr_navigation/install/fast_lio/share/fast_lio/package.xml
[69.668s] -- Installing: /root/dddmr_navigation/install/fast_lio/lib/libfast_lio__rosidl_generator_c.so
[69.669s] -- Set runtime path of "/root/dddmr_navigation/install/fast_lio/lib/libfast_lio__rosidl_generator_c.so" to ""
[69.669s] -- Installing: /root/dddmr_navigation/install/fast_lio/lib/libfast_lio__rosidl_typesupport_fastrtps_c.so
[69.669s] -- Set runtime path of "/root/dddmr_navigation/install/fast_lio/lib/libfast_lio__rosidl_typesupport_fastrtps_c.so" to ""
[69.669s] -- Installing: /root/dddmr_navigation/install/fast_lio/lib/libfast_lio__rosidl_typesupport_fastrtps_cpp.so
[69.670s] -- Set runtime path of "/root/dddmr_navigation/install/fast_lio/lib/libfast_lio__rosidl_typesupport_fastrtps_cpp.so" to ""
[69.670s] -- Installing: /root/dddmr_navigation/install/fast_lio/lib/libfast_lio__rosidl_typesupport_introspection_c.so
[69.670s] -- Set runtime path of "/root/dddmr_navigation/install/fast_lio/lib/libfast_lio__rosidl_typesupport_introspection_c.so" to ""
[69.670s] -- Installing: /root/dddmr_navigation/install/fast_lio/lib/libfast_lio__rosidl_typesupport_c.so
[69.670s] -- Set runtime path of "/root/dddmr_navigation/install/fast_lio/lib/libfast_lio__rosidl_typesupport_c.so" to ""
[69.671s] -- Installing: /root/dddmr_navigation/install/fast_lio/lib/libfast_lio__rosidl_typesupport_introspection_cpp.so
[69.671s] -- Set runtime path of "/root/dddmr_navigation/install/fast_lio/lib/libfast_lio__rosidl_typesupport_introspection_cpp.so" to ""
[69.671s] -- Installing: /root/dddmr_navigation/install/fast_lio/lib/libfast_lio__rosidl_typesupport_cpp.so
[69.671s] -- Set runtime path of "/root/dddmr_navigation/install/fast_lio/lib/libfast_lio__rosidl_typesupport_cpp.so" to ""
[69.699s] Listing '/root/dddmr_navigation/install/fast_lio/local/lib/python3.10/dist-packages/fast_lio'...
[69.699s] Compiling '/root/dddmr_navigation/install/fast_lio/local/lib/python3.10/dist-packages/fast_lio/__init__.py'...
[69.699s] Listing '/root/dddmr_navigation/install/fast_lio/local/lib/python3.10/dist-packages/fast_lio/msg'...
[69.699s] Compiling '/root/dddmr_navigation/install/fast_lio/local/lib/python3.10/dist-packages/fast_lio/msg/__init__.py'...
[69.699s] Compiling '/root/dddmr_navigation/install/fast_lio/local/lib/python3.10/dist-packages/fast_lio/msg/_pose6_d.py'...
[69.702s] -- Installing: /root/dddmr_navigation/install/fast_lio/lib/libfast_lio__rosidl_generator_py.so
[69.702s] -- Set runtime path of "/root/dddmr_navigation/install/fast_lio/lib/libfast_lio__rosidl_generator_py.so" to ""
[69.703s] -- Installing: /root/dddmr_navigation/install/fast_lio/share/fast_lio/cmake/export_fast_lio__rosidl_generator_cExport.cmake
[69.703s] -- Installing: /root/dddmr_navigation/install/fast_lio/share/fast_lio/cmake/export_fast_lio__rosidl_generator_cExport-release.cmake
[69.703s] -- Installing: /root/dddmr_navigation/install/fast_lio/share/fast_lio/cmake/export_fast_lio__rosidl_typesupport_fastrtps_cExport.cmake
[69.703s] -- Installing: /root/dddmr_navigation/install/fast_lio/share/fast_lio/cmake/export_fast_lio__rosidl_typesupport_fastrtps_cExport-release.cmake
[69.704s] -- Installing: /root/dddmr_navigation/install/fast_lio/share/fast_lio/cmake/export_fast_lio__rosidl_generator_cppExport.cmake
[69.704s] -- Installing: /root/dddmr_navigation/install/fast_lio/share/fast_lio/cmake/export_fast_lio__rosidl_typesupport_fastrtps_cppExport.cmake
[69.704s] -- Installing: /root/dddmr_navigation/install/fast_lio/share/fast_lio/cmake/export_fast_lio__rosidl_typesupport_fastrtps_cppExport-release.cmake
[69.704s] -- Installing: /root/dddmr_navigation/install/fast_lio/share/fast_lio/cmake/fast_lio__rosidl_typesupport_introspection_cExport.cmake
[69.705s] -- Installing: /root/dddmr_navigation/install/fast_lio/share/fast_lio/cmake/fast_lio__rosidl_typesupport_introspection_cExport-release.cmake
[69.705s] -- Installing: /root/dddmr_navigation/install/fast_lio/share/fast_lio/cmake/fast_lio__rosidl_typesupport_cExport.cmake
[69.705s] -- Installing: /root/dddmr_navigation/install/fast_lio/share/fast_lio/cmake/fast_lio__rosidl_typesupport_cExport-release.cmake
[69.705s] -- Installing: /root/dddmr_navigation/install/fast_lio/share/fast_lio/cmake/fast_lio__rosidl_typesupport_introspection_cppExport.cmake
[69.706s] -- Installing: /root/dddmr_navigation/install/fast_lio/share/fast_lio/cmake/fast_lio__rosidl_typesupport_introspection_cppExport-release.cmake
[69.706s] -- Installing: /root/dddmr_navigation/install/fast_lio/share/fast_lio/cmake/fast_lio__rosidl_typesupport_cppExport.cmake
[69.706s] -- Installing: /root/dddmr_navigation/install/fast_lio/share/fast_lio/cmake/fast_lio__rosidl_typesupport_cppExport-release.cmake
[69.706s] -- Installing: /root/dddmr_navigation/install/fast_lio/share/fast_lio/cmake/export_fast_lio__rosidl_generator_pyExport.cmake
[69.707s] -- Installing: /root/dddmr_navigation/install/fast_lio/share/fast_lio/cmake/export_fast_lio__rosidl_generator_pyExport-release.cmake
[69.710s] Invoked command in '/root/dddmr_navigation/build/fast_lio' returned '0': CMAKE_PREFIX_PATH=${CMAKE_PREFIX_PATH}:/opt/ros/humble /usr/bin/cmake --install /root/dddmr_navigation/build/fast_lio
