[0.006s] Invoking command in '/ws_gz/build/champ_base': AMENT_PREFIX_PATH=/ws_gz/install/champ_msgs:/ws_gz/install/champ:${AMENT_PREFIX_PATH} CMAKE_PREFIX_PATH=/ws_gz/install/champ_msgs:/ws_gz/install/champ:/opt/ros/humble LD_LIBRARY_PATH=/ws_gz/install/champ_msgs/lib:${LD_LIBRARY_PATH} PYTHONPATH=/ws_gz/install/champ_msgs/local/lib/python3.10/dist-packages:${PYTHONPATH} /usr/bin/cmake --build /ws_gz/build/champ_base -- -j32 -l32
[0.046s] [ 50%] Built target state_estimation
[0.046s] [ 50%] Built target quadruped_controller
[0.046s] [ 50%] Built target message_relay
[0.063s] [ 66%] Built target state_estimation_node
[0.063s] [ 83%] Built target quadruped_controller_node
[0.064s] [100%] Built target message_relay_node
[0.071s] Invoked command in '/ws_gz/build/champ_base' returned '0': AMENT_PREFIX_PATH=/ws_gz/install/champ_msgs:/ws_gz/install/champ:${AMENT_PREFIX_PATH} CMAKE_PREFIX_PATH=/ws_gz/install/champ_msgs:/ws_gz/install/champ:/opt/ros/humble LD_LIBRARY_PATH=/ws_gz/install/champ_msgs/lib:${LD_LIBRARY_PATH} PYTHONPATH=/ws_gz/install/champ_msgs/local/lib/python3.10/dist-packages:${PYTHONPATH} /usr/bin/cmake --build /ws_gz/build/champ_base -- -j32 -l32
[0.072s] Invoking command in '/ws_gz/build/champ_base': AMENT_PREFIX_PATH=/ws_gz/install/champ_msgs:/ws_gz/install/champ:${AMENT_PREFIX_PATH} CMAKE_PREFIX_PATH=/ws_gz/install/champ_msgs:/ws_gz/install/champ:/opt/ros/humble LD_LIBRARY_PATH=/ws_gz/install/champ_msgs/lib:${LD_LIBRARY_PATH} PYTHONPATH=/ws_gz/install/champ_msgs/local/lib/python3.10/dist-packages:${PYTHONPATH} /usr/bin/cmake --install /ws_gz/build/champ_base
[0.076s] -- Install configuration: "Release"
[0.077s] -- Execute custom install script
[0.077s] -- Up-to-date symlink: /ws_gz/install/champ_base/share/champ_base/config/ekf/base_to_footprint.yaml
[0.077s] -- Up-to-date symlink: /ws_gz/install/champ_base/share/champ_base/config/ekf/footprint_to_odom.yaml
[0.077s] -- Up-to-date symlink: /ws_gz/install/champ_base/share/champ_base/config/velocity_smoother/velocity_smoother.yaml
[0.077s] -- Up-to-date symlink: /ws_gz/install/champ_base/lib/libquadruped_controller.so
[0.078s] -- Up-to-date symlink: /ws_gz/install/champ_base/bin/quadruped_controller_node
[0.078s] -- Up-to-date symlink: /ws_gz/install/champ_base/lib/libmessage_relay.so
[0.078s] -- Up-to-date symlink: /ws_gz/install/champ_base/bin/message_relay_node
[0.078s] -- Up-to-date symlink: /ws_gz/install/champ_base/lib/libstate_estimation.so
[0.078s] -- Up-to-date symlink: /ws_gz/install/champ_base/bin/state_estimation_node
[0.078s] -- Up-to-date symlink: /ws_gz/install/champ_base/lib/champ_base/quadruped_controller_node
[0.078s] -- Up-to-date symlink: /ws_gz/install/champ_base/lib/champ_base/message_relay_node
[0.078s] -- Up-to-date symlink: /ws_gz/install/champ_base/lib/champ_base/state_estimation_node
[0.078s] -- Up-to-date symlink: /ws_gz/install/champ_base/share/ament_index/resource_index/package_run_dependencies/champ_base
[0.078s] -- Up-to-date symlink: /ws_gz/install/champ_base/share/ament_index/resource_index/parent_prefix_path/champ_base
[0.079s] -- Up-to-date symlink: /ws_gz/install/champ_base/share/champ_base/environment/ament_prefix_path.sh
[0.079s] -- Up-to-date symlink: /ws_gz/install/champ_base/share/champ_base/environment/ament_prefix_path.dsv
[0.079s] -- Up-to-date symlink: /ws_gz/install/champ_base/share/champ_base/environment/path.sh
[0.079s] -- Up-to-date symlink: /ws_gz/install/champ_base/share/champ_base/environment/path.dsv
[0.079s] -- Up-to-date symlink: /ws_gz/install/champ_base/share/champ_base/local_setup.bash
[0.079s] -- Up-to-date symlink: /ws_gz/install/champ_base/share/champ_base/local_setup.sh
[0.079s] -- Up-to-date symlink: /ws_gz/install/champ_base/share/champ_base/local_setup.zsh
[0.079s] -- Up-to-date symlink: /ws_gz/install/champ_base/share/champ_base/local_setup.dsv
[0.079s] -- Symlinking: /ws_gz/install/champ_base/share/champ_base/package.dsv
[0.085s] -- Up-to-date symlink: /ws_gz/install/champ_base/share/ament_index/resource_index/packages/champ_base
[0.086s] -- Up-to-date symlink: /ws_gz/install/champ_base/share/champ_base/cmake/ament_cmake_export_include_directories-extras.cmake
[0.086s] -- Up-to-date symlink: /ws_gz/install/champ_base/share/champ_base/cmake/ament_cmake_export_dependencies-extras.cmake
[0.086s] -- Up-to-date symlink: /ws_gz/install/champ_base/share/champ_base/cmake/champ_baseConfig.cmake
[0.086s] -- Up-to-date symlink: /ws_gz/install/champ_base/share/champ_base/cmake/champ_baseConfig-version.cmake
[0.086s] -- Up-to-date symlink: /ws_gz/install/champ_base/share/champ_base/package.xml
[0.094s] Invoked command in '/ws_gz/build/champ_base' returned '0': AMENT_PREFIX_PATH=/ws_gz/install/champ_msgs:/ws_gz/install/champ:${AMENT_PREFIX_PATH} CMAKE_PREFIX_PATH=/ws_gz/install/champ_msgs:/ws_gz/install/champ:/opt/ros/humble LD_LIBRARY_PATH=/ws_gz/install/champ_msgs/lib:${LD_LIBRARY_PATH} PYTHONPATH=/ws_gz/install/champ_msgs/local/lib/python3.10/dist-packages:${PYTHONPATH} /usr/bin/cmake --install /ws_gz/build/champ_base
