-- Found ament_cmake: 1.3.14 (/opt/ros/humble/share/ament_cmake/cmake)
-- Override CMake install command with custom implementation using symlinks instead of copying resources
-- Found rclcpp: 16.0.19 (/opt/ros/humble/share/rclcpp/cmake)
-- Found rosidl_generator_c: 3.1.8 (/opt/ros/humble/share/rosidl_generator_c/cmake)
-- Found rosidl_adapter: 3.1.8 (/opt/ros/humble/share/rosidl_adapter/cmake)
-- Found rosidl_generator_cpp: 3.1.8 (/opt/ros/humble/share/rosidl_generator_cpp/cmake)
-- Using all available rosidl_typesupport_c: rosidl_typesupport_fastrtps_c;rosidl_typesupport_introspection_c
-- Using all available rosidl_typesupport_cpp: rosidl_typesupport_fastrtps_cpp;rosidl_typesupport_introspection_cpp
-- Found rmw_implementation_cmake: 6.1.2 (/opt/ros/humble/share/rmw_implementation_cmake/cmake)
-- Found rmw_fastrtps_cpp: 6.2.10 (/opt/ros/humble/share/rmw_fastrtps_cpp/cmake)
-- Using RMW implementation 'rmw_fastrtps_cpp' as default
-- Found rclcpp_action: 16.0.19 (/opt/ros/humble/share/rclcpp_action/cmake)
-- Found rclcpp_components: 16.0.19 (/opt/ros/humble/share/rclcpp_components/cmake)
-- Found sensor_msgs: 4.9.1 (/opt/ros/humble/share/sensor_msgs/cmake)
-- Found nav_msgs: 4.9.1 (/opt/ros/humble/share/nav_msgs/cmake)
-- Found rosidl_default_generators: 1.2.1 (/opt/ros/humble/share/rosidl_default_generators/cmake)
-- Found tf2_ros: 0.25.20 (/opt/ros/humble/share/tf2_ros/cmake)
-- Found ament_cmake_ros: 0.10.0 (/opt/ros/humble/share/ament_cmake_ros/cmake)
-- Using all available rosidl_typesupport_c: rosidl_typesupport_fastrtps_c;rosidl_typesupport_introspection_c
-- Using all available rosidl_typesupport_cpp: rosidl_typesupport_fastrtps_cpp;rosidl_typesupport_introspection_cpp
-- Found python_cmake_module: 0.10.0 (/opt/ros/humble/share/python_cmake_module/cmake)
-- Using PYTHON_EXECUTABLE: /usr/bin/python3
-- Using PYTHON_INCLUDE_DIRS: /usr/include/python3.10
-- Using PYTHON_LIBRARIES: /usr/lib/x86_64-linux-gnu/libpython3.10.so
-- Configuring done
-- Generating done
-- Build files have been written to: /root/dddmr_navigation/build/dddmr_sys_core
[35m[1mConsolidate compiler generated dependencies of target dddmr_sys_core__rosidl_generator_c[0m
[  1%] Built target dddmr_sys_core__cpp
[  3%] Built target dddmr_sys_core__rs
[ 13%] Built target dddmr_sys_core__rosidl_generator_c
[ 13%] Built target ament_cmake_python_symlink_dddmr_sys_core
[35m[1mConsolidate compiler generated dependencies of target dddmr_sys_core__rosidl_typesupport_fastrtps_cpp[0m
[35m[1mConsolidate compiler generated dependencies of target dddmr_sys_core__rosidl_typesupport_introspection_cpp[0m
[35m[1mConsolidate compiler generated dependencies of target dddmr_sys_core__rosidl_typesupport_fastrtps_c[0m
[35m[1mConsolidate compiler generated dependencies of target dddmr_sys_core__rosidl_typesupport_cpp[0m
[35m[1mConsolidate compiler generated dependencies of target dddmr_sys_core__rosidl_typesupport_introspection_c[0m
[35m[1mConsolidate compiler generated dependencies of target dddmr_sys_core__rosidl_typesupport_c[0m
[ 24%] Built target dddmr_sys_core__rosidl_typesupport_fastrtps_cpp
[ 34%] Built target dddmr_sys_core__rosidl_typesupport_introspection_cpp
[ 45%] Built target dddmr_sys_core__rosidl_typesupport_introspection_c
[ 56%] Built target dddmr_sys_core__rosidl_typesupport_cpp
[ 66%] Built target dddmr_sys_core__rosidl_typesupport_fastrtps_c
[ 77%] Built target dddmr_sys_core__rosidl_typesupport_c
[35m[1mConsolidate compiler generated dependencies of target dddmr_sys_core_enum[0m
[ 77%] Built target dddmr_sys_core
[ 80%] Built target dddmr_sys_core_enum
[ 81%] Built target dddmr_sys_core__py
[35m[1mConsolidate compiler generated dependencies of target dddmr_sys_core__rosidl_generator_py[0m
[ 90%] Built target dddmr_sys_core__rosidl_generator_py
[35m[1mConsolidate compiler generated dependencies of target dddmr_sys_core__rosidl_typesupport_introspection_c__pyext[0m
[35m[1mConsolidate compiler generated dependencies of target dddmr_sys_core__rosidl_typesupport_fastrtps_c__pyext[0m
[35m[1mConsolidate compiler generated dependencies of target dddmr_sys_core__rosidl_typesupport_c__pyext[0m
[ 93%] Built target dddmr_sys_core__rosidl_typesupport_fastrtps_c__pyext
[ 96%] Built target dddmr_sys_core__rosidl_typesupport_introspection_c__pyext
[100%] Built target dddmr_sys_core__rosidl_typesupport_c__pyext
running egg_info
writing dddmr_sys_core.egg-info/PKG-INFO
writing dependency_links to dddmr_sys_core.egg-info/dependency_links.txt
writing top-level names to dddmr_sys_core.egg-info/top_level.txt
reading manifest file 'dddmr_sys_core.egg-info/SOURCES.txt'
writing manifest file 'dddmr_sys_core.egg-info/SOURCES.txt'
[100%] Built target ament_cmake_python_build_dddmr_sys_core_egg
-- Install configuration: "Release"
-- Execute custom install script
-- Symlinking: /root/dddmr_navigation/install/dddmr_sys_core/share/ament_index/resource_index/rosidl_interfaces/dddmr_sys_core
-- Symlinking: /root/dddmr_navigation/install/dddmr_sys_core/include/dddmr_sys_core/dddmr_sys_core/action/detail/get_plan__functions.h
-- Symlinking: /root/dddmr_navigation/install/dddmr_sys_core/include/dddmr_sys_core/dddmr_sys_core/action/detail/get_plan__struct.h
-- Symlinking: /root/dddmr_navigation/install/dddmr_sys_core/include/dddmr_sys_core/dddmr_sys_core/action/detail/get_plan__type_support.h
-- Symlinking: /root/dddmr_navigation/install/dddmr_sys_core/include/dddmr_sys_core/dddmr_sys_core/action/detail/p_to_p_move_base__functions.h
-- Symlinking: /root/dddmr_navigation/install/dddmr_sys_core/include/dddmr_sys_core/dddmr_sys_core/action/detail/p_to_p_move_base__struct.h
-- Symlinking: /root/dddmr_navigation/install/dddmr_sys_core/include/dddmr_sys_core/dddmr_sys_core/action/detail/p_to_p_move_base__type_support.h
-- Symlinking: /root/dddmr_navigation/install/dddmr_sys_core/include/dddmr_sys_core/dddmr_sys_core/action/detail/recovery_behaviors__functions.h
-- Symlinking: /root/dddmr_navigation/install/dddmr_sys_core/include/dddmr_sys_core/dddmr_sys_core/action/detail/recovery_behaviors__struct.h
-- Symlinking: /root/dddmr_navigation/install/dddmr_sys_core/include/dddmr_sys_core/dddmr_sys_core/action/detail/recovery_behaviors__type_support.h
-- Symlinking: /root/dddmr_navigation/install/dddmr_sys_core/include/dddmr_sys_core/dddmr_sys_core/action/detail/tag_docking__functions.h
-- Symlinking: /root/dddmr_navigation/install/dddmr_sys_core/include/dddmr_sys_core/dddmr_sys_core/action/detail/tag_docking__struct.h
-- Symlinking: /root/dddmr_navigation/install/dddmr_sys_core/include/dddmr_sys_core/dddmr_sys_core/action/detail/tag_docking__type_support.h
-- Symlinking: /root/dddmr_navigation/install/dddmr_sys_core/include/dddmr_sys_core/dddmr_sys_core/action/get_plan.h
-- Symlinking: /root/dddmr_navigation/install/dddmr_sys_core/include/dddmr_sys_core/dddmr_sys_core/action/p_to_p_move_base.h
-- Symlinking: /root/dddmr_navigation/install/dddmr_sys_core/include/dddmr_sys_core/dddmr_sys_core/action/recovery_behaviors.h
-- Symlinking: /root/dddmr_navigation/install/dddmr_sys_core/include/dddmr_sys_core/dddmr_sys_core/action/tag_docking.h
-- Symlinking: /root/dddmr_navigation/install/dddmr_sys_core/include/dddmr_sys_core/dddmr_sys_core/msg/rosidl_generator_c__visibility_control.h
-- Symlinking: /root/dddmr_navigation/install/dddmr_sys_core/include/dddmr_sys_core/dddmr_sys_core/srv/detail/get_key_frame_cloud__functions.h
-- Symlinking: /root/dddmr_navigation/install/dddmr_sys_core/include/dddmr_sys_core/dddmr_sys_core/srv/detail/get_key_frame_cloud__struct.h
-- Symlinking: /root/dddmr_navigation/install/dddmr_sys_core/include/dddmr_sys_core/dddmr_sys_core/srv/detail/get_key_frame_cloud__type_support.h
-- Symlinking: /root/dddmr_navigation/install/dddmr_sys_core/include/dddmr_sys_core/dddmr_sys_core/srv/get_key_frame_cloud.h
-- Symlinking: /root/dddmr_navigation/install/dddmr_sys_core/share/dddmr_sys_core/environment/library_path.sh
-- Symlinking: /root/dddmr_navigation/install/dddmr_sys_core/share/dddmr_sys_core/environment/library_path.dsv
-- Symlinking: /root/dddmr_navigation/install/dddmr_sys_core/include/dddmr_sys_core/dddmr_sys_core/action/detail/get_plan__rosidl_typesupport_fastrtps_c.h
-- Symlinking: /root/dddmr_navigation/install/dddmr_sys_core/include/dddmr_sys_core/dddmr_sys_core/action/detail/p_to_p_move_base__rosidl_typesupport_fastrtps_c.h
-- Symlinking: /root/dddmr_navigation/install/dddmr_sys_core/include/dddmr_sys_core/dddmr_sys_core/action/detail/recovery_behaviors__rosidl_typesupport_fastrtps_c.h
-- Symlinking: /root/dddmr_navigation/install/dddmr_sys_core/include/dddmr_sys_core/dddmr_sys_core/action/detail/tag_docking__rosidl_typesupport_fastrtps_c.h
-- Symlinking: /root/dddmr_navigation/install/dddmr_sys_core/include/dddmr_sys_core/dddmr_sys_core/msg/rosidl_typesupport_fastrtps_c__visibility_control.h
-- Symlinking: /root/dddmr_navigation/install/dddmr_sys_core/include/dddmr_sys_core/dddmr_sys_core/srv/detail/get_key_frame_cloud__rosidl_typesupport_fastrtps_c.h
-- Symlinking: /root/dddmr_navigation/install/dddmr_sys_core/include/dddmr_sys_core/dddmr_sys_core/action/detail/get_plan__builder.hpp
-- Symlinking: /root/dddmr_navigation/install/dddmr_sys_core/include/dddmr_sys_core/dddmr_sys_core/action/detail/get_plan__struct.hpp
-- Symlinking: /root/dddmr_navigation/install/dddmr_sys_core/include/dddmr_sys_core/dddmr_sys_core/action/detail/get_plan__traits.hpp
-- Symlinking: /root/dddmr_navigation/install/dddmr_sys_core/include/dddmr_sys_core/dddmr_sys_core/action/detail/get_plan__type_support.hpp
-- Symlinking: /root/dddmr_navigation/install/dddmr_sys_core/include/dddmr_sys_core/dddmr_sys_core/action/detail/p_to_p_move_base__builder.hpp
-- Symlinking: /root/dddmr_navigation/install/dddmr_sys_core/include/dddmr_sys_core/dddmr_sys_core/action/detail/p_to_p_move_base__struct.hpp
-- Symlinking: /root/dddmr_navigation/install/dddmr_sys_core/include/dddmr_sys_core/dddmr_sys_core/action/detail/p_to_p_move_base__traits.hpp
-- Symlinking: /root/dddmr_navigation/install/dddmr_sys_core/include/dddmr_sys_core/dddmr_sys_core/action/detail/p_to_p_move_base__type_support.hpp
-- Symlinking: /root/dddmr_navigation/install/dddmr_sys_core/include/dddmr_sys_core/dddmr_sys_core/action/detail/recovery_behaviors__builder.hpp
-- Symlinking: /root/dddmr_navigation/install/dddmr_sys_core/include/dddmr_sys_core/dddmr_sys_core/action/detail/recovery_behaviors__struct.hpp
-- Symlinking: /root/dddmr_navigation/install/dddmr_sys_core/include/dddmr_sys_core/dddmr_sys_core/action/detail/recovery_behaviors__traits.hpp
-- Symlinking: /root/dddmr_navigation/install/dddmr_sys_core/include/dddmr_sys_core/dddmr_sys_core/action/detail/recovery_behaviors__type_support.hpp
-- Symlinking: /root/dddmr_navigation/install/dddmr_sys_core/include/dddmr_sys_core/dddmr_sys_core/action/detail/tag_docking__builder.hpp
-- Symlinking: /root/dddmr_navigation/install/dddmr_sys_core/include/dddmr_sys_core/dddmr_sys_core/action/detail/tag_docking__struct.hpp
-- Symlinking: /root/dddmr_navigation/install/dddmr_sys_core/include/dddmr_sys_core/dddmr_sys_core/action/detail/tag_docking__traits.hpp
-- Symlinking: /root/dddmr_navigation/install/dddmr_sys_core/include/dddmr_sys_core/dddmr_sys_core/action/detail/tag_docking__type_support.hpp
-- Symlinking: /root/dddmr_navigation/install/dddmr_sys_core/include/dddmr_sys_core/dddmr_sys_core/action/get_plan.hpp
-- Symlinking: /root/dddmr_navigation/install/dddmr_sys_core/include/dddmr_sys_core/dddmr_sys_core/action/p_to_p_move_base.hpp
-- Symlinking: /root/dddmr_navigation/install/dddmr_sys_core/include/dddmr_sys_core/dddmr_sys_core/action/recovery_behaviors.hpp
-- Symlinking: /root/dddmr_navigation/install/dddmr_sys_core/include/dddmr_sys_core/dddmr_sys_core/action/tag_docking.hpp
-- Symlinking: /root/dddmr_navigation/install/dddmr_sys_core/include/dddmr_sys_core/dddmr_sys_core/msg/rosidl_generator_cpp__visibility_control.hpp
-- Symlinking: /root/dddmr_navigation/install/dddmr_sys_core/include/dddmr_sys_core/dddmr_sys_core/srv/detail/get_key_frame_cloud__builder.hpp
-- Symlinking: /root/dddmr_navigation/install/dddmr_sys_core/include/dddmr_sys_core/dddmr_sys_core/srv/detail/get_key_frame_cloud__struct.hpp
-- Symlinking: /root/dddmr_navigation/install/dddmr_sys_core/include/dddmr_sys_core/dddmr_sys_core/srv/detail/get_key_frame_cloud__traits.hpp
-- Symlinking: /root/dddmr_navigation/install/dddmr_sys_core/include/dddmr_sys_core/dddmr_sys_core/srv/detail/get_key_frame_cloud__type_support.hpp
-- Symlinking: /root/dddmr_navigation/install/dddmr_sys_core/include/dddmr_sys_core/dddmr_sys_core/srv/get_key_frame_cloud.hpp
-- Symlinking: /root/dddmr_navigation/install/dddmr_sys_core/include/dddmr_sys_core/dddmr_sys_core/action/detail/get_plan__rosidl_typesupport_fastrtps_cpp.hpp
-- Symlinking: /root/dddmr_navigation/install/dddmr_sys_core/include/dddmr_sys_core/dddmr_sys_core/action/detail/p_to_p_move_base__rosidl_typesupport_fastrtps_cpp.hpp
-- Symlinking: /root/dddmr_navigation/install/dddmr_sys_core/include/dddmr_sys_core/dddmr_sys_core/action/detail/recovery_behaviors__rosidl_typesupport_fastrtps_cpp.hpp
-- Symlinking: /root/dddmr_navigation/install/dddmr_sys_core/include/dddmr_sys_core/dddmr_sys_core/action/detail/tag_docking__rosidl_typesupport_fastrtps_cpp.hpp
-- Symlinking: /root/dddmr_navigation/install/dddmr_sys_core/include/dddmr_sys_core/dddmr_sys_core/msg/rosidl_typesupport_fastrtps_cpp__visibility_control.h
-- Symlinking: /root/dddmr_navigation/install/dddmr_sys_core/include/dddmr_sys_core/dddmr_sys_core/srv/detail/get_key_frame_cloud__rosidl_typesupport_fastrtps_cpp.hpp
-- Symlinking: /root/dddmr_navigation/install/dddmr_sys_core/include/dddmr_sys_core/dddmr_sys_core/action/detail/get_plan__rosidl_typesupport_introspection_c.h
-- Symlinking: /root/dddmr_navigation/install/dddmr_sys_core/include/dddmr_sys_core/dddmr_sys_core/action/detail/p_to_p_move_base__rosidl_typesupport_introspection_c.h
-- Symlinking: /root/dddmr_navigation/install/dddmr_sys_core/include/dddmr_sys_core/dddmr_sys_core/action/detail/recovery_behaviors__rosidl_typesupport_introspection_c.h
-- Symlinking: /root/dddmr_navigation/install/dddmr_sys_core/include/dddmr_sys_core/dddmr_sys_core/action/detail/tag_docking__rosidl_typesupport_introspection_c.h
-- Symlinking: /root/dddmr_navigation/install/dddmr_sys_core/include/dddmr_sys_core/dddmr_sys_core/msg/rosidl_typesupport_introspection_c__visibility_control.h
-- Symlinking: /root/dddmr_navigation/install/dddmr_sys_core/include/dddmr_sys_core/dddmr_sys_core/srv/detail/get_key_frame_cloud__rosidl_typesupport_introspection_c.h
-- Symlinking: /root/dddmr_navigation/install/dddmr_sys_core/include/dddmr_sys_core/dddmr_sys_core/action/detail/get_plan__rosidl_typesupport_introspection_cpp.hpp
-- Symlinking: /root/dddmr_navigation/install/dddmr_sys_core/include/dddmr_sys_core/dddmr_sys_core/action/detail/p_to_p_move_base__rosidl_typesupport_introspection_cpp.hpp
-- Symlinking: /root/dddmr_navigation/install/dddmr_sys_core/include/dddmr_sys_core/dddmr_sys_core/action/detail/recovery_behaviors__rosidl_typesupport_introspection_cpp.hpp
-- Symlinking: /root/dddmr_navigation/install/dddmr_sys_core/include/dddmr_sys_core/dddmr_sys_core/action/detail/tag_docking__rosidl_typesupport_introspection_cpp.hpp
-- Symlinking: /root/dddmr_navigation/install/dddmr_sys_core/include/dddmr_sys_core/dddmr_sys_core/srv/detail/get_key_frame_cloud__rosidl_typesupport_introspection_cpp.hpp
-- Symlinking: /root/dddmr_navigation/install/dddmr_sys_core/share/dddmr_sys_core/environment/pythonpath.sh
-- Symlinking: /root/dddmr_navigation/install/dddmr_sys_core/share/dddmr_sys_core/environment/pythonpath.dsv
-- Symlinking: /root/dddmr_navigation/install/dddmr_sys_core/local/lib/python3.10/dist-packages/dddmr_sys_core-1.0.0-py3.10.egg-info/PKG-INFO
-- Symlinking: /root/dddmr_navigation/install/dddmr_sys_core/local/lib/python3.10/dist-packages/dddmr_sys_core-1.0.0-py3.10.egg-info/SOURCES.txt
-- Symlinking: /root/dddmr_navigation/install/dddmr_sys_core/local/lib/python3.10/dist-packages/dddmr_sys_core-1.0.0-py3.10.egg-info/dependency_links.txt
-- Symlinking: /root/dddmr_navigation/install/dddmr_sys_core/local/lib/python3.10/dist-packages/dddmr_sys_core-1.0.0-py3.10.egg-info/top_level.txt
-- Symlinking: /root/dddmr_navigation/install/dddmr_sys_core/local/lib/python3.10/dist-packages/dddmr_sys_core/__init__.py
-- Symlinking: /root/dddmr_navigation/install/dddmr_sys_core/local/lib/python3.10/dist-packages/dddmr_sys_core/_dddmr_sys_core_s.ep.rosidl_typesupport_c.c
-- Symlinking: /root/dddmr_navigation/install/dddmr_sys_core/local/lib/python3.10/dist-packages/dddmr_sys_core/_dddmr_sys_core_s.ep.rosidl_typesupport_fastrtps_c.c
-- Symlinking: /root/dddmr_navigation/install/dddmr_sys_core/local/lib/python3.10/dist-packages/dddmr_sys_core/_dddmr_sys_core_s.ep.rosidl_typesupport_introspection_c.c
-- Symlinking: /root/dddmr_navigation/install/dddmr_sys_core/local/lib/python3.10/dist-packages/dddmr_sys_core/action/__init__.py
-- Symlinking: /root/dddmr_navigation/install/dddmr_sys_core/local/lib/python3.10/dist-packages/dddmr_sys_core/action/_get_plan.py
-- Symlinking: /root/dddmr_navigation/install/dddmr_sys_core/local/lib/python3.10/dist-packages/dddmr_sys_core/action/_get_plan_s.c
-- Symlinking: /root/dddmr_navigation/install/dddmr_sys_core/local/lib/python3.10/dist-packages/dddmr_sys_core/action/_p_to_p_move_base.py
-- Symlinking: /root/dddmr_navigation/install/dddmr_sys_core/local/lib/python3.10/dist-packages/dddmr_sys_core/action/_p_to_p_move_base_s.c
-- Symlinking: /root/dddmr_navigation/install/dddmr_sys_core/local/lib/python3.10/dist-packages/dddmr_sys_core/action/_recovery_behaviors.py
-- Symlinking: /root/dddmr_navigation/install/dddmr_sys_core/local/lib/python3.10/dist-packages/dddmr_sys_core/action/_recovery_behaviors_s.c
-- Symlinking: /root/dddmr_navigation/install/dddmr_sys_core/local/lib/python3.10/dist-packages/dddmr_sys_core/action/_tag_docking.py
-- Symlinking: /root/dddmr_navigation/install/dddmr_sys_core/local/lib/python3.10/dist-packages/dddmr_sys_core/action/_tag_docking_s.c
-- Symlinking: /root/dddmr_navigation/install/dddmr_sys_core/local/lib/python3.10/dist-packages/dddmr_sys_core/dddmr_sys_core_s__rosidl_typesupport_c.cpython-310-x86_64-linux-gnu.so
-- Symlinking: /root/dddmr_navigation/install/dddmr_sys_core/local/lib/python3.10/dist-packages/dddmr_sys_core/dddmr_sys_core_s__rosidl_typesupport_fastrtps_c.cpython-310-x86_64-linux-gnu.so
-- Symlinking: /root/dddmr_navigation/install/dddmr_sys_core/local/lib/python3.10/dist-packages/dddmr_sys_core/dddmr_sys_core_s__rosidl_typesupport_introspection_c.cpython-310-x86_64-linux-gnu.so
-- Symlinking: /root/dddmr_navigation/install/dddmr_sys_core/local/lib/python3.10/dist-packages/dddmr_sys_core/libdddmr_sys_core__rosidl_generator_py.so
-- Symlinking: /root/dddmr_navigation/install/dddmr_sys_core/local/lib/python3.10/dist-packages/dddmr_sys_core/srv/__init__.py
-- Symlinking: /root/dddmr_navigation/install/dddmr_sys_core/local/lib/python3.10/dist-packages/dddmr_sys_core/srv/_get_key_frame_cloud.py
-- Symlinking: /root/dddmr_navigation/install/dddmr_sys_core/local/lib/python3.10/dist-packages/dddmr_sys_core/srv/_get_key_frame_cloud_s.c
-- Up-to-date symlink: /root/dddmr_navigation/install/dddmr_sys_core/local/lib/python3.10/dist-packages/dddmr_sys_core/dddmr_sys_core_s__rosidl_typesupport_fastrtps_c.cpython-310-x86_64-linux-gnu.so
-- Up-to-date symlink: /root/dddmr_navigation/install/dddmr_sys_core/local/lib/python3.10/dist-packages/dddmr_sys_core/dddmr_sys_core_s__rosidl_typesupport_introspection_c.cpython-310-x86_64-linux-gnu.so
-- Up-to-date symlink: /root/dddmr_navigation/install/dddmr_sys_core/local/lib/python3.10/dist-packages/dddmr_sys_core/dddmr_sys_core_s__rosidl_typesupport_c.cpython-310-x86_64-linux-gnu.so
-- Symlinking: /root/dddmr_navigation/install/dddmr_sys_core/share/ament_index/resource_index/rust_packages/dddmr_sys_core
-- Symlinking: /root/dddmr_navigation/install/dddmr_sys_core/share/dddmr_sys_core/rust/Cargo.toml
-- Symlinking: /root/dddmr_navigation/install/dddmr_sys_core/share/dddmr_sys_core/rust/build.rs
-- Symlinking: /root/dddmr_navigation/install/dddmr_sys_core/share/dddmr_sys_core/rust/src/action.rs
-- Symlinking: /root/dddmr_navigation/install/dddmr_sys_core/share/dddmr_sys_core/rust/src/action/rmw.rs
-- Symlinking: /root/dddmr_navigation/install/dddmr_sys_core/share/dddmr_sys_core/rust/src/lib.rs
-- Symlinking: /root/dddmr_navigation/install/dddmr_sys_core/share/dddmr_sys_core/rust/src/srv.rs
-- Symlinking: /root/dddmr_navigation/install/dddmr_sys_core/share/dddmr_sys_core/rust/src/srv/rmw.rs
-- Symlinking: /root/dddmr_navigation/install/dddmr_sys_core/share/dddmr_sys_core/action/PToPMoveBase.idl
-- Symlinking: /root/dddmr_navigation/install/dddmr_sys_core/share/dddmr_sys_core/action/GetPlan.idl
-- Symlinking: /root/dddmr_navigation/install/dddmr_sys_core/share/dddmr_sys_core/action/RecoveryBehaviors.idl
-- Symlinking: /root/dddmr_navigation/install/dddmr_sys_core/share/dddmr_sys_core/action/TagDocking.idl
-- Symlinking: /root/dddmr_navigation/install/dddmr_sys_core/share/dddmr_sys_core/srv/GetKeyFrameCloud.idl
-- Symlinking: /root/dddmr_navigation/install/dddmr_sys_core/share/dddmr_sys_core/action/PToPMoveBase.action
-- Symlinking: /root/dddmr_navigation/install/dddmr_sys_core/share/dddmr_sys_core/action/GetPlan.action
-- Symlinking: /root/dddmr_navigation/install/dddmr_sys_core/share/dddmr_sys_core/action/RecoveryBehaviors.action
-- Symlinking: /root/dddmr_navigation/install/dddmr_sys_core/share/dddmr_sys_core/action/TagDocking.action
-- Symlinking: /root/dddmr_navigation/install/dddmr_sys_core/share/dddmr_sys_core/srv/GetKeyFrameCloud.srv
-- Symlinking: /root/dddmr_navigation/install/dddmr_sys_core/share/dddmr_sys_core/srv/GetKeyFrameCloud_Request.msg
-- Symlinking: /root/dddmr_navigation/install/dddmr_sys_core/share/dddmr_sys_core/srv/GetKeyFrameCloud_Response.msg
-- Symlinking: /root/dddmr_navigation/install/dddmr_sys_core/lib/libdddmr_sys_core_enum.so
-- Symlinking: /root/dddmr_navigation/install/dddmr_sys_core/include//dddmr_sys_core/base_p2p_local_planner.h
-- Symlinking: /root/dddmr_navigation/install/dddmr_sys_core/include//dddmr_sys_core/dddmr_enum_states.h
-- Symlinking: /root/dddmr_navigation/install/dddmr_sys_core/share/ament_index/resource_index/package_run_dependencies/dddmr_sys_core
-- Symlinking: /root/dddmr_navigation/install/dddmr_sys_core/share/ament_index/resource_index/parent_prefix_path/dddmr_sys_core
-- Symlinking: /root/dddmr_navigation/install/dddmr_sys_core/share/dddmr_sys_core/environment/ament_prefix_path.sh
-- Symlinking: /root/dddmr_navigation/install/dddmr_sys_core/share/dddmr_sys_core/environment/ament_prefix_path.dsv
-- Symlinking: /root/dddmr_navigation/install/dddmr_sys_core/share/dddmr_sys_core/environment/path.sh
-- Symlinking: /root/dddmr_navigation/install/dddmr_sys_core/share/dddmr_sys_core/environment/path.dsv
-- Symlinking: /root/dddmr_navigation/install/dddmr_sys_core/share/dddmr_sys_core/local_setup.bash
-- Symlinking: /root/dddmr_navigation/install/dddmr_sys_core/share/dddmr_sys_core/local_setup.sh
-- Symlinking: /root/dddmr_navigation/install/dddmr_sys_core/share/dddmr_sys_core/local_setup.zsh
-- Symlinking: /root/dddmr_navigation/install/dddmr_sys_core/share/dddmr_sys_core/local_setup.dsv
-- Symlinking: /root/dddmr_navigation/install/dddmr_sys_core/share/dddmr_sys_core/package.dsv
-- Symlinking: /root/dddmr_navigation/install/dddmr_sys_core/share/ament_index/resource_index/packages/dddmr_sys_core
-- Symlinking: /root/dddmr_navigation/install/dddmr_sys_core/share/dddmr_sys_core/cmake/rosidl_cmake-extras.cmake
-- Symlinking: /root/dddmr_navigation/install/dddmr_sys_core/share/dddmr_sys_core/cmake/ament_cmake_export_dependencies-extras.cmake
-- Symlinking: /root/dddmr_navigation/install/dddmr_sys_core/share/dddmr_sys_core/cmake/ament_cmake_export_include_directories-extras.cmake
-- Symlinking: /root/dddmr_navigation/install/dddmr_sys_core/share/dddmr_sys_core/cmake/ament_cmake_export_libraries-extras.cmake
-- Symlinking: /root/dddmr_navigation/install/dddmr_sys_core/share/dddmr_sys_core/cmake/ament_cmake_export_targets-extras.cmake
-- Symlinking: /root/dddmr_navigation/install/dddmr_sys_core/share/dddmr_sys_core/cmake/rosidl_cmake_export_typesupport_targets-extras.cmake
-- Symlinking: /root/dddmr_navigation/install/dddmr_sys_core/share/dddmr_sys_core/cmake/rosidl_cmake_export_typesupport_libraries-extras.cmake
-- Symlinking: /root/dddmr_navigation/install/dddmr_sys_core/share/dddmr_sys_core/cmake/dddmr_sys_coreConfig.cmake
-- Symlinking: /root/dddmr_navigation/install/dddmr_sys_core/share/dddmr_sys_core/cmake/dddmr_sys_coreConfig-version.cmake
-- Symlinking: /root/dddmr_navigation/install/dddmr_sys_core/share/dddmr_sys_core/package.xml
-- Installing: /root/dddmr_navigation/install/dddmr_sys_core/lib/libdddmr_sys_core__rosidl_generator_c.so
-- Set runtime path of "/root/dddmr_navigation/install/dddmr_sys_core/lib/libdddmr_sys_core__rosidl_generator_c.so" to ""
-- Installing: /root/dddmr_navigation/install/dddmr_sys_core/lib/libdddmr_sys_core__rosidl_typesupport_fastrtps_c.so
-- Set runtime path of "/root/dddmr_navigation/install/dddmr_sys_core/lib/libdddmr_sys_core__rosidl_typesupport_fastrtps_c.so" to ""
-- Installing: /root/dddmr_navigation/install/dddmr_sys_core/lib/libdddmr_sys_core__rosidl_typesupport_fastrtps_cpp.so
-- Set runtime path of "/root/dddmr_navigation/install/dddmr_sys_core/lib/libdddmr_sys_core__rosidl_typesupport_fastrtps_cpp.so" to ""
-- Installing: /root/dddmr_navigation/install/dddmr_sys_core/lib/libdddmr_sys_core__rosidl_typesupport_introspection_c.so
-- Set runtime path of "/root/dddmr_navigation/install/dddmr_sys_core/lib/libdddmr_sys_core__rosidl_typesupport_introspection_c.so" to ""
-- Installing: /root/dddmr_navigation/install/dddmr_sys_core/lib/libdddmr_sys_core__rosidl_typesupport_c.so
-- Set runtime path of "/root/dddmr_navigation/install/dddmr_sys_core/lib/libdddmr_sys_core__rosidl_typesupport_c.so" to ""
-- Installing: /root/dddmr_navigation/install/dddmr_sys_core/lib/libdddmr_sys_core__rosidl_typesupport_introspection_cpp.so
-- Set runtime path of "/root/dddmr_navigation/install/dddmr_sys_core/lib/libdddmr_sys_core__rosidl_typesupport_introspection_cpp.so" to ""
-- Installing: /root/dddmr_navigation/install/dddmr_sys_core/lib/libdddmr_sys_core__rosidl_typesupport_cpp.so
-- Set runtime path of "/root/dddmr_navigation/install/dddmr_sys_core/lib/libdddmr_sys_core__rosidl_typesupport_cpp.so" to ""
Listing '/root/dddmr_navigation/install/dddmr_sys_core/local/lib/python3.10/dist-packages/dddmr_sys_core'...
Compiling '/root/dddmr_navigation/install/dddmr_sys_core/local/lib/python3.10/dist-packages/dddmr_sys_core/__init__.py'...
Listing '/root/dddmr_navigation/install/dddmr_sys_core/local/lib/python3.10/dist-packages/dddmr_sys_core/action'...
Compiling '/root/dddmr_navigation/install/dddmr_sys_core/local/lib/python3.10/dist-packages/dddmr_sys_core/action/__init__.py'...
Compiling '/root/dddmr_navigation/install/dddmr_sys_core/local/lib/python3.10/dist-packages/dddmr_sys_core/action/_get_plan.py'...
Compiling '/root/dddmr_navigation/install/dddmr_sys_core/local/lib/python3.10/dist-packages/dddmr_sys_core/action/_p_to_p_move_base.py'...
Compiling '/root/dddmr_navigation/install/dddmr_sys_core/local/lib/python3.10/dist-packages/dddmr_sys_core/action/_recovery_behaviors.py'...
Compiling '/root/dddmr_navigation/install/dddmr_sys_core/local/lib/python3.10/dist-packages/dddmr_sys_core/action/_tag_docking.py'...
Listing '/root/dddmr_navigation/install/dddmr_sys_core/local/lib/python3.10/dist-packages/dddmr_sys_core/srv'...
Compiling '/root/dddmr_navigation/install/dddmr_sys_core/local/lib/python3.10/dist-packages/dddmr_sys_core/srv/__init__.py'...
Compiling '/root/dddmr_navigation/install/dddmr_sys_core/local/lib/python3.10/dist-packages/dddmr_sys_core/srv/_get_key_frame_cloud.py'...
-- Installing: /root/dddmr_navigation/install/dddmr_sys_core/lib/libdddmr_sys_core__rosidl_generator_py.so
-- Set runtime path of "/root/dddmr_navigation/install/dddmr_sys_core/lib/libdddmr_sys_core__rosidl_generator_py.so" to ""
-- Installing: /root/dddmr_navigation/install/dddmr_sys_core/share/dddmr_sys_core/cmake/export_dddmr_sys_core__rosidl_generator_cExport.cmake
-- Installing: /root/dddmr_navigation/install/dddmr_sys_core/share/dddmr_sys_core/cmake/export_dddmr_sys_core__rosidl_generator_cExport-release.cmake
-- Installing: /root/dddmr_navigation/install/dddmr_sys_core/share/dddmr_sys_core/cmake/export_dddmr_sys_core__rosidl_typesupport_fastrtps_cExport.cmake
-- Installing: /root/dddmr_navigation/install/dddmr_sys_core/share/dddmr_sys_core/cmake/export_dddmr_sys_core__rosidl_typesupport_fastrtps_cExport-release.cmake
-- Installing: /root/dddmr_navigation/install/dddmr_sys_core/share/dddmr_sys_core/cmake/export_dddmr_sys_core__rosidl_generator_cppExport.cmake
-- Installing: /root/dddmr_navigation/install/dddmr_sys_core/share/dddmr_sys_core/cmake/export_dddmr_sys_core__rosidl_typesupport_fastrtps_cppExport.cmake
-- Installing: /root/dddmr_navigation/install/dddmr_sys_core/share/dddmr_sys_core/cmake/export_dddmr_sys_core__rosidl_typesupport_fastrtps_cppExport-release.cmake
-- Installing: /root/dddmr_navigation/install/dddmr_sys_core/share/dddmr_sys_core/cmake/dddmr_sys_core__rosidl_typesupport_introspection_cExport.cmake
-- Installing: /root/dddmr_navigation/install/dddmr_sys_core/share/dddmr_sys_core/cmake/dddmr_sys_core__rosidl_typesupport_introspection_cExport-release.cmake
-- Installing: /root/dddmr_navigation/install/dddmr_sys_core/share/dddmr_sys_core/cmake/dddmr_sys_core__rosidl_typesupport_cExport.cmake
-- Installing: /root/dddmr_navigation/install/dddmr_sys_core/share/dddmr_sys_core/cmake/dddmr_sys_core__rosidl_typesupport_cExport-release.cmake
-- Installing: /root/dddmr_navigation/install/dddmr_sys_core/share/dddmr_sys_core/cmake/dddmr_sys_core__rosidl_typesupport_introspection_cppExport.cmake
-- Installing: /root/dddmr_navigation/install/dddmr_sys_core/share/dddmr_sys_core/cmake/dddmr_sys_core__rosidl_typesupport_introspection_cppExport-release.cmake
-- Installing: /root/dddmr_navigation/install/dddmr_sys_core/share/dddmr_sys_core/cmake/dddmr_sys_core__rosidl_typesupport_cppExport.cmake
-- Installing: /root/dddmr_navigation/install/dddmr_sys_core/share/dddmr_sys_core/cmake/dddmr_sys_core__rosidl_typesupport_cppExport-release.cmake
-- Installing: /root/dddmr_navigation/install/dddmr_sys_core/share/dddmr_sys_core/cmake/export_dddmr_sys_core__rosidl_generator_pyExport.cmake
-- Installing: /root/dddmr_navigation/install/dddmr_sys_core/share/dddmr_sys_core/cmake/export_dddmr_sys_core__rosidl_generator_pyExport-release.cmake
