[0.031s] Invoking command in '/root/dddmr_navigation/build/fast_lio': CMAKE_PREFIX_PATH=/opt/ros/humble /usr/bin/cmake /root/dddmr_navigation/src/FAST_LIO -DCMAKE_BUILD_TYPE=Release -DAMENT_CMAKE_SYMLINK_INSTALL=1 -DCMAKE_INSTALL_PREFIX=/root/dddmr_navigation/install/fast_lio
[0.076s] -- The C compiler identification is GNU 13.4.0
[0.124s] -- The CXX compiler identification is GNU 13.4.0
[0.130s] -- Detecting C compiler ABI info
[0.194s] -- Detecting C compiler ABI info - done
[0.204s] -- Check for working C compiler: /usr/bin/cc - skipped
[0.204s] -- Detecting C compile features
[0.204s] -- Detecting C compile features - done
[0.210s] -- Detecting CXX compiler ABI info
[0.301s] -- Detecting CXX compiler ABI info - done
[0.309s] -- Check for working CXX compiler: /usr/bin/c++ - skipped
[0.309s] -- Detecting CXX compile features
[0.310s] -- Detecting CXX compile features - done
[0.310s] [0mCurrent CPU archtecture: x86_64[0m
[0.314s] [0mProcesser number:  28[0m
[0.314s] [0mcore for MP: 3[0m
[0.689s] -- Found PythonLibs: /usr/lib/x86_64-linux-gnu/libpython3.10.so (found version "3.10.12") 
[0.691s] -- Found ament_cmake: 1.3.14 (/opt/ros/humble/share/ament_cmake/cmake)
[0.846s] -- Found Python3: /usr/bin/python3 (found version "3.10.12") found components: Interpreter 
[0.932s] -- Override CMake install command with custom implementation using symlinks instead of copying resources
[0.964s] -- Found rclcpp: 16.0.19 (/opt/ros/humble/share/rclcpp/cmake)
[1.003s] -- Found rosidl_generator_c: 3.1.8 (/opt/ros/humble/share/rosidl_generator_c/cmake)
[1.009s] -- Found rosidl_adapter: 3.1.8 (/opt/ros/humble/share/rosidl_adapter/cmake)
[1.018s] -- Found rosidl_generator_cpp: 3.1.8 (/opt/ros/humble/share/rosidl_generator_cpp/cmake)
[1.035s] -- Using all available rosidl_typesupport_c: rosidl_typesupport_fastrtps_c;rosidl_typesupport_introspection_c
[1.056s] -- Using all available rosidl_typesupport_cpp: rosidl_typesupport_fastrtps_cpp;rosidl_typesupport_introspection_cpp
[1.120s] -- Found rmw_implementation_cmake: 6.1.2 (/opt/ros/humble/share/rmw_implementation_cmake/cmake)
[1.123s] -- Found rmw_fastrtps_cpp: 6.2.10 (/opt/ros/humble/share/rmw_fastrtps_cpp/cmake)
[1.225s] -- Found OpenSSL: /usr/lib/x86_64-linux-gnu/libcrypto.so (found version "3.0.2")  
[1.254s] -- Found FastRTPS: /opt/ros/humble/include  
[1.306s] -- Using RMW implementation 'rmw_fastrtps_cpp' as default
[1.317s] -- Looking for pthread.h
[1.394s] -- Looking for pthread.h - found
[1.395s] -- Performing Test CMAKE_HAVE_LIBC_PTHREAD
[1.469s] -- Performing Test CMAKE_HAVE_LIBC_PTHREAD - Success
[1.471s] -- Found Threads: TRUE  
[1.533s] -- Found rclcpp_components: 16.0.19 (/opt/ros/humble/share/rclcpp_components/cmake)
[1.568s] -- Found geometry_msgs: 4.9.1 (/opt/ros/humble/share/geometry_msgs/cmake)
[1.589s] -- Found nav_msgs: 4.9.1 (/opt/ros/humble/share/nav_msgs/cmake)
[1.616s] -- Found sensor_msgs: 4.9.1 (/opt/ros/humble/share/sensor_msgs/cmake)
[1.645s] -- Found std_srvs: 4.9.1 (/opt/ros/humble/share/std_srvs/cmake)
[1.662s] -- Found visualization_msgs: 4.9.1 (/opt/ros/humble/share/visualization_msgs/cmake)
[1.704s] [31mCMake Error at CMakeLists.txt:60 (find_package):
[1.704s]   By not providing "Findpcl_ros.cmake" in CMAKE_MODULE_PATH this project has
[1.704s]   asked CMake to find a package configuration file provided by "pcl_ros", but
[1.704s]   CMake did not find one.
[1.704s] 
[1.705s]   Could not find a package configuration file provided by "pcl_ros" with any
[1.705s]   of the following names:
[1.705s] 
[1.705s]     pcl_rosConfig.cmake
[1.705s]     pcl_ros-config.cmake
[1.705s] 
[1.705s]   Add the installation prefix of "pcl_ros" to CMAKE_PREFIX_PATH or set
[1.705s]   "pcl_ros_DIR" to a directory containing one of the above files.  If
[1.705s]   "pcl_ros" provides a separate development package or SDK, be sure it has
[1.706s]   been installed.
[1.706s] 
[1.706s] [0m
[1.706s] -- Configuring incomplete, errors occurred!
[1.706s] See also "/root/dddmr_navigation/build/fast_lio/CMakeFiles/CMakeOutput.log".
[1.717s] Invoked command in '/root/dddmr_navigation/build/fast_lio' returned '1': CMAKE_PREFIX_PATH=/opt/ros/humble /usr/bin/cmake /root/dddmr_navigation/src/FAST_LIO -DCMAKE_BUILD_TYPE=Release -DAMENT_CMAKE_SYMLINK_INSTALL=1 -DCMAKE_INSTALL_PREFIX=/root/dddmr_navigation/install/fast_lio
