[0.030s] Invoking command in '/root/dddmr_navigation/build/dddmr_fastlio_adapter': CMAKE_PREFIX_PATH=/opt/ros/humble /usr/bin/cmake --build /root/dddmr_navigation/build/dddmr_fastlio_adapter -- -j28 -l28
[0.178s] [100%] Built target fastlio_dddmr_adapter_node
[0.197s] Invoked command in '/root/dddmr_navigation/build/dddmr_fastlio_adapter' returned '0': CMAKE_PREFIX_PATH=/opt/ros/humble /usr/bin/cmake --build /root/dddmr_navigation/build/dddmr_fastlio_adapter -- -j28 -l28
[0.198s] Invoking command in '/root/dddmr_navigation/build/dddmr_fastlio_adapter': CMAKE_PREFIX_PATH=/opt/ros/humble /usr/bin/cmake --install /root/dddmr_navigation/build/dddmr_fastlio_adapter
[0.211s] -- Install configuration: "Release"
[0.212s] -- Execute custom install script
[0.212s] -- Up-to-date symlink: /root/dddmr_navigation/install/dddmr_fastlio_adapter/lib/dddmr_fastlio_adapter/fastlio_dddmr_adapter_node
[0.213s] -- Up-to-date symlink: /root/dddmr_navigation/install/dddmr_fastlio_adapter/share/dddmr_fastlio_adapter/config/livox_mid360_dddmr_adapter.yaml
[0.213s] -- Up-to-date symlink: /root/dddmr_navigation/install/dddmr_fastlio_adapter/share/ament_index/resource_index/package_run_dependencies/dddmr_fastlio_adapter
[0.213s] -- Up-to-date symlink: /root/dddmr_navigation/install/dddmr_fastlio_adapter/share/ament_index/resource_index/parent_prefix_path/dddmr_fastlio_adapter
[0.213s] -- Up-to-date symlink: /root/dddmr_navigation/install/dddmr_fastlio_adapter/share/dddmr_fastlio_adapter/environment/ament_prefix_path.sh
[0.214s] -- Up-to-date symlink: /root/dddmr_navigation/install/dddmr_fastlio_adapter/share/dddmr_fastlio_adapter/environment/ament_prefix_path.dsv
[0.214s] -- Up-to-date symlink: /root/dddmr_navigation/install/dddmr_fastlio_adapter/share/dddmr_fastlio_adapter/environment/path.sh
[0.214s] -- Up-to-date symlink: /root/dddmr_navigation/install/dddmr_fastlio_adapter/share/dddmr_fastlio_adapter/environment/path.dsv
[0.214s] -- Up-to-date symlink: /root/dddmr_navigation/install/dddmr_fastlio_adapter/share/dddmr_fastlio_adapter/local_setup.bash
[0.214s] -- Up-to-date symlink: /root/dddmr_navigation/install/dddmr_fastlio_adapter/share/dddmr_fastlio_adapter/local_setup.sh
[0.215s] -- Up-to-date symlink: /root/dddmr_navigation/install/dddmr_fastlio_adapter/share/dddmr_fastlio_adapter/local_setup.zsh
[0.215s] -- Up-to-date symlink: /root/dddmr_navigation/install/dddmr_fastlio_adapter/share/dddmr_fastlio_adapter/local_setup.dsv
[0.215s] -- Symlinking: /root/dddmr_navigation/install/dddmr_fastlio_adapter/share/dddmr_fastlio_adapter/package.dsv
[0.216s] -- Up-to-date symlink: /root/dddmr_navigation/install/dddmr_fastlio_adapter/share/ament_index/resource_index/packages/dddmr_fastlio_adapter
[0.216s] -- Up-to-date symlink: /root/dddmr_navigation/install/dddmr_fastlio_adapter/share/dddmr_fastlio_adapter/cmake/ament_cmake_export_dependencies-extras.cmake
[0.216s] -- Up-to-date symlink: /root/dddmr_navigation/install/dddmr_fastlio_adapter/share/dddmr_fastlio_adapter/cmake/dddmr_fastlio_adapterConfig.cmake
[0.216s] -- Up-to-date symlink: /root/dddmr_navigation/install/dddmr_fastlio_adapter/share/dddmr_fastlio_adapter/cmake/dddmr_fastlio_adapterConfig-version.cmake
[0.216s] -- Up-to-date symlink: /root/dddmr_navigation/install/dddmr_fastlio_adapter/share/dddmr_fastlio_adapter/package.xml
[0.277s] Invoked command in '/root/dddmr_navigation/build/dddmr_fastlio_adapter' returned '0': CMAKE_PREFIX_PATH=/opt/ros/humble /usr/bin/cmake --install /root/dddmr_navigation/build/dddmr_fastlio_adapter
