[0.007s] Invoking command in '/ws_gz/build/champ_base': AMENT_PREFIX_PATH=/ws_gz/install/champ_msgs:/ws_gz/install/champ:${AMENT_PREFIX_PATH} CMAKE_PREFIX_PATH=/ws_gz/install/champ_msgs:/ws_gz/install/champ:/opt/ros/humble LD_LIBRARY_PATH=/ws_gz/install/champ_msgs/lib:${LD_LIBRARY_PATH} PYTHONPATH=/ws_gz/install/champ_msgs/local/lib/python3.10/dist-packages:${PYTHONPATH} /usr/bin/cmake --build /ws_gz/build/champ_base -- -j32 -l32
[0.040s] [35m[1mConsolidate compiler generated dependencies of target state_estimation[0m
[0.041s] [35m[1mConsolidate compiler generated dependencies of target message_relay[0m
[0.041s] [35m[1mConsolidate compiler generated dependencies of target quadruped_controller[0m
[0.061s] [ 50%] Built target quadruped_controller
[0.062s] [ 50%] Built target message_relay
[0.062s] [ 50%] Built target state_estimation
[0.070s] [35m[1mConsolidate compiler generated dependencies of target message_relay_node[0m
[0.070s] [35m[1mConsolidate compiler generated dependencies of target quadruped_controller_node[0m
[0.070s] [35m[1mConsolidate compiler generated dependencies of target state_estimation_node[0m
[0.084s] [100%] Built target message_relay_node
[0.084s] [100%] Built target state_estimation_node
[0.084s] [100%] Built target quadruped_controller_node
[0.091s] Invoked command in '/ws_gz/build/champ_base' returned '0': AMENT_PREFIX_PATH=/ws_gz/install/champ_msgs:/ws_gz/install/champ:${AMENT_PREFIX_PATH} CMAKE_PREFIX_PATH=/ws_gz/install/champ_msgs:/ws_gz/install/champ:/opt/ros/humble LD_LIBRARY_PATH=/ws_gz/install/champ_msgs/lib:${LD_LIBRARY_PATH} PYTHONPATH=/ws_gz/install/champ_msgs/local/lib/python3.10/dist-packages:${PYTHONPATH} /usr/bin/cmake --build /ws_gz/build/champ_base -- -j32 -l32
[0.092s] Invoking command in '/ws_gz/build/champ_base': AMENT_PREFIX_PATH=/ws_gz/install/champ_msgs:/ws_gz/install/champ:${AMENT_PREFIX_PATH} CMAKE_PREFIX_PATH=/ws_gz/install/champ_msgs:/ws_gz/install/champ:/opt/ros/humble LD_LIBRARY_PATH=/ws_gz/install/champ_msgs/lib:${LD_LIBRARY_PATH} PYTHONPATH=/ws_gz/install/champ_msgs/local/lib/python3.10/dist-packages:${PYTHONPATH} /usr/bin/cmake --install /ws_gz/build/champ_base
[0.098s] -- Install configuration: "Release"
[0.098s] -- Execute custom install script
[0.098s] -- Up-to-date symlink: /ws_gz/install/champ_base/share/champ_base/config/ekf/base_to_footprint.yaml
[0.098s] -- Up-to-date symlink: /ws_gz/install/champ_base/share/champ_base/config/ekf/footprint_to_odom.yaml
[0.098s] -- Up-to-date symlink: /ws_gz/install/champ_base/share/champ_base/config/velocity_smoother/velocity_smoother.yaml
[0.099s] -- Up-to-date symlink: /ws_gz/install/champ_base/lib/libquadruped_controller.so
[0.099s] -- Up-to-date symlink: /ws_gz/install/champ_base/bin/quadruped_controller_node
[0.099s] -- Up-to-date symlink: /ws_gz/install/champ_base/lib/libmessage_relay.so
[0.099s] -- Up-to-date symlink: /ws_gz/install/champ_base/bin/message_relay_node
[0.099s] -- Up-to-date symlink: /ws_gz/install/champ_base/lib/libstate_estimation.so
[0.099s] -- Up-to-date symlink: /ws_gz/install/champ_base/bin/state_estimation_node
[0.099s] -- Up-to-date symlink: /ws_gz/install/champ_base/lib/champ_base/quadruped_controller_node
[0.099s] -- Up-to-date symlink: /ws_gz/install/champ_base/lib/champ_base/message_relay_node
[0.100s] -- Up-to-date symlink: /ws_gz/install/champ_base/lib/champ_base/state_estimation_node
[0.100s] -- Up-to-date symlink: /ws_gz/install/champ_base/share/ament_index/resource_index/package_run_dependencies/champ_base
[0.100s] -- Up-to-date symlink: /ws_gz/install/champ_base/share/ament_index/resource_index/parent_prefix_path/champ_base
[0.100s] -- Up-to-date symlink: /ws_gz/install/champ_base/share/champ_base/environment/ament_prefix_path.sh
[0.100s] -- Up-to-date symlink: /ws_gz/install/champ_base/share/champ_base/environment/ament_prefix_path.dsv
[0.100s] -- Up-to-date symlink: /ws_gz/install/champ_base/share/champ_base/environment/path.sh
[0.100s] -- Up-to-date symlink: /ws_gz/install/champ_base/share/champ_base/environment/path.dsv
[0.100s] -- Up-to-date symlink: /ws_gz/install/champ_base/share/champ_base/local_setup.bash
[0.100s] -- Up-to-date symlink: /ws_gz/install/champ_base/share/champ_base/local_setup.sh
[0.100s] -- Up-to-date symlink: /ws_gz/install/champ_base/share/champ_base/local_setup.zsh
[0.101s] -- Up-to-date symlink: /ws_gz/install/champ_base/share/champ_base/local_setup.dsv
[0.101s] -- Symlinking: /ws_gz/install/champ_base/share/champ_base/package.dsv
[0.106s] -- Up-to-date symlink: /ws_gz/install/champ_base/share/ament_index/resource_index/packages/champ_base
[0.106s] -- Up-to-date symlink: /ws_gz/install/champ_base/share/champ_base/cmake/ament_cmake_export_include_directories-extras.cmake
[0.107s] -- Up-to-date symlink: /ws_gz/install/champ_base/share/champ_base/cmake/ament_cmake_export_dependencies-extras.cmake
[0.107s] -- Up-to-date symlink: /ws_gz/install/champ_base/share/champ_base/cmake/champ_baseConfig.cmake
[0.107s] -- Up-to-date symlink: /ws_gz/install/champ_base/share/champ_base/cmake/champ_baseConfig-version.cmake
[0.107s] -- Up-to-date symlink: /ws_gz/install/champ_base/share/champ_base/package.xml
[0.108s] Invoked command in '/ws_gz/build/champ_base' returned '0': AMENT_PREFIX_PATH=/ws_gz/install/champ_msgs:/ws_gz/install/champ:${AMENT_PREFIX_PATH} CMAKE_PREFIX_PATH=/ws_gz/install/champ_msgs:/ws_gz/install/champ:/opt/ros/humble LD_LIBRARY_PATH=/ws_gz/install/champ_msgs/lib:${LD_LIBRARY_PATH} PYTHONPATH=/ws_gz/install/champ_msgs/local/lib/python3.10/dist-packages:${PYTHONPATH} /usr/bin/cmake --install /ws_gz/build/champ_base
