[0.030s] Invoking command in '/root/dddmr_navigation/build/dddmr_odom_3d': CMAKE_PREFIX_PATH=/opt/ros/humble /usr/bin/cmake --build /root/dddmr_navigation/build/dddmr_odom_3d -- -j28 -l28
[0.156s] [100%] Built target odom_3d
[0.180s] Invoked command in '/root/dddmr_navigation/build/dddmr_odom_3d' returned '0': CMAKE_PREFIX_PATH=/opt/ros/humble /usr/bin/cmake --build /root/dddmr_navigation/build/dddmr_odom_3d -- -j28 -l28
[0.181s] Invoking command in '/root/dddmr_navigation/build/dddmr_odom_3d': CMAKE_PREFIX_PATH=/opt/ros/humble /usr/bin/cmake --install /root/dddmr_navigation/build/dddmr_odom_3d
[0.187s] -- Install configuration: "Release"
[0.187s] -- Execute custom install script
[0.187s] -- Up-to-date symlink: /root/dddmr_navigation/install/dddmr_odom_3d/lib/dddmr_odom_3d/odom_3d
[0.188s] -- Up-to-date symlink: /root/dddmr_navigation/install/dddmr_odom_3d/include//odom_3d.h
[0.188s] -- Up-to-date symlink: /root/dddmr_navigation/install/dddmr_odom_3d/share/dddmr_odom_3d//launch/example_odom_3d_launch.py
[0.188s] -- Up-to-date symlink: /root/dddmr_navigation/install/dddmr_odom_3d/share/dddmr_odom_3d//rviz/odom_3d_example_.rviz
[0.188s] -- Up-to-date symlink: /root/dddmr_navigation/install/dddmr_odom_3d/share/dddmr_odom_3d//bag_files/rosbag2_odom2d_imu/metadata.yaml
[0.188s] -- Up-to-date symlink: /root/dddmr_navigation/install/dddmr_odom_3d/share/dddmr_odom_3d//bag_files/rosbag2_odom2d_imu/rosbag2_2025_06_28-22_48_31_0.db3
[0.189s] -- Up-to-date symlink: /root/dddmr_navigation/install/dddmr_odom_3d/share/ament_index/resource_index/package_run_dependencies/dddmr_odom_3d
[0.189s] -- Up-to-date symlink: /root/dddmr_navigation/install/dddmr_odom_3d/share/ament_index/resource_index/parent_prefix_path/dddmr_odom_3d
[0.189s] -- Up-to-date symlink: /root/dddmr_navigation/install/dddmr_odom_3d/share/dddmr_odom_3d/environment/ament_prefix_path.sh
[0.189s] -- Up-to-date symlink: /root/dddmr_navigation/install/dddmr_odom_3d/share/dddmr_odom_3d/environment/ament_prefix_path.dsv
[0.190s] -- Up-to-date symlink: /root/dddmr_navigation/install/dddmr_odom_3d/share/dddmr_odom_3d/environment/path.sh
[0.190s] -- Up-to-date symlink: /root/dddmr_navigation/install/dddmr_odom_3d/share/dddmr_odom_3d/environment/path.dsv
[0.191s] -- Up-to-date symlink: /root/dddmr_navigation/install/dddmr_odom_3d/share/dddmr_odom_3d/local_setup.bash
[0.191s] -- Up-to-date symlink: /root/dddmr_navigation/install/dddmr_odom_3d/share/dddmr_odom_3d/local_setup.sh
[0.192s] -- Up-to-date symlink: /root/dddmr_navigation/install/dddmr_odom_3d/share/dddmr_odom_3d/local_setup.zsh
[0.192s] -- Up-to-date symlink: /root/dddmr_navigation/install/dddmr_odom_3d/share/dddmr_odom_3d/local_setup.dsv
[0.192s] -- Symlinking: /root/dddmr_navigation/install/dddmr_odom_3d/share/dddmr_odom_3d/package.dsv
[0.209s] -- Up-to-date symlink: /root/dddmr_navigation/install/dddmr_odom_3d/share/ament_index/resource_index/packages/dddmr_odom_3d
[0.209s] -- Up-to-date symlink: /root/dddmr_navigation/install/dddmr_odom_3d/share/dddmr_odom_3d/cmake/ament_cmake_export_include_directories-extras.cmake
[0.209s] -- Up-to-date symlink: /root/dddmr_navigation/install/dddmr_odom_3d/share/dddmr_odom_3d/cmake/ament_cmake_export_dependencies-extras.cmake
[0.210s] -- Up-to-date symlink: /root/dddmr_navigation/install/dddmr_odom_3d/share/dddmr_odom_3d/cmake/dddmr_odom_3dConfig.cmake
[0.210s] -- Up-to-date symlink: /root/dddmr_navigation/install/dddmr_odom_3d/share/dddmr_odom_3d/cmake/dddmr_odom_3dConfig-version.cmake
[0.210s] -- Up-to-date symlink: /root/dddmr_navigation/install/dddmr_odom_3d/share/dddmr_odom_3d/package.xml
[0.255s] Invoked command in '/root/dddmr_navigation/build/dddmr_odom_3d' returned '0': CMAKE_PREFIX_PATH=/opt/ros/humble /usr/bin/cmake --install /root/dddmr_navigation/build/dddmr_odom_3d
