[0.003s] Invoking command in '/ws_gz/build/go2_description': /usr/bin/cmake /ws_gz/src/gz_quadbot/robots/descriptions/go2_description -DCMAKE_INSTALL_PREFIX=/ws_gz/install/go2_description
[0.010s] -- Found ament_cmake: 1.3.14 (/opt/ros/humble/share/ament_cmake/cmake)
[0.057s] Traceback (most recent call last):
[0.057s]   File "/opt/ros/humble/share/ament_cmake_core/cmake/package_templates/templates_2_cmake.py", line 21, in <module>
[0.057s]     from ament_package.templates import get_environment_hook_template_path
[0.057s] ModuleNotFoundError: No module named 'ament_package'
[0.058s] [31mCMake Error at /opt/ros/humble/share/ament_cmake_core/cmake/ament_cmake_package_templates-extras.cmake:41 (message):
[0.058s]   execute_process(/usr/bin/python3
[0.058s]   /opt/ros/humble/share/ament_cmake_core/cmake/package_templates/templates_2_cmake.py
[0.058s]   /ws_gz/build/go2_description/ament_cmake_package_templates/templates.cmake)
[0.058s]   returned error code 1
[0.058s] Call Stack (most recent call first):
[0.058s]   /opt/ros/humble/share/ament_cmake_core/cmake/ament_cmake_coreConfig.cmake:41 (include)
[0.058s]   /opt/ros/humble/share/ament_cmake/cmake/ament_cmake_export_dependencies-extras.cmake:15 (find_package)
[0.058s]   /opt/ros/humble/share/ament_cmake/cmake/ament_cmakeConfig.cmake:41 (include)
[0.058s]   CMakeLists.txt:4 (find_package)
[0.058s] 
[0.058s] [0m
[0.059s] -- Configuring incomplete, errors occurred!
[0.059s] See also "/ws_gz/build/go2_description/CMakeFiles/CMakeOutput.log".
[0.060s] Invoked command in '/ws_gz/build/go2_description' returned '1': /usr/bin/cmake /ws_gz/src/gz_quadbot/robots/descriptions/go2_description -DCMAKE_INSTALL_PREFIX=/ws_gz/install/go2_description
