-- The C compiler identification is GNU 13.4.0
-- The CXX compiler identification is GNU 13.4.0
-- Detecting C compiler ABI info
-- Detecting C compiler ABI info - done
-- Check for working C compiler: /usr/bin/cc - skipped
-- Detecting C compile features
-- Detecting C compile features - done
-- Detecting CXX compiler ABI info
-- Detecting CXX compiler ABI info - done
-- Check for working CXX compiler: /usr/bin/c++ - skipped
-- Detecting CXX compile features
-- Detecting CXX compile features - done
-- Found ament_cmake: 1.3.14 (/opt/ros/humble/share/ament_cmake/cmake)
-- Found Python3: /usr/bin/python3 (found version "3.10.12") found components: Interpreter 
-- Override CMake install command with custom implementation using symlinks instead of copying resources
-- Configuring done
-- Generating done
-- Build files have been written to: /ws_gz/build/champ_navigation
-- Install configuration: "Release"
-- Execute custom install script
-- Symlinking: /ws_gz/install/champ_navigation/share/champ_navigation/launch/navigate.launch.py
-- Symlinking: /ws_gz/install/champ_navigation/share/champ_navigation/launch/slam.launch.py
-- Symlinking: /ws_gz/install/champ_navigation/share/champ_navigation/rviz/navigation.rviz
-- Symlinking: /ws_gz/install/champ_navigation/share/champ_navigation/rviz/navigation_minimal.rviz
-- Symlinking: /ws_gz/install/champ_navigation/share/champ_navigation/rviz/slam.rviz
-- Symlinking: /ws_gz/install/champ_navigation/share/ament_index/resource_index/package_run_dependencies/champ_navigation
-- Symlinking: /ws_gz/install/champ_navigation/share/ament_index/resource_index/parent_prefix_path/champ_navigation
-- Symlinking: /ws_gz/install/champ_navigation/share/champ_navigation/environment/ament_prefix_path.sh
-- Symlinking: /ws_gz/install/champ_navigation/share/champ_navigation/environment/ament_prefix_path.dsv
-- Symlinking: /ws_gz/install/champ_navigation/share/champ_navigation/environment/path.sh
-- Symlinking: /ws_gz/install/champ_navigation/share/champ_navigation/environment/path.dsv
-- Symlinking: /ws_gz/install/champ_navigation/share/champ_navigation/local_setup.bash
-- Symlinking: /ws_gz/install/champ_navigation/share/champ_navigation/local_setup.sh
-- Symlinking: /ws_gz/install/champ_navigation/share/champ_navigation/local_setup.zsh
-- Symlinking: /ws_gz/install/champ_navigation/share/champ_navigation/local_setup.dsv
-- Symlinking: /ws_gz/install/champ_navigation/share/champ_navigation/package.dsv
-- Symlinking: /ws_gz/install/champ_navigation/share/ament_index/resource_index/packages/champ_navigation
-- Symlinking: /ws_gz/install/champ_navigation/share/champ_navigation/cmake/champ_navigationConfig.cmake
-- Symlinking: /ws_gz/install/champ_navigation/share/champ_navigation/cmake/champ_navigationConfig-version.cmake
-- Symlinking: /ws_gz/install/champ_navigation/share/champ_navigation/package.xml
