[0.410s] Invoking command in '/root/dddmr_navigation/build/fast_lio': CMAKE_PREFIX_PATH=${CMAKE_PREFIX_PATH}:/opt/ros/humble /usr/bin/cmake /root/dddmr_navigation/src/FAST_LIO -DCMAKE_INSTALL_PREFIX=/root/dddmr_navigation/install/fast_lio
[0.593s] -- Found PythonLibs: /usr/lib/x86_64-linux-gnu/libpython3.10.so (found version "3.10.12") 
[0.597s] [0mCurrent CPU archtecture: x86_64[0m
[0.597s] [0mProcesser number:  28[0m
[0.598s] [0mcore for MP: 3[0m
[0.598s] -- Found ament_cmake: 1.3.14 (/opt/ros/humble/share/ament_cmake/cmake)
[1.534s] -- Override CMake install command with custom implementation using symlinks instead of copying resources
[1.594s] -- Found rclcpp: 16.0.19 (/opt/ros/humble/share/rclcpp/cmake)
[1.832s] -- Found rosidl_generator_c: 3.1.8 (/opt/ros/humble/share/rosidl_generator_c/cmake)
[1.854s] -- Found rosidl_adapter: 3.1.8 (/opt/ros/humble/share/rosidl_adapter/cmake)
[1.904s] -- Found rosidl_generator_cpp: 3.1.8 (/opt/ros/humble/share/rosidl_generator_cpp/cmake)
[1.988s] -- Using all available rosidl_typesupport_c: rosidl_typesupport_fastrtps_c;rosidl_typesupport_introspection_c
[2.095s] -- Using all available rosidl_typesupport_cpp: rosidl_typesupport_fastrtps_cpp;rosidl_typesupport_introspection_cpp
[2.369s] -- Found rmw_implementation_cmake: 6.1.2 (/opt/ros/humble/share/rmw_implementation_cmake/cmake)
[2.385s] -- Found rmw_fastrtps_cpp: 6.2.10 (/opt/ros/humble/share/rmw_fastrtps_cpp/cmake)
[3.406s] -- Using RMW implementation 'rmw_fastrtps_cpp' as default
[3.802s] -- Found rclcpp_components: 16.0.19 (/opt/ros/humble/share/rclcpp_components/cmake)
[3.938s] -- Found geometry_msgs: 4.9.1 (/opt/ros/humble/share/geometry_msgs/cmake)
[4.029s] -- Found nav_msgs: 4.9.1 (/opt/ros/humble/share/nav_msgs/cmake)
[4.150s] -- Found sensor_msgs: 4.9.1 (/opt/ros/humble/share/sensor_msgs/cmake)
[4.262s] -- Found std_srvs: 4.9.1 (/opt/ros/humble/share/std_srvs/cmake)
[4.348s] -- Found visualization_msgs: 4.9.1 (/opt/ros/humble/share/visualization_msgs/cmake)
[4.457s] -- Found pcl_ros: 2.4.5 (/opt/ros/humble/share/pcl_ros/cmake)
[4.718s] -- Eigen found (include: /usr/include/eigen3, version: 3.4.0)
[4.966s] -- FLANN found (include: /usr/include, lib: /usr/lib/x86_64-linux-gnu/libflann_cpp.so)
[7.193s] -- OpenNI found (version: 1.5.4.0, include: /usr/include/ni, lib: /usr/lib/libOpenNI.so;libusb::libusb)
[7.243s] -- OpenNI2 found (version: 2.2.0.33, include: /usr/include/openni2, lib: /usr/lib/x86_64-linux-gnu/libOpenNI2.so;libusb::libusb)
[8.379s] -- Eigen found (include: /usr/include/eigen3, version: 3.4.0)
[8.420s] -- OpenNI found (version: 1.5.4.0, include: /usr/include/ni, lib: /usr/lib/libOpenNI.so;libusb::libusb)
[8.464s] -- OpenNI2 found (version: 2.2.0.33, include: /usr/include/openni2, lib: /usr/lib/x86_64-linux-gnu/libOpenNI2.so;libusb::libusb)
[9.547s] -- Found Qhull version 8.0.2
[10.674s] -- OpenNI found (version: 1.5.4.0, include: /usr/include/ni, lib: /usr/lib/libOpenNI.so;libusb::libusb)
[11.894s] -- Found eigen3_cmake_module: 0.1.1 (/opt/ros/humble/share/eigen3_cmake_module/cmake)
[11.904s] -- Ensuring Eigen3 include directory is part of orocos-kdl CMake target
[12.306s] -- Found livox_ros_driver2: 1.0.0 (/root/livox_ws/install/livox_ros_driver2/share/livox_ros_driver2/cmake)
[12.439s] -- Found rosidl_default_generators: 1.2.1 (/opt/ros/humble/share/rosidl_default_generators/cmake)
[12.523s] [33mCMake Warning (dev) at CMakeLists.txt:81 (find_package):
[12.524s]   Policy CMP0074 is not set: find_package uses <PackageName>_ROOT variables.
[12.525s]   Run "cmake --help-policy CMP0074" for policy details.  Use the cmake_policy
[12.525s]   command to set the policy and suppress this warning.
[12.527s] 
[12.528s]   CMake variable PCL_ROOT is set to:
[12.529s] 
[12.529s]     /usr
[12.530s] 
[12.530s]   For compatibility, CMake is ignoring the variable.
[12.531s] This warning is for project developers.  Use -Wno-dev to suppress it.
[12.532s] [0m
[12.571s] -- PCL: /usr/include/pcl-1.12
[12.572s] [0mEigen:/usr/include/eigen3[0m
[14.305s] -- Found ament_cmake_ros: 0.10.0 (/opt/ros/humble/share/ament_cmake_ros/cmake)
[16.588s] -- Using all available rosidl_typesupport_c: rosidl_typesupport_fastrtps_c;rosidl_typesupport_introspection_c
[17.445s] -- Using all available rosidl_typesupport_cpp: rosidl_typesupport_fastrtps_cpp;rosidl_typesupport_introspection_cpp
[17.619s] -- Found python_cmake_module: 0.10.0 (/opt/ros/humble/share/python_cmake_module/cmake)
[17.788s] -- Found PythonLibs: /usr/lib/x86_64-linux-gnu/libpython3.10.so (found suitable version "3.10.12", minimum required is "3.5") 
[17.789s] -- Using PYTHON_EXECUTABLE: /usr/bin/python3
[17.790s] -- Using PYTHON_INCLUDE_DIRS: /usr/include/python3.10
[17.790s] -- Using PYTHON_LIBRARIES: /usr/lib/x86_64-linux-gnu/libpython3.10.so
[18.719s] -- Configuring done
[19.310s] -- Generating done
[19.432s] -- Build files have been written to: /root/dddmr_navigation/build/fast_lio
[19.521s] Invoked command in '/root/dddmr_navigation/build/fast_lio' returned '0': CMAKE_PREFIX_PATH=${CMAKE_PREFIX_PATH}:/opt/ros/humble /usr/bin/cmake /root/dddmr_navigation/src/FAST_LIO -DCMAKE_INSTALL_PREFIX=/root/dddmr_navigation/install/fast_lio
[19.534s] Invoking command in '/root/dddmr_navigation/build/fast_lio': CMAKE_PREFIX_PATH=${CMAKE_PREFIX_PATH}:/opt/ros/humble /usr/bin/cmake --build /root/dddmr_navigation/build/fast_lio -- -j28 -l28
[19.846s] [35m[1mConsolidate compiler generated dependencies of target fast_lio__rosidl_generator_c[0m
[19.923s] [  8%] Built target fast_lio__rosidl_generator_c
[19.956s] [ 11%] Built target fast_lio__cpp
[19.978s] [ 13%] Built target fast_lio__rs
[19.995s] [ 13%] Built target ament_cmake_python_symlink_fast_lio
[20.032s] [35m[1mConsolidate compiler generated dependencies of target fast_lio__rosidl_typesupport_introspection_c[0m
[20.033s] [35m[1mConsolidate compiler generated dependencies of target fast_lio__rosidl_typesupport_c[0m
[20.033s] [35m[1mConsolidate compiler generated dependencies of target fast_lio__rosidl_typesupport_cpp[0m
[20.034s] [35m[1mConsolidate compiler generated dependencies of target fast_lio__rosidl_typesupport_fastrtps_c[0m
[20.035s] [35m[1mConsolidate compiler generated dependencies of target fast_lio__rosidl_typesupport_fastrtps_cpp[0m
[20.042s] [35m[1mConsolidate compiler generated dependencies of target fast_lio__rosidl_typesupport_introspection_cpp[0m
[20.120s] [ 22%] Built target fast_lio__rosidl_typesupport_fastrtps_cpp
[20.125s] [ 30%] Built target fast_lio__rosidl_typesupport_c
[20.127s] [ 38%] Built target fast_lio__rosidl_typesupport_introspection_c
[20.133s] [ 47%] Built target fast_lio__rosidl_typesupport_cpp
[20.140s] [ 55%] Built target fast_lio__rosidl_typesupport_fastrtps_c
[20.148s] [ 63%] Built target fast_lio__rosidl_typesupport_introspection_cpp
[20.247s] [35m[1mConsolidate compiler generated dependencies of target fastlio_mapping[0m
[20.301s] [ 63%] Built target fast_lio
[20.456s] [ 66%] Built target fast_lio__py
[20.530s] [ 77%] Built target fastlio_mapping
[20.537s] [35m[1mConsolidate compiler generated dependencies of target fast_lio__rosidl_generator_py[0m
[20.624s] [ 83%] Built target fast_lio__rosidl_generator_py
[20.733s] [35m[1mConsolidate compiler generated dependencies of target fast_lio__rosidl_typesupport_c__pyext[0m
[20.734s] [35m[1mConsolidate compiler generated dependencies of target fast_lio__rosidl_typesupport_introspection_c__pyext[0m
[20.735s] [35m[1mConsolidate compiler generated dependencies of target fast_lio__rosidl_typesupport_fastrtps_c__pyext[0m
[20.826s] [ 88%] Built target fast_lio__rosidl_typesupport_introspection_c__pyext
[20.836s] [ 94%] Built target fast_lio__rosidl_typesupport_fastrtps_c__pyext
[20.843s] [100%] Built target fast_lio__rosidl_typesupport_c__pyext
[21.385s] running egg_info
[21.389s] writing fast_lio.egg-info/PKG-INFO
[21.391s] writing dependency_links to fast_lio.egg-info/dependency_links.txt
[21.391s] writing top-level names to fast_lio.egg-info/top_level.txt
[21.403s] reading manifest file 'fast_lio.egg-info/SOURCES.txt'
[21.429s] writing manifest file 'fast_lio.egg-info/SOURCES.txt'
[21.592s] [100%] Built target ament_cmake_python_build_fast_lio_egg
[21.668s] Invoked command in '/root/dddmr_navigation/build/fast_lio' returned '0': CMAKE_PREFIX_PATH=${CMAKE_PREFIX_PATH}:/opt/ros/humble /usr/bin/cmake --build /root/dddmr_navigation/build/fast_lio -- -j28 -l28
[21.681s] Invoking command in '/root/dddmr_navigation/build/fast_lio': CMAKE_PREFIX_PATH=${CMAKE_PREFIX_PATH}:/opt/ros/humble /usr/bin/cmake --install /root/dddmr_navigation/build/fast_lio
[21.729s] -- Install configuration: "Release"
[21.732s] -- Execute custom install script
[21.734s] -- Up-to-date symlink: /root/dddmr_navigation/install/fast_lio/share/ament_index/resource_index/rosidl_interfaces/fast_lio
[21.736s] -- Up-to-date symlink: /root/dddmr_navigation/install/fast_lio/include/fast_lio/fast_lio/msg/detail/pose6_d__functions.h
[21.737s] -- Up-to-date symlink: /root/dddmr_navigation/install/fast_lio/include/fast_lio/fast_lio/msg/detail/pose6_d__struct.h
[21.738s] -- Up-to-date symlink: /root/dddmr_navigation/install/fast_lio/include/fast_lio/fast_lio/msg/detail/pose6_d__type_support.h
[21.739s] -- Up-to-date symlink: /root/dddmr_navigation/install/fast_lio/include/fast_lio/fast_lio/msg/pose6_d.h
[21.739s] -- Up-to-date symlink: /root/dddmr_navigation/install/fast_lio/include/fast_lio/fast_lio/msg/rosidl_generator_c__visibility_control.h
[21.740s] -- Up-to-date symlink: /root/dddmr_navigation/install/fast_lio/share/fast_lio/environment/library_path.sh
[21.741s] -- Up-to-date symlink: /root/dddmr_navigation/install/fast_lio/share/fast_lio/environment/library_path.dsv
[21.742s] -- Up-to-date symlink: /root/dddmr_navigation/install/fast_lio/include/fast_lio/fast_lio/msg/detail/pose6_d__rosidl_typesupport_fastrtps_c.h
[21.743s] -- Up-to-date symlink: /root/dddmr_navigation/install/fast_lio/include/fast_lio/fast_lio/msg/rosidl_typesupport_fastrtps_c__visibility_control.h
[21.744s] -- Up-to-date symlink: /root/dddmr_navigation/install/fast_lio/include/fast_lio/fast_lio/msg/detail/pose6_d__builder.hpp
[21.745s] -- Up-to-date symlink: /root/dddmr_navigation/install/fast_lio/include/fast_lio/fast_lio/msg/detail/pose6_d__struct.hpp
[21.746s] -- Up-to-date symlink: /root/dddmr_navigation/install/fast_lio/include/fast_lio/fast_lio/msg/detail/pose6_d__traits.hpp
[21.746s] -- Up-to-date symlink: /root/dddmr_navigation/install/fast_lio/include/fast_lio/fast_lio/msg/detail/pose6_d__type_support.hpp
[21.747s] -- Up-to-date symlink: /root/dddmr_navigation/install/fast_lio/include/fast_lio/fast_lio/msg/pose6_d.hpp
[21.747s] -- Up-to-date symlink: /root/dddmr_navigation/install/fast_lio/include/fast_lio/fast_lio/msg/rosidl_generator_cpp__visibility_control.hpp
[21.748s] -- Up-to-date symlink: /root/dddmr_navigation/install/fast_lio/include/fast_lio/fast_lio/msg/detail/pose6_d__rosidl_typesupport_fastrtps_cpp.hpp
[21.750s] -- Up-to-date symlink: /root/dddmr_navigation/install/fast_lio/include/fast_lio/fast_lio/msg/rosidl_typesupport_fastrtps_cpp__visibility_control.h
[21.751s] -- Up-to-date symlink: /root/dddmr_navigation/install/fast_lio/include/fast_lio/fast_lio/msg/detail/pose6_d__rosidl_typesupport_introspection_c.h
[21.752s] -- Up-to-date symlink: /root/dddmr_navigation/install/fast_lio/include/fast_lio/fast_lio/msg/rosidl_typesupport_introspection_c__visibility_control.h
[21.754s] -- Up-to-date symlink: /root/dddmr_navigation/install/fast_lio/include/fast_lio/fast_lio/msg/detail/pose6_d__rosidl_typesupport_introspection_cpp.hpp
[21.754s] -- Up-to-date symlink: /root/dddmr_navigation/install/fast_lio/share/fast_lio/environment/pythonpath.sh
[21.755s] -- Up-to-date symlink: /root/dddmr_navigation/install/fast_lio/share/fast_lio/environment/pythonpath.dsv
[21.757s] -- Up-to-date symlink: /root/dddmr_navigation/install/fast_lio/local/lib/python3.10/dist-packages/fast_lio-0.0.0-py3.10.egg-info/PKG-INFO
[21.758s] -- Up-to-date symlink: /root/dddmr_navigation/install/fast_lio/local/lib/python3.10/dist-packages/fast_lio-0.0.0-py3.10.egg-info/SOURCES.txt
[21.758s] -- Up-to-date symlink: /root/dddmr_navigation/install/fast_lio/local/lib/python3.10/dist-packages/fast_lio-0.0.0-py3.10.egg-info/dependency_links.txt
[21.759s] -- Up-to-date symlink: /root/dddmr_navigation/install/fast_lio/local/lib/python3.10/dist-packages/fast_lio-0.0.0-py3.10.egg-info/top_level.txt
[21.760s] -- Up-to-date symlink: /root/dddmr_navigation/install/fast_lio/local/lib/python3.10/dist-packages/fast_lio/__init__.py
[21.761s] -- Up-to-date symlink: /root/dddmr_navigation/install/fast_lio/local/lib/python3.10/dist-packages/fast_lio/_fast_lio_s.ep.rosidl_typesupport_c.c
[21.762s] -- Up-to-date symlink: /root/dddmr_navigation/install/fast_lio/local/lib/python3.10/dist-packages/fast_lio/_fast_lio_s.ep.rosidl_typesupport_fastrtps_c.c
[21.763s] -- Up-to-date symlink: /root/dddmr_navigation/install/fast_lio/local/lib/python3.10/dist-packages/fast_lio/_fast_lio_s.ep.rosidl_typesupport_introspection_c.c
[21.764s] -- Up-to-date symlink: /root/dddmr_navigation/install/fast_lio/local/lib/python3.10/dist-packages/fast_lio/fast_lio_s__rosidl_typesupport_c.cpython-310-x86_64-linux-gnu.so
[21.765s] -- Up-to-date symlink: /root/dddmr_navigation/install/fast_lio/local/lib/python3.10/dist-packages/fast_lio/fast_lio_s__rosidl_typesupport_fastrtps_c.cpython-310-x86_64-linux-gnu.so
[21.766s] -- Up-to-date symlink: /root/dddmr_navigation/install/fast_lio/local/lib/python3.10/dist-packages/fast_lio/fast_lio_s__rosidl_typesupport_introspection_c.cpython-310-x86_64-linux-gnu.so
[21.766s] -- Up-to-date symlink: /root/dddmr_navigation/install/fast_lio/local/lib/python3.10/dist-packages/fast_lio/libfast_lio__rosidl_generator_py.so
[21.767s] -- Up-to-date symlink: /root/dddmr_navigation/install/fast_lio/local/lib/python3.10/dist-packages/fast_lio/msg/__init__.py
[21.768s] -- Up-to-date symlink: /root/dddmr_navigation/install/fast_lio/local/lib/python3.10/dist-packages/fast_lio/msg/_pose6_d.py
[21.768s] -- Up-to-date symlink: /root/dddmr_navigation/install/fast_lio/local/lib/python3.10/dist-packages/fast_lio/msg/_pose6_d_s.c
[21.769s] -- Up-to-date symlink: /root/dddmr_navigation/install/fast_lio/local/lib/python3.10/dist-packages/fast_lio/fast_lio_s__rosidl_typesupport_fastrtps_c.cpython-310-x86_64-linux-gnu.so
[21.769s] -- Up-to-date symlink: /root/dddmr_navigation/install/fast_lio/local/lib/python3.10/dist-packages/fast_lio/fast_lio_s__rosidl_typesupport_introspection_c.cpython-310-x86_64-linux-gnu.so
[21.770s] -- Up-to-date symlink: /root/dddmr_navigation/install/fast_lio/local/lib/python3.10/dist-packages/fast_lio/fast_lio_s__rosidl_typesupport_c.cpython-310-x86_64-linux-gnu.so
[21.771s] -- Up-to-date symlink: /root/dddmr_navigation/install/fast_lio/share/ament_index/resource_index/rust_packages/fast_lio
[21.771s] -- Up-to-date symlink: /root/dddmr_navigation/install/fast_lio/share/fast_lio/rust/Cargo.toml
[21.772s] -- Up-to-date symlink: /root/dddmr_navigation/install/fast_lio/share/fast_lio/rust/build.rs
[21.774s] -- Up-to-date symlink: /root/dddmr_navigation/install/fast_lio/share/fast_lio/rust/src/lib.rs
[21.775s] -- Up-to-date symlink: /root/dddmr_navigation/install/fast_lio/share/fast_lio/rust/src/msg.rs
[21.776s] -- Up-to-date symlink: /root/dddmr_navigation/install/fast_lio/share/fast_lio/rust/src/msg/rmw.rs
[21.777s] -- Up-to-date symlink: /root/dddmr_navigation/install/fast_lio/share/fast_lio/msg/Pose6D.idl
[21.778s] -- Up-to-date symlink: /root/dddmr_navigation/install/fast_lio/share/fast_lio/msg/Pose6D.msg
[21.778s] -- Up-to-date symlink: /root/dddmr_navigation/install/fast_lio/lib/fast_lio/fastlio_mapping
[21.780s] -- Up-to-date symlink: /root/dddmr_navigation/install/fast_lio/share/fast_lio/config/avia.yaml
[21.781s] -- Up-to-date symlink: /root/dddmr_navigation/install/fast_lio/share/fast_lio/config/horizon.yaml
[21.782s] -- Up-to-date symlink: /root/dddmr_navigation/install/fast_lio/share/fast_lio/config/mid360.yaml
[21.783s] -- Up-to-date symlink: /root/dddmr_navigation/install/fast_lio/share/fast_lio/config/ouster64.yaml
[21.784s] -- Up-to-date symlink: /root/dddmr_navigation/install/fast_lio/share/fast_lio/config/velodyne.yaml
[21.785s] -- Up-to-date symlink: /root/dddmr_navigation/install/fast_lio/share/fast_lio/launch/__pycache__/mapping.launch.cpython-310.pyc
[21.786s] -- Up-to-date symlink: /root/dddmr_navigation/install/fast_lio/share/fast_lio/launch/gdb_debug_example.launch
[21.787s] -- Up-to-date symlink: /root/dddmr_navigation/install/fast_lio/share/fast_lio/launch/mapping.launch.py
[21.788s] -- Up-to-date symlink: /root/dddmr_navigation/install/fast_lio/share/fast_lio/rviz/fastlio.rviz
[21.789s] -- Up-to-date symlink: /root/dddmr_navigation/install/fast_lio/share/ament_index/resource_index/package_run_dependencies/fast_lio
[21.790s] -- Up-to-date symlink: /root/dddmr_navigation/install/fast_lio/share/ament_index/resource_index/parent_prefix_path/fast_lio
[21.791s] -- Up-to-date symlink: /root/dddmr_navigation/install/fast_lio/share/fast_lio/environment/ament_prefix_path.sh
[21.791s] -- Up-to-date symlink: /root/dddmr_navigation/install/fast_lio/share/fast_lio/environment/ament_prefix_path.dsv
[21.792s] -- Up-to-date symlink: /root/dddmr_navigation/install/fast_lio/share/fast_lio/environment/path.sh
[21.792s] -- Up-to-date symlink: /root/dddmr_navigation/install/fast_lio/share/fast_lio/environment/path.dsv
[21.793s] -- Up-to-date symlink: /root/dddmr_navigation/install/fast_lio/share/fast_lio/local_setup.bash
[21.793s] -- Up-to-date symlink: /root/dddmr_navigation/install/fast_lio/share/fast_lio/local_setup.sh
[21.794s] -- Up-to-date symlink: /root/dddmr_navigation/install/fast_lio/share/fast_lio/local_setup.zsh
[21.794s] -- Up-to-date symlink: /root/dddmr_navigation/install/fast_lio/share/fast_lio/local_setup.dsv
[21.795s] -- Symlinking: /root/dddmr_navigation/install/fast_lio/share/fast_lio/package.dsv
[21.846s] -- Up-to-date symlink: /root/dddmr_navigation/install/fast_lio/share/ament_index/resource_index/packages/fast_lio
[21.847s] -- Up-to-date symlink: /root/dddmr_navigation/install/fast_lio/share/fast_lio/cmake/rosidl_cmake-extras.cmake
[21.848s] -- Up-to-date symlink: /root/dddmr_navigation/install/fast_lio/share/fast_lio/cmake/ament_cmake_export_include_directories-extras.cmake
[21.849s] -- Up-to-date symlink: /root/dddmr_navigation/install/fast_lio/share/fast_lio/cmake/ament_cmake_export_libraries-extras.cmake
[21.849s] -- Up-to-date symlink: /root/dddmr_navigation/install/fast_lio/share/fast_lio/cmake/ament_cmake_export_targets-extras.cmake
[21.849s] -- Up-to-date symlink: /root/dddmr_navigation/install/fast_lio/share/fast_lio/cmake/rosidl_cmake_export_typesupport_targets-extras.cmake
[21.850s] -- Up-to-date symlink: /root/dddmr_navigation/install/fast_lio/share/fast_lio/cmake/ament_cmake_export_dependencies-extras.cmake
[21.850s] -- Up-to-date symlink: /root/dddmr_navigation/install/fast_lio/share/fast_lio/cmake/rosidl_cmake_export_typesupport_libraries-extras.cmake
[21.851s] -- Up-to-date symlink: /root/dddmr_navigation/install/fast_lio/share/fast_lio/cmake/fast_lioConfig.cmake
[21.852s] -- Up-to-date symlink: /root/dddmr_navigation/install/fast_lio/share/fast_lio/cmake/fast_lioConfig-version.cmake
[21.852s] -- Up-to-date symlink: /root/dddmr_navigation/install/fast_lio/share/fast_lio/package.xml
[21.852s] -- Up-to-date: /root/dddmr_navigation/install/fast_lio/lib/libfast_lio__rosidl_generator_c.so
[21.854s] -- Up-to-date: /root/dddmr_navigation/install/fast_lio/lib/libfast_lio__rosidl_typesupport_fastrtps_c.so
[21.857s] -- Up-to-date: /root/dddmr_navigation/install/fast_lio/lib/libfast_lio__rosidl_typesupport_fastrtps_cpp.so
[21.857s] -- Up-to-date: /root/dddmr_navigation/install/fast_lio/lib/libfast_lio__rosidl_typesupport_introspection_c.so
[21.858s] -- Up-to-date: /root/dddmr_navigation/install/fast_lio/lib/libfast_lio__rosidl_typesupport_c.so
[21.859s] -- Up-to-date: /root/dddmr_navigation/install/fast_lio/lib/libfast_lio__rosidl_typesupport_introspection_cpp.so
[21.860s] -- Up-to-date: /root/dddmr_navigation/install/fast_lio/lib/libfast_lio__rosidl_typesupport_cpp.so
[22.077s] Listing '/root/dddmr_navigation/install/fast_lio/local/lib/python3.10/dist-packages/fast_lio'...
[22.078s] Compiling '/root/dddmr_navigation/install/fast_lio/local/lib/python3.10/dist-packages/fast_lio/__init__.py'...
[22.079s] Listing '/root/dddmr_navigation/install/fast_lio/local/lib/python3.10/dist-packages/fast_lio/msg'...
[22.105s] -- Up-to-date: /root/dddmr_navigation/install/fast_lio/lib/libfast_lio__rosidl_generator_py.so
[22.106s] -- Up-to-date: /root/dddmr_navigation/install/fast_lio/share/fast_lio/cmake/export_fast_lio__rosidl_generator_cExport.cmake
[22.106s] -- Up-to-date: /root/dddmr_navigation/install/fast_lio/share/fast_lio/cmake/export_fast_lio__rosidl_generator_cExport-release.cmake
[22.107s] -- Up-to-date: /root/dddmr_navigation/install/fast_lio/share/fast_lio/cmake/export_fast_lio__rosidl_typesupport_fastrtps_cExport.cmake
[22.107s] -- Up-to-date: /root/dddmr_navigation/install/fast_lio/share/fast_lio/cmake/export_fast_lio__rosidl_typesupport_fastrtps_cExport-release.cmake
[22.108s] -- Up-to-date: /root/dddmr_navigation/install/fast_lio/share/fast_lio/cmake/export_fast_lio__rosidl_generator_cppExport.cmake
[22.110s] -- Up-to-date: /root/dddmr_navigation/install/fast_lio/share/fast_lio/cmake/export_fast_lio__rosidl_typesupport_fastrtps_cppExport.cmake
[22.111s] -- Up-to-date: /root/dddmr_navigation/install/fast_lio/share/fast_lio/cmake/export_fast_lio__rosidl_typesupport_fastrtps_cppExport-release.cmake
[22.113s] -- Up-to-date: /root/dddmr_navigation/install/fast_lio/share/fast_lio/cmake/fast_lio__rosidl_typesupport_introspection_cExport.cmake
[22.113s] -- Up-to-date: /root/dddmr_navigation/install/fast_lio/share/fast_lio/cmake/fast_lio__rosidl_typesupport_introspection_cExport-release.cmake
[22.114s] -- Up-to-date: /root/dddmr_navigation/install/fast_lio/share/fast_lio/cmake/fast_lio__rosidl_typesupport_cExport.cmake
[22.114s] -- Up-to-date: /root/dddmr_navigation/install/fast_lio/share/fast_lio/cmake/fast_lio__rosidl_typesupport_cExport-release.cmake
[22.115s] -- Up-to-date: /root/dddmr_navigation/install/fast_lio/share/fast_lio/cmake/fast_lio__rosidl_typesupport_introspection_cppExport.cmake
[22.115s] -- Up-to-date: /root/dddmr_navigation/install/fast_lio/share/fast_lio/cmake/fast_lio__rosidl_typesupport_introspection_cppExport-release.cmake
[22.116s] -- Up-to-date: /root/dddmr_navigation/install/fast_lio/share/fast_lio/cmake/fast_lio__rosidl_typesupport_cppExport.cmake
[22.117s] -- Up-to-date: /root/dddmr_navigation/install/fast_lio/share/fast_lio/cmake/fast_lio__rosidl_typesupport_cppExport-release.cmake
[22.117s] -- Up-to-date: /root/dddmr_navigation/install/fast_lio/share/fast_lio/cmake/export_fast_lio__rosidl_generator_pyExport.cmake
[22.118s] -- Up-to-date: /root/dddmr_navigation/install/fast_lio/share/fast_lio/cmake/export_fast_lio__rosidl_generator_pyExport-release.cmake
[22.127s] Invoked command in '/root/dddmr_navigation/build/fast_lio' returned '0': CMAKE_PREFIX_PATH=${CMAKE_PREFIX_PATH}:/opt/ros/humble /usr/bin/cmake --install /root/dddmr_navigation/build/fast_lio
