[  2%] Built target fast_lio__rs
[  5%] Built target fast_lio__cpp
[ 13%] Built target fast_lio__rosidl_generator_c
[ 13%] Built target ament_cmake_python_symlink_fast_lio
[ 22%] Built target fast_lio__rosidl_typesupport_fastrtps_cpp
[ 30%] Built target fast_lio__rosidl_typesupport_fastrtps_c
[ 38%] Built target fast_lio__rosidl_typesupport_cpp
[ 47%] Built target fast_lio__rosidl_typesupport_introspection_c
[ 55%] Built target fast_lio__rosidl_typesupport_c
[ 63%] Built target fast_lio__rosidl_typesupport_introspection_cpp
[35m[1mConsolidate compiler generated dependencies of target fastlio_mapping[0m
[ 63%] Built target fast_lio
[ 66%] [32mBuilding CXX object CMakeFiles/fastlio_mapping.dir/src/laserMapping.cpp.o[0m
[ 69%] Built target fast_lio__py
[ 75%] Built target fast_lio__rosidl_generator_py
[ 80%] Built target fast_lio__rosidl_typesupport_introspection_c__pyext
[ 86%] Built target fast_lio__rosidl_typesupport_c__pyext
[ 91%] Built target fast_lio__rosidl_typesupport_fastrtps_c__pyext
running egg_info
writing fast_lio.egg-info/PKG-INFO
writing dependency_links to fast_lio.egg-info/dependency_links.txt
writing top-level names to fast_lio.egg-info/top_level.txt
reading manifest file 'fast_lio.egg-info/SOURCES.txt'
writing manifest file 'fast_lio.egg-info/SOURCES.txt'
[ 91%] Built target ament_cmake_python_build_fast_lio_egg
In file included from [01m[K/usr/include/boost/smart_ptr/detail/sp_thread_sleep.hpp:22[m[K,
                 from [01m[K/usr/include/boost/smart_ptr/detail/yield_k.hpp:23[m[K,
                 from [01m[K/usr/include/boost/smart_ptr/detail/spinlock_gcc_atomic.hpp:14[m[K,
                 from [01m[K/usr/include/boost/smart_ptr/detail/spinlock.hpp:42[m[K,
                 from [01m[K/usr/include/boost/smart_ptr/detail/spinlock_pool.hpp:25[m[K,
                 from [01m[K/usr/include/boost/smart_ptr/shared_ptr.hpp:29[m[K,
                 from [01m[K/usr/include/boost/shared_ptr.hpp:17[m[K,
                 from [01m[K/usr/include/boost/date_time/microsec_time_clock.hpp:18[m[K,
                 from [01m[K/usr/include/boost/interprocess/detail/posix_time_types_wrk.hpp:31[m[K,
                 from [01m[K/usr/include/boost/interprocess/detail/os_thread_functions.hpp:36[m[K,
                 from [01m[K/usr/include/boost/interprocess/sync/file_lock.hpp:26[m[K,
                 from [01m[K/usr/include/pcl-1.12/pcl/io/pcd_io.h:46[m[K,
                 from [01m[K/opt/ros/humble/include/pcl_conversions/pcl_conversions/pcl_conversions.h:73[m[K,
                 from [01m[K/root/dddmr_navigation/src/FAST_LIO/src/IMU_Processing.hpp:18[m[K,
                 from [01m[K/root/dddmr_navigation/src/FAST_LIO/src/laserMapping.cpp:47[m[K:
[01m[K/usr/include/boost/bind.hpp:36:1:[m[K [01;36m[Knote: [m[K‘[01m[K#pragma message: The practice of declaring the Bind placeholders (_1, _2, ...) in the global namespace is deprecated. Please use <boost/bind/bind.hpp> + using namespace boost::placeholders, or define BOOST_BIND_GLOBAL_PLACEHOLDERS to retain the current behavior.[m[K’
   36 | [01;36m[KBOOST_PRAGMA_MESSAGE[m[K(
      | [01;36m[K^~~~~~~~~~~~~~~~~~~~[m[K
[ 94%] [32m[1mLinking CXX executable fastlio_mapping[0m
[100%] Built target fastlio_mapping
-- Install configuration: "Release"
-- Execute custom install script
-- Up-to-date symlink: /root/dddmr_navigation/install/fast_lio/share/ament_index/resource_index/rosidl_interfaces/fast_lio
-- Up-to-date symlink: /root/dddmr_navigation/install/fast_lio/include/fast_lio/fast_lio/msg/detail/pose6_d__functions.h
-- Up-to-date symlink: /root/dddmr_navigation/install/fast_lio/include/fast_lio/fast_lio/msg/detail/pose6_d__struct.h
-- Up-to-date symlink: /root/dddmr_navigation/install/fast_lio/include/fast_lio/fast_lio/msg/detail/pose6_d__type_support.h
-- Up-to-date symlink: /root/dddmr_navigation/install/fast_lio/include/fast_lio/fast_lio/msg/pose6_d.h
-- Up-to-date symlink: /root/dddmr_navigation/install/fast_lio/include/fast_lio/fast_lio/msg/rosidl_generator_c__visibility_control.h
-- Up-to-date symlink: /root/dddmr_navigation/install/fast_lio/share/fast_lio/environment/library_path.sh
-- Up-to-date symlink: /root/dddmr_navigation/install/fast_lio/share/fast_lio/environment/library_path.dsv
-- Up-to-date symlink: /root/dddmr_navigation/install/fast_lio/include/fast_lio/fast_lio/msg/detail/pose6_d__rosidl_typesupport_fastrtps_c.h
-- Up-to-date symlink: /root/dddmr_navigation/install/fast_lio/include/fast_lio/fast_lio/msg/rosidl_typesupport_fastrtps_c__visibility_control.h
-- Up-to-date symlink: /root/dddmr_navigation/install/fast_lio/include/fast_lio/fast_lio/msg/detail/pose6_d__builder.hpp
-- Up-to-date symlink: /root/dddmr_navigation/install/fast_lio/include/fast_lio/fast_lio/msg/detail/pose6_d__struct.hpp
-- Up-to-date symlink: /root/dddmr_navigation/install/fast_lio/include/fast_lio/fast_lio/msg/detail/pose6_d__traits.hpp
-- Up-to-date symlink: /root/dddmr_navigation/install/fast_lio/include/fast_lio/fast_lio/msg/detail/pose6_d__type_support.hpp
-- Up-to-date symlink: /root/dddmr_navigation/install/fast_lio/include/fast_lio/fast_lio/msg/pose6_d.hpp
-- Up-to-date symlink: /root/dddmr_navigation/install/fast_lio/include/fast_lio/fast_lio/msg/rosidl_generator_cpp__visibility_control.hpp
-- Up-to-date symlink: /root/dddmr_navigation/install/fast_lio/include/fast_lio/fast_lio/msg/detail/pose6_d__rosidl_typesupport_fastrtps_cpp.hpp
-- Up-to-date symlink: /root/dddmr_navigation/install/fast_lio/include/fast_lio/fast_lio/msg/rosidl_typesupport_fastrtps_cpp__visibility_control.h
-- Up-to-date symlink: /root/dddmr_navigation/install/fast_lio/include/fast_lio/fast_lio/msg/detail/pose6_d__rosidl_typesupport_introspection_c.h
-- Up-to-date symlink: /root/dddmr_navigation/install/fast_lio/include/fast_lio/fast_lio/msg/rosidl_typesupport_introspection_c__visibility_control.h
-- Up-to-date symlink: /root/dddmr_navigation/install/fast_lio/include/fast_lio/fast_lio/msg/detail/pose6_d__rosidl_typesupport_introspection_cpp.hpp
-- Up-to-date symlink: /root/dddmr_navigation/install/fast_lio/share/fast_lio/environment/pythonpath.sh
-- Up-to-date symlink: /root/dddmr_navigation/install/fast_lio/share/fast_lio/environment/pythonpath.dsv
-- Up-to-date symlink: /root/dddmr_navigation/install/fast_lio/local/lib/python3.10/dist-packages/fast_lio-0.0.0-py3.10.egg-info/PKG-INFO
-- Up-to-date symlink: /root/dddmr_navigation/install/fast_lio/local/lib/python3.10/dist-packages/fast_lio-0.0.0-py3.10.egg-info/SOURCES.txt
-- Up-to-date symlink: /root/dddmr_navigation/install/fast_lio/local/lib/python3.10/dist-packages/fast_lio-0.0.0-py3.10.egg-info/dependency_links.txt
-- Up-to-date symlink: /root/dddmr_navigation/install/fast_lio/local/lib/python3.10/dist-packages/fast_lio-0.0.0-py3.10.egg-info/top_level.txt
-- Up-to-date symlink: /root/dddmr_navigation/install/fast_lio/local/lib/python3.10/dist-packages/fast_lio/__init__.py
-- Up-to-date symlink: /root/dddmr_navigation/install/fast_lio/local/lib/python3.10/dist-packages/fast_lio/_fast_lio_s.ep.rosidl_typesupport_c.c
-- Up-to-date symlink: /root/dddmr_navigation/install/fast_lio/local/lib/python3.10/dist-packages/fast_lio/_fast_lio_s.ep.rosidl_typesupport_fastrtps_c.c
-- Up-to-date symlink: /root/dddmr_navigation/install/fast_lio/local/lib/python3.10/dist-packages/fast_lio/_fast_lio_s.ep.rosidl_typesupport_introspection_c.c
-- Up-to-date symlink: /root/dddmr_navigation/install/fast_lio/local/lib/python3.10/dist-packages/fast_lio/fast_lio_s__rosidl_typesupport_c.cpython-310-x86_64-linux-gnu.so
-- Up-to-date symlink: /root/dddmr_navigation/install/fast_lio/local/lib/python3.10/dist-packages/fast_lio/fast_lio_s__rosidl_typesupport_fastrtps_c.cpython-310-x86_64-linux-gnu.so
-- Up-to-date symlink: /root/dddmr_navigation/install/fast_lio/local/lib/python3.10/dist-packages/fast_lio/fast_lio_s__rosidl_typesupport_introspection_c.cpython-310-x86_64-linux-gnu.so
-- Up-to-date symlink: /root/dddmr_navigation/install/fast_lio/local/lib/python3.10/dist-packages/fast_lio/libfast_lio__rosidl_generator_py.so
-- Up-to-date symlink: /root/dddmr_navigation/install/fast_lio/local/lib/python3.10/dist-packages/fast_lio/msg/__init__.py
-- Up-to-date symlink: /root/dddmr_navigation/install/fast_lio/local/lib/python3.10/dist-packages/fast_lio/msg/_pose6_d.py
-- Up-to-date symlink: /root/dddmr_navigation/install/fast_lio/local/lib/python3.10/dist-packages/fast_lio/msg/_pose6_d_s.c
-- Up-to-date symlink: /root/dddmr_navigation/install/fast_lio/local/lib/python3.10/dist-packages/fast_lio/fast_lio_s__rosidl_typesupport_fastrtps_c.cpython-310-x86_64-linux-gnu.so
-- Up-to-date symlink: /root/dddmr_navigation/install/fast_lio/local/lib/python3.10/dist-packages/fast_lio/fast_lio_s__rosidl_typesupport_introspection_c.cpython-310-x86_64-linux-gnu.so
-- Up-to-date symlink: /root/dddmr_navigation/install/fast_lio/local/lib/python3.10/dist-packages/fast_lio/fast_lio_s__rosidl_typesupport_c.cpython-310-x86_64-linux-gnu.so
-- Up-to-date symlink: /root/dddmr_navigation/install/fast_lio/share/ament_index/resource_index/rust_packages/fast_lio
-- Up-to-date symlink: /root/dddmr_navigation/install/fast_lio/share/fast_lio/rust/Cargo.toml
-- Up-to-date symlink: /root/dddmr_navigation/install/fast_lio/share/fast_lio/rust/build.rs
-- Up-to-date symlink: /root/dddmr_navigation/install/fast_lio/share/fast_lio/rust/src/lib.rs
-- Up-to-date symlink: /root/dddmr_navigation/install/fast_lio/share/fast_lio/rust/src/msg.rs
-- Up-to-date symlink: /root/dddmr_navigation/install/fast_lio/share/fast_lio/rust/src/msg/rmw.rs
-- Up-to-date symlink: /root/dddmr_navigation/install/fast_lio/share/fast_lio/msg/Pose6D.idl
-- Up-to-date symlink: /root/dddmr_navigation/install/fast_lio/share/fast_lio/msg/Pose6D.msg
-- Up-to-date symlink: /root/dddmr_navigation/install/fast_lio/lib/fast_lio/fastlio_mapping
-- Up-to-date symlink: /root/dddmr_navigation/install/fast_lio/share/fast_lio/config/avia.yaml
-- Up-to-date symlink: /root/dddmr_navigation/install/fast_lio/share/fast_lio/config/horizon.yaml
-- Up-to-date symlink: /root/dddmr_navigation/install/fast_lio/share/fast_lio/config/mid360.yaml
-- Up-to-date symlink: /root/dddmr_navigation/install/fast_lio/share/fast_lio/config/ouster64.yaml
-- Up-to-date symlink: /root/dddmr_navigation/install/fast_lio/share/fast_lio/config/velodyne.yaml
-- Up-to-date symlink: /root/dddmr_navigation/install/fast_lio/share/fast_lio/launch/__pycache__/mapping.launch.cpython-310.pyc
-- Up-to-date symlink: /root/dddmr_navigation/install/fast_lio/share/fast_lio/launch/gdb_debug_example.launch
-- Up-to-date symlink: /root/dddmr_navigation/install/fast_lio/share/fast_lio/launch/mapping.launch.py
-- Up-to-date symlink: /root/dddmr_navigation/install/fast_lio/share/fast_lio/rviz/fastlio.rviz
-- Up-to-date symlink: /root/dddmr_navigation/install/fast_lio/share/ament_index/resource_index/package_run_dependencies/fast_lio
-- Up-to-date symlink: /root/dddmr_navigation/install/fast_lio/share/ament_index/resource_index/parent_prefix_path/fast_lio
-- Up-to-date symlink: /root/dddmr_navigation/install/fast_lio/share/fast_lio/environment/ament_prefix_path.sh
-- Up-to-date symlink: /root/dddmr_navigation/install/fast_lio/share/fast_lio/environment/ament_prefix_path.dsv
-- Up-to-date symlink: /root/dddmr_navigation/install/fast_lio/share/fast_lio/environment/path.sh
-- Up-to-date symlink: /root/dddmr_navigation/install/fast_lio/share/fast_lio/environment/path.dsv
-- Up-to-date symlink: /root/dddmr_navigation/install/fast_lio/share/fast_lio/local_setup.bash
-- Up-to-date symlink: /root/dddmr_navigation/install/fast_lio/share/fast_lio/local_setup.sh
-- Up-to-date symlink: /root/dddmr_navigation/install/fast_lio/share/fast_lio/local_setup.zsh
-- Up-to-date symlink: /root/dddmr_navigation/install/fast_lio/share/fast_lio/local_setup.dsv
-- Symlinking: /root/dddmr_navigation/install/fast_lio/share/fast_lio/package.dsv
-- Up-to-date symlink: /root/dddmr_navigation/install/fast_lio/share/ament_index/resource_index/packages/fast_lio
-- Up-to-date symlink: /root/dddmr_navigation/install/fast_lio/share/fast_lio/cmake/rosidl_cmake-extras.cmake
-- Up-to-date symlink: /root/dddmr_navigation/install/fast_lio/share/fast_lio/cmake/ament_cmake_export_include_directories-extras.cmake
-- Up-to-date symlink: /root/dddmr_navigation/install/fast_lio/share/fast_lio/cmake/ament_cmake_export_libraries-extras.cmake
-- Up-to-date symlink: /root/dddmr_navigation/install/fast_lio/share/fast_lio/cmake/ament_cmake_export_targets-extras.cmake
-- Up-to-date symlink: /root/dddmr_navigation/install/fast_lio/share/fast_lio/cmake/rosidl_cmake_export_typesupport_targets-extras.cmake
-- Up-to-date symlink: /root/dddmr_navigation/install/fast_lio/share/fast_lio/cmake/ament_cmake_export_dependencies-extras.cmake
-- Up-to-date symlink: /root/dddmr_navigation/install/fast_lio/share/fast_lio/cmake/rosidl_cmake_export_typesupport_libraries-extras.cmake
-- Up-to-date symlink: /root/dddmr_navigation/install/fast_lio/share/fast_lio/cmake/fast_lioConfig.cmake
-- Up-to-date symlink: /root/dddmr_navigation/install/fast_lio/share/fast_lio/cmake/fast_lioConfig-version.cmake
-- Up-to-date symlink: /root/dddmr_navigation/install/fast_lio/share/fast_lio/package.xml
-- Up-to-date: /root/dddmr_navigation/install/fast_lio/lib/libfast_lio__rosidl_generator_c.so
-- Up-to-date: /root/dddmr_navigation/install/fast_lio/lib/libfast_lio__rosidl_typesupport_fastrtps_c.so
-- Up-to-date: /root/dddmr_navigation/install/fast_lio/lib/libfast_lio__rosidl_typesupport_fastrtps_cpp.so
-- Up-to-date: /root/dddmr_navigation/install/fast_lio/lib/libfast_lio__rosidl_typesupport_introspection_c.so
-- Up-to-date: /root/dddmr_navigation/install/fast_lio/lib/libfast_lio__rosidl_typesupport_c.so
-- Up-to-date: /root/dddmr_navigation/install/fast_lio/lib/libfast_lio__rosidl_typesupport_introspection_cpp.so
-- Up-to-date: /root/dddmr_navigation/install/fast_lio/lib/libfast_lio__rosidl_typesupport_cpp.so
Listing '/root/dddmr_navigation/install/fast_lio/local/lib/python3.10/dist-packages/fast_lio'...
Compiling '/root/dddmr_navigation/install/fast_lio/local/lib/python3.10/dist-packages/fast_lio/__init__.py'...
Listing '/root/dddmr_navigation/install/fast_lio/local/lib/python3.10/dist-packages/fast_lio/msg'...
-- Up-to-date: /root/dddmr_navigation/install/fast_lio/lib/libfast_lio__rosidl_generator_py.so
-- Up-to-date: /root/dddmr_navigation/install/fast_lio/share/fast_lio/cmake/export_fast_lio__rosidl_generator_cExport.cmake
-- Up-to-date: /root/dddmr_navigation/install/fast_lio/share/fast_lio/cmake/export_fast_lio__rosidl_generator_cExport-release.cmake
-- Up-to-date: /root/dddmr_navigation/install/fast_lio/share/fast_lio/cmake/export_fast_lio__rosidl_typesupport_fastrtps_cExport.cmake
-- Up-to-date: /root/dddmr_navigation/install/fast_lio/share/fast_lio/cmake/export_fast_lio__rosidl_typesupport_fastrtps_cExport-release.cmake
-- Up-to-date: /root/dddmr_navigation/install/fast_lio/share/fast_lio/cmake/export_fast_lio__rosidl_generator_cppExport.cmake
-- Up-to-date: /root/dddmr_navigation/install/fast_lio/share/fast_lio/cmake/export_fast_lio__rosidl_typesupport_fastrtps_cppExport.cmake
-- Up-to-date: /root/dddmr_navigation/install/fast_lio/share/fast_lio/cmake/export_fast_lio__rosidl_typesupport_fastrtps_cppExport-release.cmake
-- Up-to-date: /root/dddmr_navigation/install/fast_lio/share/fast_lio/cmake/fast_lio__rosidl_typesupport_introspection_cExport.cmake
-- Up-to-date: /root/dddmr_navigation/install/fast_lio/share/fast_lio/cmake/fast_lio__rosidl_typesupport_introspection_cExport-release.cmake
-- Up-to-date: /root/dddmr_navigation/install/fast_lio/share/fast_lio/cmake/fast_lio__rosidl_typesupport_cExport.cmake
-- Up-to-date: /root/dddmr_navigation/install/fast_lio/share/fast_lio/cmake/fast_lio__rosidl_typesupport_cExport-release.cmake
-- Up-to-date: /root/dddmr_navigation/install/fast_lio/share/fast_lio/cmake/fast_lio__rosidl_typesupport_introspection_cppExport.cmake
-- Up-to-date: /root/dddmr_navigation/install/fast_lio/share/fast_lio/cmake/fast_lio__rosidl_typesupport_introspection_cppExport-release.cmake
-- Up-to-date: /root/dddmr_navigation/install/fast_lio/share/fast_lio/cmake/fast_lio__rosidl_typesupport_cppExport.cmake
-- Up-to-date: /root/dddmr_navigation/install/fast_lio/share/fast_lio/cmake/fast_lio__rosidl_typesupport_cppExport-release.cmake
-- Up-to-date: /root/dddmr_navigation/install/fast_lio/share/fast_lio/cmake/export_fast_lio__rosidl_generator_pyExport.cmake
-- Up-to-date: /root/dddmr_navigation/install/fast_lio/share/fast_lio/cmake/export_fast_lio__rosidl_generator_pyExport-release.cmake
