[0.035s] Invoking command in '/root/dddmr_navigation/build/fast_lio': CMAKE_PREFIX_PATH=${CMAKE_PREFIX_PATH}:/opt/ros/humble /usr/bin/cmake --build /root/dddmr_navigation/build/fast_lio -- -j28 -l28
[0.098s] [  2%] Built target fast_lio__rs
[0.099s] [  5%] Built target fast_lio__cpp
[0.102s] [ 13%] Built target fast_lio__rosidl_generator_c
[0.109s] [ 13%] Built target ament_cmake_python_symlink_fast_lio
[0.131s] [ 22%] Built target fast_lio__rosidl_typesupport_fastrtps_cpp
[0.131s] [ 30%] Built target fast_lio__rosidl_typesupport_fastrtps_c
[0.131s] [ 38%] Built target fast_lio__rosidl_typesupport_cpp
[0.131s] [ 47%] Built target fast_lio__rosidl_typesupport_introspection_c
[0.132s] [ 55%] Built target fast_lio__rosidl_typesupport_c
[0.132s] [ 63%] Built target fast_lio__rosidl_typesupport_introspection_cpp
[0.147s] [35m[1mConsolidate compiler generated dependencies of target fastlio_mapping[0m
[0.156s] [ 63%] Built target fast_lio
[0.184s] [ 66%] [32mBuilding CXX object CMakeFiles/fastlio_mapping.dir/src/laserMapping.cpp.o[0m
[0.187s] [ 69%] Built target fast_lio__py
[0.193s] [ 75%] Built target fast_lio__rosidl_generator_py
[0.210s] [ 80%] Built target fast_lio__rosidl_typesupport_introspection_c__pyext
[0.214s] [ 86%] Built target fast_lio__rosidl_typesupport_c__pyext
[0.217s] [ 91%] Built target fast_lio__rosidl_typesupport_fastrtps_c__pyext
[0.253s] running egg_info
[0.253s] writing fast_lio.egg-info/PKG-INFO
[0.253s] writing dependency_links to fast_lio.egg-info/dependency_links.txt
[0.253s] writing top-level names to fast_lio.egg-info/top_level.txt
[0.253s] reading manifest file 'fast_lio.egg-info/SOURCES.txt'
[0.254s] writing manifest file 'fast_lio.egg-info/SOURCES.txt'
[0.273s] [ 91%] Built target ament_cmake_python_build_fast_lio_egg
[3.426s] In file included from [01m[K/usr/include/boost/smart_ptr/detail/sp_thread_sleep.hpp:22[m[K,
[3.426s]                  from [01m[K/usr/include/boost/smart_ptr/detail/yield_k.hpp:23[m[K,
[3.426s]                  from [01m[K/usr/include/boost/smart_ptr/detail/spinlock_gcc_atomic.hpp:14[m[K,
[3.426s]                  from [01m[K/usr/include/boost/smart_ptr/detail/spinlock.hpp:42[m[K,
[3.426s]                  from [01m[K/usr/include/boost/smart_ptr/detail/spinlock_pool.hpp:25[m[K,
[3.426s]                  from [01m[K/usr/include/boost/smart_ptr/shared_ptr.hpp:29[m[K,
[3.426s]                  from [01m[K/usr/include/boost/shared_ptr.hpp:17[m[K,
[3.427s]                  from [01m[K/usr/include/boost/date_time/microsec_time_clock.hpp:18[m[K,
[3.427s]                  from [01m[K/usr/include/boost/interprocess/detail/posix_time_types_wrk.hpp:31[m[K,
[3.427s]                  from [01m[K/usr/include/boost/interprocess/detail/os_thread_functions.hpp:36[m[K,
[3.427s]                  from [01m[K/usr/include/boost/interprocess/sync/file_lock.hpp:26[m[K,
[3.427s]                  from [01m[K/usr/include/pcl-1.12/pcl/io/pcd_io.h:46[m[K,
[3.427s]                  from [01m[K/opt/ros/humble/include/pcl_conversions/pcl_conversions/pcl_conversions.h:73[m[K,
[3.427s]                  from [01m[K/root/dddmr_navigation/src/FAST_LIO/src/IMU_Processing.hpp:18[m[K,
[3.427s]                  from [01m[K/root/dddmr_navigation/src/FAST_LIO/src/laserMapping.cpp:47[m[K:
[3.427s] [01m[K/usr/include/boost/bind.hpp:36:1:[m[K [01;36m[Knote: [m[K‘[01m[K#pragma message: The practice of declaring the Bind placeholders (_1, _2, ...) in the global namespace is deprecated. Please use <boost/bind/bind.hpp> + using namespace boost::placeholders, or define BOOST_BIND_GLOBAL_PLACEHOLDERS to retain the current behavior.[m[K’
[3.427s]    36 | [01;36m[KBOOST_PRAGMA_MESSAGE[m[K(
[3.427s]       | [01;36m[K^~~~~~~~~~~~~~~~~~~~[m[K
[38.174s] [ 94%] [32m[1mLinking CXX executable fastlio_mapping[0m
[38.838s] [100%] Built target fastlio_mapping
[38.847s] Invoked command in '/root/dddmr_navigation/build/fast_lio' returned '0': CMAKE_PREFIX_PATH=${CMAKE_PREFIX_PATH}:/opt/ros/humble /usr/bin/cmake --build /root/dddmr_navigation/build/fast_lio -- -j28 -l28
[38.848s] Invoking command in '/root/dddmr_navigation/build/fast_lio': CMAKE_PREFIX_PATH=${CMAKE_PREFIX_PATH}:/opt/ros/humble /usr/bin/cmake --install /root/dddmr_navigation/build/fast_lio
[38.854s] -- Install configuration: "Release"
[38.855s] -- Execute custom install script
[38.856s] -- Up-to-date symlink: /root/dddmr_navigation/install/fast_lio/share/ament_index/resource_index/rosidl_interfaces/fast_lio
[38.856s] -- Up-to-date symlink: /root/dddmr_navigation/install/fast_lio/include/fast_lio/fast_lio/msg/detail/pose6_d__functions.h
[38.857s] -- Up-to-date symlink: /root/dddmr_navigation/install/fast_lio/include/fast_lio/fast_lio/msg/detail/pose6_d__struct.h
[38.857s] -- Up-to-date symlink: /root/dddmr_navigation/install/fast_lio/include/fast_lio/fast_lio/msg/detail/pose6_d__type_support.h
[38.857s] -- Up-to-date symlink: /root/dddmr_navigation/install/fast_lio/include/fast_lio/fast_lio/msg/pose6_d.h
[38.857s] -- Up-to-date symlink: /root/dddmr_navigation/install/fast_lio/include/fast_lio/fast_lio/msg/rosidl_generator_c__visibility_control.h
[38.857s] -- Up-to-date symlink: /root/dddmr_navigation/install/fast_lio/share/fast_lio/environment/library_path.sh
[38.857s] -- Up-to-date symlink: /root/dddmr_navigation/install/fast_lio/share/fast_lio/environment/library_path.dsv
[38.858s] -- Up-to-date symlink: /root/dddmr_navigation/install/fast_lio/include/fast_lio/fast_lio/msg/detail/pose6_d__rosidl_typesupport_fastrtps_c.h
[38.858s] -- Up-to-date symlink: /root/dddmr_navigation/install/fast_lio/include/fast_lio/fast_lio/msg/rosidl_typesupport_fastrtps_c__visibility_control.h
[38.858s] -- Up-to-date symlink: /root/dddmr_navigation/install/fast_lio/include/fast_lio/fast_lio/msg/detail/pose6_d__builder.hpp
[38.858s] -- Up-to-date symlink: /root/dddmr_navigation/install/fast_lio/include/fast_lio/fast_lio/msg/detail/pose6_d__struct.hpp
[38.859s] -- Up-to-date symlink: /root/dddmr_navigation/install/fast_lio/include/fast_lio/fast_lio/msg/detail/pose6_d__traits.hpp
[38.859s] -- Up-to-date symlink: /root/dddmr_navigation/install/fast_lio/include/fast_lio/fast_lio/msg/detail/pose6_d__type_support.hpp
[38.859s] -- Up-to-date symlink: /root/dddmr_navigation/install/fast_lio/include/fast_lio/fast_lio/msg/pose6_d.hpp
[38.859s] -- Up-to-date symlink: /root/dddmr_navigation/install/fast_lio/include/fast_lio/fast_lio/msg/rosidl_generator_cpp__visibility_control.hpp
[38.859s] -- Up-to-date symlink: /root/dddmr_navigation/install/fast_lio/include/fast_lio/fast_lio/msg/detail/pose6_d__rosidl_typesupport_fastrtps_cpp.hpp
[38.859s] -- Up-to-date symlink: /root/dddmr_navigation/install/fast_lio/include/fast_lio/fast_lio/msg/rosidl_typesupport_fastrtps_cpp__visibility_control.h
[38.860s] -- Up-to-date symlink: /root/dddmr_navigation/install/fast_lio/include/fast_lio/fast_lio/msg/detail/pose6_d__rosidl_typesupport_introspection_c.h
[38.860s] -- Up-to-date symlink: /root/dddmr_navigation/install/fast_lio/include/fast_lio/fast_lio/msg/rosidl_typesupport_introspection_c__visibility_control.h
[38.860s] -- Up-to-date symlink: /root/dddmr_navigation/install/fast_lio/include/fast_lio/fast_lio/msg/detail/pose6_d__rosidl_typesupport_introspection_cpp.hpp
[38.860s] -- Up-to-date symlink: /root/dddmr_navigation/install/fast_lio/share/fast_lio/environment/pythonpath.sh
[38.861s] -- Up-to-date symlink: /root/dddmr_navigation/install/fast_lio/share/fast_lio/environment/pythonpath.dsv
[38.861s] -- Up-to-date symlink: /root/dddmr_navigation/install/fast_lio/local/lib/python3.10/dist-packages/fast_lio-0.0.0-py3.10.egg-info/PKG-INFO
[38.861s] -- Up-to-date symlink: /root/dddmr_navigation/install/fast_lio/local/lib/python3.10/dist-packages/fast_lio-0.0.0-py3.10.egg-info/SOURCES.txt
[38.861s] -- Up-to-date symlink: /root/dddmr_navigation/install/fast_lio/local/lib/python3.10/dist-packages/fast_lio-0.0.0-py3.10.egg-info/dependency_links.txt
[38.861s] -- Up-to-date symlink: /root/dddmr_navigation/install/fast_lio/local/lib/python3.10/dist-packages/fast_lio-0.0.0-py3.10.egg-info/top_level.txt
[38.862s] -- Up-to-date symlink: /root/dddmr_navigation/install/fast_lio/local/lib/python3.10/dist-packages/fast_lio/__init__.py
[38.862s] -- Up-to-date symlink: /root/dddmr_navigation/install/fast_lio/local/lib/python3.10/dist-packages/fast_lio/_fast_lio_s.ep.rosidl_typesupport_c.c
[38.862s] -- Up-to-date symlink: /root/dddmr_navigation/install/fast_lio/local/lib/python3.10/dist-packages/fast_lio/_fast_lio_s.ep.rosidl_typesupport_fastrtps_c.c
[38.862s] -- Up-to-date symlink: /root/dddmr_navigation/install/fast_lio/local/lib/python3.10/dist-packages/fast_lio/_fast_lio_s.ep.rosidl_typesupport_introspection_c.c
[38.862s] -- Up-to-date symlink: /root/dddmr_navigation/install/fast_lio/local/lib/python3.10/dist-packages/fast_lio/fast_lio_s__rosidl_typesupport_c.cpython-310-x86_64-linux-gnu.so
[38.863s] -- Up-to-date symlink: /root/dddmr_navigation/install/fast_lio/local/lib/python3.10/dist-packages/fast_lio/fast_lio_s__rosidl_typesupport_fastrtps_c.cpython-310-x86_64-linux-gnu.so
[38.863s] -- Up-to-date symlink: /root/dddmr_navigation/install/fast_lio/local/lib/python3.10/dist-packages/fast_lio/fast_lio_s__rosidl_typesupport_introspection_c.cpython-310-x86_64-linux-gnu.so
[38.863s] -- Up-to-date symlink: /root/dddmr_navigation/install/fast_lio/local/lib/python3.10/dist-packages/fast_lio/libfast_lio__rosidl_generator_py.so
[38.863s] -- Up-to-date symlink: /root/dddmr_navigation/install/fast_lio/local/lib/python3.10/dist-packages/fast_lio/msg/__init__.py
[38.863s] -- Up-to-date symlink: /root/dddmr_navigation/install/fast_lio/local/lib/python3.10/dist-packages/fast_lio/msg/_pose6_d.py
[38.863s] -- Up-to-date symlink: /root/dddmr_navigation/install/fast_lio/local/lib/python3.10/dist-packages/fast_lio/msg/_pose6_d_s.c
[38.863s] -- Up-to-date symlink: /root/dddmr_navigation/install/fast_lio/local/lib/python3.10/dist-packages/fast_lio/fast_lio_s__rosidl_typesupport_fastrtps_c.cpython-310-x86_64-linux-gnu.so
[38.864s] -- Up-to-date symlink: /root/dddmr_navigation/install/fast_lio/local/lib/python3.10/dist-packages/fast_lio/fast_lio_s__rosidl_typesupport_introspection_c.cpython-310-x86_64-linux-gnu.so
[38.864s] -- Up-to-date symlink: /root/dddmr_navigation/install/fast_lio/local/lib/python3.10/dist-packages/fast_lio/fast_lio_s__rosidl_typesupport_c.cpython-310-x86_64-linux-gnu.so
[38.864s] -- Up-to-date symlink: /root/dddmr_navigation/install/fast_lio/share/ament_index/resource_index/rust_packages/fast_lio
[38.865s] -- Up-to-date symlink: /root/dddmr_navigation/install/fast_lio/share/fast_lio/rust/Cargo.toml
[38.865s] -- Up-to-date symlink: /root/dddmr_navigation/install/fast_lio/share/fast_lio/rust/build.rs
[38.865s] -- Up-to-date symlink: /root/dddmr_navigation/install/fast_lio/share/fast_lio/rust/src/lib.rs
[38.865s] -- Up-to-date symlink: /root/dddmr_navigation/install/fast_lio/share/fast_lio/rust/src/msg.rs
[38.865s] -- Up-to-date symlink: /root/dddmr_navigation/install/fast_lio/share/fast_lio/rust/src/msg/rmw.rs
[38.865s] -- Up-to-date symlink: /root/dddmr_navigation/install/fast_lio/share/fast_lio/msg/Pose6D.idl
[38.865s] -- Up-to-date symlink: /root/dddmr_navigation/install/fast_lio/share/fast_lio/msg/Pose6D.msg
[38.866s] -- Up-to-date symlink: /root/dddmr_navigation/install/fast_lio/lib/fast_lio/fastlio_mapping
[38.866s] -- Up-to-date symlink: /root/dddmr_navigation/install/fast_lio/share/fast_lio/config/avia.yaml
[38.866s] -- Up-to-date symlink: /root/dddmr_navigation/install/fast_lio/share/fast_lio/config/horizon.yaml
[38.866s] -- Up-to-date symlink: /root/dddmr_navigation/install/fast_lio/share/fast_lio/config/mid360.yaml
[38.866s] -- Up-to-date symlink: /root/dddmr_navigation/install/fast_lio/share/fast_lio/config/ouster64.yaml
[38.866s] -- Up-to-date symlink: /root/dddmr_navigation/install/fast_lio/share/fast_lio/config/velodyne.yaml
[38.867s] -- Up-to-date symlink: /root/dddmr_navigation/install/fast_lio/share/fast_lio/launch/__pycache__/mapping.launch.cpython-310.pyc
[38.867s] -- Up-to-date symlink: /root/dddmr_navigation/install/fast_lio/share/fast_lio/launch/gdb_debug_example.launch
[38.867s] -- Up-to-date symlink: /root/dddmr_navigation/install/fast_lio/share/fast_lio/launch/mapping.launch.py
[38.868s] -- Up-to-date symlink: /root/dddmr_navigation/install/fast_lio/share/fast_lio/rviz/fastlio.rviz
[38.868s] -- Up-to-date symlink: /root/dddmr_navigation/install/fast_lio/share/ament_index/resource_index/package_run_dependencies/fast_lio
[38.868s] -- Up-to-date symlink: /root/dddmr_navigation/install/fast_lio/share/ament_index/resource_index/parent_prefix_path/fast_lio
[38.868s] -- Up-to-date symlink: /root/dddmr_navigation/install/fast_lio/share/fast_lio/environment/ament_prefix_path.sh
[38.869s] -- Up-to-date symlink: /root/dddmr_navigation/install/fast_lio/share/fast_lio/environment/ament_prefix_path.dsv
[38.869s] -- Up-to-date symlink: /root/dddmr_navigation/install/fast_lio/share/fast_lio/environment/path.sh
[38.869s] -- Up-to-date symlink: /root/dddmr_navigation/install/fast_lio/share/fast_lio/environment/path.dsv
[38.869s] -- Up-to-date symlink: /root/dddmr_navigation/install/fast_lio/share/fast_lio/local_setup.bash
[38.869s] -- Up-to-date symlink: /root/dddmr_navigation/install/fast_lio/share/fast_lio/local_setup.sh
[38.869s] -- Up-to-date symlink: /root/dddmr_navigation/install/fast_lio/share/fast_lio/local_setup.zsh
[38.869s] -- Up-to-date symlink: /root/dddmr_navigation/install/fast_lio/share/fast_lio/local_setup.dsv
[38.869s] -- Symlinking: /root/dddmr_navigation/install/fast_lio/share/fast_lio/package.dsv
[38.879s] -- Up-to-date symlink: /root/dddmr_navigation/install/fast_lio/share/ament_index/resource_index/packages/fast_lio
[38.880s] -- Up-to-date symlink: /root/dddmr_navigation/install/fast_lio/share/fast_lio/cmake/rosidl_cmake-extras.cmake
[38.880s] -- Up-to-date symlink: /root/dddmr_navigation/install/fast_lio/share/fast_lio/cmake/ament_cmake_export_include_directories-extras.cmake
[38.880s] -- Up-to-date symlink: /root/dddmr_navigation/install/fast_lio/share/fast_lio/cmake/ament_cmake_export_libraries-extras.cmake
[38.880s] -- Up-to-date symlink: /root/dddmr_navigation/install/fast_lio/share/fast_lio/cmake/ament_cmake_export_targets-extras.cmake
[38.881s] -- Up-to-date symlink: /root/dddmr_navigation/install/fast_lio/share/fast_lio/cmake/rosidl_cmake_export_typesupport_targets-extras.cmake
[38.881s] -- Up-to-date symlink: /root/dddmr_navigation/install/fast_lio/share/fast_lio/cmake/ament_cmake_export_dependencies-extras.cmake
[38.881s] -- Up-to-date symlink: /root/dddmr_navigation/install/fast_lio/share/fast_lio/cmake/rosidl_cmake_export_typesupport_libraries-extras.cmake
[38.881s] -- Up-to-date symlink: /root/dddmr_navigation/install/fast_lio/share/fast_lio/cmake/fast_lioConfig.cmake
[38.881s] -- Up-to-date symlink: /root/dddmr_navigation/install/fast_lio/share/fast_lio/cmake/fast_lioConfig-version.cmake
[38.881s] -- Up-to-date symlink: /root/dddmr_navigation/install/fast_lio/share/fast_lio/package.xml
[38.882s] -- Up-to-date: /root/dddmr_navigation/install/fast_lio/lib/libfast_lio__rosidl_generator_c.so
[38.882s] -- Up-to-date: /root/dddmr_navigation/install/fast_lio/lib/libfast_lio__rosidl_typesupport_fastrtps_c.so
[38.883s] -- Up-to-date: /root/dddmr_navigation/install/fast_lio/lib/libfast_lio__rosidl_typesupport_fastrtps_cpp.so
[38.883s] -- Up-to-date: /root/dddmr_navigation/install/fast_lio/lib/libfast_lio__rosidl_typesupport_introspection_c.so
[38.883s] -- Up-to-date: /root/dddmr_navigation/install/fast_lio/lib/libfast_lio__rosidl_typesupport_c.so
[38.884s] -- Up-to-date: /root/dddmr_navigation/install/fast_lio/lib/libfast_lio__rosidl_typesupport_introspection_cpp.so
[38.884s] -- Up-to-date: /root/dddmr_navigation/install/fast_lio/lib/libfast_lio__rosidl_typesupport_cpp.so
[38.923s] Listing '/root/dddmr_navigation/install/fast_lio/local/lib/python3.10/dist-packages/fast_lio'...
[38.923s] Compiling '/root/dddmr_navigation/install/fast_lio/local/lib/python3.10/dist-packages/fast_lio/__init__.py'...
[38.923s] Listing '/root/dddmr_navigation/install/fast_lio/local/lib/python3.10/dist-packages/fast_lio/msg'...
[38.926s] -- Up-to-date: /root/dddmr_navigation/install/fast_lio/lib/libfast_lio__rosidl_generator_py.so
[38.926s] -- Up-to-date: /root/dddmr_navigation/install/fast_lio/share/fast_lio/cmake/export_fast_lio__rosidl_generator_cExport.cmake
[38.926s] -- Up-to-date: /root/dddmr_navigation/install/fast_lio/share/fast_lio/cmake/export_fast_lio__rosidl_generator_cExport-release.cmake
[38.927s] -- Up-to-date: /root/dddmr_navigation/install/fast_lio/share/fast_lio/cmake/export_fast_lio__rosidl_typesupport_fastrtps_cExport.cmake
[38.927s] -- Up-to-date: /root/dddmr_navigation/install/fast_lio/share/fast_lio/cmake/export_fast_lio__rosidl_typesupport_fastrtps_cExport-release.cmake
[38.927s] -- Up-to-date: /root/dddmr_navigation/install/fast_lio/share/fast_lio/cmake/export_fast_lio__rosidl_generator_cppExport.cmake
[38.927s] -- Up-to-date: /root/dddmr_navigation/install/fast_lio/share/fast_lio/cmake/export_fast_lio__rosidl_typesupport_fastrtps_cppExport.cmake
[38.927s] -- Up-to-date: /root/dddmr_navigation/install/fast_lio/share/fast_lio/cmake/export_fast_lio__rosidl_typesupport_fastrtps_cppExport-release.cmake
[38.927s] -- Up-to-date: /root/dddmr_navigation/install/fast_lio/share/fast_lio/cmake/fast_lio__rosidl_typesupport_introspection_cExport.cmake
[38.927s] -- Up-to-date: /root/dddmr_navigation/install/fast_lio/share/fast_lio/cmake/fast_lio__rosidl_typesupport_introspection_cExport-release.cmake
[38.927s] -- Up-to-date: /root/dddmr_navigation/install/fast_lio/share/fast_lio/cmake/fast_lio__rosidl_typesupport_cExport.cmake
[38.927s] -- Up-to-date: /root/dddmr_navigation/install/fast_lio/share/fast_lio/cmake/fast_lio__rosidl_typesupport_cExport-release.cmake
[38.928s] -- Up-to-date: /root/dddmr_navigation/install/fast_lio/share/fast_lio/cmake/fast_lio__rosidl_typesupport_introspection_cppExport.cmake
[38.928s] -- Up-to-date: /root/dddmr_navigation/install/fast_lio/share/fast_lio/cmake/fast_lio__rosidl_typesupport_introspection_cppExport-release.cmake
[38.928s] -- Up-to-date: /root/dddmr_navigation/install/fast_lio/share/fast_lio/cmake/fast_lio__rosidl_typesupport_cppExport.cmake
[38.928s] -- Up-to-date: /root/dddmr_navigation/install/fast_lio/share/fast_lio/cmake/fast_lio__rosidl_typesupport_cppExport-release.cmake
[38.928s] -- Up-to-date: /root/dddmr_navigation/install/fast_lio/share/fast_lio/cmake/export_fast_lio__rosidl_generator_pyExport.cmake
[38.928s] -- Up-to-date: /root/dddmr_navigation/install/fast_lio/share/fast_lio/cmake/export_fast_lio__rosidl_generator_pyExport-release.cmake
[38.930s] Invoked command in '/root/dddmr_navigation/build/fast_lio' returned '0': CMAKE_PREFIX_PATH=${CMAKE_PREFIX_PATH}:/opt/ros/humble /usr/bin/cmake --install /root/dddmr_navigation/build/fast_lio
