-- Found ament_cmake: 1.3.14 (/opt/ros/humble/share/ament_cmake/cmake)
-- Override CMake install command with custom implementation using symlinks instead of copying resources
-- Found rclcpp: 16.0.19 (/opt/ros/humble/share/rclcpp/cmake)
-- Found rosidl_generator_c: 3.1.8 (/opt/ros/humble/share/rosidl_generator_c/cmake)
-- Found rosidl_adapter: 3.1.8 (/opt/ros/humble/share/rosidl_adapter/cmake)
-- Found rosidl_generator_cpp: 3.1.8 (/opt/ros/humble/share/rosidl_generator_cpp/cmake)
-- Using all available rosidl_typesupport_c: rosidl_typesupport_fastrtps_c;rosidl_typesupport_introspection_c
-- Using all available rosidl_typesupport_cpp: rosidl_typesupport_fastrtps_cpp;rosidl_typesupport_introspection_cpp
-- Found rmw_implementation_cmake: 6.1.2 (/opt/ros/humble/share/rmw_implementation_cmake/cmake)
-- Found rmw_fastrtps_cpp: 6.2.10 (/opt/ros/humble/share/rmw_fastrtps_cpp/cmake)
-- Using RMW implementation 'rmw_fastrtps_cpp' as default
-- Found rclcpp_action: 16.0.19 (/opt/ros/humble/share/rclcpp_action/cmake)
-- Found rclcpp_lifecycle: 16.0.19 (/opt/ros/humble/share/rclcpp_lifecycle/cmake)
-- Found rclcpp_components: 16.0.19 (/opt/ros/humble/share/rclcpp_components/cmake)
-- Found std_srvs: 4.9.1 (/opt/ros/humble/share/std_srvs/cmake)
-- Found sensor_msgs: 4.9.1 (/opt/ros/humble/share/sensor_msgs/cmake)
-- Found nav_msgs: 4.9.1 (/opt/ros/humble/share/nav_msgs/cmake)
-- Found visualization_msgs: 4.9.1 (/opt/ros/humble/share/visualization_msgs/cmake)
-- Found message_filters: 4.3.16 (/opt/ros/humble/share/message_filters/cmake)
-- Found tf2_ros: 0.25.20 (/opt/ros/humble/share/tf2_ros/cmake)
-- Found tf2_geometry_msgs: 0.25.20 (/opt/ros/humble/share/tf2_geometry_msgs/cmake)
-- Found eigen3_cmake_module: 0.1.1 (/opt/ros/humble/share/eigen3_cmake_module/cmake)
-- Ensuring Eigen3 include directory is part of orocos-kdl CMake target
-- Found tf2_eigen: 0.25.20 (/opt/ros/humble/share/tf2_eigen/cmake)
-- Found angles: 1.15.0 (/opt/ros/humble/share/angles/cmake)
-- Found pluginlib: 5.1.4 (/opt/ros/humble/share/pluginlib/cmake)
-- Found pcl_conversions: 2.4.5 (/opt/ros/humble/share/pcl_conversions/cmake)
-- Eigen found (include: /usr/include/eigen3, version: 3.4.0)
-- FLANN found (include: /usr/include, lib: /usr/lib/x86_64-linux-gnu/libflann_cpp.so)
-- OpenNI found (version: 1.5.4.0, include: /usr/include/ni, lib: /usr/lib/libOpenNI.so;libusb::libusb)
-- OpenNI2 found (version: 2.2.0.33, include: /usr/include/openni2, lib: /usr/lib/x86_64-linux-gnu/libOpenNI2.so;libusb::libusb)
-- Eigen found (include: /usr/include/eigen3, version: 3.4.0)
-- OpenNI found (version: 1.5.4.0, include: /usr/include/ni, lib: /usr/lib/libOpenNI.so;libusb::libusb)
-- OpenNI2 found (version: 2.2.0.33, include: /usr/include/openni2, lib: /usr/lib/x86_64-linux-gnu/libOpenNI2.so;libusb::libusb)
-- Found Qhull version 8.0.2
-- OpenNI found (version: 1.5.4.0, include: /usr/include/ni, lib: /usr/lib/libOpenNI.so;libusb::libusb)
-- Found local_planner: 0.0.0 (/root/dddmr_navigation/install/local_planner/share/local_planner/cmake)
-- Found recovery_behaviors: 1.0.0 (/root/dddmr_navigation/install/recovery_behaviors/share/recovery_behaviors/cmake)
-- Configuring done
-- Generating done
-- Build files have been written to: /root/dddmr_navigation/build/p2p_move_base
[35m[1mConsolidate compiler generated dependencies of target p2p_global_plan_manager[0m
[35m[1mConsolidate compiler generated dependencies of target p2p_fsm[0m
[ 12%] [32mBuilding CXX object CMakeFiles/p2p_global_plan_manager.dir/src/p2p_global_plan_manager.cpp.o[0m
[ 25%] [32mBuilding CXX object CMakeFiles/p2p_fsm.dir/src/p2p_fsm.cpp.o[0m
[ 37%] [32m[1mLinking CXX shared library libp2p_fsm.so[0m
[ 37%] Built target p2p_fsm
[ 50%] [32m[1mLinking CXX shared library libp2p_global_plan_manager.so[0m
[ 50%] Built target p2p_global_plan_manager
[35m[1mConsolidate compiler generated dependencies of target p2p_mov2_base[0m
[ 62%] [32mBuilding CXX object CMakeFiles/p2p_mov2_base.dir/src/p2p_move_base.cpp.o[0m
[ 75%] [32m[1mLinking CXX shared library libp2p_mov2_base.so[0m
[ 75%] Built target p2p_mov2_base
[35m[1mConsolidate compiler generated dependencies of target p2p_move_base_node[0m
[ 87%] [32mBuilding CXX object CMakeFiles/p2p_move_base_node.dir/src/p2p_move_base_node.cpp.o[0m
[100%] [32m[1mLinking CXX executable p2p_move_base_node[0m
[100%] Built target p2p_move_base_node
-- Install configuration: ""
-- Execute custom install script
-- Up-to-date symlink: /root/dddmr_navigation/install/p2p_move_base/lib/libp2p_fsm.so
-- Up-to-date symlink: /root/dddmr_navigation/install/p2p_move_base/lib/libp2p_mov2_base.so
-- Up-to-date symlink: /root/dddmr_navigation/install/p2p_move_base/lib/libp2p_global_plan_manager.so
-- Up-to-date symlink: /root/dddmr_navigation/install/p2p_move_base/lib/p2p_move_base/p2p_move_base_node
-- Up-to-date symlink: /root/dddmr_navigation/install/p2p_move_base/include//p2p_move_base/p2p_fsm.h
-- Up-to-date symlink: /root/dddmr_navigation/install/p2p_move_base/include//p2p_move_base/p2p_global_plan_manager.h
-- Up-to-date symlink: /root/dddmr_navigation/install/p2p_move_base/include//p2p_move_base/p2p_move_base.h
-- Up-to-date symlink: /root/dddmr_navigation/install/p2p_move_base/share/p2p_move_base//launch/go2_localization.launch
-- Up-to-date symlink: /root/dddmr_navigation/install/p2p_move_base/share/p2p_move_base//launch/go2_mapping.launch
-- Up-to-date symlink: /root/dddmr_navigation/install/p2p_move_base/share/p2p_move_base//launch/p2p_move_base_localization.launch
-- Up-to-date symlink: /root/dddmr_navigation/install/p2p_move_base/share/p2p_move_base//launch/p2p_move_base_mapping.launch
-- Up-to-date symlink: /root/dddmr_navigation/install/p2p_move_base/share/p2p_move_base//launch/p2p_wo_mcl.launch
-- Up-to-date symlink: /root/dddmr_navigation/install/p2p_move_base/share/p2p_move_base//config/go2_localization.yaml
-- Up-to-date symlink: /root/dddmr_navigation/install/p2p_move_base/share/p2p_move_base//config/go2_mapping.yaml
-- Up-to-date symlink: /root/dddmr_navigation/install/p2p_move_base/share/p2p_move_base//config/p2p_move_base_localization.yaml
-- Up-to-date symlink: /root/dddmr_navigation/install/p2p_move_base/share/p2p_move_base//config/p2p_move_base_mapping.yaml
-- Up-to-date symlink: /root/dddmr_navigation/install/p2p_move_base/share/p2p_move_base//config/p2p_wo_mcl.yaml
-- Up-to-date symlink: /root/dddmr_navigation/install/p2p_move_base/share/p2p_move_base//rviz/go2_mapping.rviz
-- Up-to-date symlink: /root/dddmr_navigation/install/p2p_move_base/share/p2p_move_base//rviz/p2p_move_base_localization.rviz
-- Up-to-date symlink: /root/dddmr_navigation/install/p2p_move_base/share/p2p_move_base//rviz/p2p_move_base_mapping.rviz
-- Up-to-date symlink: /root/dddmr_navigation/install/p2p_move_base/share/p2p_move_base//rviz/p2p_wo_mcl.rviz
-- Up-to-date symlink: /root/dddmr_navigation/install/p2p_move_base/lib/p2p_move_base/clicked2goal.py
-- Up-to-date symlink: /root/dddmr_navigation/install/p2p_move_base/share/p2p_move_base/environment/library_path.sh
-- Up-to-date symlink: /root/dddmr_navigation/install/p2p_move_base/share/p2p_move_base/environment/library_path.dsv
-- Up-to-date symlink: /root/dddmr_navigation/install/p2p_move_base/share/ament_index/resource_index/package_run_dependencies/p2p_move_base
-- Up-to-date symlink: /root/dddmr_navigation/install/p2p_move_base/share/ament_index/resource_index/parent_prefix_path/p2p_move_base
-- Up-to-date symlink: /root/dddmr_navigation/install/p2p_move_base/share/p2p_move_base/environment/ament_prefix_path.sh
-- Up-to-date symlink: /root/dddmr_navigation/install/p2p_move_base/share/p2p_move_base/environment/ament_prefix_path.dsv
-- Up-to-date symlink: /root/dddmr_navigation/install/p2p_move_base/share/p2p_move_base/environment/path.sh
-- Up-to-date symlink: /root/dddmr_navigation/install/p2p_move_base/share/p2p_move_base/environment/path.dsv
-- Up-to-date symlink: /root/dddmr_navigation/install/p2p_move_base/share/p2p_move_base/local_setup.bash
-- Up-to-date symlink: /root/dddmr_navigation/install/p2p_move_base/share/p2p_move_base/local_setup.sh
-- Up-to-date symlink: /root/dddmr_navigation/install/p2p_move_base/share/p2p_move_base/local_setup.zsh
-- Up-to-date symlink: /root/dddmr_navigation/install/p2p_move_base/share/p2p_move_base/local_setup.dsv
-- Symlinking: /root/dddmr_navigation/install/p2p_move_base/share/p2p_move_base/package.dsv
-- Up-to-date symlink: /root/dddmr_navigation/install/p2p_move_base/share/ament_index/resource_index/packages/p2p_move_base
-- Up-to-date symlink: /root/dddmr_navigation/install/p2p_move_base/share/p2p_move_base/cmake/ament_cmake_export_include_directories-extras.cmake
-- Up-to-date symlink: /root/dddmr_navigation/install/p2p_move_base/share/p2p_move_base/cmake/ament_cmake_export_libraries-extras.cmake
-- Up-to-date symlink: /root/dddmr_navigation/install/p2p_move_base/share/p2p_move_base/cmake/ament_cmake_export_dependencies-extras.cmake
-- Up-to-date symlink: /root/dddmr_navigation/install/p2p_move_base/share/p2p_move_base/cmake/p2p_move_baseConfig.cmake
-- Up-to-date symlink: /root/dddmr_navigation/install/p2p_move_base/share/p2p_move_base/cmake/p2p_move_baseConfig-version.cmake
-- Up-to-date symlink: /root/dddmr_navigation/install/p2p_move_base/share/p2p_move_base/package.xml
