[0.037s] Invoking command in '/root/dddmr_navigation/build/p2p_move_base': CMAKE_PREFIX_PATH=/root/dddmr_navigation/install/recovery_behaviors:/root/dddmr_navigation/install/local_planner:/root/dddmr_navigation/install/trajectory_generators:/root/dddmr_navigation/install/mpc_critics:/root/dddmr_navigation/install/perception_3d:/root/dddmr_navigation/install/dddmr_sys_core:/root/dddmr_navigation/install/base_trajectory:/root/livox_ws/install/livox_ros_driver2:/root/dddmr_navigation/install/dddmr_sc_pgo:/root/dddmr_navigation/install/p2p_move_base:/root/dddmr_navigation/install/pose_graph_merge_editor_panel:/root/dddmr_navigation/install/pose_graph_editor_panel:/root/dddmr_navigation/install/mcl_3dl:/root/dddmr_navigation/install/mapping_panel:/root/dddmr_navigation/install/map_editor_panel:/root/dddmr_navigation/install/lego_loam_bor:/root/dddmr_navigation/install/global_planner:/root/dddmr_navigation/install/fast_lio:/root/dddmr_navigation/install/dddmr_trt:/root/dddmr_navigation/install/dddmr_semantic_segmentation:/root/dddmr_navigation/install/dddmr_rviz_default_plugins:/root/dddmr_navigation/install/dddmr_odom_3d:/root/dddmr_navigation/install/dddmr_fastlio_adapter:/root/dddmr_navigation/install/dddmr_beginner_guide:/root/dddmr_navigation/install/cloud_msgs:/opt/ros/humble LD_LIBRARY_PATH=/root/dddmr_navigation/install/recovery_behaviors/lib:/root/dddmr_navigation/install/local_planner/lib:/root/dddmr_navigation/install/trajectory_generators/lib:/root/dddmr_navigation/install/mpc_critics/lib:/root/dddmr_navigation/install/perception_3d/lib:/root/dddmr_navigation/install/dddmr_sys_core/lib:/root/dddmr_navigation/install/base_trajectory/lib:/root/livox_ws/install/livox_ros_driver2/lib:/root/dddmr_navigation/install/dddmr_sc_pgo/lib:/opt/ros/humble/opt/rviz_ogre_vendor/lib:/opt/ros/humble/lib/x86_64-linux-gnu:/opt/ros/humble/lib:/root/dddmr_navigation/install/p2p_move_base/lib:/root/dddmr_navigation/install/pose_graph_merge_editor_panel/lib:/root/dddmr_navigation/install/pose_graph_editor_panel/lib:/root/dddmr_navigation/install/mcl_3dl/lib:/root/dddmr_navigation/install/mapping_panel/lib:/root/dddmr_navigation/install/map_editor_panel/lib:/root/dddmr_navigation/install/lego_loam_bor/lib:/root/dddmr_navigation/install/global_planner/lib:/root/dddmr_navigation/install/fast_lio/lib:/root/dddmr_navigation/install/dddmr_rviz_default_plugins/lib:/root/dddmr_navigation/install/cloud_msgs/lib /usr/bin/cmake /root/dddmr_navigation/src/dddmr_p2p_move_base -DAMENT_CMAKE_SYMLINK_INSTALL=1 -DCMAKE_INSTALL_PREFIX=/root/dddmr_navigation/install/p2p_move_base
[0.053s] -- Found ament_cmake: 1.3.14 (/opt/ros/humble/share/ament_cmake/cmake)
[0.136s] -- Override CMake install command with custom implementation using symlinks instead of copying resources
[0.146s] -- Found rclcpp: 16.0.19 (/opt/ros/humble/share/rclcpp/cmake)
[0.170s] -- Found rosidl_generator_c: 3.1.8 (/opt/ros/humble/share/rosidl_generator_c/cmake)
[0.172s] -- Found rosidl_adapter: 3.1.8 (/opt/ros/humble/share/rosidl_adapter/cmake)
[0.177s] -- Found rosidl_generator_cpp: 3.1.8 (/opt/ros/humble/share/rosidl_generator_cpp/cmake)
[0.188s] -- Using all available rosidl_typesupport_c: rosidl_typesupport_fastrtps_c;rosidl_typesupport_introspection_c
[0.197s] -- Using all available rosidl_typesupport_cpp: rosidl_typesupport_fastrtps_cpp;rosidl_typesupport_introspection_cpp
[0.222s] -- Found rmw_implementation_cmake: 6.1.2 (/opt/ros/humble/share/rmw_implementation_cmake/cmake)
[0.224s] -- Found rmw_fastrtps_cpp: 6.2.10 (/opt/ros/humble/share/rmw_fastrtps_cpp/cmake)
[0.319s] -- Using RMW implementation 'rmw_fastrtps_cpp' as default
[0.366s] -- Found rclcpp_action: 16.0.19 (/opt/ros/humble/share/rclcpp_action/cmake)
[0.387s] -- Found rclcpp_lifecycle: 16.0.19 (/opt/ros/humble/share/rclcpp_lifecycle/cmake)
[0.398s] -- Found rclcpp_components: 16.0.19 (/opt/ros/humble/share/rclcpp_components/cmake)
[0.412s] -- Found std_srvs: 4.9.1 (/opt/ros/humble/share/std_srvs/cmake)
[0.419s] -- Found sensor_msgs: 4.9.1 (/opt/ros/humble/share/sensor_msgs/cmake)
[0.438s] -- Found nav_msgs: 4.9.1 (/opt/ros/humble/share/nav_msgs/cmake)
[0.448s] -- Found visualization_msgs: 4.9.1 (/opt/ros/humble/share/visualization_msgs/cmake)
[0.459s] -- Found message_filters: 4.3.16 (/opt/ros/humble/share/message_filters/cmake)
[0.461s] -- Found tf2_ros: 0.25.20 (/opt/ros/humble/share/tf2_ros/cmake)
[0.480s] -- Found tf2_geometry_msgs: 0.25.20 (/opt/ros/humble/share/tf2_geometry_msgs/cmake)
[0.483s] -- Found eigen3_cmake_module: 0.1.1 (/opt/ros/humble/share/eigen3_cmake_module/cmake)
[0.484s] -- Ensuring Eigen3 include directory is part of orocos-kdl CMake target
[0.484s] -- Found tf2_eigen: 0.25.20 (/opt/ros/humble/share/tf2_eigen/cmake)
[0.486s] -- Found angles: 1.15.0 (/opt/ros/humble/share/angles/cmake)
[0.487s] -- Found pluginlib: 5.1.4 (/opt/ros/humble/share/pluginlib/cmake)
[0.497s] -- Found pcl_conversions: 2.4.5 (/opt/ros/humble/share/pcl_conversions/cmake)
[0.519s] -- Eigen found (include: /usr/include/eigen3, version: 3.4.0)
[0.553s] -- FLANN found (include: /usr/include, lib: /usr/lib/x86_64-linux-gnu/libflann_cpp.so)
[0.824s] -- OpenNI found (version: 1.5.4.0, include: /usr/include/ni, lib: /usr/lib/libOpenNI.so;libusb::libusb)
[0.829s] -- OpenNI2 found (version: 2.2.0.33, include: /usr/include/openni2, lib: /usr/lib/x86_64-linux-gnu/libOpenNI2.so;libusb::libusb)
[0.922s] -- Eigen found (include: /usr/include/eigen3, version: 3.4.0)
[0.927s] -- OpenNI found (version: 1.5.4.0, include: /usr/include/ni, lib: /usr/lib/libOpenNI.so;libusb::libusb)
[0.931s] -- OpenNI2 found (version: 2.2.0.33, include: /usr/include/openni2, lib: /usr/lib/x86_64-linux-gnu/libOpenNI2.so;libusb::libusb)
[1.021s] -- Found Qhull version 8.0.2
[1.103s] -- OpenNI found (version: 1.5.4.0, include: /usr/include/ni, lib: /usr/lib/libOpenNI.so;libusb::libusb)
[1.190s] -- Found local_planner: 0.0.0 (/root/dddmr_navigation/install/local_planner/share/local_planner/cmake)
[1.269s] -- Found recovery_behaviors: 1.0.0 (/root/dddmr_navigation/install/recovery_behaviors/share/recovery_behaviors/cmake)
[1.290s] [33mCMake Warning (dev) at CMakeLists.txt:28 (find_package):
[1.290s]   Policy CMP0074 is not set: find_package uses <PackageName>_ROOT variables.
[1.290s]   Run "cmake --help-policy CMP0074" for policy details.  Use the cmake_policy
[1.290s]   command to set the policy and suppress this warning.
[1.290s] 
[1.290s]   CMake variable PCL_ROOT is set to:
[1.290s] 
[1.290s]     /usr
[1.290s] 
[1.290s]   For compatibility, CMake is ignoring the variable.
[1.290s] This warning is for project developers.  Use -Wno-dev to suppress it.
[1.290s] [0m
[2.414s] -- Configuring done
[2.538s] -- Generating done
[2.553s] -- Build files have been written to: /root/dddmr_navigation/build/p2p_move_base
[2.563s] Invoked command in '/root/dddmr_navigation/build/p2p_move_base' returned '0': CMAKE_PREFIX_PATH=/root/dddmr_navigation/install/recovery_behaviors:/root/dddmr_navigation/install/local_planner:/root/dddmr_navigation/install/trajectory_generators:/root/dddmr_navigation/install/mpc_critics:/root/dddmr_navigation/install/perception_3d:/root/dddmr_navigation/install/dddmr_sys_core:/root/dddmr_navigation/install/base_trajectory:/root/livox_ws/install/livox_ros_driver2:/root/dddmr_navigation/install/dddmr_sc_pgo:/root/dddmr_navigation/install/p2p_move_base:/root/dddmr_navigation/install/pose_graph_merge_editor_panel:/root/dddmr_navigation/install/pose_graph_editor_panel:/root/dddmr_navigation/install/mcl_3dl:/root/dddmr_navigation/install/mapping_panel:/root/dddmr_navigation/install/map_editor_panel:/root/dddmr_navigation/install/lego_loam_bor:/root/dddmr_navigation/install/global_planner:/root/dddmr_navigation/install/fast_lio:/root/dddmr_navigation/install/dddmr_trt:/root/dddmr_navigation/install/dddmr_semantic_segmentation:/root/dddmr_navigation/install/dddmr_rviz_default_plugins:/root/dddmr_navigation/install/dddmr_odom_3d:/root/dddmr_navigation/install/dddmr_fastlio_adapter:/root/dddmr_navigation/install/dddmr_beginner_guide:/root/dddmr_navigation/install/cloud_msgs:/opt/ros/humble LD_LIBRARY_PATH=/root/dddmr_navigation/install/recovery_behaviors/lib:/root/dddmr_navigation/install/local_planner/lib:/root/dddmr_navigation/install/trajectory_generators/lib:/root/dddmr_navigation/install/mpc_critics/lib:/root/dddmr_navigation/install/perception_3d/lib:/root/dddmr_navigation/install/dddmr_sys_core/lib:/root/dddmr_navigation/install/base_trajectory/lib:/root/livox_ws/install/livox_ros_driver2/lib:/root/dddmr_navigation/install/dddmr_sc_pgo/lib:/opt/ros/humble/opt/rviz_ogre_vendor/lib:/opt/ros/humble/lib/x86_64-linux-gnu:/opt/ros/humble/lib:/root/dddmr_navigation/install/p2p_move_base/lib:/root/dddmr_navigation/install/pose_graph_merge_editor_panel/lib:/root/dddmr_navigation/install/pose_graph_editor_panel/lib:/root/dddmr_navigation/install/mcl_3dl/lib:/root/dddmr_navigation/install/mapping_panel/lib:/root/dddmr_navigation/install/map_editor_panel/lib:/root/dddmr_navigation/install/lego_loam_bor/lib:/root/dddmr_navigation/install/global_planner/lib:/root/dddmr_navigation/install/fast_lio/lib:/root/dddmr_navigation/install/dddmr_rviz_default_plugins/lib:/root/dddmr_navigation/install/cloud_msgs/lib /usr/bin/cmake /root/dddmr_navigation/src/dddmr_p2p_move_base -DAMENT_CMAKE_SYMLINK_INSTALL=1 -DCMAKE_INSTALL_PREFIX=/root/dddmr_navigation/install/p2p_move_base
[2.563s] Invoking command in '/root/dddmr_navigation/build/p2p_move_base': CMAKE_PREFIX_PATH=/root/dddmr_navigation/install/recovery_behaviors:/root/dddmr_navigation/install/local_planner:/root/dddmr_navigation/install/trajectory_generators:/root/dddmr_navigation/install/mpc_critics:/root/dddmr_navigation/install/perception_3d:/root/dddmr_navigation/install/dddmr_sys_core:/root/dddmr_navigation/install/base_trajectory:/root/livox_ws/install/livox_ros_driver2:/root/dddmr_navigation/install/dddmr_sc_pgo:/root/dddmr_navigation/install/p2p_move_base:/root/dddmr_navigation/install/pose_graph_merge_editor_panel:/root/dddmr_navigation/install/pose_graph_editor_panel:/root/dddmr_navigation/install/mcl_3dl:/root/dddmr_navigation/install/mapping_panel:/root/dddmr_navigation/install/map_editor_panel:/root/dddmr_navigation/install/lego_loam_bor:/root/dddmr_navigation/install/global_planner:/root/dddmr_navigation/install/fast_lio:/root/dddmr_navigation/install/dddmr_trt:/root/dddmr_navigation/install/dddmr_semantic_segmentation:/root/dddmr_navigation/install/dddmr_rviz_default_plugins:/root/dddmr_navigation/install/dddmr_odom_3d:/root/dddmr_navigation/install/dddmr_fastlio_adapter:/root/dddmr_navigation/install/dddmr_beginner_guide:/root/dddmr_navigation/install/cloud_msgs:/opt/ros/humble LD_LIBRARY_PATH=/root/dddmr_navigation/install/recovery_behaviors/lib:/root/dddmr_navigation/install/local_planner/lib:/root/dddmr_navigation/install/trajectory_generators/lib:/root/dddmr_navigation/install/mpc_critics/lib:/root/dddmr_navigation/install/perception_3d/lib:/root/dddmr_navigation/install/dddmr_sys_core/lib:/root/dddmr_navigation/install/base_trajectory/lib:/root/livox_ws/install/livox_ros_driver2/lib:/root/dddmr_navigation/install/dddmr_sc_pgo/lib:/opt/ros/humble/opt/rviz_ogre_vendor/lib:/opt/ros/humble/lib/x86_64-linux-gnu:/opt/ros/humble/lib:/root/dddmr_navigation/install/p2p_move_base/lib:/root/dddmr_navigation/install/pose_graph_merge_editor_panel/lib:/root/dddmr_navigation/install/pose_graph_editor_panel/lib:/root/dddmr_navigation/install/mcl_3dl/lib:/root/dddmr_navigation/install/mapping_panel/lib:/root/dddmr_navigation/install/map_editor_panel/lib:/root/dddmr_navigation/install/lego_loam_bor/lib:/root/dddmr_navigation/install/global_planner/lib:/root/dddmr_navigation/install/fast_lio/lib:/root/dddmr_navigation/install/dddmr_rviz_default_plugins/lib:/root/dddmr_navigation/install/cloud_msgs/lib /usr/bin/cmake --build /root/dddmr_navigation/build/p2p_move_base -- -j28 -l28
[2.604s] [35m[1mConsolidate compiler generated dependencies of target p2p_global_plan_manager[0m
[2.604s] [35m[1mConsolidate compiler generated dependencies of target p2p_fsm[0m
[2.620s] [ 12%] [32mBuilding CXX object CMakeFiles/p2p_global_plan_manager.dir/src/p2p_global_plan_manager.cpp.o[0m
[2.621s] [ 25%] [32mBuilding CXX object CMakeFiles/p2p_fsm.dir/src/p2p_fsm.cpp.o[0m
[3.904s] [ 37%] [32m[1mLinking CXX shared library libp2p_fsm.so[0m
[4.149s] [ 37%] Built target p2p_fsm
[4.456s] [ 50%] [32m[1mLinking CXX shared library libp2p_global_plan_manager.so[0m
[4.710s] [ 50%] Built target p2p_global_plan_manager
[4.720s] [35m[1mConsolidate compiler generated dependencies of target p2p_mov2_base[0m
[4.740s] [ 62%] [32mBuilding CXX object CMakeFiles/p2p_mov2_base.dir/src/p2p_move_base.cpp.o[0m
[10.547s] [ 75%] [32m[1mLinking CXX shared library libp2p_mov2_base.so[0m
[11.036s] [ 75%] Built target p2p_mov2_base
[11.048s] [35m[1mConsolidate compiler generated dependencies of target p2p_move_base_node[0m
[11.070s] [ 87%] [32mBuilding CXX object CMakeFiles/p2p_move_base_node.dir/src/p2p_move_base_node.cpp.o[0m
[15.287s] [100%] [32m[1mLinking CXX executable p2p_move_base_node[0m
[15.925s] [100%] Built target p2p_move_base_node
[15.933s] Invoked command in '/root/dddmr_navigation/build/p2p_move_base' returned '0': CMAKE_PREFIX_PATH=/root/dddmr_navigation/install/recovery_behaviors:/root/dddmr_navigation/install/local_planner:/root/dddmr_navigation/install/trajectory_generators:/root/dddmr_navigation/install/mpc_critics:/root/dddmr_navigation/install/perception_3d:/root/dddmr_navigation/install/dddmr_sys_core:/root/dddmr_navigation/install/base_trajectory:/root/livox_ws/install/livox_ros_driver2:/root/dddmr_navigation/install/dddmr_sc_pgo:/root/dddmr_navigation/install/p2p_move_base:/root/dddmr_navigation/install/pose_graph_merge_editor_panel:/root/dddmr_navigation/install/pose_graph_editor_panel:/root/dddmr_navigation/install/mcl_3dl:/root/dddmr_navigation/install/mapping_panel:/root/dddmr_navigation/install/map_editor_panel:/root/dddmr_navigation/install/lego_loam_bor:/root/dddmr_navigation/install/global_planner:/root/dddmr_navigation/install/fast_lio:/root/dddmr_navigation/install/dddmr_trt:/root/dddmr_navigation/install/dddmr_semantic_segmentation:/root/dddmr_navigation/install/dddmr_rviz_default_plugins:/root/dddmr_navigation/install/dddmr_odom_3d:/root/dddmr_navigation/install/dddmr_fastlio_adapter:/root/dddmr_navigation/install/dddmr_beginner_guide:/root/dddmr_navigation/install/cloud_msgs:/opt/ros/humble LD_LIBRARY_PATH=/root/dddmr_navigation/install/recovery_behaviors/lib:/root/dddmr_navigation/install/local_planner/lib:/root/dddmr_navigation/install/trajectory_generators/lib:/root/dddmr_navigation/install/mpc_critics/lib:/root/dddmr_navigation/install/perception_3d/lib:/root/dddmr_navigation/install/dddmr_sys_core/lib:/root/dddmr_navigation/install/base_trajectory/lib:/root/livox_ws/install/livox_ros_driver2/lib:/root/dddmr_navigation/install/dddmr_sc_pgo/lib:/opt/ros/humble/opt/rviz_ogre_vendor/lib:/opt/ros/humble/lib/x86_64-linux-gnu:/opt/ros/humble/lib:/root/dddmr_navigation/install/p2p_move_base/lib:/root/dddmr_navigation/install/pose_graph_merge_editor_panel/lib:/root/dddmr_navigation/install/pose_graph_editor_panel/lib:/root/dddmr_navigation/install/mcl_3dl/lib:/root/dddmr_navigation/install/mapping_panel/lib:/root/dddmr_navigation/install/map_editor_panel/lib:/root/dddmr_navigation/install/lego_loam_bor/lib:/root/dddmr_navigation/install/global_planner/lib:/root/dddmr_navigation/install/fast_lio/lib:/root/dddmr_navigation/install/dddmr_rviz_default_plugins/lib:/root/dddmr_navigation/install/cloud_msgs/lib /usr/bin/cmake --build /root/dddmr_navigation/build/p2p_move_base -- -j28 -l28
[15.934s] Invoking command in '/root/dddmr_navigation/build/p2p_move_base': CMAKE_PREFIX_PATH=/root/dddmr_navigation/install/recovery_behaviors:/root/dddmr_navigation/install/local_planner:/root/dddmr_navigation/install/trajectory_generators:/root/dddmr_navigation/install/mpc_critics:/root/dddmr_navigation/install/perception_3d:/root/dddmr_navigation/install/dddmr_sys_core:/root/dddmr_navigation/install/base_trajectory:/root/livox_ws/install/livox_ros_driver2:/root/dddmr_navigation/install/dddmr_sc_pgo:/root/dddmr_navigation/install/p2p_move_base:/root/dddmr_navigation/install/pose_graph_merge_editor_panel:/root/dddmr_navigation/install/pose_graph_editor_panel:/root/dddmr_navigation/install/mcl_3dl:/root/dddmr_navigation/install/mapping_panel:/root/dddmr_navigation/install/map_editor_panel:/root/dddmr_navigation/install/lego_loam_bor:/root/dddmr_navigation/install/global_planner:/root/dddmr_navigation/install/fast_lio:/root/dddmr_navigation/install/dddmr_trt:/root/dddmr_navigation/install/dddmr_semantic_segmentation:/root/dddmr_navigation/install/dddmr_rviz_default_plugins:/root/dddmr_navigation/install/dddmr_odom_3d:/root/dddmr_navigation/install/dddmr_fastlio_adapter:/root/dddmr_navigation/install/dddmr_beginner_guide:/root/dddmr_navigation/install/cloud_msgs:/opt/ros/humble LD_LIBRARY_PATH=/root/dddmr_navigation/install/recovery_behaviors/lib:/root/dddmr_navigation/install/local_planner/lib:/root/dddmr_navigation/install/trajectory_generators/lib:/root/dddmr_navigation/install/mpc_critics/lib:/root/dddmr_navigation/install/perception_3d/lib:/root/dddmr_navigation/install/dddmr_sys_core/lib:/root/dddmr_navigation/install/base_trajectory/lib:/root/livox_ws/install/livox_ros_driver2/lib:/root/dddmr_navigation/install/dddmr_sc_pgo/lib:/opt/ros/humble/opt/rviz_ogre_vendor/lib:/opt/ros/humble/lib/x86_64-linux-gnu:/opt/ros/humble/lib:/root/dddmr_navigation/install/p2p_move_base/lib:/root/dddmr_navigation/install/pose_graph_merge_editor_panel/lib:/root/dddmr_navigation/install/pose_graph_editor_panel/lib:/root/dddmr_navigation/install/mcl_3dl/lib:/root/dddmr_navigation/install/mapping_panel/lib:/root/dddmr_navigation/install/map_editor_panel/lib:/root/dddmr_navigation/install/lego_loam_bor/lib:/root/dddmr_navigation/install/global_planner/lib:/root/dddmr_navigation/install/fast_lio/lib:/root/dddmr_navigation/install/dddmr_rviz_default_plugins/lib:/root/dddmr_navigation/install/cloud_msgs/lib /usr/bin/cmake --install /root/dddmr_navigation/build/p2p_move_base
[15.939s] -- Install configuration: ""
[15.939s] -- Execute custom install script
[15.939s] -- Up-to-date symlink: /root/dddmr_navigation/install/p2p_move_base/lib/libp2p_fsm.so
[15.940s] -- Up-to-date symlink: /root/dddmr_navigation/install/p2p_move_base/lib/libp2p_mov2_base.so
[15.940s] -- Up-to-date symlink: /root/dddmr_navigation/install/p2p_move_base/lib/libp2p_global_plan_manager.so
[15.941s] -- Up-to-date symlink: /root/dddmr_navigation/install/p2p_move_base/lib/p2p_move_base/p2p_move_base_node
[15.941s] -- Up-to-date symlink: /root/dddmr_navigation/install/p2p_move_base/include//p2p_move_base/p2p_fsm.h
[15.941s] -- Up-to-date symlink: /root/dddmr_navigation/install/p2p_move_base/include//p2p_move_base/p2p_global_plan_manager.h
[15.941s] -- Up-to-date symlink: /root/dddmr_navigation/install/p2p_move_base/include//p2p_move_base/p2p_move_base.h
[15.941s] -- Up-to-date symlink: /root/dddmr_navigation/install/p2p_move_base/share/p2p_move_base//launch/go2_localization.launch
[15.941s] -- Up-to-date symlink: /root/dddmr_navigation/install/p2p_move_base/share/p2p_move_base//launch/go2_mapping.launch
[15.942s] -- Up-to-date symlink: /root/dddmr_navigation/install/p2p_move_base/share/p2p_move_base//launch/p2p_move_base_localization.launch
[15.942s] -- Up-to-date symlink: /root/dddmr_navigation/install/p2p_move_base/share/p2p_move_base//launch/p2p_move_base_mapping.launch
[15.942s] -- Up-to-date symlink: /root/dddmr_navigation/install/p2p_move_base/share/p2p_move_base//launch/p2p_wo_mcl.launch
[15.942s] -- Up-to-date symlink: /root/dddmr_navigation/install/p2p_move_base/share/p2p_move_base//config/go2_localization.yaml
[15.942s] -- Up-to-date symlink: /root/dddmr_navigation/install/p2p_move_base/share/p2p_move_base//config/go2_mapping.yaml
[15.942s] -- Up-to-date symlink: /root/dddmr_navigation/install/p2p_move_base/share/p2p_move_base//config/p2p_move_base_localization.yaml
[15.942s] -- Up-to-date symlink: /root/dddmr_navigation/install/p2p_move_base/share/p2p_move_base//config/p2p_move_base_mapping.yaml
[15.942s] -- Up-to-date symlink: /root/dddmr_navigation/install/p2p_move_base/share/p2p_move_base//config/p2p_wo_mcl.yaml
[15.943s] -- Up-to-date symlink: /root/dddmr_navigation/install/p2p_move_base/share/p2p_move_base//rviz/go2_mapping.rviz
[15.943s] -- Up-to-date symlink: /root/dddmr_navigation/install/p2p_move_base/share/p2p_move_base//rviz/p2p_move_base_localization.rviz
[15.943s] -- Up-to-date symlink: /root/dddmr_navigation/install/p2p_move_base/share/p2p_move_base//rviz/p2p_move_base_mapping.rviz
[15.943s] -- Up-to-date symlink: /root/dddmr_navigation/install/p2p_move_base/share/p2p_move_base//rviz/p2p_wo_mcl.rviz
[15.943s] -- Up-to-date symlink: /root/dddmr_navigation/install/p2p_move_base/lib/p2p_move_base/clicked2goal.py
[15.943s] -- Up-to-date symlink: /root/dddmr_navigation/install/p2p_move_base/share/p2p_move_base/environment/library_path.sh
[15.943s] -- Up-to-date symlink: /root/dddmr_navigation/install/p2p_move_base/share/p2p_move_base/environment/library_path.dsv
[15.944s] -- Up-to-date symlink: /root/dddmr_navigation/install/p2p_move_base/share/ament_index/resource_index/package_run_dependencies/p2p_move_base
[15.944s] -- Up-to-date symlink: /root/dddmr_navigation/install/p2p_move_base/share/ament_index/resource_index/parent_prefix_path/p2p_move_base
[15.944s] -- Up-to-date symlink: /root/dddmr_navigation/install/p2p_move_base/share/p2p_move_base/environment/ament_prefix_path.sh
[15.944s] -- Up-to-date symlink: /root/dddmr_navigation/install/p2p_move_base/share/p2p_move_base/environment/ament_prefix_path.dsv
[15.944s] -- Up-to-date symlink: /root/dddmr_navigation/install/p2p_move_base/share/p2p_move_base/environment/path.sh
[15.944s] -- Up-to-date symlink: /root/dddmr_navigation/install/p2p_move_base/share/p2p_move_base/environment/path.dsv
[15.945s] -- Up-to-date symlink: /root/dddmr_navigation/install/p2p_move_base/share/p2p_move_base/local_setup.bash
[15.945s] -- Up-to-date symlink: /root/dddmr_navigation/install/p2p_move_base/share/p2p_move_base/local_setup.sh
[15.945s] -- Up-to-date symlink: /root/dddmr_navigation/install/p2p_move_base/share/p2p_move_base/local_setup.zsh
[15.945s] -- Up-to-date symlink: /root/dddmr_navigation/install/p2p_move_base/share/p2p_move_base/local_setup.dsv
[15.945s] -- Symlinking: /root/dddmr_navigation/install/p2p_move_base/share/p2p_move_base/package.dsv
[15.952s] -- Up-to-date symlink: /root/dddmr_navigation/install/p2p_move_base/share/ament_index/resource_index/packages/p2p_move_base
[15.952s] -- Up-to-date symlink: /root/dddmr_navigation/install/p2p_move_base/share/p2p_move_base/cmake/ament_cmake_export_include_directories-extras.cmake
[15.952s] -- Up-to-date symlink: /root/dddmr_navigation/install/p2p_move_base/share/p2p_move_base/cmake/ament_cmake_export_libraries-extras.cmake
[15.952s] -- Up-to-date symlink: /root/dddmr_navigation/install/p2p_move_base/share/p2p_move_base/cmake/ament_cmake_export_dependencies-extras.cmake
[15.952s] -- Up-to-date symlink: /root/dddmr_navigation/install/p2p_move_base/share/p2p_move_base/cmake/p2p_move_baseConfig.cmake
[15.952s] -- Up-to-date symlink: /root/dddmr_navigation/install/p2p_move_base/share/p2p_move_base/cmake/p2p_move_baseConfig-version.cmake
[15.952s] -- Up-to-date symlink: /root/dddmr_navigation/install/p2p_move_base/share/p2p_move_base/package.xml
[15.953s] Invoked command in '/root/dddmr_navigation/build/p2p_move_base' returned '0': CMAKE_PREFIX_PATH=/root/dddmr_navigation/install/recovery_behaviors:/root/dddmr_navigation/install/local_planner:/root/dddmr_navigation/install/trajectory_generators:/root/dddmr_navigation/install/mpc_critics:/root/dddmr_navigation/install/perception_3d:/root/dddmr_navigation/install/dddmr_sys_core:/root/dddmr_navigation/install/base_trajectory:/root/livox_ws/install/livox_ros_driver2:/root/dddmr_navigation/install/dddmr_sc_pgo:/root/dddmr_navigation/install/p2p_move_base:/root/dddmr_navigation/install/pose_graph_merge_editor_panel:/root/dddmr_navigation/install/pose_graph_editor_panel:/root/dddmr_navigation/install/mcl_3dl:/root/dddmr_navigation/install/mapping_panel:/root/dddmr_navigation/install/map_editor_panel:/root/dddmr_navigation/install/lego_loam_bor:/root/dddmr_navigation/install/global_planner:/root/dddmr_navigation/install/fast_lio:/root/dddmr_navigation/install/dddmr_trt:/root/dddmr_navigation/install/dddmr_semantic_segmentation:/root/dddmr_navigation/install/dddmr_rviz_default_plugins:/root/dddmr_navigation/install/dddmr_odom_3d:/root/dddmr_navigation/install/dddmr_fastlio_adapter:/root/dddmr_navigation/install/dddmr_beginner_guide:/root/dddmr_navigation/install/cloud_msgs:/opt/ros/humble LD_LIBRARY_PATH=/root/dddmr_navigation/install/recovery_behaviors/lib:/root/dddmr_navigation/install/local_planner/lib:/root/dddmr_navigation/install/trajectory_generators/lib:/root/dddmr_navigation/install/mpc_critics/lib:/root/dddmr_navigation/install/perception_3d/lib:/root/dddmr_navigation/install/dddmr_sys_core/lib:/root/dddmr_navigation/install/base_trajectory/lib:/root/livox_ws/install/livox_ros_driver2/lib:/root/dddmr_navigation/install/dddmr_sc_pgo/lib:/opt/ros/humble/opt/rviz_ogre_vendor/lib:/opt/ros/humble/lib/x86_64-linux-gnu:/opt/ros/humble/lib:/root/dddmr_navigation/install/p2p_move_base/lib:/root/dddmr_navigation/install/pose_graph_merge_editor_panel/lib:/root/dddmr_navigation/install/pose_graph_editor_panel/lib:/root/dddmr_navigation/install/mcl_3dl/lib:/root/dddmr_navigation/install/mapping_panel/lib:/root/dddmr_navigation/install/map_editor_panel/lib:/root/dddmr_navigation/install/lego_loam_bor/lib:/root/dddmr_navigation/install/global_planner/lib:/root/dddmr_navigation/install/fast_lio/lib:/root/dddmr_navigation/install/dddmr_rviz_default_plugins/lib:/root/dddmr_navigation/install/cloud_msgs/lib /usr/bin/cmake --install /root/dddmr_navigation/build/p2p_move_base
