[0.037s] Invoking command in '/root/dddmr_navigation/build/map_editor_panel': CMAKE_PREFIX_PATH=${CMAKE_PREFIX_PATH}:/opt/ros/humble /usr/bin/cmake /root/dddmr_navigation/src/dddmr_rviz_tools/map_editor_panel -DAMENT_CMAKE_SYMLINK_INSTALL=1 -DCMAKE_INSTALL_PREFIX=/root/dddmr_navigation/install/map_editor_panel
[0.052s] -- Found ament_cmake: 1.3.14 (/opt/ros/humble/share/ament_cmake/cmake)
[0.136s] -- Override CMake install command with custom implementation using symlinks instead of copying resources
[0.142s] -- Found rviz_ogre_vendor: 11.2.26 (/opt/ros/humble/share/rviz_ogre_vendor/cmake)
[0.142s] -- Setting OGRE_DIR to: '/opt/ros/humble/share/rviz_ogre_vendor/cmake/../../../opt/rviz_ogre_vendor/lib/OGRE/cmake'
[0.145s] -- Found OGRE
[0.145s] --   static     : OFF
[0.145s] --   components : HLMS;MeshLodGenerator;Overlay;Paging;Property;RTShaderSystem;Terrain;Volume
[0.145s] --   plugins    : Plugin_BSPSceneManager;Plugin_OctreeSceneManager;Plugin_PCZSceneManager;Plugin_ParticleFX;RenderSystem_GL;RenderSystem_GL3Plus;Codec_STBI
[0.145s] --   media      : /opt/ros/humble/opt/rviz_ogre_vendor/share/OGRE/Media
[0.145s] -- OGRE_LIBRARIES: OgreHLMS;OgreMeshLodGenerator;OgreOverlay;OgrePaging;OgreProperty;OgreRTShaderSystem;OgreTerrain;OgreVolume;OgreMain
[0.145s] -- OGRE_LIBRARY_DIRS: /opt/ros/humble/opt/rviz_ogre_vendor/lib
[0.145s] -- OGRE_PLUGINS: Plugin_BSPSceneManager;Plugin_OctreeSceneManager;Plugin_PCZSceneManager;Plugin_ParticleFX;RenderSystem_GL;RenderSystem_GL3Plus;Codec_STBI
[0.145s] -- OGRE_PLUGIN_DIR: /opt/ros/humble/opt/rviz_ogre_vendor/lib/OGRE
[0.145s] -- rviz_ogre_vendor::OgreOverlay for IMPORTED_LOCATION_RELEASE: /opt/ros/humble/opt/rviz_ogre_vendor/lib/libOgreOverlay.so
[0.145s] -- rviz_ogre_vendor::OgreOverlay for IMPORTED_LOCATION_DEBUG: /opt/ros/humble/opt/rviz_ogre_vendor/lib/libOgreOverlay.so
[0.145s] -- rviz_ogre_vendor::OgreMain for IMPORTED_LOCATION_RELEASE: /opt/ros/humble/opt/rviz_ogre_vendor/lib/libOgreMain.so
[0.145s] -- rviz_ogre_vendor::OgreMain for IMPORTED_LOCATION_DEBUG: /opt/ros/humble/opt/rviz_ogre_vendor/lib/libOgreMain.so
[0.204s] -- Found pluginlib: 5.1.4 (/opt/ros/humble/share/pluginlib/cmake)
[0.235s] -- Found rclcpp: 16.0.19 (/opt/ros/humble/share/rclcpp/cmake)
[0.257s] -- Found rosidl_generator_c: 3.1.8 (/opt/ros/humble/share/rosidl_generator_c/cmake)
[0.260s] -- Found rosidl_adapter: 3.1.8 (/opt/ros/humble/share/rosidl_adapter/cmake)
[0.268s] -- Found rosidl_generator_cpp: 3.1.8 (/opt/ros/humble/share/rosidl_generator_cpp/cmake)
[0.281s] -- Using all available rosidl_typesupport_c: rosidl_typesupport_fastrtps_c;rosidl_typesupport_introspection_c
[0.294s] -- Using all available rosidl_typesupport_cpp: rosidl_typesupport_fastrtps_cpp;rosidl_typesupport_introspection_cpp
[0.336s] -- Found rmw_implementation_cmake: 6.1.2 (/opt/ros/humble/share/rmw_implementation_cmake/cmake)
[0.338s] -- Found rmw_fastrtps_cpp: 6.2.10 (/opt/ros/humble/share/rmw_fastrtps_cpp/cmake)
[0.364s] -- Found TinyXML2 via Config file: TinyXML2_DIR-NOTFOUND
[0.375s] -- Found TinyXML2 via Config file: TinyXML2_DIR-NOTFOUND
[0.392s] -- Found TinyXML2 via Config file: TinyXML2_DIR-NOTFOUND
[0.404s] -- Found TinyXML2 via Config file: TinyXML2_DIR-NOTFOUND
[0.412s] -- Using RMW implementation 'rmw_fastrtps_cpp' as default
[0.473s] -- Found rviz_assimp_vendor: 11.2.26 (/opt/ros/humble/share/rviz_assimp_vendor/cmake)
[0.473s] -- Setting assimp_DIR to: '/opt/ros/humble/share/rviz_assimp_vendor/cmake/../../../opt/rviz_assimp_vendor/lib/cmake/assimp-4.1'
[0.479s] -- Found rviz_rendering: 11.2.26 (/opt/ros/humble/share/rviz_rendering/cmake)
[0.521s] -- library: /usr/lib/x86_64-linux-gnu/libcurl.so
[0.525s] -- Found rviz_common: 11.2.26 (/opt/ros/humble/share/rviz_common/cmake)
[0.584s] -- Ensuring Eigen3 include directory is part of orocos-kdl CMake target
[0.676s] -- Found pcl_conversions: 2.4.5 (/opt/ros/humble/share/pcl_conversions/cmake)
[0.709s] -- Eigen found (include: /usr/include/eigen3, version: 3.4.0)
[0.745s] -- FLANN found (include: /usr/include, lib: /usr/lib/x86_64-linux-gnu/libflann_cpp.so)
[0.998s] -- OpenNI found (version: 1.5.4.0, include: /usr/include/ni, lib: /usr/lib/libOpenNI.so;libusb::libusb)
[1.008s] -- OpenNI2 found (version: 2.2.0.33, include: /usr/include/openni2, lib: /usr/lib/x86_64-linux-gnu/libOpenNI2.so;libusb::libusb)
[1.195s] -- Eigen found (include: /usr/include/eigen3, version: 3.4.0)
[1.203s] -- OpenNI found (version: 1.5.4.0, include: /usr/include/ni, lib: /usr/lib/libOpenNI.so;libusb::libusb)
[1.209s] -- OpenNI2 found (version: 2.2.0.33, include: /usr/include/openni2, lib: /usr/lib/x86_64-linux-gnu/libOpenNI2.so;libusb::libusb)
[1.349s] -- Found Qhull version 8.0.2
[1.519s] -- OpenNI found (version: 1.5.4.0, include: /usr/include/ni, lib: /usr/lib/libOpenNI.so;libusb::libusb)
[1.685s] [33mCMake Warning (dev) at CMakeLists.txt:31 (find_package):
[1.685s]   Policy CMP0074 is not set: find_package uses <PackageName>_ROOT variables.
[1.686s]   Run "cmake --help-policy CMP0074" for policy details.  Use the cmake_policy
[1.686s]   command to set the policy and suppress this warning.
[1.686s] 
[1.686s]   CMake variable PCL_ROOT is set to:
[1.686s] 
[1.686s]     /usr
[1.686s] 
[1.686s]   For compatibility, CMake is ignoring the variable.
[1.686s] This warning is for project developers.  Use -Wno-dev to suppress it.
[1.686s] [0m
[1.779s] -- Configuring done
[1.851s] -- Generating done
[1.859s] -- Build files have been written to: /root/dddmr_navigation/build/map_editor_panel
[1.875s] Invoked command in '/root/dddmr_navigation/build/map_editor_panel' returned '0': CMAKE_PREFIX_PATH=${CMAKE_PREFIX_PATH}:/opt/ros/humble /usr/bin/cmake /root/dddmr_navigation/src/dddmr_rviz_tools/map_editor_panel -DAMENT_CMAKE_SYMLINK_INSTALL=1 -DCMAKE_INSTALL_PREFIX=/root/dddmr_navigation/install/map_editor_panel
[1.878s] Invoking command in '/root/dddmr_navigation/build/map_editor_panel': CMAKE_PREFIX_PATH=${CMAKE_PREFIX_PATH}:/opt/ros/humble /usr/bin/cmake --build /root/dddmr_navigation/build/map_editor_panel -- -j28 -l28
[1.936s] [ 20%] [34m[1mAutomatic UIC for target map_editor_panel[0m
[1.953s] [ 20%] Built target map_editor_panel_autogen
[1.964s] [35m[1mConsolidate compiler generated dependencies of target map_editor_panel[0m
[1.991s] [ 40%] [32mBuilding CXX object CMakeFiles/map_editor_panel.dir/src/map_editor_panel.cpp.o[0m
[27.095s] [ 60%] [32m[1mLinking CXX shared library libmap_editor_panel.so[0m
[29.549s] [100%] Built target map_editor_panel
[29.585s] Invoked command in '/root/dddmr_navigation/build/map_editor_panel' returned '0': CMAKE_PREFIX_PATH=${CMAKE_PREFIX_PATH}:/opt/ros/humble /usr/bin/cmake --build /root/dddmr_navigation/build/map_editor_panel -- -j28 -l28
[29.589s] Invoking command in '/root/dddmr_navigation/build/map_editor_panel': CMAKE_PREFIX_PATH=${CMAKE_PREFIX_PATH}:/opt/ros/humble /usr/bin/cmake --install /root/dddmr_navigation/build/map_editor_panel
[29.599s] -- Install configuration: "Release"
[29.600s] -- Execute custom install script
[29.601s] -- Symlinking: /root/dddmr_navigation/install/map_editor_panel/share/map_editor_panel//plugin_description.xml
[29.611s] -- Symlinking: /root/dddmr_navigation/install/map_editor_panel/share/map_editor_panel/environment/library_path.sh
[29.625s] -- Symlinking: /root/dddmr_navigation/install/map_editor_panel/share/map_editor_panel/environment/library_path.dsv
[29.639s] -- Symlinking: /root/dddmr_navigation/install/map_editor_panel/include/map_editor_panel/map_editor_panel.h
[29.654s] -- Symlinking: /root/dddmr_navigation/install/map_editor_panel/share/ament_index/resource_index/package_run_dependencies/map_editor_panel
[29.667s] -- Symlinking: /root/dddmr_navigation/install/map_editor_panel/share/ament_index/resource_index/parent_prefix_path/map_editor_panel
[29.681s] -- Symlinking: /root/dddmr_navigation/install/map_editor_panel/share/map_editor_panel/environment/ament_prefix_path.sh
[29.692s] -- Symlinking: /root/dddmr_navigation/install/map_editor_panel/share/map_editor_panel/environment/ament_prefix_path.dsv
[29.705s] -- Symlinking: /root/dddmr_navigation/install/map_editor_panel/share/map_editor_panel/environment/path.sh
[29.719s] -- Symlinking: /root/dddmr_navigation/install/map_editor_panel/share/map_editor_panel/environment/path.dsv
[29.732s] -- Symlinking: /root/dddmr_navigation/install/map_editor_panel/share/map_editor_panel/local_setup.bash
[29.742s] -- Symlinking: /root/dddmr_navigation/install/map_editor_panel/share/map_editor_panel/local_setup.sh
[29.754s] -- Symlinking: /root/dddmr_navigation/install/map_editor_panel/share/map_editor_panel/local_setup.zsh
[29.763s] -- Symlinking: /root/dddmr_navigation/install/map_editor_panel/share/map_editor_panel/local_setup.dsv
[29.773s] -- Symlinking: /root/dddmr_navigation/install/map_editor_panel/share/map_editor_panel/package.dsv
[29.786s] -- Symlinking: /root/dddmr_navigation/install/map_editor_panel/share/ament_index/resource_index/packages/map_editor_panel
[29.795s] -- Symlinking: /root/dddmr_navigation/install/map_editor_panel/share/ament_index/resource_index/rviz_common__pluginlib__plugin/map_editor_panel
[29.806s] -- Symlinking: /root/dddmr_navigation/install/map_editor_panel/share/map_editor_panel/cmake/ament_cmake_export_targets-extras.cmake
[29.816s] -- Symlinking: /root/dddmr_navigation/install/map_editor_panel/share/map_editor_panel/cmake/ament_cmake_export_dependencies-extras.cmake
[29.825s] -- Symlinking: /root/dddmr_navigation/install/map_editor_panel/share/map_editor_panel/cmake/ament_cmake_export_include_directories-extras.cmake
[29.837s] -- Symlinking: /root/dddmr_navigation/install/map_editor_panel/share/map_editor_panel/cmake/ament_cmake_export_libraries-extras.cmake
[29.852s] -- Symlinking: /root/dddmr_navigation/install/map_editor_panel/share/map_editor_panel/cmake/map_editor_panelConfig.cmake
[29.861s] -- Symlinking: /root/dddmr_navigation/install/map_editor_panel/share/map_editor_panel/cmake/map_editor_panelConfig-version.cmake
[29.871s] -- Symlinking: /root/dddmr_navigation/install/map_editor_panel/share/map_editor_panel/package.xml
[29.880s] -- Installing: /root/dddmr_navigation/install/map_editor_panel/lib/libmap_editor_panel.so
[29.881s] -- Set runtime path of "/root/dddmr_navigation/install/map_editor_panel/lib/libmap_editor_panel.so" to ""
[29.892s] -- Installing: /root/dddmr_navigation/install/map_editor_panel/share/map_editor_panel/cmake/map_editor_panelExport.cmake
[29.895s] -- Installing: /root/dddmr_navigation/install/map_editor_panel/share/map_editor_panel/cmake/map_editor_panelExport-release.cmake
[29.897s] Invoked command in '/root/dddmr_navigation/build/map_editor_panel' returned '0': CMAKE_PREFIX_PATH=${CMAKE_PREFIX_PATH}:/opt/ros/humble /usr/bin/cmake --install /root/dddmr_navigation/build/map_editor_panel
