[0.018s] Invoking command in '/ws_gz/build/ros2_livox_simulation': CMAKE_PREFIX_PATH=${CMAKE_PREFIX_PATH}:/opt/ros/humble /usr/bin/cmake --build /ws_gz/build/ros2_livox_simulation -- -j32 -l32
[0.034s] -- Found ament_cmake: 1.3.14 (/opt/ros/humble/share/ament_cmake/cmake)
[0.099s] -- Override CMake install command with custom implementation using symlinks instead of copying resources
[0.104s] -- Found rclcpp: 16.0.19 (/opt/ros/humble/share/rclcpp/cmake)
[0.126s] -- Found rosidl_generator_c: 3.1.8 (/opt/ros/humble/share/rosidl_generator_c/cmake)
[0.128s] -- Found rosidl_adapter: 3.1.8 (/opt/ros/humble/share/rosidl_adapter/cmake)
[0.133s] -- Found rosidl_generator_cpp: 3.1.8 (/opt/ros/humble/share/rosidl_generator_cpp/cmake)
[0.141s] -- Using all available rosidl_typesupport_c: rosidl_typesupport_fastrtps_c;rosidl_typesupport_introspection_c
[0.150s] -- Using all available rosidl_typesupport_cpp: rosidl_typesupport_fastrtps_cpp;rosidl_typesupport_introspection_cpp
[0.175s] -- Found rmw_implementation_cmake: 6.1.2 (/opt/ros/humble/share/rmw_implementation_cmake/cmake)
[0.176s] -- Found rmw_fastrtps_cpp: 6.2.10 (/opt/ros/humble/share/rmw_fastrtps_cpp/cmake)
[0.256s] -- Using RMW implementation 'rmw_fastrtps_cpp' as default
[0.279s] -- Found gazebo_dev: 3.9.0 (/opt/ros/humble/share/gazebo_dev/cmake)
[0.300s] -- Found DART: /usr/include (Required is at least version "6.6") found components: dart 
[0.311s] -- Found Boost: /usr/lib/x86_64-linux-gnu/cmake/Boost-1.74.0/BoostConfig.cmake (found suitable version "1.74.0", minimum required is "1.40.0") found components: thread system filesystem program_options regex iostreams date_time 
[0.316s] -- Found Protobuf: /usr/lib/x86_64-linux-gnu/libprotobuf.so (found version "3.12.4") 
[0.317s] -- Looking for ignition-math6 -- found version 6.15.1
[0.322s] -- Searching for dependencies of ignition-math6
[0.322s] -- Looking for OGRE...
[0.326s] -- Found Ogre Ghadamon (1.9.0)
[0.326s] -- Found OGRE: optimized;/usr/lib/x86_64-linux-gnu/libOgreMain.so;debug;/usr/lib/x86_64-linux-gnu/libOgreMain.so
[0.331s] -- Looking for OGRE_Paging...
[0.331s] -- Found OGRE_Paging: optimized;/usr/lib/x86_64-linux-gnu/libOgrePaging.so;debug;/usr/lib/x86_64-linux-gnu/libOgrePaging.so
[0.331s] -- Looking for OGRE_Terrain...
[0.331s] -- Found OGRE_Terrain: optimized;/usr/lib/x86_64-linux-gnu/libOgreTerrain.so;debug;/usr/lib/x86_64-linux-gnu/libOgreTerrain.so
[0.331s] -- Looking for OGRE_Property...
[0.331s] -- Found OGRE_Property: optimized;/usr/lib/x86_64-linux-gnu/libOgreProperty.so;debug;/usr/lib/x86_64-linux-gnu/libOgreProperty.so
[0.331s] -- Looking for OGRE_RTShaderSystem...
[0.331s] -- Found OGRE_RTShaderSystem: optimized;/usr/lib/x86_64-linux-gnu/libOgreRTShaderSystem.so;debug;/usr/lib/x86_64-linux-gnu/libOgreRTShaderSystem.so
[0.331s] -- Looking for OGRE_Volume...
[0.331s] -- Found OGRE_Volume: optimized;/usr/lib/x86_64-linux-gnu/libOgreVolume.so;debug;/usr/lib/x86_64-linux-gnu/libOgreVolume.so
[0.331s] -- Looking for OGRE_Overlay...
[0.331s] -- Found OGRE_Overlay: optimized;/usr/lib/x86_64-linux-gnu/libOgreOverlay.so;debug;/usr/lib/x86_64-linux-gnu/libOgreOverlay.so
[0.377s] -- Looking for ignition-math6 -- found version 6.15.1
[0.377s] -- Looking for ignition-transport8 -- found version 8.2.1
[0.377s] -- Searching for dependencies of ignition-transport8
[0.394s] -- Found Protobuf: /usr/lib/x86_64-linux-gnu/libprotobuf.so (found suitable version "3.12.4", minimum required is "3") 
[0.402s] -- Config-file not installed for ZeroMQ -- checking for pkg-config
[0.405s] -- Checking for module 'libzmq >= 4'
[0.413s] --   Found libzmq , version 4.3.4
[0.438s] -- Checking for module 'uuid'
[0.446s] --   Found uuid, version 2.37.2
[0.467s] -- Looking for ignition-msgs5 -- found version 5.8.1
[0.467s] -- Searching for dependencies of ignition-msgs5
[0.482s] -- Looking for ignition-math6 -- found version 6.15.1
[0.486s] -- Checking for module 'tinyxml2'
[0.494s] --   Found tinyxml2, version 9.0.0
[0.515s] -- Looking for ignition-msgs5 -- found version 5.8.1
[0.515s] -- Looking for ignition-common3 -- found version 3.14.0
[0.515s] -- Searching for dependencies of ignition-common3
[0.515s] -- Looking for dlfcn.h - found
[0.515s] -- Looking for libdl - found
[0.523s] -- Searching for <ignition-common3> component [graphics]
[0.523s] -- Looking for ignition-common3-graphics -- found version 3.14.0
[0.523s] -- Searching for dependencies of ignition-common3-graphics
[0.524s] -- Looking for ignition-math6 -- found version 6.15.1
[0.524s] -- Looking for ignition-fuel_tools4 -- found version 4.4.0
[0.525s] -- Searching for dependencies of ignition-fuel_tools4
[0.551s] -- Checking for module 'jsoncpp'
[0.559s] --   Found jsoncpp, version 1.9.5
[0.582s] -- Checking for module 'libzip'
[0.591s] --   Found libzip, version 1.7.3
[0.610s] -- Looking for ignition-common3 -- found version 3.14.0
[0.610s] -- Looking for ignition-math6 -- found version 6.15.1
[0.611s] -- Looking for ignition-msgs5 -- found version 5.8.1
[0.611s] -- Gazebo version: 11.10
[0.612s] -- Found gazebo_ros: 3.9.0 (/opt/ros/humble/share/gazebo_ros/cmake)
[0.613s] -- Found sensor_msgs: 4.9.1 (/opt/ros/humble/share/sensor_msgs/cmake)
[0.627s] -- Found tf2_ros: 0.25.20 (/opt/ros/humble/share/tf2_ros/cmake)
[0.666s] -- Found rosidl_default_generators: 1.2.1 (/opt/ros/humble/share/rosidl_default_generators/cmake)
[0.671s] -- Found livox_ros_driver2: 1.0.0 (/livox_ws/install/livox_ros_driver2/share/livox_ros_driver2/cmake)
[0.694s] -- Eigen found (include: /usr/include/eigen3, version: 3.4.0)
[0.717s] -- FLANN found (include: /usr/include, lib: /usr/lib/x86_64-linux-gnu/libflann_cpp.so)
[0.903s] -- OpenNI found (version: 1.5.4.0, include: /usr/include/ni, lib: /usr/lib/libOpenNI.so;libusb::libusb)
[0.906s] -- OpenNI2 found (version: 2.2.0.33, include: /usr/include/openni2, lib: /usr/lib/x86_64-linux-gnu/libOpenNI2.so;libusb::libusb)
[0.997s] -- Eigen found (include: /usr/include/eigen3, version: 3.4.0)
[1.001s] -- OpenNI found (version: 1.5.4.0, include: /usr/include/ni, lib: /usr/lib/libOpenNI.so;libusb::libusb)
[1.005s] -- OpenNI2 found (version: 2.2.0.33, include: /usr/include/openni2, lib: /usr/lib/x86_64-linux-gnu/libOpenNI2.so;libusb::libusb)
[1.079s] -- Found Qhull version 8.0.2
[1.162s] -- OpenNI found (version: 1.5.4.0, include: /usr/include/ni, lib: /usr/lib/libOpenNI.so;libusb::libusb)
[1.249s] -- Found Boost: /usr/lib/x86_64-linux-gnu/cmake/Boost-1.74.0/BoostConfig.cmake (found version "1.74.0") found components: chrono 
[1.254s] -- Found ament_lint_auto: 0.12.15 (/opt/ros/humble/share/ament_lint_auto/cmake)
[1.340s] -- Added test 'copyright' to check source files copyright and LICENSE
[1.343s] -- Added test 'cppcheck' to perform static code analysis on C / C++ code
[1.344s] -- Configured cppcheck include dirs: /ws_gz/src/livox_laser_simulation_RO2/include
[1.344s] -- Configured cppcheck exclude dirs and/or files: 
[1.347s] -- Added test 'cpplint' to check C / C++ code against the Google style
[1.347s] -- Configured cpplint exclude dirs and/or files: 
[1.349s] -- Added test 'lint_cmake' to check CMake code style
[1.352s] -- Added test 'uncrustify' to check C / C++ code style
[1.352s] -- Configured uncrustify additional arguments: 
[1.353s] -- Added test 'xmllint' to check XML markup files
[1.353s] -- Configuring done
[1.367s] -- Generating done
[1.370s] -- Build files have been written to: /ws_gz/build/ros2_livox_simulation
[1.391s] [35m[1mConsolidate compiler generated dependencies of target ros2_livox[0m
[1.413s] [100%] Built target ros2_livox
[1.419s] Invoked command in '/ws_gz/build/ros2_livox_simulation' returned '0': CMAKE_PREFIX_PATH=${CMAKE_PREFIX_PATH}:/opt/ros/humble /usr/bin/cmake --build /ws_gz/build/ros2_livox_simulation -- -j32 -l32
[1.420s] Invoking command in '/ws_gz/build/ros2_livox_simulation': CMAKE_PREFIX_PATH=${CMAKE_PREFIX_PATH}:/opt/ros/humble /usr/bin/cmake --install /ws_gz/build/ros2_livox_simulation
[1.425s] -- Install configuration: "Release"
[1.426s] -- Execute custom install script
[1.426s] -- Up-to-date symlink: /ws_gz/install/ros2_livox_simulation/include/ros2_livox/csv_reader.hpp
[1.426s] -- Up-to-date symlink: /ws_gz/install/ros2_livox_simulation/include/ros2_livox/livox_ode_multiray_shape.h
[1.426s] -- Up-to-date symlink: /ws_gz/install/ros2_livox_simulation/include/ros2_livox/livox_points_plugin.h
[1.426s] -- Up-to-date symlink: /ws_gz/install/ros2_livox_simulation/lib/libros2_livox.so
[1.426s] -- Up-to-date symlink: /ws_gz/install/ros2_livox_simulation/share/ros2_livox_simulation/environment/library_path.sh
[1.426s] -- Up-to-date symlink: /ws_gz/install/ros2_livox_simulation/share/ros2_livox_simulation/environment/library_path.dsv
[1.426s] -- Up-to-date symlink: /ws_gz/install/ros2_livox_simulation/share/ros2_livox_simulation/scan_mode/mid40.csv
[1.426s] -- Up-to-date symlink: /ws_gz/install/ros2_livox_simulation/share/ros2_livox_simulation/scan_mode/mid70.csv
[1.427s] -- Up-to-date symlink: /ws_gz/install/ros2_livox_simulation/share/ros2_livox_simulation/scan_mode/mid360.csv
[1.427s] -- Up-to-date symlink: /ws_gz/install/ros2_livox_simulation/share/ros2_livox_simulation/scan_mode/tele.csv
[1.427s] -- Up-to-date symlink: /ws_gz/install/ros2_livox_simulation/share/ros2_livox_simulation/scan_mode/horizon.csv
[1.427s] -- Up-to-date symlink: /ws_gz/install/ros2_livox_simulation/share/ros2_livox_simulation/scan_mode/HAP.csv
[1.427s] -- Up-to-date symlink: /ws_gz/install/ros2_livox_simulation/share/ros2_livox_simulation/scan_mode/avia.csv
[1.427s] -- Up-to-date symlink: /ws_gz/install/ros2_livox_simulation/share/ros2_livox_simulation/urdf/mid40.xacro
[1.427s] -- Up-to-date symlink: /ws_gz/install/ros2_livox_simulation/share/ros2_livox_simulation/urdf/mid70.xacro
[1.427s] -- Up-to-date symlink: /ws_gz/install/ros2_livox_simulation/share/ros2_livox_simulation/urdf/mid360.xacro
[1.427s] -- Up-to-date symlink: /ws_gz/install/ros2_livox_simulation/share/ros2_livox_simulation/urdf/tele.xacro
[1.427s] -- Up-to-date symlink: /ws_gz/install/ros2_livox_simulation/share/ros2_livox_simulation/urdf/horizon.xacro
[1.427s] -- Up-to-date symlink: /ws_gz/install/ros2_livox_simulation/share/ros2_livox_simulation/urdf/HAP.xacro
[1.427s] -- Up-to-date symlink: /ws_gz/install/ros2_livox_simulation/share/ros2_livox_simulation/urdf/avia.xacro
[1.427s] -- Up-to-date symlink: /ws_gz/install/ros2_livox_simulation/share/ament_index/resource_index/package_run_dependencies/ros2_livox_simulation
[1.427s] -- Up-to-date symlink: /ws_gz/install/ros2_livox_simulation/share/ament_index/resource_index/parent_prefix_path/ros2_livox_simulation
[1.427s] -- Up-to-date symlink: /ws_gz/install/ros2_livox_simulation/share/ros2_livox_simulation/environment/ament_prefix_path.sh
[1.427s] -- Up-to-date symlink: /ws_gz/install/ros2_livox_simulation/share/ros2_livox_simulation/environment/ament_prefix_path.dsv
[1.427s] -- Up-to-date symlink: /ws_gz/install/ros2_livox_simulation/share/ros2_livox_simulation/environment/path.sh
[1.427s] -- Up-to-date symlink: /ws_gz/install/ros2_livox_simulation/share/ros2_livox_simulation/environment/path.dsv
[1.427s] -- Up-to-date symlink: /ws_gz/install/ros2_livox_simulation/share/ros2_livox_simulation/local_setup.bash
[1.427s] -- Up-to-date symlink: /ws_gz/install/ros2_livox_simulation/share/ros2_livox_simulation/local_setup.sh
[1.427s] -- Up-to-date symlink: /ws_gz/install/ros2_livox_simulation/share/ros2_livox_simulation/local_setup.zsh
[1.427s] -- Up-to-date symlink: /ws_gz/install/ros2_livox_simulation/share/ros2_livox_simulation/local_setup.dsv
[1.427s] -- Symlinking: /ws_gz/install/ros2_livox_simulation/share/ros2_livox_simulation/package.dsv
[1.433s] -- Up-to-date symlink: /ws_gz/install/ros2_livox_simulation/share/ament_index/resource_index/packages/ros2_livox_simulation
[1.433s] -- Up-to-date symlink: /ws_gz/install/ros2_livox_simulation/share/ros2_livox_simulation/cmake/ament_cmake_export_libraries-extras.cmake
[1.433s] -- Up-to-date symlink: /ws_gz/install/ros2_livox_simulation/share/ros2_livox_simulation/cmake/ros2_livox_simulationConfig.cmake
[1.433s] -- Up-to-date symlink: /ws_gz/install/ros2_livox_simulation/share/ros2_livox_simulation/cmake/ros2_livox_simulationConfig-version.cmake
[1.433s] -- Up-to-date symlink: /ws_gz/install/ros2_livox_simulation/share/ros2_livox_simulation/package.xml
[1.435s] Invoked command in '/ws_gz/build/ros2_livox_simulation' returned '0': CMAKE_PREFIX_PATH=${CMAKE_PREFIX_PATH}:/opt/ros/humble /usr/bin/cmake --install /ws_gz/build/ros2_livox_simulation
