[0.037s] Invoking command in '/root/dddmr_navigation/build/dddmr_beginner_guide': CMAKE_PREFIX_PATH=${CMAKE_PREFIX_PATH}:/opt/ros/humble /usr/bin/cmake /root/dddmr_navigation/src/dddmr_beginner_guide -DAMENT_CMAKE_SYMLINK_INSTALL=1 -DCMAKE_INSTALL_PREFIX=/root/dddmr_navigation/install/dddmr_beginner_guide
[0.064s] -- Found ament_cmake: 1.3.14 (/opt/ros/humble/share/ament_cmake/cmake)
[0.130s] -- Override CMake install command with custom implementation using symlinks instead of copying resources
[0.136s] -- Found rclcpp: 16.0.19 (/opt/ros/humble/share/rclcpp/cmake)
[0.156s] -- Found rosidl_generator_c: 3.1.8 (/opt/ros/humble/share/rosidl_generator_c/cmake)
[0.158s] -- Found rosidl_adapter: 3.1.8 (/opt/ros/humble/share/rosidl_adapter/cmake)
[0.163s] -- Found rosidl_generator_cpp: 3.1.8 (/opt/ros/humble/share/rosidl_generator_cpp/cmake)
[0.170s] -- Using all available rosidl_typesupport_c: rosidl_typesupport_fastrtps_c;rosidl_typesupport_introspection_c
[0.179s] -- Using all available rosidl_typesupport_cpp: rosidl_typesupport_fastrtps_cpp;rosidl_typesupport_introspection_cpp
[0.211s] -- Found rmw_implementation_cmake: 6.1.2 (/opt/ros/humble/share/rmw_implementation_cmake/cmake)
[0.212s] -- Found rmw_fastrtps_cpp: 6.2.10 (/opt/ros/humble/share/rmw_fastrtps_cpp/cmake)
[0.334s] -- Using RMW implementation 'rmw_fastrtps_cpp' as default
[0.406s] -- Found rclcpp_action: 16.0.19 (/opt/ros/humble/share/rclcpp_action/cmake)
[0.450s] -- Found rclcpp_lifecycle: 16.0.19 (/opt/ros/humble/share/rclcpp_lifecycle/cmake)
[0.476s] -- Found rclcpp_components: 16.0.19 (/opt/ros/humble/share/rclcpp_components/cmake)
[0.499s] -- Found std_srvs: 4.9.1 (/opt/ros/humble/share/std_srvs/cmake)
[0.512s] -- Found sensor_msgs: 4.9.1 (/opt/ros/humble/share/sensor_msgs/cmake)
[0.545s] -- Found nav_msgs: 4.9.1 (/opt/ros/humble/share/nav_msgs/cmake)
[0.562s] -- Found visualization_msgs: 4.9.1 (/opt/ros/humble/share/visualization_msgs/cmake)
[0.584s] -- Found message_filters: 4.3.16 (/opt/ros/humble/share/message_filters/cmake)
[0.588s] -- Found tf2_ros: 0.25.20 (/opt/ros/humble/share/tf2_ros/cmake)
[0.633s] -- Found tf2_geometry_msgs: 0.25.20 (/opt/ros/humble/share/tf2_geometry_msgs/cmake)
[0.639s] -- Found eigen3_cmake_module: 0.1.1 (/opt/ros/humble/share/eigen3_cmake_module/cmake)
[0.639s] -- Ensuring Eigen3 include directory is part of orocos-kdl CMake target
[0.641s] -- Found tf2_eigen: 0.25.20 (/opt/ros/humble/share/tf2_eigen/cmake)
[0.645s] -- Found pluginlib: 5.1.4 (/opt/ros/humble/share/pluginlib/cmake)
[0.772s] -- Configuring done
[0.779s] -- Generating done
[0.781s] -- Build files have been written to: /root/dddmr_navigation/build/dddmr_beginner_guide
[0.792s] Invoked command in '/root/dddmr_navigation/build/dddmr_beginner_guide' returned '0': CMAKE_PREFIX_PATH=${CMAKE_PREFIX_PATH}:/opt/ros/humble /usr/bin/cmake /root/dddmr_navigation/src/dddmr_beginner_guide -DAMENT_CMAKE_SYMLINK_INSTALL=1 -DCMAKE_INSTALL_PREFIX=/root/dddmr_navigation/install/dddmr_beginner_guide
[0.795s] Invoking command in '/root/dddmr_navigation/build/dddmr_beginner_guide': CMAKE_PREFIX_PATH=${CMAKE_PREFIX_PATH}:/opt/ros/humble /usr/bin/cmake --build /root/dddmr_navigation/build/dddmr_beginner_guide -- -j28 -l28
[0.847s] Invoked command in '/root/dddmr_navigation/build/dddmr_beginner_guide' returned '0': CMAKE_PREFIX_PATH=${CMAKE_PREFIX_PATH}:/opt/ros/humble /usr/bin/cmake --build /root/dddmr_navigation/build/dddmr_beginner_guide -- -j28 -l28
[0.848s] Invoking command in '/root/dddmr_navigation/build/dddmr_beginner_guide': CMAKE_PREFIX_PATH=${CMAKE_PREFIX_PATH}:/opt/ros/humble /usr/bin/cmake --install /root/dddmr_navigation/build/dddmr_beginner_guide
[0.855s] -- Install configuration: "Release"
[0.855s] -- Execute custom install script
[0.856s] -- Up-to-date symlink: /root/dddmr_navigation/install/dddmr_beginner_guide/share/dddmr_beginner_guide//launch/__pycache__/livox_mid360_fastlio_dddmr_mapping.launch.cpython-310.pyc
[0.856s] -- Up-to-date symlink: /root/dddmr_navigation/install/dddmr_beginner_guide/share/dddmr_beginner_guide//launch/airy_tilt45_mapping.launch
[0.856s] -- Up-to-date symlink: /root/dddmr_navigation/install/dddmr_beginner_guide/share/dddmr_beginner_guide//launch/airy_tilt45_navigation.launch
[0.856s] -- Up-to-date symlink: /root/dddmr_navigation/install/dddmr_beginner_guide/share/dddmr_beginner_guide//launch/livox_mid360_fastlio_dddmr_mapping.launch
[0.856s] -- Up-to-date symlink: /root/dddmr_navigation/install/dddmr_beginner_guide/share/dddmr_beginner_guide//launch/livox_mid360_fastlio_dddmr_mapping.launch.py
[0.856s] -- Up-to-date symlink: /root/dddmr_navigation/install/dddmr_beginner_guide/share/dddmr_beginner_guide//launch/livox_mid360_mapping.launch
[0.857s] -- Up-to-date symlink: /root/dddmr_navigation/install/dddmr_beginner_guide/share/dddmr_beginner_guide//launch/livox_mid360_navigaton.launch
[0.857s] -- Up-to-date symlink: /root/dddmr_navigation/install/dddmr_beginner_guide/share/dddmr_beginner_guide//config/airy_tilt45_mapping.yaml
[0.857s] -- Up-to-date symlink: /root/dddmr_navigation/install/dddmr_beginner_guide/share/dddmr_beginner_guide//config/airy_tilt45_navigation.yaml
[0.857s] -- Up-to-date symlink: /root/dddmr_navigation/install/dddmr_beginner_guide/share/dddmr_beginner_guide//config/fastlio_mid360_dddmr.yaml
[0.858s] -- Up-to-date symlink: /root/dddmr_navigation/install/dddmr_beginner_guide/share/dddmr_beginner_guide//config/livox_mid360_mapping.yaml
[0.858s] -- Up-to-date symlink: /root/dddmr_navigation/install/dddmr_beginner_guide/share/dddmr_beginner_guide//config/livox_mid360_navigation.yaml
[0.858s] -- Up-to-date symlink: /root/dddmr_navigation/install/dddmr_beginner_guide/share/dddmr_beginner_guide//rviz/airy_tilt45_mapping.rviz
[0.858s] -- Up-to-date symlink: /root/dddmr_navigation/install/dddmr_beginner_guide/share/dddmr_beginner_guide//rviz/airy_tilt45_navigation.rviz
[0.858s] -- Up-to-date symlink: /root/dddmr_navigation/install/dddmr_beginner_guide/share/dddmr_beginner_guide//rviz/livox_mid360_fastlio_dddmr_mapping.rviz
[0.859s] -- Up-to-date symlink: /root/dddmr_navigation/install/dddmr_beginner_guide/share/ament_index/resource_index/package_run_dependencies/dddmr_beginner_guide
[0.859s] -- Up-to-date symlink: /root/dddmr_navigation/install/dddmr_beginner_guide/share/ament_index/resource_index/parent_prefix_path/dddmr_beginner_guide
[0.859s] -- Up-to-date symlink: /root/dddmr_navigation/install/dddmr_beginner_guide/share/dddmr_beginner_guide/environment/ament_prefix_path.sh
[0.859s] -- Up-to-date symlink: /root/dddmr_navigation/install/dddmr_beginner_guide/share/dddmr_beginner_guide/environment/ament_prefix_path.dsv
[0.859s] -- Up-to-date symlink: /root/dddmr_navigation/install/dddmr_beginner_guide/share/dddmr_beginner_guide/environment/path.sh
[0.859s] -- Up-to-date symlink: /root/dddmr_navigation/install/dddmr_beginner_guide/share/dddmr_beginner_guide/environment/path.dsv
[0.859s] -- Up-to-date symlink: /root/dddmr_navigation/install/dddmr_beginner_guide/share/dddmr_beginner_guide/local_setup.bash
[0.860s] -- Up-to-date symlink: /root/dddmr_navigation/install/dddmr_beginner_guide/share/dddmr_beginner_guide/local_setup.sh
[0.860s] -- Up-to-date symlink: /root/dddmr_navigation/install/dddmr_beginner_guide/share/dddmr_beginner_guide/local_setup.zsh
[0.860s] -- Up-to-date symlink: /root/dddmr_navigation/install/dddmr_beginner_guide/share/dddmr_beginner_guide/local_setup.dsv
[0.860s] -- Symlinking: /root/dddmr_navigation/install/dddmr_beginner_guide/share/dddmr_beginner_guide/package.dsv
[0.867s] -- Up-to-date symlink: /root/dddmr_navigation/install/dddmr_beginner_guide/share/ament_index/resource_index/packages/dddmr_beginner_guide
[0.868s] -- Up-to-date symlink: /root/dddmr_navigation/install/dddmr_beginner_guide/share/dddmr_beginner_guide/cmake/ament_cmake_export_include_directories-extras.cmake
[0.868s] -- Up-to-date symlink: /root/dddmr_navigation/install/dddmr_beginner_guide/share/dddmr_beginner_guide/cmake/ament_cmake_export_dependencies-extras.cmake
[0.868s] -- Up-to-date symlink: /root/dddmr_navigation/install/dddmr_beginner_guide/share/dddmr_beginner_guide/cmake/dddmr_beginner_guideConfig.cmake
[0.868s] -- Up-to-date symlink: /root/dddmr_navigation/install/dddmr_beginner_guide/share/dddmr_beginner_guide/cmake/dddmr_beginner_guideConfig-version.cmake
[0.868s] -- Up-to-date symlink: /root/dddmr_navigation/install/dddmr_beginner_guide/share/dddmr_beginner_guide/package.xml
[0.871s] Invoked command in '/root/dddmr_navigation/build/dddmr_beginner_guide' returned '0': CMAKE_PREFIX_PATH=${CMAKE_PREFIX_PATH}:/opt/ros/humble /usr/bin/cmake --install /root/dddmr_navigation/build/dddmr_beginner_guide
