-- The C compiler identification is GNU 13.4.0
-- The CXX compiler identification is GNU 13.4.0
-- Detecting C compiler ABI info
-- Detecting C compiler ABI info - done
-- Check for working C compiler: /usr/bin/cc - skipped
-- Detecting C compile features
-- Detecting C compile features - done
-- Detecting CXX compiler ABI info
-- Detecting CXX compiler ABI info - done
-- Check for working CXX compiler: /usr/bin/c++ - skipped
-- Detecting CXX compile features
-- Detecting CXX compile features - done
-- Found ament_cmake: 1.3.14 (/opt/ros/humble/share/ament_cmake/cmake)
-- Found Python3: /usr/bin/python3 (found version "3.10.12") found components: Interpreter 
-- Override CMake install command with custom implementation using symlinks instead of copying resources
-- Found rclcpp: 16.0.19 (/opt/ros/humble/share/rclcpp/cmake)
-- Found rosidl_generator_c: 3.1.8 (/opt/ros/humble/share/rosidl_generator_c/cmake)
-- Found rosidl_adapter: 3.1.8 (/opt/ros/humble/share/rosidl_adapter/cmake)
-- Found rosidl_generator_cpp: 3.1.8 (/opt/ros/humble/share/rosidl_generator_cpp/cmake)
-- Using all available rosidl_typesupport_c: rosidl_typesupport_fastrtps_c;rosidl_typesupport_introspection_c
-- Using all available rosidl_typesupport_cpp: rosidl_typesupport_fastrtps_cpp;rosidl_typesupport_introspection_cpp
-- Found rmw_implementation_cmake: 6.1.2 (/opt/ros/humble/share/rmw_implementation_cmake/cmake)
-- Found rmw_fastrtps_cpp: 6.2.10 (/opt/ros/humble/share/rmw_fastrtps_cpp/cmake)
-- Found OpenSSL: /usr/lib/x86_64-linux-gnu/libcrypto.so (found version "3.0.2")  
-- Found FastRTPS: /opt/ros/humble/include  
-- Using RMW implementation 'rmw_fastrtps_cpp' as default
-- Looking for pthread.h
-- Looking for pthread.h - found
-- Performing Test CMAKE_HAVE_LIBC_PTHREAD
-- Performing Test CMAKE_HAVE_LIBC_PTHREAD - Success
-- Found Threads: TRUE  
-- Found rclcpp_action: 16.0.19 (/opt/ros/humble/share/rclcpp_action/cmake)
-- Found rclcpp_lifecycle: 16.0.19 (/opt/ros/humble/share/rclcpp_lifecycle/cmake)
-- Found rclcpp_components: 16.0.19 (/opt/ros/humble/share/rclcpp_components/cmake)
-- Found std_srvs: 4.9.1 (/opt/ros/humble/share/std_srvs/cmake)
-- Found sensor_msgs: 4.9.1 (/opt/ros/humble/share/sensor_msgs/cmake)
-- Found nav_msgs: 4.9.1 (/opt/ros/humble/share/nav_msgs/cmake)
-- Found visualization_msgs: 4.9.1 (/opt/ros/humble/share/visualization_msgs/cmake)
-- Found message_filters: 4.3.16 (/opt/ros/humble/share/message_filters/cmake)
-- Found tf2_ros: 0.25.20 (/opt/ros/humble/share/tf2_ros/cmake)
-- Found tf2_geometry_msgs: 0.25.20 (/opt/ros/humble/share/tf2_geometry_msgs/cmake)
-- Found eigen3_cmake_module: 0.1.1 (/opt/ros/humble/share/eigen3_cmake_module/cmake)
-- Found Eigen3: TRUE (found version "3.4.0") 
-- Ensuring Eigen3 include directory is part of orocos-kdl CMake target
-- Found tf2_eigen: 0.25.20 (/opt/ros/humble/share/tf2_eigen/cmake)
-- Found angles: 1.15.0 (/opt/ros/humble/share/angles/cmake)
-- Found pluginlib: 5.1.4 (/opt/ros/humble/share/pluginlib/cmake)
-- Found pcl_conversions: 2.4.5 (/opt/ros/humble/share/pcl_conversions/cmake)
-- Checking for module 'eigen3'
--   Found eigen3, version 3.4.0
-- Found Eigen: /usr/include/eigen3 (Required is at least version "3.1") 
-- Eigen found (include: /usr/include/eigen3, version: 3.4.0)
-- Checking for module 'flann'
--   Found flann, version 1.9.1
-- Found FLANN: /usr/lib/x86_64-linux-gnu/libflann_cpp.so  
-- FLANN found (include: /usr/include, lib: /usr/lib/x86_64-linux-gnu/libflann_cpp.so)
-- Checking for module 'libusb-1.0'
--   Found libusb-1.0, version 1.0.25
-- Found libusb: /usr/lib/x86_64-linux-gnu/libusb-1.0.so  
-- OpenNI found (version: 1.5.4.0, include: /usr/include/ni, lib: /usr/lib/libOpenNI.so;libusb::libusb)
-- OpenNI2 found (version: 2.2.0.33, include: /usr/include/openni2, lib: /usr/lib/x86_64-linux-gnu/libOpenNI2.so;libusb::libusb)
-- Eigen found (include: /usr/include/eigen3, version: 3.4.0)
-- OpenNI found (version: 1.5.4.0, include: /usr/include/ni, lib: /usr/lib/libOpenNI.so;libusb::libusb)
-- OpenNI2 found (version: 2.2.0.33, include: /usr/include/openni2, lib: /usr/lib/x86_64-linux-gnu/libOpenNI2.so;libusb::libusb)
-- Found Qhull version 8.0.2
-- OpenNI found (version: 1.5.4.0, include: /usr/include/ni, lib: /usr/lib/libOpenNI.so;libusb::libusb)
-- Found PCL_COMMON: /usr/lib/x86_64-linux-gnu/libpcl_common.so  
-- Found PCL_KDTREE: /usr/lib/x86_64-linux-gnu/libpcl_kdtree.so  
-- Found PCL_OCTREE: /usr/lib/x86_64-linux-gnu/libpcl_octree.so  
-- Found PCL_SEARCH: /usr/lib/x86_64-linux-gnu/libpcl_search.so  
-- Found PCL_SAMPLE_CONSENSUS: /usr/lib/x86_64-linux-gnu/libpcl_sample_consensus.so  
-- Found PCL_FILTERS: /usr/lib/x86_64-linux-gnu/libpcl_filters.so  
-- Found PCL_2D: /usr/include/pcl-1.12  
-- Found PCL_GEOMETRY: /usr/include/pcl-1.12  
-- Found PCL_IO: /usr/lib/x86_64-linux-gnu/libpcl_io.so  
-- Found PCL_FEATURES: /usr/lib/x86_64-linux-gnu/libpcl_features.so  
-- Found PCL_ML: /usr/lib/x86_64-linux-gnu/libpcl_ml.so  
-- Found PCL_SEGMENTATION: /usr/lib/x86_64-linux-gnu/libpcl_segmentation.so  
-- Found PCL_VISUALIZATION: /usr/lib/x86_64-linux-gnu/libpcl_visualization.so  
-- Found PCL_SURFACE: /usr/lib/x86_64-linux-gnu/libpcl_surface.so  
-- Found PCL_REGISTRATION: /usr/lib/x86_64-linux-gnu/libpcl_registration.so  
-- Found PCL_KEYPOINTS: /usr/lib/x86_64-linux-gnu/libpcl_keypoints.so  
-- Found PCL_TRACKING: /usr/lib/x86_64-linux-gnu/libpcl_tracking.so  
-- Found PCL_RECOGNITION: /usr/lib/x86_64-linux-gnu/libpcl_recognition.so  
-- Found PCL_STEREO: /usr/lib/x86_64-linux-gnu/libpcl_stereo.so  
-- Found PCL_APPS: /usr/lib/x86_64-linux-gnu/libpcl_apps.so  
-- Found PCL_IN_HAND_SCANNER: /usr/include/pcl-1.12  
-- Found PCL_MODELER: /usr/include/pcl-1.12  
-- Found PCL_POINT_CLOUD_EDITOR: /usr/include/pcl-1.12  
-- Found PCL_OUTOFCORE: /usr/lib/x86_64-linux-gnu/libpcl_outofcore.so  
-- Found PCL_PEOPLE: /usr/lib/x86_64-linux-gnu/libpcl_people.so  
-- Found base_trajectory: 0.0.0 (/root/dddmr_navigation/install/base_trajectory/share/base_trajectory/cmake)
-- Found perception_3d: 2.5.0 (/root/dddmr_navigation/install/perception_3d/share/perception_3d/cmake)
-- Found mpc_critics: 1.0.0 (/root/dddmr_navigation/install/mpc_critics/share/mpc_critics/cmake)
-- Found trajectory_generators: 1.0.0 (/root/dddmr_navigation/install/trajectory_generators/share/trajectory_generators/cmake)
-- Found dddmr_sys_core: 1.0.0 (/root/dddmr_navigation/install/dddmr_sys_core/share/dddmr_sys_core/cmake)
[33mCMake Warning (dev) at CMakeLists.txt:30 (find_package):
  Policy CMP0074 is not set: find_package uses <PackageName>_ROOT variables.
  Run "cmake --help-policy CMP0074" for policy details.  Use the cmake_policy
  command to set the policy and suppress this warning.

  CMake variable PCL_ROOT is set to:

    /usr

  For compatibility, CMake is ignoring the variable.
This warning is for project developers.  Use -Wno-dev to suppress it.
[0m
-- Configuring done
-- Generating done
-- Build files have been written to: /root/dddmr_navigation/build/local_planner
[ 16%] [32mBuilding CXX object CMakeFiles/local_planner.dir/src/local_planner.cpp.o[0m
[01m[K/root/dddmr_navigation/src/dddmr_local_planner/local_planner/src/local_planner.cpp:[m[K In member function ‘[01m[Kdddmr_sys_core::PlannerState local_planner::Local_Planner::[01;32m[KcomputeVelocityCommand[m[K(std::string, base_trajectory::Trajectory&)[m[K’:
[01m[K/root/dddmr_navigation/src/dddmr_local_planner/local_planner/src/local_planner.cpp:630:1:[m[K [01;35m[Kwarning: [m[Kcontrol reaches end of non-void function [[01;35m[K]8;;https://gcc.gnu.org/onlinedocs/gcc/Warning-Options.html#index-Wreturn-type-Wreturn-type]8;;[m[K]
  630 | [01;35m[K}[m[K
      | [01;35m[K^[m[K
[ 33%] [32m[1mLinking CXX shared library liblocal_planner.so[0m
[ 33%] Built target local_planner
[ 50%] [32mBuilding CXX object CMakeFiles/local_planner_play_ground_node.dir/src/local_planner_play_ground_node.cpp.o[0m
[ 66%] [32mBuilding CXX object CMakeFiles/local_planner_node.dir/src/local_planner_node.cpp.o[0m
[ 83%] [32m[1mLinking CXX executable local_planner_node[0m
[ 83%] Built target local_planner_node
[100%] [32m[1mLinking CXX executable local_planner_play_ground_node[0m
[100%] Built target local_planner_play_ground_node
-- Install configuration: ""
-- Execute custom install script
-- Symlinking: /root/dddmr_navigation/install/local_planner/lib/liblocal_planner.so
-- Symlinking: /root/dddmr_navigation/install/local_planner/lib/local_planner/local_planner_node
-- Symlinking: /root/dddmr_navigation/install/local_planner/lib/local_planner/local_planner_play_ground_node
-- Symlinking: /root/dddmr_navigation/install/local_planner/include//local_planner/local_planner.h
-- Symlinking: /root/dddmr_navigation/install/local_planner/share/local_planner//launch/local_planner_play_ground.launch
-- Symlinking: /root/dddmr_navigation/install/local_planner/share/local_planner//config/local_planner_play_ground.yaml
-- Symlinking: /root/dddmr_navigation/install/local_planner/share/local_planner//rviz/local_planner_play_ground.rviz
-- Symlinking: /root/dddmr_navigation/install/local_planner/share/local_planner/environment/library_path.sh
-- Symlinking: /root/dddmr_navigation/install/local_planner/share/local_planner/environment/library_path.dsv
-- Symlinking: /root/dddmr_navigation/install/local_planner/share/ament_index/resource_index/package_run_dependencies/local_planner
-- Symlinking: /root/dddmr_navigation/install/local_planner/share/ament_index/resource_index/parent_prefix_path/local_planner
-- Symlinking: /root/dddmr_navigation/install/local_planner/share/local_planner/environment/ament_prefix_path.sh
-- Symlinking: /root/dddmr_navigation/install/local_planner/share/local_planner/environment/ament_prefix_path.dsv
-- Symlinking: /root/dddmr_navigation/install/local_planner/share/local_planner/environment/path.sh
-- Symlinking: /root/dddmr_navigation/install/local_planner/share/local_planner/environment/path.dsv
-- Symlinking: /root/dddmr_navigation/install/local_planner/share/local_planner/local_setup.bash
-- Symlinking: /root/dddmr_navigation/install/local_planner/share/local_planner/local_setup.sh
-- Symlinking: /root/dddmr_navigation/install/local_planner/share/local_planner/local_setup.zsh
-- Symlinking: /root/dddmr_navigation/install/local_planner/share/local_planner/local_setup.dsv
-- Symlinking: /root/dddmr_navigation/install/local_planner/share/local_planner/package.dsv
-- Symlinking: /root/dddmr_navigation/install/local_planner/share/ament_index/resource_index/packages/local_planner
-- Symlinking: /root/dddmr_navigation/install/local_planner/share/local_planner/cmake/ament_cmake_export_include_directories-extras.cmake
-- Symlinking: /root/dddmr_navigation/install/local_planner/share/local_planner/cmake/ament_cmake_export_libraries-extras.cmake
-- Symlinking: /root/dddmr_navigation/install/local_planner/share/local_planner/cmake/ament_cmake_export_dependencies-extras.cmake
-- Symlinking: /root/dddmr_navigation/install/local_planner/share/local_planner/cmake/local_plannerConfig.cmake
-- Symlinking: /root/dddmr_navigation/install/local_planner/share/local_planner/cmake/local_plannerConfig-version.cmake
-- Symlinking: /root/dddmr_navigation/install/local_planner/share/local_planner/package.xml
