-- Found ament_cmake: 1.3.14 (/opt/ros/humble/share/ament_cmake/cmake)
-- Override CMake install command with custom implementation using symlinks instead of copying resources
-- Found builtin_interfaces: 1.2.2 (/opt/ros/humble/share/builtin_interfaces/cmake)
-- Found rosidl_generator_c: 3.1.8 (/opt/ros/humble/share/rosidl_generator_c/cmake)
-- Found rosidl_adapter: 3.1.8 (/opt/ros/humble/share/rosidl_adapter/cmake)
-- Found rosidl_generator_cpp: 3.1.8 (/opt/ros/humble/share/rosidl_generator_cpp/cmake)
-- Using all available rosidl_typesupport_c: rosidl_typesupport_fastrtps_c;rosidl_typesupport_introspection_c
-- Using all available rosidl_typesupport_cpp: rosidl_typesupport_fastrtps_cpp;rosidl_typesupport_introspection_cpp
-- Found nav_msgs: 4.9.1 (/opt/ros/humble/share/nav_msgs/cmake)
-- Found sensor_msgs: 4.9.1 (/opt/ros/humble/share/sensor_msgs/cmake)
-- Found rosidl_default_generators: 1.2.1 (/opt/ros/humble/share/rosidl_default_generators/cmake)
-- Found tf2_ros: 0.25.20 (/opt/ros/humble/share/tf2_ros/cmake)
-- Found rmw_implementation_cmake: 6.1.2 (/opt/ros/humble/share/rmw_implementation_cmake/cmake)
-- Found rmw_fastrtps_cpp: 6.2.10 (/opt/ros/humble/share/rmw_fastrtps_cpp/cmake)
-- Using RMW implementation 'rmw_fastrtps_cpp' as default
-- Found tf2_geometry_msgs: 0.25.20 (/opt/ros/humble/share/tf2_geometry_msgs/cmake)
-- Found eigen3_cmake_module: 0.1.1 (/opt/ros/humble/share/eigen3_cmake_module/cmake)
-- Ensuring Eigen3 include directory is part of orocos-kdl CMake target
-- Found tf2_eigen: 0.25.20 (/opt/ros/humble/share/tf2_eigen/cmake)
-- Found pluginlib: 5.1.4 (/opt/ros/humble/share/pluginlib/cmake)
-- Found pcl_conversions: 2.4.5 (/opt/ros/humble/share/pcl_conversions/cmake)
-- Eigen found (include: /usr/include/eigen3, version: 3.4.0)
-- FLANN found (include: /usr/include, lib: /usr/lib/x86_64-linux-gnu/libflann_cpp.so)
-- OpenNI found (version: 1.5.4.0, include: /usr/include/ni, lib: /usr/lib/libOpenNI.so;libusb::libusb)
-- OpenNI2 found (version: 2.2.0.33, include: /usr/include/openni2, lib: /usr/lib/x86_64-linux-gnu/libOpenNI2.so;libusb::libusb)
-- Eigen found (include: /usr/include/eigen3, version: 3.4.0)
-- OpenNI found (version: 1.5.4.0, include: /usr/include/ni, lib: /usr/lib/libOpenNI.so;libusb::libusb)
-- OpenNI2 found (version: 2.2.0.33, include: /usr/include/openni2, lib: /usr/lib/x86_64-linux-gnu/libOpenNI2.so;libusb::libusb)
-- Found Qhull version 8.0.2
-- OpenNI found (version: 1.5.4.0, include: /usr/include/ni, lib: /usr/lib/libOpenNI.so;libusb::libusb)
[33mCMake Warning (dev) at CMakeLists.txt:22 (find_package):
  Policy CMP0074 is not set: find_package uses <PackageName>_ROOT variables.
  Run "cmake --help-policy CMP0074" for policy details.  Use the cmake_policy
  command to set the policy and suppress this warning.

  CMake variable PCL_ROOT is set to:

    /usr

  For compatibility, CMake is ignoring the variable.
This warning is for project developers.  Use -Wno-dev to suppress it.
[0m
-- Configuring done
-- Generating done
-- Build files have been written to: /root/dddmr_navigation/build/base_trajectory
[35m[1mConsolidate compiler generated dependencies of target base_trajectory[0m
[ 50%] [32m[1mLinking CXX shared library libbase_trajectory.so[0m
[100%] Built target base_trajectory
-- Install configuration: "Release"
-- Execute custom install script
-- Symlinking: /root/dddmr_navigation/install/base_trajectory/lib/libbase_trajectory.so
-- Symlinking: /root/dddmr_navigation/install/base_trajectory/include//base_trajectory/trajectory.h
-- Symlinking: /root/dddmr_navigation/install/base_trajectory/include//base_trajectory/trajectory_sample_generator.h
-- Symlinking: /root/dddmr_navigation/install/base_trajectory/share/base_trajectory/environment/library_path.sh
-- Symlinking: /root/dddmr_navigation/install/base_trajectory/share/base_trajectory/environment/library_path.dsv
-- Symlinking: /root/dddmr_navigation/install/base_trajectory/share/ament_index/resource_index/package_run_dependencies/base_trajectory
-- Symlinking: /root/dddmr_navigation/install/base_trajectory/share/ament_index/resource_index/parent_prefix_path/base_trajectory
-- Symlinking: /root/dddmr_navigation/install/base_trajectory/share/base_trajectory/environment/ament_prefix_path.sh
-- Symlinking: /root/dddmr_navigation/install/base_trajectory/share/base_trajectory/environment/ament_prefix_path.dsv
-- Symlinking: /root/dddmr_navigation/install/base_trajectory/share/base_trajectory/environment/path.sh
-- Symlinking: /root/dddmr_navigation/install/base_trajectory/share/base_trajectory/environment/path.dsv
-- Symlinking: /root/dddmr_navigation/install/base_trajectory/share/base_trajectory/local_setup.bash
-- Symlinking: /root/dddmr_navigation/install/base_trajectory/share/base_trajectory/local_setup.sh
-- Symlinking: /root/dddmr_navigation/install/base_trajectory/share/base_trajectory/local_setup.zsh
-- Symlinking: /root/dddmr_navigation/install/base_trajectory/share/base_trajectory/local_setup.dsv
-- Symlinking: /root/dddmr_navigation/install/base_trajectory/share/base_trajectory/package.dsv
-- Symlinking: /root/dddmr_navigation/install/base_trajectory/share/ament_index/resource_index/packages/base_trajectory
-- Symlinking: /root/dddmr_navigation/install/base_trajectory/share/base_trajectory/cmake/ament_cmake_export_include_directories-extras.cmake
-- Symlinking: /root/dddmr_navigation/install/base_trajectory/share/base_trajectory/cmake/ament_cmake_export_libraries-extras.cmake
-- Symlinking: /root/dddmr_navigation/install/base_trajectory/share/base_trajectory/cmake/ament_cmake_export_dependencies-extras.cmake
-- Symlinking: /root/dddmr_navigation/install/base_trajectory/share/base_trajectory/cmake/base_trajectoryConfig.cmake
-- Symlinking: /root/dddmr_navigation/install/base_trajectory/share/base_trajectory/cmake/base_trajectoryConfig-version.cmake
-- Symlinking: /root/dddmr_navigation/install/base_trajectory/share/base_trajectory/package.xml
