[0.039s] Invoking command in '/root/dddmr_navigation/build/base_trajectory': CMAKE_PREFIX_PATH=${CMAKE_PREFIX_PATH}:/opt/ros/humble /usr/bin/cmake /root/dddmr_navigation/src/dddmr_local_planner/base_trajectory -DAMENT_CMAKE_SYMLINK_INSTALL=1 -DCMAKE_INSTALL_PREFIX=/root/dddmr_navigation/install/base_trajectory
[0.072s] -- Found ament_cmake: 1.3.14 (/opt/ros/humble/share/ament_cmake/cmake)
[0.142s] -- Override CMake install command with custom implementation using symlinks instead of copying resources
[0.147s] -- Found builtin_interfaces: 1.2.2 (/opt/ros/humble/share/builtin_interfaces/cmake)
[0.167s] -- Found rosidl_generator_c: 3.1.8 (/opt/ros/humble/share/rosidl_generator_c/cmake)
[0.170s] -- Found rosidl_adapter: 3.1.8 (/opt/ros/humble/share/rosidl_adapter/cmake)
[0.177s] -- Found rosidl_generator_cpp: 3.1.8 (/opt/ros/humble/share/rosidl_generator_cpp/cmake)
[0.186s] -- Using all available rosidl_typesupport_c: rosidl_typesupport_fastrtps_c;rosidl_typesupport_introspection_c
[0.193s] -- Using all available rosidl_typesupport_cpp: rosidl_typesupport_fastrtps_cpp;rosidl_typesupport_introspection_cpp
[0.202s] -- Found nav_msgs: 4.9.1 (/opt/ros/humble/share/nav_msgs/cmake)
[0.242s] -- Found sensor_msgs: 4.9.1 (/opt/ros/humble/share/sensor_msgs/cmake)
[0.256s] -- Found rosidl_default_generators: 1.2.1 (/opt/ros/humble/share/rosidl_default_generators/cmake)
[0.265s] -- Found tf2_ros: 0.25.20 (/opt/ros/humble/share/tf2_ros/cmake)
[0.307s] -- Found rmw_implementation_cmake: 6.1.2 (/opt/ros/humble/share/rmw_implementation_cmake/cmake)
[0.308s] -- Found rmw_fastrtps_cpp: 6.2.10 (/opt/ros/humble/share/rmw_fastrtps_cpp/cmake)
[0.439s] -- Using RMW implementation 'rmw_fastrtps_cpp' as default
[0.554s] -- Found tf2_geometry_msgs: 0.25.20 (/opt/ros/humble/share/tf2_geometry_msgs/cmake)
[0.557s] -- Found eigen3_cmake_module: 0.1.1 (/opt/ros/humble/share/eigen3_cmake_module/cmake)
[0.558s] -- Ensuring Eigen3 include directory is part of orocos-kdl CMake target
[0.560s] -- Found tf2_eigen: 0.25.20 (/opt/ros/humble/share/tf2_eigen/cmake)
[0.563s] -- Found pluginlib: 5.1.4 (/opt/ros/humble/share/pluginlib/cmake)
[0.581s] -- Found pcl_conversions: 2.4.5 (/opt/ros/humble/share/pcl_conversions/cmake)
[0.614s] -- Eigen found (include: /usr/include/eigen3, version: 3.4.0)
[0.656s] -- FLANN found (include: /usr/include, lib: /usr/lib/x86_64-linux-gnu/libflann_cpp.so)
[1.000s] -- OpenNI found (version: 1.5.4.0, include: /usr/include/ni, lib: /usr/lib/libOpenNI.so;libusb::libusb)
[1.006s] -- OpenNI2 found (version: 2.2.0.33, include: /usr/include/openni2, lib: /usr/lib/x86_64-linux-gnu/libOpenNI2.so;libusb::libusb)
[1.162s] -- Eigen found (include: /usr/include/eigen3, version: 3.4.0)
[1.168s] -- OpenNI found (version: 1.5.4.0, include: /usr/include/ni, lib: /usr/lib/libOpenNI.so;libusb::libusb)
[1.175s] -- OpenNI2 found (version: 2.2.0.33, include: /usr/include/openni2, lib: /usr/lib/x86_64-linux-gnu/libOpenNI2.so;libusb::libusb)
[1.336s] -- Found Qhull version 8.0.2
[1.488s] -- OpenNI found (version: 1.5.4.0, include: /usr/include/ni, lib: /usr/lib/libOpenNI.so;libusb::libusb)
[1.648s] [33mCMake Warning (dev) at CMakeLists.txt:22 (find_package):
[1.648s]   Policy CMP0074 is not set: find_package uses <PackageName>_ROOT variables.
[1.648s]   Run "cmake --help-policy CMP0074" for policy details.  Use the cmake_policy
[1.648s]   command to set the policy and suppress this warning.
[1.648s] 
[1.648s]   CMake variable PCL_ROOT is set to:
[1.648s] 
[1.648s]     /usr
[1.649s] 
[1.649s]   For compatibility, CMake is ignoring the variable.
[1.649s] This warning is for project developers.  Use -Wno-dev to suppress it.
[1.649s] [0m
[1.744s] -- Configuring done
[1.780s] -- Generating done
[1.791s] -- Build files have been written to: /root/dddmr_navigation/build/base_trajectory
[1.809s] Invoked command in '/root/dddmr_navigation/build/base_trajectory' returned '0': CMAKE_PREFIX_PATH=${CMAKE_PREFIX_PATH}:/opt/ros/humble /usr/bin/cmake /root/dddmr_navigation/src/dddmr_local_planner/base_trajectory -DAMENT_CMAKE_SYMLINK_INSTALL=1 -DCMAKE_INSTALL_PREFIX=/root/dddmr_navigation/install/base_trajectory
[1.811s] Invoking command in '/root/dddmr_navigation/build/base_trajectory': CMAKE_PREFIX_PATH=${CMAKE_PREFIX_PATH}:/opt/ros/humble /usr/bin/cmake --build /root/dddmr_navigation/build/base_trajectory -- -j28 -l28
[1.858s] [35m[1mConsolidate compiler generated dependencies of target base_trajectory[0m
[1.879s] [ 50%] [32m[1mLinking CXX shared library libbase_trajectory.so[0m
[20.070s] [100%] Built target base_trajectory
[20.146s] Invoked command in '/root/dddmr_navigation/build/base_trajectory' returned '0': CMAKE_PREFIX_PATH=${CMAKE_PREFIX_PATH}:/opt/ros/humble /usr/bin/cmake --build /root/dddmr_navigation/build/base_trajectory -- -j28 -l28
[20.185s] Invoking command in '/root/dddmr_navigation/build/base_trajectory': CMAKE_PREFIX_PATH=${CMAKE_PREFIX_PATH}:/opt/ros/humble /usr/bin/cmake --install /root/dddmr_navigation/build/base_trajectory
[20.195s] -- Install configuration: "Release"
[20.195s] -- Execute custom install script
[20.195s] -- Symlinking: /root/dddmr_navigation/install/base_trajectory/lib/libbase_trajectory.so
[20.209s] -- Symlinking: /root/dddmr_navigation/install/base_trajectory/include//base_trajectory/trajectory.h
[20.217s] -- Symlinking: /root/dddmr_navigation/install/base_trajectory/include//base_trajectory/trajectory_sample_generator.h
[20.226s] -- Symlinking: /root/dddmr_navigation/install/base_trajectory/share/base_trajectory/environment/library_path.sh
[20.234s] -- Symlinking: /root/dddmr_navigation/install/base_trajectory/share/base_trajectory/environment/library_path.dsv
[20.243s] -- Symlinking: /root/dddmr_navigation/install/base_trajectory/share/ament_index/resource_index/package_run_dependencies/base_trajectory
[20.251s] -- Symlinking: /root/dddmr_navigation/install/base_trajectory/share/ament_index/resource_index/parent_prefix_path/base_trajectory
[20.261s] -- Symlinking: /root/dddmr_navigation/install/base_trajectory/share/base_trajectory/environment/ament_prefix_path.sh
[20.270s] -- Symlinking: /root/dddmr_navigation/install/base_trajectory/share/base_trajectory/environment/ament_prefix_path.dsv
[20.279s] -- Symlinking: /root/dddmr_navigation/install/base_trajectory/share/base_trajectory/environment/path.sh
[20.288s] -- Symlinking: /root/dddmr_navigation/install/base_trajectory/share/base_trajectory/environment/path.dsv
[20.297s] -- Symlinking: /root/dddmr_navigation/install/base_trajectory/share/base_trajectory/local_setup.bash
[20.306s] -- Symlinking: /root/dddmr_navigation/install/base_trajectory/share/base_trajectory/local_setup.sh
[20.315s] -- Symlinking: /root/dddmr_navigation/install/base_trajectory/share/base_trajectory/local_setup.zsh
[20.328s] -- Symlinking: /root/dddmr_navigation/install/base_trajectory/share/base_trajectory/local_setup.dsv
[20.336s] -- Symlinking: /root/dddmr_navigation/install/base_trajectory/share/base_trajectory/package.dsv
[20.348s] -- Symlinking: /root/dddmr_navigation/install/base_trajectory/share/ament_index/resource_index/packages/base_trajectory
[20.361s] -- Symlinking: /root/dddmr_navigation/install/base_trajectory/share/base_trajectory/cmake/ament_cmake_export_include_directories-extras.cmake
[20.370s] -- Symlinking: /root/dddmr_navigation/install/base_trajectory/share/base_trajectory/cmake/ament_cmake_export_libraries-extras.cmake
[20.381s] -- Symlinking: /root/dddmr_navigation/install/base_trajectory/share/base_trajectory/cmake/ament_cmake_export_dependencies-extras.cmake
[20.393s] -- Symlinking: /root/dddmr_navigation/install/base_trajectory/share/base_trajectory/cmake/base_trajectoryConfig.cmake
[20.402s] -- Symlinking: /root/dddmr_navigation/install/base_trajectory/share/base_trajectory/cmake/base_trajectoryConfig-version.cmake
[20.413s] -- Symlinking: /root/dddmr_navigation/install/base_trajectory/share/base_trajectory/package.xml
[20.433s] Invoked command in '/root/dddmr_navigation/build/base_trajectory' returned '0': CMAKE_PREFIX_PATH=${CMAKE_PREFIX_PATH}:/opt/ros/humble /usr/bin/cmake --install /root/dddmr_navigation/build/base_trajectory
