[0.037s] Invoking command in '/root/dddmr_navigation/build/dddmr_odom_3d': CMAKE_PREFIX_PATH=/opt/ros/humble /usr/bin/cmake /root/dddmr_navigation/src/dddmr_odom_3d -DCMAKE_BUILD_TYPE=Release -DAMENT_CMAKE_SYMLINK_INSTALL=1 -DCMAKE_INSTALL_PREFIX=/root/dddmr_navigation/install/dddmr_odom_3d
[0.085s] -- The C compiler identification is GNU 13.4.0
[0.142s] -- The CXX compiler identification is GNU 13.4.0
[0.150s] -- Detecting C compiler ABI info
[0.213s] -- Detecting C compiler ABI info - done
[0.222s] -- Check for working C compiler: /usr/bin/cc - skipped
[0.223s] -- Detecting C compile features
[0.224s] -- Detecting C compile features - done
[0.227s] -- Detecting CXX compiler ABI info
[0.308s] -- Detecting CXX compiler ABI info - done
[0.316s] -- Check for working CXX compiler: /usr/bin/c++ - skipped
[0.317s] -- Detecting CXX compile features
[0.317s] -- Detecting CXX compile features - done
[0.320s] -- Found ament_cmake: 1.3.14 (/opt/ros/humble/share/ament_cmake/cmake)
[0.478s] -- Found Python3: /usr/bin/python3 (found version "3.10.12") found components: Interpreter 
[0.542s] -- Override CMake install command with custom implementation using symlinks instead of copying resources
[0.572s] -- Found rclcpp: 16.0.19 (/opt/ros/humble/share/rclcpp/cmake)
[0.629s] -- Found rosidl_generator_c: 3.1.8 (/opt/ros/humble/share/rosidl_generator_c/cmake)
[0.635s] -- Found rosidl_adapter: 3.1.8 (/opt/ros/humble/share/rosidl_adapter/cmake)
[0.645s] -- Found rosidl_generator_cpp: 3.1.8 (/opt/ros/humble/share/rosidl_generator_cpp/cmake)
[0.660s] -- Using all available rosidl_typesupport_c: rosidl_typesupport_fastrtps_c;rosidl_typesupport_introspection_c
[0.683s] -- Using all available rosidl_typesupport_cpp: rosidl_typesupport_fastrtps_cpp;rosidl_typesupport_introspection_cpp
[0.731s] -- Found rmw_implementation_cmake: 6.1.2 (/opt/ros/humble/share/rmw_implementation_cmake/cmake)
[0.734s] -- Found rmw_fastrtps_cpp: 6.2.10 (/opt/ros/humble/share/rmw_fastrtps_cpp/cmake)
[0.839s] -- Found OpenSSL: /usr/lib/x86_64-linux-gnu/libcrypto.so (found version "3.0.2")  
[0.875s] -- Found FastRTPS: /opt/ros/humble/include  
[0.927s] -- Using RMW implementation 'rmw_fastrtps_cpp' as default
[0.935s] -- Looking for pthread.h
[1.000s] -- Looking for pthread.h - found
[1.000s] -- Performing Test CMAKE_HAVE_LIBC_PTHREAD
[1.080s] -- Performing Test CMAKE_HAVE_LIBC_PTHREAD - Success
[1.082s] -- Found Threads: TRUE  
[1.143s] -- Found rclcpp_action: 16.0.19 (/opt/ros/humble/share/rclcpp_action/cmake)
[1.177s] -- Found rclcpp_lifecycle: 16.0.19 (/opt/ros/humble/share/rclcpp_lifecycle/cmake)
[1.200s] -- Found rclcpp_components: 16.0.19 (/opt/ros/humble/share/rclcpp_components/cmake)
[1.238s] -- Found std_srvs: 4.9.1 (/opt/ros/humble/share/std_srvs/cmake)
[1.251s] -- Found sensor_msgs: 4.9.1 (/opt/ros/humble/share/sensor_msgs/cmake)
[1.295s] -- Found nav_msgs: 4.9.1 (/opt/ros/humble/share/nav_msgs/cmake)
[1.320s] -- Found visualization_msgs: 4.9.1 (/opt/ros/humble/share/visualization_msgs/cmake)
[1.346s] -- Found message_filters: 4.3.16 (/opt/ros/humble/share/message_filters/cmake)
[1.352s] -- Found tf2_ros: 0.25.20 (/opt/ros/humble/share/tf2_ros/cmake)
[1.400s] -- Found tf2_geometry_msgs: 0.25.20 (/opt/ros/humble/share/tf2_geometry_msgs/cmake)
[1.420s] -- Found eigen3_cmake_module: 0.1.1 (/opt/ros/humble/share/eigen3_cmake_module/cmake)
[1.422s] -- Found Eigen3: TRUE (found version "3.4.0") 
[1.422s] -- Ensuring Eigen3 include directory is part of orocos-kdl CMake target
[1.429s] -- Found tf2_eigen: 0.25.20 (/opt/ros/humble/share/tf2_eigen/cmake)
[1.430s] -- Found pluginlib: 5.1.4 (/opt/ros/humble/share/pluginlib/cmake)
[1.563s] -- Configuring done
[1.582s] -- Generating done
[1.589s] -- Build files have been written to: /root/dddmr_navigation/build/dddmr_odom_3d
[1.609s] Invoked command in '/root/dddmr_navigation/build/dddmr_odom_3d' returned '0': CMAKE_PREFIX_PATH=/opt/ros/humble /usr/bin/cmake /root/dddmr_navigation/src/dddmr_odom_3d -DCMAKE_BUILD_TYPE=Release -DAMENT_CMAKE_SYMLINK_INSTALL=1 -DCMAKE_INSTALL_PREFIX=/root/dddmr_navigation/install/dddmr_odom_3d
[1.610s] Invoking command in '/root/dddmr_navigation/build/dddmr_odom_3d': CMAKE_PREFIX_PATH=/opt/ros/humble /usr/bin/cmake --build /root/dddmr_navigation/build/dddmr_odom_3d -- -j28 -l28
[1.658s] [ 50%] [32mBuilding CXX object CMakeFiles/odom_3d.dir/src/odom_3d.cpp.o[0m
[11.000s] [100%] [32m[1mLinking CXX executable odom_3d[0m
[11.171s] [100%] Built target odom_3d
